12-22 06:07:51.288 26269 26269 I [SmartCapture]_MainUiViewForStandAlone: onCreate : 1766401671164  /storage/emulated/0/DCIM/Screenshots/Screenshot_20251222_060751_MyDesktopApplication.png
12-22 06:07:51.330  1332  3862 D InputDispatcher: Focus left window (0): 38afffe com.mydesktopapplication.app/crc648a10417f6d1065e1.MainActivity
12-22 06:07:51.370  1169  1169 D SurfaceFlinger:      DEVICE | 0xb40000734ec70be0 | 0000 | RGBA_8888    |    0.0    0.0 1200.0 1920.0 |    0    0 1200 1920 | SurfaceView[com.mydesktopapplication[...]6d1065e1.MainActivity]@0(BLAST)#8565
12-22 06:07:51.370  1169  1169 D SurfaceFlinger:      CLIENT | 0xb40000734ec708d0 | 0000 | RGBA_8888    |    0.0 1848.0 1200.0 1920.0 |    0 1848 1200 1920 | com.mydesktopapplication.app/crc648a10417f6d1065e1.MainActivity$_27288#8560
12-22 06:07:51.439  4286 13727 D MediaProvider: Open with FUSE. FilePath: /storage/emulated/0/DCIM/Screenshots/.pending-1767006471-Screenshot_20251222_060751_MyDesktopApplication.png. Uid: 10055. Media Capabilities Uid: 0. ShouldRedact: false. ShouldTranscode: false
12-22 06:07:51.456  4286 13727 D MediaProvider: Moving /storage/emulated/0/DCIM/Screenshots/.pending-1767006471-Screenshot_20251222_060751_MyDesktopApplication.png to /storage/emulated/0/DCIM/Screenshots/Screenshot_20251222_060751_MyDesktopApplication.png
12-22 06:07:51.510 26269 26269 E [SmartCapture]_DeviceUtils: java.lang.NoSuchMethodException: Could not find android.view.Display.getRealSize() method
12-22 06:07:51.519 27288 27288 D SmartClipRemoteRequestDispatcher: dispatchScrollableAreaInfo : Pkg=com.mydesktopapplication.app Activity=null
12-22 06:07:51.520 26269 26269 I [SmartCapture]_ScrollableViewDetector: getScrollInfoFromRemoteApp : Before filtering -  Pkg=com.mydesktopapplication.app / Activity=null / S_Cnt=1 / US_Cnt=0 / WinRect=Rect(0, 0 - 1200, 1920) / Layer=0
12-22 06:07:51.526 26269 26269 E [SmartCapture]_PackageUtils: isPackageAvailable : com.samsung.android.service.tagservice is not available. e=android.content.pm.PackageManager$NameNotFoundException: com.samsung.android.service.tagservice
12-22 06:07:51.527  4286  4665 V MediaProvider: Deleted backup of old file path: /storage/emulated/0/DCIM/Screenshots/.pending-1767006471-Screenshot_20251222_060751_MyDesktopApplication.png
12-22 06:07:51.528 26269 26269 I CapturePluginManager: Exception occurred during getPluginMetaData. : android.content.pm.PackageManager$NameNotFoundException: com.samsung.android.app.captureplugin
12-22 06:07:51.529 26269 26269 E [SmartCapture]_PackageUtils: isPackageAvailable : com.samsung.android.app.captureplugin is not available. e=android.content.pm.PackageManager$NameNotFoundException: com.samsung.android.app.captureplugin
12-22 06:07:51.806  1169  1169 D SurfaceFlinger:      DEVICE | 0xb40000734ec70be0 | 0000 | RGBA_8888    |    0.0    0.0 1200.0 1920.0 |    0    0 1200 1920 | SurfaceView[com.mydesktopapplication[...]6d1065e1.MainActivity]@0(BLAST)#8565
12-22 06:07:51.806  1169  1169 D SurfaceFlinger:      CLIENT | 0xb40000734ec708d0 | 0000 | RGBA_8888    |    0.0 1848.0 1200.0 1920.0 |    0 1848 1200 1920 | com.mydesktopapplication.app/crc648a10417f6d1065e1.MainActivity$_27288#8560
12-22 06:07:53.504 26269 26269 I CapturePluginManager: Exception occurred during getPluginMetaData. : android.content.pm.PackageManager$NameNotFoundException: com.samsung.android.app.captureplugin
12-22 06:07:53.505 26269 26269 E [SmartCapture]_PackageUtils: isPackageAvailable : com.samsung.android.app.captureplugin is not available. e=android.content.pm.PackageManager$NameNotFoundException: com.samsung.android.app.captureplugin
12-22 06:07:53.853  1332 11431 D WindowManager: rotationForOrientation, orientationSource=ActivityRecord{ecbc50b u0 com.mydesktopapplication.app/crc648a10417f6d1065e1.MainActivity t201}
12-22 06:07:53.853  1332 11431 D WindowManager: Changing focus from Window{37448d5 u0 SmartCapture} to Window{38afffe u0 com.mydesktopapplication.app/crc648a10417f6d1065e1.MainActivity} displayId=0 Callers=com.android.server.wm.WindowState.removeIfPossible:697 com.android.server.wm.Session.remove:16 android.view.IWindowSession$Stub.onTransact:794 com.android.server.wm.Session.onTransact:1 
12-22 06:07:53.856  1332 11431 D InsetsSourceProvider: updateControlForTarget: control=InsetsSourceControl: {274e0001 mType=navigationBars initiallyVisible mSurfacePosition=Point(0, 1848) mInsetsHint=Insets{left=0, top=0, right=0, bottom=72}}, target=Window{38afffe u0 com.mydesktopapplication.app/crc648a10417f6d1065e1.MainActivity}, from=com.android.server.wm.InsetsStateController.onControlTargetChanged:81 com.android.server.wm.InsetsPolicy.updateBarControlTarget:188 com.android.server.wm.DisplayPolicy.updateSystemBarAttributes:281 com.android.server.wm.WindowManagerService.updateFocusedWindowLocked:375 com.android.server.wm.WindowState.removeIfPossible:697 
12-22 06:07:53.858  1332 11431 D InsetsSourceProvider: updateControlForTarget: control=InsetsSourceControl: {b9d0000 mType=statusBars initiallyVisible mSurfacePosition=Point(0, 0) mInsetsHint=Insets{left=0, top=36, right=0, bottom=0}}, target=Window{38afffe u0 com.mydesktopapplication.app/crc648a10417f6d1065e1.MainActivity}, from=com.android.server.wm.InsetsStateController.onControlTargetChanged:81 com.android.server.wm.InsetsPolicy.updateBarControlTarget:175 com.android.server.wm.DisplayPolicy.updateSystemBarAttributes:281 com.android.server.wm.WindowManagerService.updateFocusedWindowLocked:375 com.android.server.wm.WindowState.removeIfPossible:697 
12-22 06:07:53.859  1332 11431 D WindowManager: updateSystemBarAttributes: displayId=0, focusedCanBeNavColorWin=false, win=Window{38afffe u0 com.mydesktopapplication.app/crc648a10417f6d1065e1.MainActivity}, navColorWin=Window{38afffe u0 com.mydesktopapplication.app/crc648a10417f6d1065e1.MainActivity}, caller=com.android.server.wm.WindowManagerService.updateFocusedWindowLocked:375 com.android.server.wm.WindowState.removeIfPossible:697 com.android.server.wm.Session.remove:16 
12-22 06:07:53.859  2711  2711 D TaskBarDelegate: onSystemBarAttributesChanged() -  displayId:0, appearance:536 (APPEARANCE_LIGHT_NAVIGATION_BARS ), navbarColorManagedByIme: false, packageName: com.mydesktopapplication.app
12-22 06:07:53.861  1332 11431 V SystemKeyManager: updateFocusedWindow() is called, com.mydesktopapplication.app/crc648a10417f6d1065e1.MainActivity
12-22 06:07:53.864 27288 27288 I InsetsSourceConsumer: applyRequestedVisibilityToControl: visible=true, type=navigationBars, host=com.mydesktopapplication.app/crc648a10417f6d1065e1.MainActivity
12-22 06:07:53.864 27288 27288 I InsetsSourceConsumer: applyRequestedVisibilityToControl: visible=true, type=statusBars, host=com.mydesktopapplication.app/crc648a10417f6d1065e1.MainActivity
12-22 06:07:53.880  1169  1169 D SurfaceFlinger:      DEVICE | 0xb40000734ec70be0 | 0000 | RGBA_8888    |    0.0    0.0 1200.0 1920.0 |    0    0 1200 1920 | SurfaceView[com.mydesktopapplication[...]6d1065e1.MainActivity]@0(BLAST)#8565
12-22 06:07:53.880  1169  1169 D SurfaceFlinger:      CLIENT | 0xb40000734ec708d0 | 0000 | RGBA_8888    |    0.0 1848.0 1200.0 1920.0 |    0 1848 1200 1920 | com.mydesktopapplication.app/crc648a10417f6d1065e1.MainActivity$_27288#8560
12-22 06:07:53.882  1332 11790 D InputDispatcher: Once focus requested (0): 38afffe com.mydesktopapplication.app/crc648a10417f6d1065e1.MainActivity
12-22 06:07:53.882  1332 11790 D InputDispatcher: Focus entered window (0): 38afffe com.mydesktopapplication.app/crc648a10417f6d1065e1.MainActivity
12-22 06:07:53.884  1332  2394 I ImeTracker: com.mydesktopapplication.app:ea961518: onRequestHide at ORIGIN_SERVER reason HIDE_SAME_WINDOW_FOCUSED_WITHOUT_EDITOR fromUser false
12-22 06:07:53.884  1332  2394 I ImeTracker: com.mydesktopapplication.app:ea961518: onCancelled at PHASE_SERVER_SHOULD_HIDE
12-22 06:07:53.889  5761  5761 I HBD     : c [AiWriter] setContact : com.mydesktopapplication.app
12-22 06:07:54.424 27288 27288 I ImeTracker: com.mydesktopapplication.app:79c44a84: onRequestHide at ORIGIN_CLIENT reason HIDE_SOFT_INPUT fromUser true
12-22 06:07:54.429  1332  2394 I ImeTracker: com.mydesktopapplication.app:79c44a84: onCancelled at PHASE_SERVER_SHOULD_HIDE
12-22 06:07:57.143 27146 28853 I NullBinder: NullBinder for android.net.action.RECOMMEND_NETWORKS triggering remote TransactionTooLargeException due to Service without Chimera impl, calling uid: 1000, calling pid: 0
12-22 06:07:57.571 27288 27288 I ImeTracker: com.mydesktopapplication.app:ded64b8e: onRequestHide at ORIGIN_CLIENT reason HIDE_SOFT_INPUT fromUser true
12-22 06:07:57.572  1332  2394 I ImeTracker: com.mydesktopapplication.app:ded64b8e: onCancelled at PHASE_SERVER_SHOULD_HIDE
12-22 06:07:58.872  1332  2382 D InputDispatcher: 5: name={38afffe com.mydesktopapplication.app/crc648a10417f6d1065e1.MainActivity} inputConfig={0x0} touchableRegion=[0,0][1200,1920] ssflg=0x100000 uid=10310 pid=27288 type=1
12-22 06:07:58.872  1332  2382 D InputDispatcher: 6: name={SurfaceView[com.mydesktopapplication.app/crc648a10417f6d1065e1.MainActivity]@0(BLAST)#8565} inputConfig={NO_INPUT_CHANNEL} touchableRegion=<empty> ssflg=0x0 uid=10310 pid=27288 type=0
12-22 06:07:58.872  1332  2382 D InputDispatcher: 7: name={Background for SurfaceView[com.mydesktopapplication.app/crc648a10417f6d1065e1.MainActivity]@0#8566} inputConfig={NO_INPUT_CHANNEL | NOT_VISIBLE} touchableRegion=<empty> ssflg=0x0 uid=10310 pid=27288 type=0
12-22 06:07:58.872  1332  2382 D InputDispatcher: 8: name={53f0685 ActivityRecordInputSink com.mydesktopapplication.app/crc648a10417f6d1065e1.MainActivity} inputConfig={NO_INPUT_CHANNEL | NOT_FOCUSABLE} touchableRegion=[-11999,-19199][12000,19200] ssflg=0x0 uid=1000 pid=1332 type=2022
12-22 06:07:59.225 27288 27288 I ImeTracker: com.mydesktopapplication.app:558a501: onRequestHide at ORIGIN_CLIENT reason HIDE_SOFT_INPUT fromUser true
12-22 06:07:59.226  1332  2394 I ImeTracker: com.mydesktopapplication.app:558a501: onCancelled at PHASE_SERVER_SHOULD_HIDE
12-22 06:08:01.373 27288 27288 I ImeTracker: com.mydesktopapplication.app:34b580f: onRequestHide at ORIGIN_CLIENT reason HIDE_SOFT_INPUT fromUser true
12-22 06:08:01.374  1332  2394 I ImeTracker: com.mydesktopapplication.app:34b580f: onCancelled at PHASE_SERVER_SHOULD_HIDE
12-22 06:08:02.488 27288 27288 I ImeTracker: com.mydesktopapplication.app:d77f4c40: onRequestHide at ORIGIN_CLIENT reason HIDE_SOFT_INPUT fromUser true
12-22 06:08:02.489  1332  2394 I ImeTracker: com.mydesktopapplication.app:d77f4c40: onCancelled at PHASE_SERVER_SHOULD_HIDE
12-22 06:08:04.966 27288 27288 I ImeTracker: com.mydesktopapplication.app:c04fe2c0: onRequestHide at ORIGIN_CLIENT reason HIDE_SOFT_INPUT fromUser true
12-22 06:08:04.967  1332  2394 I ImeTracker: com.mydesktopapplication.app:c04fe2c0: onCancelled at PHASE_SERVER_SHOULD_HIDE
12-22 06:08:08.515 26232 26232 D RequestProcessor: findPrimaryContent: DisplayContentInfo(component=ComponentInfo{com.mydesktopapplication.app/crc648a10417f6d1065e1.MainActivity}, bounds=Rect(0, 0 - 1200, 1920), user=UserHandle{0}, taskId=201)
12-22 06:08:08.516 26232 26232 D Screenshot: Screenshot request: ScreenshotData(type=1, source=5, userHandle=UserHandle{0}, topComponent=ComponentInfo{com.mydesktopapplication.app/crc648a10417f6d1065e1.MainActivity}, screenBounds=null, taskId=201, insets=Insets{left=0, top=0, right=0, bottom=0}, bitmap=null, displayId=0, contextUrl=null, disableCapture=false, secureLayer=false)
12-22 06:08:08.560 27288 27288 D SmartClipDataCropperImpl: doExtractSmartClipData : Extraction start! reqId = 42  Cropped area = Rect(600, 960 - 601, 961)  Package = com.mydesktopapplication.app
12-22 06:08:08.560 27288 27288 D SmartClipDataCropperImpl: addAppMetaTag : package name is com.mydesktopapplication.app
12-22 06:08:08.568 26232 26232 I Screenshot: getTopMostApplicationName() : MyDesktopApplication
12-22 06:08:08.576 26232 26268 I Screenshot: doInBackground:  volumeName=external_primary relativePath=DCIM/Screenshots mImageFilePath=/storage/emulated/0/DCIM/Screenshots/Screenshot_20251222_060808_MyDesktopApplication.png mImageDisplayName=Screenshot_20251222_060808_MyDesktopApplication mImageFileName=Screenshot_20251222_060808_MyDesktopApplication.png imageTime=1766401688576 dateSeconds=0 mimeType=image/png imageWidth=1200 imageHeight=1920 size=0
12-22 06:08:08.585 26269 26269 I [SmartCapture]_SmartCaptureSamsungAnalyticsUtils: insertEventLogWithDetail... screenID:900, eventID:9002, detail:com.mydesktopapplication.app
12-22 06:08:08.597 26269 26269 I [SmartCapture]_WindowManagerUtils: getCurrentFocusWindowPackage : com.mydesktopapplication.app/crc648a10417f6d1065e1.MainActivity
12-22 06:08:08.611  4286 13727 D MediaProvider: Open with FUSE. FilePath: /storage/emulated/0/DCIM/Screenshots/.pending-1767006488-Screenshot_20251222_060808_MyDesktopApplication.png. Uid: 10055. Media Capabilities Uid: 0. ShouldRedact: false. ShouldTranscode: false
12-22 06:08:08.616  1332  6758 D WindowManager: Changing focus from Window{38afffe u0 com.mydesktopapplication.app/crc648a10417f6d1065e1.MainActivity} to Window{ea11ee7 u0 SmartCapture} displayId=0 Callers=com.android.server.wm.WindowManagerService.addWindow:201 com.android.server.wm.Session.addToDisplayAsUser:24 android.view.IWindowSession$Stub.onTransact:749 com.android.server.wm.Session.onTransact:1 
12-22 06:08:08.621  1332  6758 D WindowManager: updateSystemBarAttributes: displayId=0, focusedCanBeNavColorWin=false, win=Window{ea11ee7 u0 SmartCapture}, navColorWin=Window{38afffe u0 com.mydesktopapplication.app/crc648a10417f6d1065e1.MainActivity}, caller=com.android.server.wm.WindowManagerService.updateFocusedWindowLocked:375 com.android.server.wm.WindowManagerService.addWindow:201 com.android.server.wm.Session.addToDisplayAsUser:24 
12-22 06:08:08.637 26269 26269 I [SmartCapture]_MainUiViewForStandAlone: onCreate : 1766401688566  /storage/emulated/0/DCIM/Screenshots/Screenshot_20251222_060808_MyDesktopApplication.png
12-22 06:08:08.683  1169  1169 D SurfaceFlinger:      DEVICE | 0xb4000073377e9cb0 | 0000 | RGBA_8888    |    0.0    0.0 1200.0 1920.0 |    0    0 1200 1920 | SurfaceView[com.mydesktopapplication[...]6d1065e1.MainActivity]@0(BLAST)#8565
12-22 06:08:08.683  1169  1169 D SurfaceFlinger:      CLIENT | 0xb40000734ec708d0 | 0000 | RGBA_8888    |    0.0 1848.0 1200.0 1920.0 |    0 1848 1200 1920 | com.mydesktopapplication.app/crc648a10417f6d1065e1.MainActivity$_27288#8560
12-22 06:08:08.686  1332  4715 D InputDispatcher: Focus left window (0): 38afffe com.mydesktopapplication.app/crc648a10417f6d1065e1.MainActivity
12-22 06:08:08.727 26269 26269 E [SmartCapture]_DeviceUtils: java.lang.NoSuchMethodException: Could not find android.view.Display.getRealSize() method
12-22 06:08:08.731 27288 27288 D SmartClipRemoteRequestDispatcher: dispatchScrollableAreaInfo : Pkg=com.mydesktopapplication.app Activity=null
12-22 06:08:08.733 26269 26269 I [SmartCapture]_ScrollableViewDetector: getScrollInfoFromRemoteApp : Before filtering -  Pkg=com.mydesktopapplication.app / Activity=null / S_Cnt=1 / US_Cnt=0 / WinRect=Rect(0, 0 - 1200, 1920) / Layer=0
12-22 06:08:08.749 26269 26269 E [SmartCapture]_PackageUtils: isPackageAvailable : com.samsung.android.service.tagservice is not available. e=android.content.pm.PackageManager$NameNotFoundException: com.samsung.android.service.tagservice
12-22 06:08:08.754 26269 26269 I CapturePluginManager: Exception occurred during getPluginMetaData. : android.content.pm.PackageManager$NameNotFoundException: com.samsung.android.app.captureplugin
12-22 06:08:08.755 26269 26269 E [SmartCapture]_PackageUtils: isPackageAvailable : com.samsung.android.app.captureplugin is not available. e=android.content.pm.PackageManager$NameNotFoundException: com.samsung.android.app.captureplugin
12-22 06:08:08.828  4286 16534 D MediaProvider: Open with FUSE. FilePath: /storage/emulated/0/DCIM/Screenshots/.pending-1767006488-Screenshot_20251222_060808_MyDesktopApplication.png. Uid: 10055. Media Capabilities Uid: 0. ShouldRedact: false. ShouldTranscode: false
12-22 06:08:08.839  4286 16534 D MediaProvider: Moving /storage/emulated/0/DCIM/Screenshots/.pending-1767006488-Screenshot_20251222_060808_MyDesktopApplication.png to /storage/emulated/0/DCIM/Screenshots/Screenshot_20251222_060808_MyDesktopApplication.png
12-22 06:08:08.888  4286  4665 V MediaProvider: Deleted backup of old file path: /storage/emulated/0/DCIM/Screenshots/.pending-1767006488-Screenshot_20251222_060808_MyDesktopApplication.png
12-22 06:08:09.084  1169  1169 D SurfaceFlinger:      DEVICE | 0xb4000073377e9cb0 | 0000 | RGBA_8888    |    0.0    0.0 1200.0 1920.0 |    0    0 1200 1920 | SurfaceView[com.mydesktopapplication[...]6d1065e1.MainActivity]@0(BLAST)#8565
12-22 06:08:09.084  1169  1169 D SurfaceFlinger:      CLIENT | 0xb40000734ec708d0 | 0000 | RGBA_8888    |    0.0 1848.0 1200.0 1920.0 |    0 1848 1200 1920 | com.mydesktopapplication.app/crc648a10417f6d1065e1.MainActivity$_27288#8560
12-22 06:08:09.244 26232 26239 W emui:screenshot: ApkAssets: Deleting an ApkAssets object '<empty> and /data/app/~~NwC0q9Iy3aWTCLxybVi4WQ==/com.mydesktopapplication.app-TM5bhl7FYuaXx7b0M9P_IA==/base.apk' with 1 weak references
12-22 06:08:10.673 26269 26269 I CapturePluginManager: Exception occurred during getPluginMetaData. : android.content.pm.PackageManager$NameNotFoundException: com.samsung.android.app.captureplugin
12-22 06:08:10.673 26269 26269 E [SmartCapture]_PackageUtils: isPackageAvailable : com.samsung.android.app.captureplugin is not available. e=android.content.pm.PackageManager$NameNotFoundException: com.samsung.android.app.captureplugin
12-22 06:08:11.005  1332  9010 D WindowManager: rotationForOrientation, orientationSource=ActivityRecord{ecbc50b u0 com.mydesktopapplication.app/crc648a10417f6d1065e1.MainActivity t201}
12-22 06:08:11.006  1332  9010 D WindowManager: Changing focus from Window{ea11ee7 u0 SmartCapture} to Window{38afffe u0 com.mydesktopapplication.app/crc648a10417f6d1065e1.MainActivity} displayId=0 Callers=com.android.server.wm.WindowState.removeIfPossible:697 com.android.server.wm.Session.remove:16 android.view.IWindowSession$Stub.onTransact:794 com.android.server.wm.Session.onTransact:1 
12-22 06:08:11.008  1332  9010 D InsetsSourceProvider: updateControlForTarget: control=InsetsSourceControl: {274e0001 mType=navigationBars initiallyVisible mSurfacePosition=Point(0, 1848) mInsetsHint=Insets{left=0, top=0, right=0, bottom=72}}, target=Window{38afffe u0 com.mydesktopapplication.app/crc648a10417f6d1065e1.MainActivity}, from=com.android.server.wm.InsetsStateController.onControlTargetChanged:81 com.android.server.wm.InsetsPolicy.updateBarControlTarget:188 com.android.server.wm.DisplayPolicy.updateSystemBarAttributes:281 com.android.server.wm.WindowManagerService.updateFocusedWindowLocked:375 com.android.server.wm.WindowState.removeIfPossible:697 
12-22 06:08:11.011  1332  9010 D InsetsSourceProvider: updateControlForTarget: control=InsetsSourceControl: {b9d0000 mType=statusBars initiallyVisible mSurfacePosition=Point(0, 0) mInsetsHint=Insets{left=0, top=36, right=0, bottom=0}}, target=Window{38afffe u0 com.mydesktopapplication.app/crc648a10417f6d1065e1.MainActivity}, from=com.android.server.wm.InsetsStateController.onControlTargetChanged:81 com.android.server.wm.InsetsPolicy.updateBarControlTarget:175 com.android.server.wm.DisplayPolicy.updateSystemBarAttributes:281 com.android.server.wm.WindowManagerService.updateFocusedWindowLocked:375 com.android.server.wm.WindowState.removeIfPossible:697 
12-22 06:08:11.012  1332  9010 D WindowManager: updateSystemBarAttributes: displayId=0, focusedCanBeNavColorWin=false, win=Window{38afffe u0 com.mydesktopapplication.app/crc648a10417f6d1065e1.MainActivity}, navColorWin=Window{38afffe u0 com.mydesktopapplication.app/crc648a10417f6d1065e1.MainActivity}, caller=com.android.server.wm.WindowManagerService.updateFocusedWindowLocked:375 com.android.server.wm.WindowState.removeIfPossible:697 com.android.server.wm.Session.remove:16 
12-22 06:08:11.012  2711  2711 D TaskBarDelegate: onSystemBarAttributesChanged() -  displayId:0, appearance:536 (APPEARANCE_LIGHT_NAVIGATION_BARS ), navbarColorManagedByIme: false, packageName: com.mydesktopapplication.app
12-22 06:08:11.015  1332  9010 V SystemKeyManager: updateFocusedWindow() is called, com.mydesktopapplication.app/crc648a10417f6d1065e1.MainActivity
12-22 06:08:11.018 27288 27288 I InsetsSourceConsumer: applyRequestedVisibilityToControl: visible=true, type=navigationBars, host=com.mydesktopapplication.app/crc648a10417f6d1065e1.MainActivity
12-22 06:08:11.018 27288 27288 I InsetsSourceConsumer: applyRequestedVisibilityToControl: visible=true, type=statusBars, host=com.mydesktopapplication.app/crc648a10417f6d1065e1.MainActivity
12-22 06:08:11.038  1169  1169 D SurfaceFlinger:      DEVICE | 0xb4000073377e9cb0 | 0000 | RGBA_8888    |    0.0    0.0 1200.0 1920.0 |    0    0 1200 1920 | SurfaceView[com.mydesktopapplication[...]6d1065e1.MainActivity]@0(BLAST)#8565
12-22 06:08:11.038  1169  1169 D SurfaceFlinger:      CLIENT | 0xb40000734ec708d0 | 0000 | RGBA_8888    |    0.0 1848.0 1200.0 1920.0 |    0 1848 1200 1920 | com.mydesktopapplication.app/crc648a10417f6d1065e1.MainActivity$_27288#8560
12-22 06:08:11.040  1332  4715 D InputDispatcher: Once focus requested (0): 38afffe com.mydesktopapplication.app/crc648a10417f6d1065e1.MainActivity
12-22 06:08:11.040  1332  4715 D InputDispatcher: Focus entered window (0): 38afffe com.mydesktopapplication.app/crc648a10417f6d1065e1.MainActivity
12-22 06:08:11.042  1332  2394 I ImeTracker: com.mydesktopapplication.app:353887c8: onRequestHide at ORIGIN_SERVER reason HIDE_SAME_WINDOW_FOCUSED_WITHOUT_EDITOR fromUser false
12-22 06:08:11.042  1332  2394 I ImeTracker: com.mydesktopapplication.app:353887c8: onCancelled at PHASE_SERVER_SHOULD_HIDE
12-22 06:08:11.047  5761  5761 I HBD     : c [AiWriter] setContact : com.mydesktopapplication.app
12-22 06:08:11.499 27288 27288 I ImeTracker: com.mydesktopapplication.app:ef30f42b: onRequestHide at ORIGIN_CLIENT reason HIDE_SOFT_INPUT fromUser true
12-22 06:08:11.501  1332  2394 I ImeTracker: com.mydesktopapplication.app:ef30f42b: onCancelled at PHASE_SERVER_SHOULD_HIDE
12-22 06:08:12.249 27146  4191 I NullBinder: NullBinder for android.net.action.RECOMMEND_NETWORKS triggering remote TransactionTooLargeException due to Service without Chimera impl, calling uid: 1000, calling pid: 0
12-22 06:08:16.029  1332  2382 D InputDispatcher: 5: name={38afffe com.mydesktopapplication.app/crc648a10417f6d1065e1.MainActivity} inputConfig={0x0} touchableRegion=[0,0][1200,1920] ssflg=0x100000 uid=10310 pid=27288 type=1
12-22 06:08:16.029  1332  2382 D InputDispatcher: 6: name={SurfaceView[com.mydesktopapplication.app/crc648a10417f6d1065e1.MainActivity]@0(BLAST)#8565} inputConfig={NO_INPUT_CHANNEL} touchableRegion=<empty> ssflg=0x0 uid=10310 pid=27288 type=0
12-22 06:08:16.029  1332  2382 D InputDispatcher: 7: name={Background for SurfaceView[com.mydesktopapplication.app/crc648a10417f6d1065e1.MainActivity]@0#8566} inputConfig={NO_INPUT_CHANNEL | NOT_VISIBLE} touchableRegion=<empty> ssflg=0x0 uid=10310 pid=27288 type=0
12-22 06:08:16.029  1332  2382 D InputDispatcher: 8: name={53f0685 ActivityRecordInputSink com.mydesktopapplication.app/crc648a10417f6d1065e1.MainActivity} inputConfig={NO_INPUT_CHANNEL | NOT_FOCUSABLE} touchableRegion=[-11999,-19199][12000,19200] ssflg=0x0 uid=1000 pid=1332 type=2022
12-22 06:08:16.188 27288 27288 I ImeTracker: com.mydesktopapplication.app:e55b93ff: onRequestHide at ORIGIN_CLIENT reason HIDE_SOFT_INPUT fromUser true
12-22 06:08:16.189  1332  2394 I ImeTracker: com.mydesktopapplication.app:e55b93ff: onCancelled at PHASE_SERVER_SHOULD_HIDE
12-22 06:08:18.285 27146  4191 I NullBinder: NullBinder for android.net.action.RECOMMEND_NETWORKS triggering remote TransactionTooLargeException due to Service without Chimera impl, calling uid: 1000, calling pid: 0
12-22 06:08:18.342 27288 27288 I ImeTracker: com.mydesktopapplication.app:49f8429: onRequestHide at ORIGIN_CLIENT reason HIDE_SOFT_INPUT fromUser true
12-22 06:08:18.343  1332  2394 I ImeTracker: com.mydesktopapplication.app:49f8429: onCancelled at PHASE_SERVER_SHOULD_HIDE
12-22 06:08:21.022 27288 27288 I ImeTracker: com.mydesktopapplication.app:191cc395: onRequestHide at ORIGIN_CLIENT reason HIDE_SOFT_INPUT fromUser true
12-22 06:08:21.022  1332  2394 I ImeTracker: com.mydesktopapplication.app:191cc395: onCancelled at PHASE_SERVER_SHOULD_HIDE
12-22 06:08:21.319 27146 27175 I NullBinder: NullBinder for android.net.action.RECOMMEND_NETWORKS triggering remote TransactionTooLargeException due to Service without Chimera impl, calling uid: 1000, calling pid: 0
12-22 06:08:22.697 27288 27288 I ImeTracker: com.mydesktopapplication.app:dffa8343: onRequestHide at ORIGIN_CLIENT reason HIDE_SOFT_INPUT fromUser true
12-22 06:08:22.699  1332  2394 I ImeTracker: com.mydesktopapplication.app:dffa8343: onCancelled at PHASE_SERVER_SHOULD_HIDE
12-22 06:08:24.474 27288 27288 I ImeTracker: com.mydesktopapplication.app:f35cfd99: onRequestHide at ORIGIN_CLIENT reason HIDE_SOFT_INPUT fromUser true
12-22 06:08:24.475  1332  2394 I ImeTracker: com.mydesktopapplication.app:f35cfd99: onCancelled at PHASE_SERVER_SHOULD_HIDE
12-22 06:08:25.616 27288 27288 I ImeTracker: com.mydesktopapplication.app:18d246da: onRequestHide at ORIGIN_CLIENT reason HIDE_SOFT_INPUT fromUser true
12-22 06:08:25.617  1332  2394 I ImeTracker: com.mydesktopapplication.app:18d246da: onCancelled at PHASE_SERVER_SHOULD_HIDE
12-22 06:08:27.353 27146 27175 I NullBinder: NullBinder for android.net.action.RECOMMEND_NETWORKS triggering remote TransactionTooLargeException due to Service without Chimera impl, calling uid: 1000, calling pid: 0
12-22 06:08:27.447 27288 27288 I ImeTracker: com.mydesktopapplication.app:7765b09d: onRequestHide at ORIGIN_CLIENT reason HIDE_SOFT_INPUT fromUser true
12-22 06:08:27.448  1332  2394 I ImeTracker: com.mydesktopapplication.app:7765b09d: onCancelled at PHASE_SERVER_SHOULD_HIDE
12-22 06:08:28.483 27288 27288 I ImeTracker: com.mydesktopapplication.app:7e8511d2: onRequestHide at ORIGIN_CLIENT reason HIDE_SOFT_INPUT fromUser true
12-22 06:08:28.484  1332  2394 I ImeTracker: com.mydesktopapplication.app:7e8511d2: onCancelled at PHASE_SERVER_SHOULD_HIDE
12-22 06:08:31.084 27288 27288 I ImeTracker: com.mydesktopapplication.app:81235f41: onRequestHide at ORIGIN_CLIENT reason HIDE_SOFT_INPUT fromUser true
12-22 06:08:31.085  1332  2394 I ImeTracker: com.mydesktopapplication.app:81235f41: onCancelled at PHASE_SERVER_SHOULD_HIDE
12-22 06:08:33.404 27146 27255 I NullBinder: NullBinder for android.net.action.RECOMMEND_NETWORKS triggering remote TransactionTooLargeException due to Service without Chimera impl, calling uid: 1000, calling pid: 0
12-22 06:08:34.621 26232 26232 D RequestProcessor: findPrimaryContent: DisplayContentInfo(component=ComponentInfo{com.mydesktopapplication.app/crc648a10417f6d1065e1.MainActivity}, bounds=Rect(0, 0 - 1200, 1920), user=UserHandle{0}, taskId=201)
12-22 06:08:34.623 26232 26232 D Screenshot: Screenshot request: ScreenshotData(type=1, source=5, userHandle=UserHandle{0}, topComponent=ComponentInfo{com.mydesktopapplication.app/crc648a10417f6d1065e1.MainActivity}, screenBounds=null, taskId=201, insets=Insets{left=0, top=0, right=0, bottom=0}, bitmap=null, displayId=0, contextUrl=null, disableCapture=false, secureLayer=false)
12-22 06:08:34.666 27288 27288 D SmartClipDataCropperImpl: doExtractSmartClipData : Extraction start! reqId = 44  Cropped area = Rect(600, 960 - 601, 961)  Package = com.mydesktopapplication.app
12-22 06:08:34.666 27288 27288 D SmartClipDataCropperImpl: addAppMetaTag : package name is com.mydesktopapplication.app
12-22 06:08:34.674 26232 26232 I Screenshot: getTopMostApplicationName() : MyDesktopApplication
12-22 06:08:34.684 26232 26268 I Screenshot: doInBackground:  volumeName=external_primary relativePath=DCIM/Screenshots mImageFilePath=/storage/emulated/0/DCIM/Screenshots/Screenshot_20251222_060834_MyDesktopApplication.png mImageDisplayName=Screenshot_20251222_060834_MyDesktopApplication mImageFileName=Screenshot_20251222_060834_MyDesktopApplication.png imageTime=1766401714683 dateSeconds=0 mimeType=image/png imageWidth=1200 imageHeight=1920 size=0
12-22 06:08:34.690 26269 26269 I [SmartCapture]_SmartCaptureSamsungAnalyticsUtils: insertEventLogWithDetail... screenID:900, eventID:9002, detail:com.mydesktopapplication.app
12-22 06:08:34.701 26269 26269 I [SmartCapture]_WindowManagerUtils: getCurrentFocusWindowPackage : com.mydesktopapplication.app/crc648a10417f6d1065e1.MainActivity
12-22 06:08:34.712  4286 13727 D MediaProvider: Open with FUSE. FilePath: /storage/emulated/0/DCIM/Screenshots/.pending-1767006514-Screenshot_20251222_060834_MyDesktopApplication.png. Uid: 10055. Media Capabilities Uid: 0. ShouldRedact: false. ShouldTranscode: false
12-22 06:08:34.733  1332  3561 D WindowManager: Changing focus from Window{38afffe u0 com.mydesktopapplication.app/crc648a10417f6d1065e1.MainActivity} to Window{2a4db96 u0 SmartCapture} displayId=0 Callers=com.android.server.wm.WindowManagerService.addWindow:201 com.android.server.wm.Session.addToDisplayAsUser:24 android.view.IWindowSession$Stub.onTransact:749 com.android.server.wm.Session.onTransact:1 
12-22 06:08:34.738  1332  3561 D WindowManager: updateSystemBarAttributes: displayId=0, focusedCanBeNavColorWin=false, win=Window{2a4db96 u0 SmartCapture}, navColorWin=Window{38afffe u0 com.mydesktopapplication.app/crc648a10417f6d1065e1.MainActivity}, caller=com.android.server.wm.WindowManagerService.updateFocusedWindowLocked:375 com.android.server.wm.WindowManagerService.addWindow:201 com.android.server.wm.Session.addToDisplayAsUser:24 
12-22 06:08:34.748 26269 26269 I [SmartCapture]_MainUiViewForStandAlone: onCreate : 1766401714672  /storage/emulated/0/DCIM/Screenshots/Screenshot_20251222_060834_MyDesktopApplication.png
12-22 06:08:34.791  1332  3561 D InputDispatcher: Focus left window (0): 38afffe com.mydesktopapplication.app/crc648a10417f6d1065e1.MainActivity
12-22 06:08:34.801  1169  1169 D SurfaceFlinger:      DEVICE | 0xb4000073377e9cb0 | 0000 | RGBA_8888    |    0.0    0.0 1200.0 1920.0 |    0    0 1200 1920 | SurfaceView[com.mydesktopapplication[...]6d1065e1.MainActivity]@0(BLAST)#8565
12-22 06:08:34.801  1169  1169 D SurfaceFlinger:      CLIENT | 0xb40000734ec708d0 | 0000 | RGBA_8888    |    0.0 1848.0 1200.0 1920.0 |    0 1848 1200 1920 | com.mydesktopapplication.app/crc648a10417f6d1065e1.MainActivity$_27288#8560
12-22 06:08:34.829  4286 16534 D MediaProvider: Open with FUSE. FilePath: /storage/emulated/0/DCIM/Screenshots/.pending-1767006514-Screenshot_20251222_060834_MyDesktopApplication.png. Uid: 10055. Media Capabilities Uid: 0. ShouldRedact: false. ShouldTranscode: false
12-22 06:08:34.839  4286 16534 D MediaProvider: Moving /storage/emulated/0/DCIM/Screenshots/.pending-1767006514-Screenshot_20251222_060834_MyDesktopApplication.png to /storage/emulated/0/DCIM/Screenshots/Screenshot_20251222_060834_MyDesktopApplication.png
12-22 06:08:34.855 26269 26269 E [SmartCapture]_DeviceUtils: java.lang.NoSuchMethodException: Could not find android.view.Display.getRealSize() method
12-22 06:08:34.860 27288 27288 D SmartClipRemoteRequestDispatcher: dispatchScrollableAreaInfo : Pkg=com.mydesktopapplication.app Activity=null
12-22 06:08:34.863 26269 26269 I [SmartCapture]_ScrollableViewDetector: getScrollInfoFromRemoteApp : Before filtering -  Pkg=com.mydesktopapplication.app / Activity=null / S_Cnt=1 / US_Cnt=0 / WinRect=Rect(0, 0 - 1200, 1920) / Layer=0
12-22 06:08:34.869 26269 26269 E [SmartCapture]_PackageUtils: isPackageAvailable : com.samsung.android.service.tagservice is not available. e=android.content.pm.PackageManager$NameNotFoundException: com.samsung.android.service.tagservice
12-22 06:08:34.872 26269 26269 I CapturePluginManager: Exception occurred during getPluginMetaData. : android.content.pm.PackageManager$NameNotFoundException: com.samsung.android.app.captureplugin
12-22 06:08:34.873 26269 26269 E [SmartCapture]_PackageUtils: isPackageAvailable : com.samsung.android.app.captureplugin is not available. e=android.content.pm.PackageManager$NameNotFoundException: com.samsung.android.app.captureplugin
12-22 06:08:34.881  4286  4665 V MediaProvider: Deleted backup of old file path: /storage/emulated/0/DCIM/Screenshots/.pending-1767006514-Screenshot_20251222_060834_MyDesktopApplication.png
12-22 06:08:35.216  1169  1169 D SurfaceFlinger:      DEVICE | 0xb4000073377e9cb0 | 0000 | RGBA_8888    |    0.0    0.0 1200.0 1920.0 |    0    0 1200 1920 | SurfaceView[com.mydesktopapplication[...]6d1065e1.MainActivity]@0(BLAST)#8565
12-22 06:08:35.216  1169  1169 D SurfaceFlinger:      CLIENT | 0xb40000734ec708d0 | 0000 | RGBA_8888    |    0.0 1848.0 1200.0 1920.0 |    0 1848 1200 1920 | com.mydesktopapplication.app/crc648a10417f6d1065e1.MainActivity$_27288#8560
12-22 06:08:36.367 26269 26269 I CapturePluginManager: Exception occurred during getPluginMetaData. : android.content.pm.PackageManager$NameNotFoundException: com.samsung.android.app.captureplugin
12-22 06:08:36.368 26269 26269 E [SmartCapture]_PackageUtils: isPackageAvailable : com.samsung.android.app.captureplugin is not available. e=android.content.pm.PackageManager$NameNotFoundException: com.samsung.android.app.captureplugin
12-22 06:08:36.403 27146 27173 I NullBinder: NullBinder for android.net.action.RECOMMEND_NETWORKS triggering remote TransactionTooLargeException due to Service without Chimera impl, calling uid: 1000, calling pid: 0
12-22 06:08:36.712  1332 11431 D WindowManager: rotationForOrientation, orientationSource=ActivityRecord{ecbc50b u0 com.mydesktopapplication.app/crc648a10417f6d1065e1.MainActivity t201}
12-22 06:08:36.714  1332 11431 D WindowManager: Changing focus from Window{2a4db96 u0 SmartCapture} to Window{38afffe u0 com.mydesktopapplication.app/crc648a10417f6d1065e1.MainActivity} displayId=0 Callers=com.android.server.wm.WindowState.removeIfPossible:697 com.android.server.wm.Session.remove:16 android.view.IWindowSession$Stub.onTransact:794 com.android.server.wm.Session.onTransact:1 
12-22 06:08:36.716  1332 11431 D InsetsSourceProvider: updateControlForTarget: control=InsetsSourceControl: {274e0001 mType=navigationBars initiallyVisible mSurfacePosition=Point(0, 1848) mInsetsHint=Insets{left=0, top=0, right=0, bottom=72}}, target=Window{38afffe u0 com.mydesktopapplication.app/crc648a10417f6d1065e1.MainActivity}, from=com.android.server.wm.InsetsStateController.onControlTargetChanged:81 com.android.server.wm.InsetsPolicy.updateBarControlTarget:188 com.android.server.wm.DisplayPolicy.updateSystemBarAttributes:281 com.android.server.wm.WindowManagerService.updateFocusedWindowLocked:375 com.android.server.wm.WindowState.removeIfPossible:697 
12-22 06:08:36.718  1332 11431 D InsetsSourceProvider: updateControlForTarget: control=InsetsSourceControl: {b9d0000 mType=statusBars initiallyVisible mSurfacePosition=Point(0, 0) mInsetsHint=Insets{left=0, top=36, right=0, bottom=0}}, target=Window{38afffe u0 com.mydesktopapplication.app/crc648a10417f6d1065e1.MainActivity}, from=com.android.server.wm.InsetsStateController.onControlTargetChanged:81 com.android.server.wm.InsetsPolicy.updateBarControlTarget:175 com.android.server.wm.DisplayPolicy.updateSystemBarAttributes:281 com.android.server.wm.WindowManagerService.updateFocusedWindowLocked:375 com.android.server.wm.WindowState.removeIfPossible:697 
12-22 06:08:36.719  1332 11431 D WindowManager: updateSystemBarAttributes: displayId=0, focusedCanBeNavColorWin=false, win=Window{38afffe u0 com.mydesktopapplication.app/crc648a10417f6d1065e1.MainActivity}, navColorWin=Window{38afffe u0 com.mydesktopapplication.app/crc648a10417f6d1065e1.MainActivity}, caller=com.android.server.wm.WindowManagerService.updateFocusedWindowLocked:375 com.android.server.wm.WindowState.removeIfPossible:697 com.android.server.wm.Session.remove:16 
12-22 06:08:36.719  2711  2711 D TaskBarDelegate: onSystemBarAttributesChanged() -  displayId:0, appearance:536 (APPEARANCE_LIGHT_NAVIGATION_BARS ), navbarColorManagedByIme: false, packageName: com.mydesktopapplication.app
12-22 06:08:36.719  1332 11431 V SystemKeyManager: updateFocusedWindow() is called, com.mydesktopapplication.app/crc648a10417f6d1065e1.MainActivity
12-22 06:08:36.724 27288 27288 I InsetsSourceConsumer: applyRequestedVisibilityToControl: visible=true, type=navigationBars, host=com.mydesktopapplication.app/crc648a10417f6d1065e1.MainActivity
12-22 06:08:36.724 27288 27288 I InsetsSourceConsumer: applyRequestedVisibilityToControl: visible=true, type=statusBars, host=com.mydesktopapplication.app/crc648a10417f6d1065e1.MainActivity
12-22 06:08:36.738  1169  1169 D SurfaceFlinger:      DEVICE | 0xb4000073377e9cb0 | 0000 | RGBA_8888    |    0.0    0.0 1200.0 1920.0 |    0    0 1200 1920 | SurfaceView[com.mydesktopapplication[...]6d1065e1.MainActivity]@0(BLAST)#8565
12-22 06:08:36.738  1169  1169 D SurfaceFlinger:      CLIENT | 0xb40000734ec708d0 | 0000 | RGBA_8888    |    0.0 1848.0 1200.0 1920.0 |    0 1848 1200 1920 | com.mydesktopapplication.app/crc648a10417f6d1065e1.MainActivity$_27288#8560
12-22 06:08:36.739  1332  3862 D InputDispatcher: Once focus requested (0): 38afffe com.mydesktopapplication.app/crc648a10417f6d1065e1.MainActivity
12-22 06:08:36.739  1332  3862 D InputDispatcher: Focus entered window (0): 38afffe com.mydesktopapplication.app/crc648a10417f6d1065e1.MainActivity
12-22 06:08:36.741  1332  2394 I ImeTracker: com.mydesktopapplication.app:39f9a249: onRequestHide at ORIGIN_SERVER reason HIDE_SAME_WINDOW_FOCUSED_WITHOUT_EDITOR fromUser false
12-22 06:08:36.741  1332  2394 I ImeTracker: com.mydesktopapplication.app:39f9a249: onCancelled at PHASE_SERVER_SHOULD_HIDE
12-22 06:08:36.744  5761  5761 I HBD     : c [AiWriter] setContact : com.mydesktopapplication.app
12-22 06:08:37.684 27288 27288 I ImeTracker: com.mydesktopapplication.app:77b0bf15: onRequestHide at ORIGIN_CLIENT reason HIDE_SOFT_INPUT fromUser true
12-22 06:08:37.686  1332  2394 I ImeTracker: com.mydesktopapplication.app:77b0bf15: onCancelled at PHASE_SERVER_SHOULD_HIDE
12-22 06:08:39.433 27146 27173 I NullBinder: NullBinder for android.net.action.RECOMMEND_NETWORKS triggering remote TransactionTooLargeException due to Service without Chimera impl, calling uid: 1000, calling pid: 0
12-22 06:08:40.184 27288 27288 I ImeTracker: com.mydesktopapplication.app:a46f9b3a: onRequestHide at ORIGIN_CLIENT reason HIDE_SOFT_INPUT fromUser true
12-22 06:08:40.186  1332  2394 I ImeTracker: com.mydesktopapplication.app:a46f9b3a: onCancelled at PHASE_SERVER_SHOULD_HIDE
12-22 06:08:41.731  1332  2382 D InputDispatcher: 5: name={38afffe com.mydesktopapplication.app/crc648a10417f6d1065e1.MainActivity} inputConfig={0x0} touchableRegion=[0,0][1200,1920] ssflg=0x100000 uid=10310 pid=27288 type=1
12-22 06:08:41.731  1332  2382 D InputDispatcher: 6: name={SurfaceView[com.mydesktopapplication.app/crc648a10417f6d1065e1.MainActivity]@0(BLAST)#8565} inputConfig={NO_INPUT_CHANNEL} touchableRegion=<empty> ssflg=0x0 uid=10310 pid=27288 type=0
12-22 06:08:41.731  1332  2382 D InputDispatcher: 7: name={Background for SurfaceView[com.mydesktopapplication.app/crc648a10417f6d1065e1.MainActivity]@0#8566} inputConfig={NO_INPUT_CHANNEL | NOT_VISIBLE} touchableRegion=<empty> ssflg=0x0 uid=10310 pid=27288 type=0
12-22 06:08:41.731  1332  2382 D InputDispatcher: 8: name={53f0685 ActivityRecordInputSink com.mydesktopapplication.app/crc648a10417f6d1065e1.MainActivity} inputConfig={NO_INPUT_CHANNEL | NOT_FOCUSABLE} touchableRegion=[-11999,-19199][12000,19200] ssflg=0x0 uid=1000 pid=1332 type=2022
12-22 06:08:41.937 27288 27288 I ImeTracker: com.mydesktopapplication.app:73fc765: onRequestHide at ORIGIN_CLIENT reason HIDE_SOFT_INPUT fromUser true
12-22 06:08:41.938  1332  2394 I ImeTracker: com.mydesktopapplication.app:73fc765: onCancelled at PHASE_SERVER_SHOULD_HIDE
12-22 06:08:45.488 27146 27173 I NullBinder: NullBinder for android.net.action.RECOMMEND_NETWORKS triggering remote TransactionTooLargeException due to Service without Chimera impl, calling uid: 1000, calling pid: 0
^C
kushal@fedora:~/src/dotnet/MyDesktopApplication$ 
