12-24 22:58:47.673  2971  3120 I HoneySpace.TaskbarEventTracker: invokeEvent() called with: event = NavButtonsDarkIntensityChanged(darkIntensity=0.99771565)
12-24 22:58:47.674  2971  4704 I VRI[LauncherActivity]@b3ce551: mWNT: t=0xb400006ebeb98800 mBlastBufferQueue=0xb400006ebc3cb100 fn= 86 HdrRenderState mRenderHdrSdrRatio=1.0 caller= com.android.systemui.shared.launcher.ViewRootImplCompat.mergeWithNextTransaction:4 com.honeyspace.transition.utils.SurfaceTransactionApplier.scheduleApply$lambda$1:26 com.honeyspace.transition.utils.SurfaceTransactionApplier.b:0 
12-24 22:58:47.677  1169  1169 W Layer   : gatherBufferInfo: Received unknown dataspace from gralloc
12-24 22:58:47.677  1169  1169 W Layer   : gatherBufferInfo: Received unknown dataspace from gralloc
12-24 22:58:47.677  1169  1169 W Layer   : gatherBufferInfo: Received unknown dataspace from gralloc
12-24 22:58:47.682  2971  2971 I HoneySpace.FloatingAnimator: container x: 67.59934, y: 77.88805, scale : 0.92379785
12-24 22:58:47.683  2971  3120 I HoneySpace.TaskbarEventTracker: invokeEvent() called with: event = NavButtonsDarkIntensityChanged(darkIntensity=1.0)
12-24 22:58:47.687  2971  4703 I VRI[LauncherActivity]@b3ce551: mWNT: t=0xb400006ebeb98980 mBlastBufferQueue=0xb400006ebc3cb100 fn= 87 HdrRenderState mRenderHdrSdrRatio=1.0 caller= com.android.systemui.shared.launcher.ViewRootImplCompat.mergeWithNextTransaction:4 com.honeyspace.transition.utils.SurfaceTransactionApplier.scheduleApply$lambda$1:26 com.honeyspace.transition.utils.SurfaceTransactionApplier.b:0 
12-24 22:58:47.688  1169  1169 W Layer   : gatherBufferInfo: Received unknown dataspace from gralloc
12-24 22:58:47.688  1169  1169 W Layer   : gatherBufferInfo: Received unknown dataspace from gralloc
12-24 22:58:47.688  1169  1169 W Layer   : gatherBufferInfo: Received unknown dataspace from gralloc
12-24 22:58:47.694  2971  2971 I HoneySpace.FloatingAnimator: container x: 51.31695, y: 59.127457, scale : 0.9419691
12-24 22:58:47.697  2971  4704 I VRI[LauncherActivity]@b3ce551: mWNT: t=0xb400006ebeb98b00 mBlastBufferQueue=0xb400006ebc3cb100 fn= 88 HdrRenderState mRenderHdrSdrRatio=1.0 caller= com.android.systemui.shared.launcher.ViewRootImplCompat.mergeWithNextTransaction:4 com.honeyspace.transition.utils.SurfaceTransactionApplier.scheduleApply$lambda$1:26 com.honeyspace.transition.utils.SurfaceTransactionApplier.b:0 
12-24 22:58:47.699  1169  1169 W Layer   : gatherBufferInfo: Received unknown dataspace from gralloc
12-24 22:58:47.699  1169  1169 W Layer   : gatherBufferInfo: Received unknown dataspace from gralloc
12-24 22:58:47.699  1169  1169 W Layer   : gatherBufferInfo: Received unknown dataspace from gralloc
12-24 22:58:47.704  2971  2971 I HoneySpace.FloatingAnimator: container x: 38.62038, y: 44.49845, scale : 0.95673984
12-24 22:58:47.706  2971  4703 I VRI[LauncherActivity]@b3ce551: mWNT: t=0xb400006ebeb98c80 mBlastBufferQueue=0xb400006ebc3cb100 fn= 89 HdrRenderState mRenderHdrSdrRatio=1.0 caller= com.android.systemui.shared.launcher.ViewRootImplCompat.mergeWithNextTransaction:4 com.honeyspace.transition.utils.SurfaceTransactionApplier.scheduleApply$lambda$1:26 com.honeyspace.transition.utils.SurfaceTransactionApplier.b:0 
12-24 22:58:47.710  1169  1169 W Layer   : gatherBufferInfo: Received unknown dataspace from gralloc
12-24 22:58:47.710  1169  1169 W Layer   : gatherBufferInfo: Received unknown dataspace from gralloc
12-24 22:58:47.710  1169  1169 W Layer   : gatherBufferInfo: Received unknown dataspace from gralloc
12-24 22:58:47.716  2971  2971 I HoneySpace.FloatingAnimator: container x: 27.289753, y: 31.443287, scale : 0.9699214
12-24 22:58:47.719  1332  3739 D SemWifiUsabilityStatsMonitor: onWifiUsabilityStats - seqNum 14604, isSameBssidAndFreq true
12-24 22:58:47.719  2971  4704 I VRI[LauncherActivity]@b3ce551: mWNT: t=0xb400006ebeb98e00 mBlastBufferQueue=0xb400006ebc3cb100 fn= 90 HdrRenderState mRenderHdrSdrRatio=1.0 caller= com.android.systemui.shared.launcher.ViewRootImplCompat.mergeWithNextTransaction:4 com.honeyspace.transition.utils.SurfaceTransactionApplier.scheduleApply$lambda$1:26 com.honeyspace.transition.utils.SurfaceTransactionApplier.b:0 
12-24 22:58:47.721  1169  1169 W Layer   : gatherBufferInfo: Received unknown dataspace from gralloc
12-24 22:58:47.721  2711  2829 D Tile.WifiTile: handleUpdateState isTransient=false transientEnabling =false cb.isTransient=false state.state = 2 mStateBeforeClick.value =false enabled =true
12-24 22:58:47.721  1169  1169 W Layer   : gatherBufferInfo: Received unknown dataspace from gralloc
12-24 22:58:47.727  2971  2971 I HoneySpace.FloatingAnimator: container x: 18.539747, y: 21.361519, scale : 0.97928345
12-24 22:58:47.729  2971  4703 I VRI[LauncherActivity]@b3ce551: mWNT: t=0xb400006ebeb99280 mBlastBufferQueue=0xb400006ebc3cb100 fn= 91 HdrRenderState mRenderHdrSdrRatio=1.0 caller= com.android.systemui.shared.launcher.ViewRootImplCompat.mergeWithNextTransaction:4 com.honeyspace.transition.utils.SurfaceTransactionApplier.scheduleApply$lambda$1:26 com.honeyspace.transition.utils.SurfaceTransactionApplier.b:0 
12-24 22:58:47.732  1169  1169 W Layer   : gatherBufferInfo: Received unknown dataspace from gralloc
12-24 22:58:47.732  1169  1169 W Layer   : gatherBufferInfo: Received unknown dataspace from gralloc
12-24 22:58:47.738  2971  2971 I HoneySpace.FloatingAnimator: container x: 12.283746, y: 14.153347, scale : 0.9865556
12-24 22:58:47.742  2971  4704 I VRI[LauncherActivity]@b3ce551: mWNT: t=0xb400006ebeb99400 mBlastBufferQueue=0xb400006ebc3cb100 fn= 92 HdrRenderState mRenderHdrSdrRatio=1.0 caller= com.android.systemui.shared.launcher.ViewRootImplCompat.mergeWithNextTransaction:4 com.honeyspace.transition.utils.SurfaceTransactionApplier.scheduleApply$lambda$1:26 com.honeyspace.transition.utils.SurfaceTransactionApplier.b:0 
12-24 22:58:47.743  1169  1169 W Layer   : gatherBufferInfo: Received unknown dataspace from gralloc
12-24 22:58:47.743  1169  1169 W Layer   : gatherBufferInfo: Received unknown dataspace from gralloc
12-24 22:58:47.747  6589  6589 F DEBUG   : *** *** *** *** *** *** *** *** *** *** *** *** *** *** *** ***
12-24 22:58:47.747  6589  6589 F DEBUG   : Build fingerprint: 'samsung/gta9psqxnc/gta9p:15/AP3A.240905.015.A2/X218USQS9DYJ6:user/release-keys'
12-24 22:58:47.747  6589  6589 F DEBUG   : Revision: '0'
12-24 22:58:47.747  6589  6589 F DEBUG   : ABI: 'arm64'
12-24 22:58:47.747  6589  6589 F DEBUG   : Processor: '7'
12-24 22:58:47.747  6589  6589 F DEBUG   : Timestamp: 2025-12-24 22:58:47.616123911-0500
12-24 22:58:47.747  6589  6589 F DEBUG   : Process uptime: 1s
12-24 22:58:47.747  6589  6589 F DEBUG   : Cmdline: com.mydesktopapplication.app
12-24 22:58:47.747  6589  6589 F DEBUG   : pid: 6567, tid: 6567, name: application.app  >>> com.mydesktopapplication.app <<<
12-24 22:58:47.747  6589  6589 F DEBUG   : uid: 10313
12-24 22:58:47.747  6589  6589 F DEBUG   : signal 6 (SIGABRT), code -1 (SI_QUEUE), fault addr --------
12-24 22:58:47.747  6589  6589 F DEBUG   : Abort message: '* Assertion at /__w/1/s/src/runtime/src/mono/mono/metadata/class-init.c:2474, condition `klass->instance_size == instance_size' not met'
12-24 22:58:47.747  6589  6589 F DEBUG   :     x0  0000000000000000  x1  00000000000019a7  x2  0000000000000006  x3  0000007fff590220
12-24 22:58:47.747  6589  6589 F DEBUG   :     x4  3935333962622d71  x5  3935333962622d71  x6  3935333962622d71  x7  7f7f7f7f7f7f7f7f
12-24 22:58:47.747  6589  6589 F DEBUG   :     x8  00000000000000f0  x9  0000007016ae3df8  x10 ffffff80fffffbdf  x11 0000000000000001
12-24 22:58:47.747  6589  6589 F DEBUG   :     x12 000000000e535768  x13 0000000000000000  x14 b400006f923d9d80  x15 0000000034155555
12-24 22:58:47.747  6589  6589 F DEBUG   :     x16 0000007016bcccd8  x17 0000007016bb5380  x18 0000007046ef4000  x19 00000000000019a7
12-24 22:58:47.747  6589  6589 F DEBUG   :     x20 00000000000019a7  x21 00000000ffffffff  x22 b400006f8d8b1660  x23 0000006f874602a8
12-24 22:58:47.747  6589  6589 F DEBUG   :     x24 0000007fff590350  x25 0000007fff5902e8  x26 0000007fff590300  x27 0000000000000000
12-24 22:58:47.747  6589  6589 F DEBUG   :     x28 0000000000000078  x29 0000007fff5902a0
12-24 22:58:47.747  6589  6589 F DEBUG   :     lr  0000007016b51050  sp  0000007fff590200  pc  0000007016b51080  pst 0000000000001000
12-24 22:58:47.747  6589  6589 F DEBUG   : 2 total frames
12-24 22:58:47.747  6589  6589 F DEBUG   : backtrace:
12-24 22:58:47.747  6589  6589 F DEBUG   :       #00 pc 0000000000096080  /apex/com.android.runtime/lib64/bionic/libc.so (abort+172) (BuildId: d02d1c3363b4a4418dcd98f4845bd7a4)
12-24 22:58:47.747  6589  6589 F DEBUG   :       #01 pc 00000000000a43e4  /data/app/~~y6hooiR1RmuoYdgtcrs7CA==/com.mydesktopapplication.app-7WJjZl8yLG7lSR7BK04yiQ==/lib/arm64/libmonodroid.so (xamarin::android::Helpers::abort_application(_LogCategories, char const*, bool, std::__ndk1::source_location)+584) (BuildId: 00cf64827f8d05118445a5e85cb1b5499d75aeb3)
12-24 22:58:47.749  2971  2971 I HoneySpace.FloatingAnimator: container x: 7.284176, y: 8.392837, scale : 0.9923669
12-24 22:58:47.752  2971  4703 I VRI[LauncherActivity]@b3ce551: mWNT: t=0xb400006ebeb99580 mBlastBufferQueue=0xb400006ebc3cb100 fn= 93 HdrRenderState mRenderHdrSdrRatio=1.0 caller= com.android.systemui.shared.launcher.ViewRootImplCompat.mergeWithNextTransaction:4 com.honeyspace.transition.utils.SurfaceTransactionApplier.scheduleApply$lambda$1:26 com.honeyspace.transition.utils.SurfaceTransactionApplier.b:0 
12-24 22:58:47.754  1169  1169 W Layer   : gatherBufferInfo: Received unknown dataspace from gralloc
12-24 22:58:47.755  1169  1169 W Layer   : gatherBufferInfo: Received unknown dataspace from gralloc
12-24 22:58:47.760  2971  2971 I HoneySpace.FloatingAnimator: container x: 3.738115, y: 4.307061, scale : 0.99648875
12-24 22:58:47.762  2971  4704 I VRI[LauncherActivity]@b3ce551: mWNT: t=0xb400006ebeb99700 mBlastBufferQueue=0xb400006ebc3cb100 fn= 94 HdrRenderState mRenderHdrSdrRatio=1.0 caller= com.android.systemui.shared.launcher.ViewRootImplCompat.mergeWithNextTransaction:4 com.honeyspace.transition.utils.SurfaceTransactionApplier.scheduleApply$lambda$1:26 com.honeyspace.transition.utils.SurfaceTransactionApplier.b:0 
12-24 22:58:47.764   684   684 E tombstoned: Tombstone written to: tombstone_04
12-24 22:58:47.765  1042  6412 I sensors-hal: handle_sns_client_event:44, ambient_light_event: ts=4087094418159590, event=0.000000
12-24 22:58:47.765  1042  6412 I sensors-hal: handle_sns_client_event:44, ambient_light_event: ts=4087094418398652, event=0.000000
12-24 22:58:47.766  1169  1169 W Layer   : gatherBufferInfo: Received unknown dataspace from gralloc
12-24 22:58:47.766  1169  1169 W Layer   : gatherBufferInfo: Received unknown dataspace from gralloc
12-24 22:58:47.768  1332  6594 I DropBoxManagerService: add tag=data_app_native_crash isTagEnabled=true flags=0x2
12-24 22:58:47.771  1332  2344 I DropBoxManagerService: add tag=SYSTEM_TOMBSTONE_PROTO_WITH_HEADERS isTagEnabled=true flags=0x4
12-24 22:58:47.773  2971  2971 I HoneySpace.FloatingAnimator: container x: 1.6232917, y: 1.8703587, scale : 0.9989472
12-24 22:58:47.774  1332  1433 D DeviceReportingSecurityChecker: getStatus
12-24 22:58:47.774  1332  1433 D DeviceReportingSecurityChecker: mIsICDStatus is true
12-24 22:58:47.774  1332  1433 D DeviceReportingSecurityChecker: mIsSim is true
12-24 22:58:47.774  1332  1433 D DeviceReportingSecurityChecker: mIsEchoAppSignature is true
12-24 22:58:47.774  1332  1433 D DeviceReportingSecurityChecker: security check passed
12-24 22:58:47.774  1332  1433 D DeviceReportingSecurityChecker: mIsICDStatus === true mIsSim == true mIsMyAccountSignature== false mIsEchoAppSignature== true mIsSprintHubSignature== false
12-24 22:58:47.774  1332  1433 D AppStateBroadcaster: TMO killProcesses
12-24 22:58:47.775  1332  6593 W ActivityTaskManager:   Force finishing activity com.mydesktopapplication.app/crc648a10417f6d1065e1.MainActivity
12-24 22:58:47.775  1332  6596 W ActivityManager: crash : com.mydesktopapplication.app,10313
12-24 22:58:47.776  1332  6593 D WindowManager: Transition is created, t=TransitionRecord{a47ba36 id=-1 type=CLOSE flags=0x10}, caller=com.android.server.wm.Transition.<init>:170 com.android.server.wm.TransitionController.createTransition:17 com.android.server.wm.TransitionController.requestTransitionIfNeeded:48 com.android.server.wm.RootWindowContainer$$ExternalSyntheticLambda29.accept:179 com.android.server.wm.Task.forAllLeafTasks:6 
12-24 22:58:47.776  1332  6593 D BLASTSyncEngine: SyncGroup is created, id=869, name=Transition-CLOSE, caller=com.android.server.wm.BLASTSyncEngine$SyncGroup.<init>:51 com.android.server.wm.TransitionController.moveToCollecting:78 com.android.server.wm.TransitionController.createTransition:47 com.android.server.wm.TransitionController.requestTransitionIfNeeded:48 com.android.server.wm.RootWindowContainer$$ExternalSyntheticLambda29.accept:179 com.android.server.wm.Task.forAllLeafTasks:6 com.android.server.wm.WindowContainer.forAllLeafTasks:4 
12-24 22:58:47.776  1332  6593 W BLASTSyncEngine: setSyncMethod, id=869, method=0, caller=com.android.server.wm.TransitionController.moveToCollecting:90 com.android.server.wm.TransitionController.createTransition:47 com.android.server.wm.TransitionController.requestTransitionIfNeeded:48 
12-24 22:58:47.777  1332  6593 V WindowManager: Start collecting in Transition: TransitionRecord{a47ba36 id=869 type=CLOSE flags=0x10}, caller=com.android.server.wm.TransitionController.createTransition:47 com.android.server.wm.TransitionController.requestTransitionIfNeeded:48 com.android.server.wm.RootWindowContainer$$ExternalSyntheticLambda29.accept:179 com.android.server.wm.Task.forAllLeafTasks:6 com.android.server.wm.WindowContainer.forAllLeafTasks:4 
12-24 22:58:47.777  1169  1169 W Layer   : gatherBufferInfo: Received unknown dataspace from gralloc
12-24 22:58:47.777  1169  1169 W Layer   : gatherBufferInfo: Received unknown dataspace from gralloc
12-24 22:58:47.777  1332  6593 V WindowManager: Requesting StartTransition: TransitionRecord{a47ba36 id=869 type=CLOSE flags=0x10}, caller=com.android.server.wm.TransitionController.requestTransitionIfNeeded:60 com.android.server.wm.RootWindowContainer$$ExternalSyntheticLambda29.accept:179 com.android.server.wm.Task.forAllLeafTasks:6 com.android.server.wm.WindowContainer.forAllLeafTasks:4 com.android.server.wm.DisplayArea.forAllLeafTasks:4 
12-24 22:58:47.778  2711  2767 V WindowManagerShell: Transition requested (#869): android.os.BinderProxy@9e33460 TransitionRequestInfo { type = CLOSE, triggerTask = null, pipTask = null, remoteTransition = null, displayChange = null, flags = 16, debugId = 869 }
12-24 22:58:47.779  1332  6593 D ActivityTaskManager: scheduleTopResumedActivityChanged, onTop=false, r=ActivityRecord{f20a60a u0 com.mydesktopapplication.app/crc648a10417f6d1065e1.MainActivity t219 f}}, caller=com.android.server.wm.ActivityTaskSupervisor.scheduleTopResumedActivityStateLossIfNeeded:11 com.android.server.wm.ActivityTaskSupervisor.updateTopResumedActivityIfNeeded:19 com.android.server.wm.TaskDisplayArea.positionChildAt:270 com.android.server.wm.WindowContainer.positionChildAt:86 com.android.server.wm.Task.positionChildAt:19 com.android.server.wm.Task.moveToFront:443 
12-24 22:58:47.780  1332  6593 V WindowManager: Collecting in transition 869: Task{939ee7b #219 type=standard A=10313:com.mydesktopapplication.app}, caller=com.android.server.wm.Transition.collectExistenceChange:42 com.android.server.wm.Transition.collectClose:7 com.android.server.wm.ActivityRecord.finishIfPossible:46 com.android.server.wm.ActivityRecord.finishIfPossible:1 com.android.server.wm.RootWindowContainer$$ExternalSyntheticLambda29.accept:182 
12-24 22:58:47.780  1332  6593 D WindowManager: prepareSync <SYNC_STATE_WAITING_FOR_DRAW>, mPrepareSyncSeqId=0, win=Window{e37df2d u0 Splash Screen com.mydesktopapplication.app}
12-24 22:58:47.780  2971  4703 I VRI[LauncherActivity]@b3ce551: mWNT: t=0xb400006ebeb99880 mBlastBufferQueue=0xb400006ebc3cb100 fn= 95 HdrRenderState mRenderHdrSdrRatio=1.0 caller= com.android.systemui.shared.launcher.ViewRootImplCompat.mergeWithNextTransaction:4 com.honeyspace.transition.utils.SurfaceTransactionApplier.scheduleApply$lambda$1:26 com.honeyspace.transition.utils.SurfaceTransactionApplier.b:0 
12-24 22:58:47.780  1332  6593 V WindowManager: Collecting in transition 869: ActivityRecord{f20a60a u0 com.mydesktopapplication.app/crc648a10417f6d1065e1.MainActivity t219 f}}, caller=com.android.server.wm.TransitionController.collect:7 com.android.server.wm.ActivityRecord.setVisibility:189 com.android.server.wm.ActivityRecord.finishIfPossible:85 com.android.server.wm.ActivityRecord.finishIfPossible:1 com.android.server.wm.RootWindowContainer$$ExternalSyntheticLambda29.accept:182 
12-24 22:58:47.782  1332  6593 D DeviceReportingSecurityChecker: getStatus
12-24 22:58:47.782  1332  6593 D DeviceReportingSecurityChecker: mIsICDStatus is true
12-24 22:58:47.782  1332  6593 D DeviceReportingSecurityChecker: mIsSim is true
12-24 22:58:47.782  1332  6593 D DeviceReportingSecurityChecker: mIsEchoAppSignature is true
12-24 22:58:47.782  1332  6593 D DeviceReportingSecurityChecker: security check passed
12-24 22:58:47.782  1332  6593 D DeviceReportingSecurityChecker: mIsICDStatus === true mIsSim == true mIsMyAccountSignature== false mIsEchoAppSignature== true mIsSprintHubSignature== false
12-24 22:58:47.782  1332  6593 D DeviceReportingSecurityChecker: getStatus
12-24 22:58:47.782  1332  6593 D DeviceReportingSecurityChecker: mIsICDStatus is true
12-24 22:58:47.782  1332  6593 D DeviceReportingSecurityChecker: mIsSim is true
12-24 22:58:47.782  1332  6593 D DeviceReportingSecurityChecker: mIsEchoAppSignature is true
12-24 22:58:47.782  1332  6593 D DeviceReportingSecurityChecker: security check passed
12-24 22:58:47.782  1332  6593 D DeviceReportingSecurityChecker: mIsICDStatus === true mIsSim == true mIsMyAccountSignature== false mIsEchoAppSignature== true mIsSprintHubSignature== false
12-24 22:58:47.782  2971  2971 I HoneySpace.FloatingAnimator: container x: 0.50726384, y: 0.58447003, scale : 1.0002444
12-24 22:58:47.783  1332  6593 V WindowManager: Collecting in transition 869: ActivityRecord{6d23448 u0 com.sec.android.app.launcher/.activities.LauncherActivity t114}, caller=com.android.server.wm.TransitionController.collect:7 com.android.server.wm.ActivityRecord.setVisibility:189 com.android.server.wm.EnsureActivitiesVisibleHelper.process:561 com.android.server.wm.TaskFragment.updateActivityVisibilities:12 com.android.server.wm.Task$$ExternalSyntheticLambda3.accept:399 
12-24 22:58:47.783  1332  6593 D WindowManager: prepareSync <SYNC_STATE_WAITING_FOR_DRAW>, mPrepareSyncSeqId=0, win=Window{1187f14 u0 com.sec.android.app.launcher/com.sec.android.app.launcher.activities.LauncherActivity}
12-24 22:58:47.784  1332  6593 D DeviceReportingSecurityChecker: getStatus
12-24 22:58:47.784  1332  6593 D DeviceReportingSecurityChecker: mIsICDStatus is true
12-24 22:58:47.784  1332  6593 D DeviceReportingSecurityChecker: mIsSim is true
12-24 22:58:47.784  1332  6593 D DeviceReportingSecurityChecker: mIsEchoAppSignature is true
12-24 22:58:47.784  1332  6593 D DeviceReportingSecurityChecker: security check passed
12-24 22:58:47.784  1332  6593 D DeviceReportingSecurityChecker: mIsICDStatus === true mIsSim == true mIsMyAccountSignature== false mIsEchoAppSignature== true mIsSprintHubSignature== false
12-24 22:58:47.784  1332  6593 V WindowManager: Collecting in transition 869: WallpaperWindowToken{ff30f token=android.os.Binder@eb8506e}_<system>, caller=com.android.server.wm.TransitionController.collect:7 com.android.server.wm.WallpaperWindowToken.setVisibility:54 com.android.server.wm.WallpaperController.adjustWallpaperWindows:736 com.android.server.wm.RootWindowContainer.applySurfaceChangesTransaction$1:141 com.android.server.wm.RootWindowContainer.performSurfacePlacementNoTrace:61 
12-24 22:58:47.785  1332  6593 I WindowManager: Cancelling animation restarting=true, leash=Surface(name=Surface(name=4683ed6 TaskbarWindow)/@0x5817262 - animation-leash of insets_animation)/@0xa2dec61
12-24 22:58:47.785  1332  6593 I WindowManager: Reparenting to original parent: Surface(name=WindowToken{7d69844 type=2024 android.os.BinderProxy@d84fd66})/@0x2c3bff3, destroy=false, syncState=0, syncCommitDepth=0, surface=Surface(name=4683ed6 TaskbarWindow)/@0x5817262
12-24 22:58:47.786  1332  6593 I WindowManager: Reparenting to leash, surface=Surface(name=4683ed6 TaskbarWindow)/@0x5817262, syncState=0, syncCommitDepth=0, leashParent=Surface(name=WindowToken{7d69844 type=2024 android.os.BinderProxy@d84fd66})/@0x2c3bff3
12-24 22:58:47.787  1332  6593 D WindowManager: makeSurface duration=0 leash=Surface(name=Surface(name=4683ed6 TaskbarWindow)/@0x5817262 - animation-leash of insets_animation)/@0x377f2a4
12-24 22:58:47.787  1332  6593 D InsetsSourceProvider: updateControlForTarget: control=InsetsSourceControl: {274e0001 mType=navigationBars initiallyVisible mSurfacePosition=Point(0, 1848) mInsetsHint=Insets{left=0, top=0, right=0, bottom=72}}, target=Window{1187f14 u0 com.sec.android.app.launcher/com.sec.android.app.launcher.activities.LauncherActivity}, from=com.android.server.wm.InsetsStateController.onControlTargetChanged:81 com.android.server.wm.InsetsPolicy.updateBarControlTarget:188 com.android.server.wm.DisplayPolicy.updateSystemBarAttributes:281 com.android.server.wm.DisplayPolicy.finishPostLayoutPolicyLw:17 com.android.server.wm.RootWindowContainer.applySurfaceChangesTransaction$1:194 
12-24 22:58:47.787  1332  6593 I WindowManager: Cancelling animation restarting=true, leash=Surface(name=Surface(name=37978e1 StatusBar)/@0x1bcda5 - animation-leash of insets_animation)/@0x8466447
12-24 22:58:47.787  1332  6593 I WindowManager: Reparenting to original parent: Surface(name=WindowToken{c7004eb type=2000 android.os.BinderProxy@1268b65})/@0x71d057a, destroy=false, syncState=0, syncCommitDepth=0, surface=Surface(name=37978e1 StatusBar)/@0x1bcda5
12-24 22:58:47.787  1332  6593 I WindowManager: Reparenting to leash, surface=Surface(name=37978e1 StatusBar)/@0x1bcda5, syncState=0, syncCommitDepth=0, leashParent=Surface(name=WindowToken{c7004eb type=2000 android.os.BinderProxy@1268b65})/@0x71d057a
12-24 22:58:47.788  1169  1169 W Layer   : gatherBufferInfo: Received unknown dataspace from gralloc
12-24 22:58:47.788  1332  6593 D WindowManager: makeSurface duration=1 leash=Surface(name=Surface(name=37978e1 StatusBar)/@0x1bcda5 - animation-leash of insets_animation)/@0xbcd43c2
12-24 22:58:47.788  1169  1169 W Layer   : gatherBufferInfo: Received unknown dataspace from gralloc
12-24 22:58:47.789  1332  6593 D InsetsSourceProvider: updateControlForTarget: control=InsetsSourceControl: {b9d0000 mType=statusBars initiallyVisible mSurfacePosition=Point(0, 0) mInsetsHint=Insets{left=0, top=36, right=0, bottom=0}}, target=Window{1187f14 u0 com.sec.android.app.launcher/com.sec.android.app.launcher.activities.LauncherActivity}, from=com.android.server.wm.InsetsStateController.onControlTargetChanged:81 com.android.server.wm.InsetsPolicy.updateBarControlTarget:175 com.android.server.wm.DisplayPolicy.updateSystemBarAttributes:281 com.android.server.wm.DisplayPolicy.finishPostLayoutPolicyLw:17 com.android.server.wm.RootWindowContainer.applySurfaceChangesTransaction$1:194 
12-24 22:58:47.790  1332  6593 D WindowManager: updateSystemBarAttributes: displayId=0, focusedCanBeNavColorWin=false, win=Window{1187f14 u0 com.sec.android.app.launcher/com.sec.android.app.launcher.activities.LauncherActivity}, navColorWin=Window{1187f14 u0 com.sec.android.app.launcher/com.sec.android.app.launcher.activities.LauncherActivity}, caller=com.android.server.wm.DisplayPolicy.finishPostLayoutPolicyLw:17 com.android.server.wm.RootWindowContainer.applySurfaceChangesTransaction$1:194 com.android.server.wm.RootWindowContainer.performSurfacePlacementNoTrace:61 
12-24 22:58:47.790  2711  2711 D SamsungLightBarControlHelper: updateStatusBar (WHITE icon) numStacks:1, StatusBarMode:MODE_TRANSPARENT, lightBarBounds:[], StatusBarState:SHADE, packageName:, isWhiteKeyguardStatusBar:false
12-24 22:58:47.790  2711  2711 D SamsungLightBarControlHelper: onStatusBarAppearanceChanged() -  sbModeChanged:false, statusBarMode:0, barState:MODE_TRANSPARENT, isKeyguardShowing:false, navbarColorManagedByIme:false, (AppearanceRegion{ bounds=[0,0][1200,1920]}, )
12-24 22:58:47.790  1332  6593 D WindowManager: updateSystemBarAttributes, bhv=2, apr=0, statusBarAprRegions=[AppearanceRegion{ bounds=[0,0][1200,1920]}], requestedVisibilities=-9
12-24 22:58:47.791  2711  2711 D TaskBarDelegate: onSystemBarAttributesChanged() -  displayId:0, appearance:0, navbarColorManagedByIme: false, packageName: com.sec.android.app.launcher
12-24 22:58:47.791  2711  2711 D SamsungLightBarControlHelper: updateNavigationBar (WHITE button) isLightOpaque:false, hasLightNavigationBarFlag:false, packageName:com.sec.android.app.launcher, DirectReplying:false, NavBarColorMangedByIme:false, ForceDarkForScrim:false, ForceLightForScrim:false, QsCustomizing:false, QsExpanded:false
12-24 22:58:47.791  2711  2711 D SysUiState: SysUiState changed: old=0x10020000 new=0x10000000
12-24 22:58:47.791  2971  3120 I HoneySpace.TaskbarEventTracker: invokeEvent() called with: event = OnSystemBarAttributesChanged(displayId=0, behavior=2)
12-24 22:58:47.791  2971  3120 I HoneySpace.TaskbarEventTracker: invokeEvent() called with: event = HandleNavigationBarEvent(eventData=NavBarEvents(eventType=ON_APPEARANCE_CHANGED, iconType=null, remoteViewBundle=null, iconBitmapBundle=null, orderDefault=true, position=0, rotationLocked=false, transientShowing=false, appearance=0, pluginBundle=null, hiddenByKnox=false, insetsBundle=null))
12-24 22:58:47.791  2971 32743 I HoneySpace.SystemUiRepository: systemUiFlags: awake
12-24 22:58:47.793  1332  9773 V WindowManager: Starting Transition 869, caller=com.android.server.wm.WindowOrganizerController.startTransition:37 com.android.server.wm.WindowOrganizerController.startTransition:1 android.window.IWindowOrganizerController$Stub.onTransact:271 
12-24 22:58:47.793  2971  4704 I VRI[LauncherActivity]@b3ce551: mWNT: t=0xb400006ebeb99a00 mBlastBufferQueue=0xb400006ebc3cb100 fn= 96 HdrRenderState mRenderHdrSdrRatio=1.0 caller= com.android.systemui.shared.launcher.ViewRootImplCompat.mergeWithNextTransaction:4 com.honeyspace.transition.utils.SurfaceTransactionApplier.scheduleApply$lambda$1:26 com.honeyspace.transition.utils.SurfaceTransactionApplier.b:0 
12-24 22:58:47.794  2971  3120 I HoneySpace.TaskbarEventTracker: invokeEvent() called with: event = SystemUiStateChanged(stateFlags=268435456)
12-24 22:58:47.796  2971  2298 I HoneySpace.RecentTasks: onRecentTasksChanged
12-24 22:58:47.796  2971  2971 I HoneySpace.FloatingAnimator: container x: 0.0, y: 0.0, scale : 1.0
12-24 22:58:47.797  2971  2971 I HoneySpace.DeJankUtils: postAfterTraversal is called com.honeyspace.common.performance.JankWrapper$addCujInstrumentation$1$4$1@b55f76f, immediate : true detail : app transition end
12-24 22:58:47.797  2971  2971 I HoneySpace.FloatingAnimator: [Player:A(47.44)] value animator:[185401047] end
12-24 22:58:47.797  2971  2971 I HoneySpace.FloatingAnimator: remove positionListener - com.honeyspace.transition.anim.floating.b@9a59501
12-24 22:58:47.797  2971  2971 I HoneySpace.FloatingAnimator: [Player:A(47.44)] reset
12-24 22:58:47.797  2971  2971 I HoneySpace.IconView: setIconVisible : visible-true, currentForceHideBadge-true
12-24 22:58:47.797  2971  2971 I HoneySpace.FloatingAnimator: playerCount : 0
12-24 22:58:47.797  2971  2971 I HoneySpace.FloatingFinishHelper: finishInProgress: true
12-24 22:58:47.797  2971  2971 I HoneySpace.AppLaunchAnimationDelegate: mainAnimatorSet end
12-24 22:58:47.797  2971  2971 I HoneySpace.AnimationResult: finish, false
12-24 22:58:47.797  2971  2971 I HoneySpace.RunnableList: executeAllAndClear() called, size: 1
12-24 22:58:47.798  2971  2971 I HoneySpace.FloatingFinishHelper: isAppShow reset, immediate
12-24 22:58:47.799  1169  1169 W Layer   : gatherBufferInfo: Received unknown dataspace from gralloc
12-24 22:58:47.799  2711  2767 V WindowManagerShell: Transition animation finished (aborted=false), notifying core (#868) android.os.BinderProxy@5ace7a0@0
12-24 22:58:47.800  2971 30353 I HoneySpace.AnimationResult: asyncFinishRunnable run
12-24 22:58:47.800  2971  2298 I HoneySpace.HistoryViewModel@74780565@OneUI: Hotseat bar is not showing. skip load history items
12-24 22:58:47.801  2711  2767 I SurfaceControlRegistry: apply, t=FinishTransaction_SyncId<868>, caller=android.view.SurfaceControl$Transaction.apply:3135 android.view.SurfaceControl$Transaction.apply:3122 android.view.SurfaceControl$Transaction.apply:3078 com.android.wm.shell.transition.Transitions.onFinish:308 com.android.wm.shell.transition.Transitions$$ExternalSyntheticLambda8.onTransitionFinished:18 com.android.wm.shell.transition.DefaultMixedHandler$$ExternalSyntheticLambda4.onTransitionFinished:17 
12-24 22:58:47.802  2971  5943 I HoneySpace.HistoryViewModel@75334967@OneUI: loadItemJob canceled
12-24 22:58:47.803  4374  4374 W DMASA[D]: [d]Diagnostic is not agreed
12-24 22:58:47.803  1332  1397 D ActivityManager: !@AM_BOOT_PROGRESS , ensureBootCompleted booting:false /enableScreen:false /caller:com.android.server.am.ActivityManagerService.ensureBootCompleted:46 com.android.server.am.ActivityManagerService$UiHandler.handleMessage$com$android$server$am$ActivityManagerService$UiHandler:645 
12-24 22:58:47.803  2971  2298 I HoneySpace.HistoryViewModel@74780565@OneUI: launcherShowing : false, recentShowing : false, isInteractive : true
12-24 22:58:47.804  2971  5943 I HoneySpace.HistoryViewModel@75334967@OneUI: loadItems(TASKBAR) called - delay=200, reason=Update
12-24 22:58:47.804  1332  5435 V WindowManager: Finish Transition: TransitionRecord{5fe5675 id=868 type=OPEN flags=0x0}, caller=com.android.server.wm.WindowOrganizerController.finishTransitionInner:26 com.android.server.wm.WindowOrganizerController.finishAllTransitions:59 android.window.IWindowOrganizerController$Stub.onTransact:311 
12-24 22:58:47.805  2971  4703 I VRI[LauncherActivity]@b3ce551: mWNT: t=0xb400006ebeb99b80 mBlastBufferQueue=0xb400006ebc3cb100 fn= 97 HdrRenderState mRenderHdrSdrRatio=1.0 caller= com.android.systemui.shared.launcher.ViewRootImplCompat.mergeWithNextTransaction:4 com.honeyspace.transition.utils.SurfaceTransactionApplier.scheduleApply$lambda$1:26 com.honeyspace.transition.utils.SurfaceTransactionApplier.b:0 
12-24 22:58:47.806  2971  2971 I HoneySpace.TaskbarPot@36314853: HandleNavigationBarEvent: ON_APPEARANCE_CHANGED
12-24 22:58:47.806  2971  2971 I HoneySpace.TaskbarPot@36314853: updateAppearance appearance:0
12-24 22:58:47.806  2971  2971 I HoneySpace.TaskbarPot@36314853: setTaskbarBGAlpha default : true, fixAlpha : 0
12-24 22:58:47.807  2971  3121 I HoneySpace.TopTaskSource: onTaskMovedToFront : taskId = 114, displayId = 0
12-24 22:58:47.807  2971  2971 I HoneySpace.ShellTransitionManager: open normal end
12-24 22:58:47.808  2971  2971 I HoneySpace.ShellAnimationRunner: setDelegate, delegate-null, strong-false
12-24 22:58:47.808  2971  2971 I HoneySpace.RunnableList: executeAllAndClear() called, size: 1
12-24 22:58:47.808  2971 32743 I HoneySpace.ShellAnimationRunner: cleanUp: null, null
12-24 22:58:47.808  2971  2971 I HoneySpace.AnimationResult: completeCallback run
12-24 22:58:47.808  2971  3123 I HoneySpace.TopTaskUseCase: topTaskId 114, DisplayId : 0
12-24 22:58:47.808  2971  2971 I HoneySpace.HistoryTaskView@167403035@OneUI: loading ? true
12-24 22:58:47.809  1332  5435 W ActivityManager: pid 1332 system sent binder code 45 with flags 1 to frozen apps and got error -32
12-24 22:58:47.809  2971  2971 I InsetsSourceConsumer: applyRequestedVisibilityToControl: visible=true, type=navigationBars, host=com.sec.android.app.launcher/com.sec.android.app.launcher.activities.LauncherActivity
12-24 22:58:47.809  1332  5435 D ChangeTransitionController: onTransitionFinished: TransitionRecord{5fe5675 id=868 type=OPEN flags=0x0}
12-24 22:58:47.809  2711  2767 V WindowManagerShell: Track 0 became idle
12-24 22:58:47.810  1332  1396 V WindowManager: Finish Transition (#868): created at 12-24 22:58:47.448 collect-started=1.029ms request-sent=20.89ms started=31.208ms ready=54.379ms sent=69.948ms finished=355.957ms
12-24 22:58:47.810  2971  2971 I InsetsSourceConsumer: applyRequestedVisibilityToControl: visible=true, type=statusBars, host=com.sec.android.app.launcher/com.sec.android.app.launcher.activities.LauncherActivity
12-24 22:58:47.811  2971  2971 I HoneySpace.DeJankUtils: traversals callback's received
12-24 22:58:47.811  2971  2971 I HoneySpace.DeJankUtils: doActionRunnable is called com.honeyspace.common.performance.JankWrapper$addCujInstrumentation$1$4$1@b55f76f, immediate = true, detail : app transition end
12-24 22:58:47.811  2971  2971 I HoneySpace.AppscreenViewModel: endGestureHint
12-24 22:58:47.811  2971  2971 I HoneySpace.AppscreenViewModel: resetAnimatedValues
12-24 22:58:47.811  2971  2971 I HoneySpace.HoneyScreenManagerImpl: transitionAnimator is ended, onCancel: false
12-24 22:58:47.811  2971  2971 I HoneySpace.ContentsAnimator: ContentsAnimator end [22362594]
12-24 22:58:47.811  1169  1169 W Layer   : gatherBufferInfo: Received unknown dataspace from gralloc
12-24 22:58:47.811  2971  2971 I HoneySpace.HistoryCellLayout@203979704: removeView [0] (0,0) view=com.honeyspace.ui.common.iconview.IconViewImpl{65cc991 V.ED..CL. ........ 0,0-74,72 #7f0a029b app:id/icon} - MyDesktopApplication, visibility:0, alpha:0.0, badge:0, icon:96x96, iconAlpha:255, iconState:NONE, iconSize:50, forceHideBadge:false, isTransparent:false, x=0, y=0
12-24 22:58:47.811  1332  9773 W UserManagerService: Requested status bar icon for non-badged user 0
12-24 22:58:47.811  1169  1169 W Layer   : gatherBufferInfo: Received unknown dataspace from gralloc
12-24 22:58:47.812  2971  2971 I HoneySpace.HistoryCellLayout@203979704: removeView [0] (0,0) view=com.honeyspace.ui.common.iconview.IconViewImpl{65cc991 V.ED..CL. ......ID 0,0-74,72 #7f0a029b app:id/icon} - MyDesktopApplication, visibility:0, alpha:0.0, badge:0, icon:96x96, iconAlpha:255, iconState:NONE, iconSize:50, forceHideBadge:false, isTransparent:false, x=0, y=0
12-24 22:58:47.812  1332  2386 I HqmInfo::c: checkAppError: app version invalid
12-24 22:58:47.812  2971  2971 I HoneySpace.TabletIconStyleFactory: init densityDpi=240, LargeSizePx = 1920
12-24 22:58:47.812  1332  9773 W UserManagerService: Requested status bar icon for non-badged user 0
12-24 22:58:47.812  2971  2971 I HoneySpace.WhiteBgColorChanger: changeTextColor, isDarkColor = false, isThemeText = true, IconStyle = LabelStyle(hideLabel=true, orientation=0, maxLine=1, textColor=-1, textSize=0.0, shadowRadius=0.0, shadowDx=0.0, shadowDy=0.0, shadowColor=0, applyThemeLabel=true, originalTextSize=12.5)
12-24 22:58:47.813  2971  2971 I HoneySpace.TabletLayoutInfo: updateAppIconSize taskbar : true, iconSize : 50, windowBound : (android.view.ContextThemeWrapper, WindowBounds width=1200 height=1920, bounds=Rect(0, 0 - 1200, 1920), insets=Insets{left=0, top=36, right=0, bottom=72}, systemInsets=Insets{left=0, top=36, right=0, bottom=72}, cutout=Rect(0, 0 - 0, 0), gestureActionInsets=Insets{left=0, top=36, right=0, bottom=72}, insetsIgnoreCutout=Insets{left=0, top=36, right=0, bottom=72}, baseScreenSize=Point(1200, 1848)screenSizeIncludeCutout: Point(1200, 1848))
12-24 22:58:47.813  2971  2971 I HoneySpace.HotseatViewModel@30532655@OneUI: updateLayoutStyle() [TASKBAR]: count = 7, currentDisplayGrid = null, iconSize = 50, iconSize-Taskbar = 50taskbar height = 72
12-24 22:58:47.813  2971  2971 I HoneySpace.HistoryCellLayout@203979704: updateViewWidth :: width = 222, animate = true
12-24 22:58:47.815   884   884 I Zygote  : Process 6567 exited due to signal 6 (Aborted)
12-24 22:58:47.816  2971  2971 I HoneySpace.AppTransitionAnimationAwait: proceed 1
12-24 22:58:47.816  2971  2971 I HoneySpace.FloatingFinishHelper: finishInProgress: false
12-24 22:58:47.819  1169  1169 D SurfaceFlinger: Display 4630946944264142721 HWC layers:
12-24 22:58:47.819  1169  1169 D SurfaceFlinger:      CLIENT | 0xb400007337e43920 | 0000 | RGBA_8888    |  203.0  127.0 1717.0 1073.0 |    0    0 1200 1920 | Wallpaper BBQ wrapper 5_system#88
12-24 22:58:47.819  1169  1169 D SurfaceFlinger:      CLIENT | 0xb400007337e45de0 | 0000 | RGBA_8888    |    0.0    0.0 1200.0 1920.0 |    0    0 1200 1920 | Splash Screen com.mydesktopapplication.app$_2711#9249
12-24 22:58:47.819  1169  1169 D SurfaceFlinger:      CLIENT | 0xb40000734ec716d0 | 0000 | RGBA_8888    |    0.0    0.0 1200.0   36.0 |    0    0 1200   36 | StatusBar$_2711#93
12-24 22:58:47.819  1169  1169 D SurfaceFlinger:      CLIENT | 0xb4000073377ed210 | 0000 | RGBA_8888    |    0.0    0.0 1200.0   72.0 |    0 1848 1200 1920 | TaskbarWindow$_2971#133
12-24 22:58:47.819  1169  1169 D SurfaceFlinger: 
12-24 22:58:47.821  1332  9773 I ActivityManager: Process com.mydesktopapplication.app (pid 6567) has died: fg  CEM (175,949)
12-24 22:58:47.822  1169  1169 W Layer   : gatherBufferInfo: Received unknown dataspace from gralloc
12-24 22:58:47.822  1169  1169 W Layer   : gatherBufferInfo: Received unknown dataspace from gralloc
12-24 22:58:47.822  1332  9773 V WindowManager: Collecting in transition 869: Task{939ee7b #219 type=standard A=10313:com.mydesktopapplication.app}, caller=com.android.server.wm.Transition.collectClose:12 com.android.server.wm.WindowProcessController.handleAppDied$1:473 com.android.server.am.ActivityManagerService.handleAppDiedLocked:247 com.android.server.am.ActivityManagerService.appDiedLocked:479 com.android.server.am.ActivityManagerService$AppDeathRecipient.binderDied:17 
12-24 22:58:47.822  1332  1430 I libprocessgroup: Removed cgroup /sys/fs/cgroup/uid_10313/pid_6567
12-24 22:58:47.822  1332  9773 V WindowManager: Collecting in transition 869: ActivityRecord{f20a60a u0 com.mydesktopapplication.app/crc648a10417f6d1065e1.MainActivity t219 f}}, caller=com.android.server.wm.TransitionController.collect:7 com.android.server.wm.ActivityRecord.onRemovedFromDisplay:324 com.android.server.wm.ActivityRecord.removeFromHistory:175 com.android.server.wm.WindowProcessController.handleAppDied$1:514 com.android.server.am.ActivityManagerService.handleAppDiedLocked:247 
12-24 22:58:47.823  1332  9773 D SGM:FgCheckThread: TaskStackListener.onTaskFocusChanged(), taskId=219, focused=false
12-24 22:58:47.823  1332  1399 D SGM:FgCheckThread: getForegroundApp(), foregroundPkgName=com.mydesktopapplication.app
12-24 22:58:47.823  1332  9773 D WindowManager: Changing focus from null to Window{1187f14 u0 com.sec.android.app.launcher/com.sec.android.app.launcher.activities.LauncherActivity} displayId=0 Callers=com.android.server.wm.ActivityRecord.onRemovedFromDisplay:551 com.android.server.wm.ActivityRecord.removeFromHistory:175 com.android.server.wm.WindowProcessController.handleAppDied$1:514 com.android.server.am.ActivityManagerService.handleAppDiedLocked:247 
12-24 22:58:47.823  1332  9773 V SystemKeyManager: updateFocusedWindow() is called, com.sec.android.app.launcher/com.sec.android.app.launcher.activities.LauncherActivity
12-24 22:58:47.823  1332  1399 D SGM:FgCheckThread: pkgName: com.mydesktopapplication.app is not in foreground
12-24 22:58:47.823  1332  9773 I SemDvfsHyPerManager: acquire hyper - AMS_APP_HOME/1332@28, type = -999
12-24 22:58:47.824  1045  1093 I HYPER-HAL: [RequestManager.cpp]acquire(): Acquired ID : 925508  [1332 / 28]    HINT : AMS_APP_HOME    list : 
12-24 22:58:47.824  1045  1093 I HYPER-HAL: [ResourceManager.cpp]updateResource(): [CPULittleMinFreq] UpdateResource Request ID : 925508    Value : 1804800
12-24 22:58:47.824  1332  9773 D ActivityManagerPerformance: AMP_acquire() HOME
12-24 22:58:47.824  1332  9773 D SGM:FgCheckThread: TaskStackListener.onTaskFocusChanged(), taskId=114, focused=true
12-24 22:58:47.824  1332  9773 D SGM:FgCheckThread:   sendRunningComponentFocus(), pkgName: com.sec.android.app.launcher, userId: 0
12-24 22:58:47.825  1332  9773 D InputDispatcher: Focused application(0): ActivityRecord{6d23448 u0 com.sec.android.app.launcher/.activities.LauncherActivity t114}
12-24 22:58:47.825  1332  2400 D SGM:FgCheckThread: onLooperPrepared(), msg: MSG_TASK_FOCUSED, pkgName: com.sec.android.app.launcher, userId: 0
12-24 22:58:47.825  1332  2400 D SGM:FgCheckThread: handleTaskFocused().
12-24 22:58:47.825  1332  2400 D SGM:FgCheckThread: sendFocusOutConditionally() - mPrevNotiPkg: (unknown), userId: 0
12-24 22:58:47.825  1332  2566 D AS.MultiSoundManager: mForegroundUid = 10117
12-24 22:58:47.825  1332  2400 D SGM:FgCheckThread:   handleTaskFocused(), pkgName: com.sec.android.app.launcher, userID:0 mResumedPkgMap does not containsKey.
12-24 22:58:47.825  1332  9773 V WindowManager: rotationForOrientation(orient=SCREEN_ORIENTATION_UNSPECIFIED (-1), last=ROTATION_0 (0)); user=ROTATION_0 (0) USER_ROTATION_LOCKED
12-24 22:58:47.825  1332  9773 D WindowManager: rotationForOrientation, orientationSource=ActivityRecord{6d23448 u0 com.sec.android.app.launcher/.activities.LauncherActivity t114}
12-24 22:58:47.825  1332  9773 V WindowManager: Computed rotation=ROTATION_0 (0) for display id=0 based on lastOrientation=SCREEN_ORIENTATION_UNSPECIFIED (-1) and oldRotation=ROTATION_0 (0), caller=com.android.server.wm.DisplayRotation.updateOrientation:25 com.android.server.wm.DisplayContent.updateOrientation:64 com.android.server.wm.DisplayContent.updateOrientation:10 com.android.server.wm.RootWindowContainer.ensureVisibilityAndConfig:7 com.android.server.wm.TaskFragment.resumeTopActivity:1836 com.android.server.wm.Task.resumeTopActivityInnerLocked:98 
12-24 22:58:47.826  1332  9773 D WindowManagerServiceExt: updateTaskbarTargetIfNeeded: reset
12-24 22:58:47.826  1332  9773 D DeviceReportingSecurityChecker: getStatus
12-24 22:58:47.826  1332  9773 D DeviceReportingSecurityChecker: mIsICDStatus is true
12-24 22:58:47.826  1332  9773 D DeviceReportingSecurityChecker: mIsSim is true
12-24 22:58:47.826  1332  9773 D DeviceReportingSecurityChecker: mIsEchoAppSignature is true
12-24 22:58:47.826  1332  9773 D DeviceReportingSecurityChecker: security check passed
12-24 22:58:47.826  1332  9773 D DeviceReportingSecurityChecker: mIsICDStatus === true mIsSim == true mIsMyAccountSignature== false mIsEchoAppSignature== true mIsSprintHubSignature== false
12-24 22:58:47.827  1332  9773 V WindowManager: SyncGroup 869: Finished!
12-24 22:58:47.827  1332  9773 D ChangeTransitionController: onTransactionReady: TransitionRecord{a47ba36 id=869 type=CLOSE flags=0x10}
12-24 22:58:47.827  1332  9773 V WindowManager: Start calculating TransitionInfo based on participants: {WallpaperWindowToken{ff30f token=android.os.Binder@eb8506e}_<system>, Task{e94a5d #1 type=home}, ActivityRecord{6d23448 u0 com.sec.android.app.launcher/.activities.LauncherActivity t114}, Task{939ee7b #219 type=standard A=10313:com.mydesktopapplication.app}, Task{b1e62e1 #114 type=home I=com.sec.android.app.launcher/.activities.LauncherActivity}, ActivityRecord{f20a60a u0 com.mydesktopapplication.app/crc648a10417f6d1065e1.MainActivity t219 f} isExiting}}
12-24 22:58:47.827  1332  9773 V WindowManager:   Final targets: [Task{e94a5d #1 type=home}, Task{939ee7b #219 type=standard A=10313:com.mydesktopapplication.app}, WallpaperWindowToken{ff30f token=android.os.Binder@eb8506e}_<system>]
12-24 22:58:47.828  4379  4379 I SDHMS:BarTender:Gatherer:AppError: update AppError : uid=10313, pkg=com.mydesktopapplication.app, errorType=crash
12-24 22:58:47.828  2971  2971 I HoneySpace.HistoryViewModel@75334967@OneUI: Block stack change
12-24 22:58:47.828  2711  2767 E CompatUIController: no activity bounds
12-24 22:58:47.829  2971 32743 I HoneySpace.HistoryViewModel@75334967@OneUI: loadItemJob canceled
12-24 22:58:47.829  2971  2971 I HoneySpace.Launcher: !@Boot_EBS_D: Launcher.onResume()
12-24 22:58:47.829  1332  9773 V WindowManager: Playing #869 in parallel on track #1
12-24 22:58:47.829  2971  3121 I HoneySpace.TopTaskSource: onTaskFocusChanged(): taskId = 114
12-24 22:58:47.830  1332  9773 I SurfaceControlRegistry: show, t=StartTransaction_SyncId<869> sc=ActivityRecord{6d23448 u0 com.sec.android.app.launcher/.activities.LauncherActivity t114}, caller=android.view.SurfaceControl$Transaction.show:3232 com.android.server.wm.Transition.onTransactionReady:2273 com.android.server.wm.BLASTSyncEngine$SyncGroup.finishNow:195 com.android.server.wm.BLASTSyncEngine.onSurfacePlacement:269 com.android.server.wm.RootWindowContainer.performSurfacePlacementNoTrace:471 com.android.server.wm.RootWindowContainer.performSurfacePlacement:9 
12-24 22:58:47.830  1332  9773 I SurfaceControlRegistry: show, t=StartTransaction_SyncId<869> sc=Task=114, caller=android.view.SurfaceControl$Transaction.show:3232 com.android.server.wm.Transition.onTransactionReady:2300 com.android.server.wm.BLASTSyncEngine$SyncGroup.finishNow:195 com.android.server.wm.BLASTSyncEngine.onSurfacePlacement:269 com.android.server.wm.RootWindowContainer.performSurfacePlacementNoTrace:471 com.android.server.wm.RootWindowContainer.performSurfacePlacement:9 
12-24 22:58:47.830  2971  2971 I HoneySpace.Launcher: updateLauncherShowing false -> true
12-24 22:58:47.831  2971  5943 I HoneySpace.Memory-Monitor: cancelTrimIfNeeded
12-24 22:58:47.831  2971 32743 I HoneySpace.HistoryViewModel@75334967@OneUI: loadItems(TASKBAR) called - delay=200, reason=Update
12-24 22:58:47.831  2971  3121 I HoneySpace.TopTaskSource: onTaskMovedToFront : taskId = 114, displayId = 0
12-24 22:58:47.831  2971  5943 I HoneySpace.TaskbarVisibilityController: launcher showing: true recent showing: false 
12-24 22:58:47.831  2971 32743 I HoneySpace.PredictionDataSourceImpl: requestPredictionUpdate 0 true
12-24 22:58:47.831  1332  9773 V WindowManager: Calling onTransitionReady: {id=869 t=CLOSE f=0x10 trk=1 r=[0@Point(0, 0)] c=[
12-24 22:58:47.831  1332  9773 V WindowManager:         {WCT{RemoteToken{5cde3bb Task{e94a5d #1 type=home}}} m=TO_FRONT f=SHOW_WALLPAPER|MOVE_TO_TOP|EDGE_EXTENSION_RESTRICTION leash=Surface(name=Task=1)/@0x42779b5 sb=Rect(0, 0 - 1200, 1920) eb=Rect(0, 0 - 1200, 1920) d=0 taskParent=-1 inset=Rect(0, 36 - 0, 72)},
12-24 22:58:47.831  1332  9773 V WindowManager:         {WCT{RemoteToken{4fb7a4f Task{939ee7b #219 type=standard A=10313:com.mydesktopapplication.app}}} m=CLOSE f=NONE leash=Surface(name=Task=219)/@0xe04129 sb=Rect(0, 0 - 1200, 1920) eb=Rect(0, 0 - 1200, 1920) d=0 taskParent=-1 inset=Rect(0, 0 - 0, 0) dim=true},
12-24 22:58:47.831  1332  9773 V WindowManager:         {null m=TO_FRONT f=IS_WALLPAPER p=WCT{RemoteToken{ae379b2 RemoteWallpaperAnim:1:1@2237040}} leash=Surface(name=WallpaperWindowToken{ff30f token=android.os.Binder@eb8506e})/@0xfda1c9f sb=Rect(0, 0 - 1200, 1920) eb=Rect(0, 0 - 1200, 1920) d=0 inset=Rect(0, 0 - 0, 0)}
12-24 22:58:47.831  1332  9773 V WindowManager:     ]}
12-24 22:58:47.831  1045  1093 I HYPER-HAL: [ResourceManager.cpp]updateResource(): [CPUMinFreq] UpdateResource Request ID : 925508    Value : 2208000
12-24 22:58:47.832  2971  2971 I HoneySpace.ShellTransitionManager: myHomeResumed
12-24 22:58:47.832  2971  2971 I HoneySpace.CapturedBlurManager: capturedBlurView: resume(11471413)
12-24 22:58:47.832  2971 32743 I HoneySpace.PredictionDataSourceImpl: requestPredictionUpdate 1 true
12-24 22:58:47.832  2971  2971 I HoneySpace.ResumeTimer: last resume updated : 2828970972
12-24 22:58:47.833  1332  9773 D RestrictionPolicy: isScreenCaptureEnabled : ret=true userId=0
12-24 22:58:47.833  1169  1169 W Layer   : gatherBufferInfo: Received unknown dataspace from gralloc
12-24 22:58:47.833  2971  2971 I SearchHoneyPot: onViewCreated: onResume
12-24 22:58:47.833  1332  9773 D ScreenCapture: [Capture_TEST] : setIsScreenShotBySystem false
12-24 22:58:47.833  1169  1169 I BpBinder: onLastStrongRef automatically unlinking death recipients: 
12-24 22:58:47.834  2971  2971 I HoneySpace.WallpaperAnimator: destroyWallpaperSurface Surface(name=Surface(name=RemoteWallpaperAnim:1:1)/@0x79a4af5 - animation-leash of remote_wallpaper)/@0x8e5ca65
12-24 22:58:47.834  2971  2971 I HoneySpace.WallpaperAnimator: wallpaper animation end [211821370]
12-24 22:58:47.834  2711  2830 V WindowManagerShell: onTransitionReady(transaction=5720896518509)
12-24 22:58:47.835  2711  2767 V WindowManagerShell: onTransitionReady (#869) android.os.BinderProxy@9e33460: {id=869 t=CLOSE f=0x10 trk=1 r=[0@Point(0, 0)] c=[{WCT{android.window.IWindowContainerToken$Stub$Proxy@fe911d5} m=TO_FRONT f=SHOW_WALLPAPER|MOVE_TO_TOP|EDGE_EXTENSION_RESTRICTION leash=Surface(name=Task=1)/@0x1f2bd19 sb=Rect(0, 0 - 1200, 1920) eb=Rect(0, 0 - 1200, 1920) d=0 taskParent=-1 inset=Rect(0, 36 - 0, 72)},{WCT{android.window.IWindowContainerToken$Stub$Proxy@969adea} m=CLOSE f=NONE leash=Surface(name=Task=219)/@0x44e51de sb=Rect(0, 0 - 1200, 1920) eb=Rect(0, 0 - 1200, 1920) d=0 taskParent=-1 inset=Rect(0, 0 - 0, 0) dim=true},{null m=TO_FRONT f=IS_WALLPAPER p=WCT{android.window.IWindowContainerToken$Stub$Proxy@1f888db} leash=Surface(name=WallpaperWindowToken{ff30f token=android.os.Binder@eb8506e})/@0x1feafbf sb=Rect(0, 0 - 1200, 1920) eb=Rect(0, 0 - 1200, 1920) d=0 inset=Rect(0, 0 - 0, 0)}]}
12-24 22:58:47.835  2711  2767 I SurfaceControlRegistry: show, t=StartTransaction_SyncId<869> sc=WallpaperWindowToken{ff30f token=android.os.Binder@eb8506e}, caller=android.view.SurfaceControl$Transaction.show:3232 com.android.wm.shell.transition.Transitions.dispatchReady:798 com.android.wm.shell.transition.Transitions.onTransitionReady:243 com.android.wm.shell.transition.Transitions$TransitionPlayerImpl$$ExternalSyntheticLambda0.run:13 android.os.Handler.handleCallback:959 android.os.Handler.dispatchMessage:100 
