12-24 22:58:47.441  1332  9773 D ActivityTaskManager: startActivityAsUser: callingPid=2971, callingUid=10117, caller=com.android.server.wm.ActivityTaskManagerService.startActivity:120 android.app.IActivityTaskManager$Stub.onTransact:1356 com.android.server.wm.ActivityTaskManagerService.onTransact:1 android.os.Binder.execTransactInternal:1536 android.os.Binder.execTransact:1480 <bottom of call stack> <bottom of call stack> 
12-24 22:58:47.441  2971 30353 I HoneySpace.FloatingAnimator: [Player:A(47.44)] setup. isLandscape:false, isTranslucent:false, screenSize[1200, 1920], isMultiTargets:false, useCurrentDrawable:false
12-24 22:58:47.441  1332  9773 I Pageboost: onAppLaunch : com.mydesktopapplication.app
12-24 22:58:47.441  1332  9773 D ActivityTaskManager: TaskLaunchParamsModifier:task=null activity=null display-from-option=0 display-id=0 task-display-area-windowing-mode=1 suggested-display-area=DefaultTaskDisplayArea_d0@212232708
12-24 22:58:47.442  1332  2712 I Pageboost: stop alp by timeout
12-24 22:58:47.442  1332  1399 I ChimeraSystemEventListener: appLaunchIntent package name is: com.mydesktopapplication.app
12-24 22:58:47.442  3329  3329 E pageboostd: Received HALT command code 2
12-24 22:58:47.442  1332  2712 I Pageboost: Record App IO : com.mydesktopapplication.app pid 6567
12-24 22:58:47.442  2971 30353 I HoneySpace.FloatingAnimator: remote targets are empty
12-24 22:58:47.443  2971 30353 I HoneySpace.AppLaunchAnimationDelegate: preload Player timer start! com.honeyspace.transition.anim.floating.FloatingAnimator$Player@64c5ae8
12-24 22:58:47.443  1045  1093 E HYPER-HAL: [HandlerSysfs.cpp]doResourceHandling(): Couldn't Open Sysfs - /sys/class/scsi_host/host0/../../../clkscale_enable
12-24 22:58:47.443  1332  9773 W OptProp : Cannot read opt property android.window.PROPERTY_COMPAT_ALLOW_USER_ASPECT_RATIO_OVERRIDE
12-24 22:58:47.444  1332  9773 W OptProp : Cannot read opt property android.window.PROPERTY_COMPAT_ALLOW_USER_ASPECT_RATIO_FULLSCREEN_OVERRIDE
12-24 22:58:47.444  1332  2712 I Pageboost: 64 bit checked : true for 6567
12-24 22:58:47.444  1332  2712 I Pageboost: IoRecord pid : 6567, started correctly
12-24 22:58:47.444  1332  9773 W OptProp : Cannot read opt property android.window.PROPERTY_COMPAT_ALLOW_ORIENTATION_OVERRIDE
12-24 22:58:47.444  1045  1093 I HYPER-HAL: [ResourceManager.cpp]updateResource(): [CPUMinFreq] UpdateResource Request ID : 4420853    Value : 2208000
12-24 22:58:47.445  1332  9773 V GrammaticalInflectionUtils: AttributionSource: AttributionSource { uid = 10313, packageName = null, attributionTag = null, token = android.os.Binder@d73efec, deviceId = 0, next = null } does not have READ_SYSTEM_GRAMMATICAL_GENDER permission.
12-24 22:58:47.446  1332  9773 W OptProp : Cannot read opt property android.window.PROPERTY_COMPAT_ALLOW_RESIZEABLE_ACTIVITY_OVERRIDES
12-24 22:58:47.447  1332  9773 W OptProp : Cannot read opt property android.window.PROPERTY_COMPAT_ALLOW_MIN_ASPECT_RATIO_OVERRIDE
12-24 22:58:47.449  1332  9773 D WindowManager: Transition is created, t=TransitionRecord{5fe5675 id=-1 type=OPEN flags=0x0}, caller=com.android.server.wm.Transition.<init>:170 com.android.server.wm.ActivityStarter.startActivityUnchecked:330 com.android.server.wm.ActivityStarter.executeRequest:3365 com.android.server.wm.ActivityStarter.execute:1122 com.android.server.wm.ActivityTaskManagerService.startActivityAsUser:88 
12-24 22:58:47.449  1332  9773 D BLASTSyncEngine: SyncGroup is created, id=868, name=Transition-OPEN, caller=com.android.server.wm.BLASTSyncEngine$SyncGroup.<init>:51 com.android.server.wm.TransitionController.moveToCollecting:78 com.android.server.wm.ActivityStarter.startActivityUnchecked:333 com.android.server.wm.ActivityStarter.executeRequest:3365 com.android.server.wm.ActivityStarter.execute:1122 com.android.server.wm.ActivityTaskManagerService.startActivityAsUser:88 com.android.server.wm.ActivityTaskManagerService.startActivity:120 
12-24 22:58:47.449  1332  9773 W BLASTSyncEngine: setSyncMethod, id=868, method=0, caller=com.android.server.wm.TransitionController.moveToCollecting:90 com.android.server.wm.ActivityStarter.startActivityUnchecked:333 com.android.server.wm.ActivityStarter.executeRequest:3365 
12-24 22:58:47.450  1332  9773 V WindowManager: Start collecting in Transition: TransitionRecord{5fe5675 id=868 type=OPEN flags=0x0}, caller=com.android.server.wm.ActivityStarter.startActivityUnchecked:333 com.android.server.wm.ActivityStarter.executeRequest:3365 com.android.server.wm.ActivityStarter.execute:1122 com.android.server.wm.ActivityTaskManagerService.startActivityAsUser:88 com.android.server.wm.ActivityTaskManagerService.startActivity:120 
12-24 22:58:47.450  1332  9773 V WindowManager: Collecting in transition 868: ActivityRecord{f20a60a u0 com.mydesktopapplication.app/crc648a10417f6d1065e1.MainActivity, caller=com.android.server.wm.TransitionController.collect:7 com.android.server.wm.ActivityStarter.startActivityUnchecked:626 com.android.server.wm.ActivityStarter.executeRequest:3365 com.android.server.wm.ActivityStarter.execute:1122 com.android.server.wm.ActivityTaskManagerService.startActivityAsUser:88 
12-24 22:58:47.450  1332  9773 D ActivityTaskManager: TaskLaunchParamsModifier:task=null activity=ActivityRecord{f20a60a u0 com.mydesktopapplication.app/crc648a10417f6d1065e1.MainActivity t-1} display-from-option=0 display-id=0 task-display-area-windowing-mode=1 suggested-display-area=DefaultTaskDisplayArea_d0@212232708
12-24 22:58:47.451  1332  9773 D ActivityTaskManager: TaskLaunchParamsModifier:task=null activity=ActivityRecord{f20a60a u0 com.mydesktopapplication.app/crc648a10417f6d1065e1.MainActivity t-1} display-from-option=0 display-id=0 task-display-area-windowing-mode=1 suggested-display-area=DefaultTaskDisplayArea_d0@212232708 inherit-from-source=fullscreen non-freeform-task-display-area display-area=DefaultTaskDisplayArea_d0@212232708 default-portrait freeform-size-mismatch=Rect(312, 510 - 888, 1374)
12-24 22:58:47.452  1332  3267 I SemDvfsHyPerManager: acquire hyper - AMS_APP_SWITCH/1332@26, type = -999
12-24 22:58:47.452  1332  3267 D ActivityManagerPerformance: AMP_acquire() APP_SWITCH
12-24 22:58:47.452  1045  1093 I HYPER-HAL: [RequestManager.cpp]acquire(): Acquired ID : 922787  [1332 / 26]    HINT : AMS_APP_SWITCH    list : 
12-24 22:58:47.453  1332  3267 W libprocessgroup: Failed to find DoSomethingOlaf task profile
12-24 22:58:47.454  1045  1093 I HYPER-HAL: [ResourceManager.cpp]updateResource(): [CPULittleMinFreq] UpdateResource Request ID : 922787    Value : 1804800
12-24 22:58:47.455  1045  1093 E HYPER-HAL: [HandlerSysfs.cpp]doResourceHandling(): Couldn't Open Sysfs - /sys/class/scsi_host/host0/../../../clkscale_enable
12-24 22:58:47.456  1332  9773 D ActivityTaskManager: TaskLaunchParamsModifier:task=Task{939ee7b #219 type=standard A=10313:com.mydesktopapplication.app} activity=ActivityRecord{f20a60a u0 com.mydesktopapplication.app/crc648a10417f6d1065e1.MainActivity t-1} display-from-option=0 display-id=0 task-display-area-windowing-mode=1 suggested-display-area=DefaultTaskDisplayArea_d0@212232708 inherit-from-source=fullscreen non-freeform-task-display-area display-area=DefaultTaskDisplayArea_d0@212232708 default-portrait freeform-size-mismatch=Rect(312, 510 - 888, 1374)
12-24 22:58:47.457  1332  9773 V WindowManager: Collecting in transition 868: Task{939ee7b #219 type=standard A=10313:com.mydesktopapplication.app}, caller=com.android.server.wm.Transition.collectExistenceChange:42 com.android.server.wm.ActivityStarter.setNewTask:43 com.android.server.wm.ActivityStarter.startActivityInner:2212 com.android.server.wm.ActivityStarter.startActivityUnchecked:639 com.android.server.wm.ActivityStarter.executeRequest:3365 
12-24 22:58:47.458  1045  1093 I HYPER-HAL: [ResourceManager.cpp]updateResource(): [CPUMinFreq] UpdateResource Request ID : 922787    Value : 2208000
12-24 22:58:47.460  1332  9773 D ActivityTaskManager: scheduleTopResumedActivityChanged, onTop=false, r=ActivityRecord{6d23448 u0 com.sec.android.app.launcher/.activities.LauncherActivity t114}, caller=com.android.server.wm.ActivityTaskSupervisor.scheduleTopResumedActivityStateLossIfNeeded:11 com.android.server.wm.ActivityTaskSupervisor.updateTopResumedActivityIfNeeded:19 com.android.server.wm.TaskDisplayArea.positionChildAt:270 com.android.server.wm.Task.moveToFront:443 com.android.server.wm.ActivityStarter.startActivityInner:2373 com.android.server.wm.ActivityStarter.startActivityUnchecked:639 
12-24 22:58:47.460  1332  9773 V WindowManager: Checking theme of starting window: 0x7f0d00a2
12-24 22:58:47.460  1332  9773 V WindowManager: Translucent=false Floating=false ShowWallpaper=false Disable=false
12-24 22:58:47.461  1332  9773 D ActivityTaskManager: addStartingWindow: type=2 typeParameter=8f
12-24 22:58:47.461  1332  9773 V WindowManager: Creating SplashScreenStartingData
12-24 22:58:47.461  6567  6567 D nativeloader: Load /data/app/~~y6hooiR1RmuoYdgtcrs7CA==/com.mydesktopapplication.app-7WJjZl8yLG7lSR7BK04yiQ==/lib/arm64/libSystem.Security.Cryptography.Native.Android.so using ns clns-7 from class loader (caller=/data/app/~~y6hooiR1RmuoYdgtcrs7CA==/com.mydesktopapplication.app-7WJjZl8yLG7lSR7BK04yiQ==/base.apk): ok
12-24 22:58:47.461  6567  6567 D DOTNET  : AndroidCryptoNative_InitLibraryOnLoad: jint AndroidCryptoNative_InitLibraryOnLoad(JavaVM *, void *) in /__w/1/s/src/runtime/src/native/libs/System.Security.Cryptography.Native.Android/pal_jni.c
12-24 22:58:47.462  6567  6567 D DOTNET  : GetOptionalClassGRef: optional class com/android/org/conscrypt/OpenSSLEngineImpl was not found
12-24 22:58:47.464  1332  9773 V WindowManager: Add starting ActivityRecord{f20a60a u0 com.mydesktopapplication.app/crc648a10417f6d1065e1.MainActivity t219}: startingData=SplashScreenStartingData{5eae4f1 waitForSyncTransactionCommit=false removeAfterTransaction= 0}
12-24 22:58:47.464  1332  9773 V WindowManager: Added starting ActivityRecord{f20a60a u0 com.mydesktopapplication.app/crc648a10417f6d1065e1.MainActivity t219}: startingWindow=null startingView=com.android.server.wm.StartingSurfaceController$StartingSurface@a2b18d6
12-24 22:58:47.465  1042  6412 I sensors-hal: handle_sns_client_event:44, ambient_light_event: ts=4087094118158809, event=0.000000
12-24 22:58:47.465  1042  6412 I sensors-hal: handle_sns_client_event:44, ambient_light_event: ts=4087094118398652, event=0.000000
12-24 22:58:47.467  2711  2808 D ShellStartingWindow: use preloaded icon
12-24 22:58:47.467  1332  9773 D DeviceReportingSecurityChecker: getStatus
12-24 22:58:47.467  1332  9773 D DeviceReportingSecurityChecker: mIsICDStatus is true
12-24 22:58:47.467  1332  9773 D DeviceReportingSecurityChecker: mIsSim is true
12-24 22:58:47.467  1332  9773 D DeviceReportingSecurityChecker: mIsEchoAppSignature is true
12-24 22:58:47.467  1332  9773 D DeviceReportingSecurityChecker: security check passed
12-24 22:58:47.467  1332  9773 D DeviceReportingSecurityChecker: mIsICDStatus === true mIsSim == true mIsMyAccountSignature== false mIsEchoAppSignature== true mIsSprintHubSignature== false
12-24 22:58:47.468  1332  9773 V WindowManager: Collecting in transition 868: ActivityRecord{f20a60a u0 com.mydesktopapplication.app/crc648a10417f6d1065e1.MainActivity t219}, caller=com.android.server.wm.Transition.collectExistenceChange:42 com.android.server.wm.ActivityStarter.handleStartResult:523 com.android.server.wm.ActivityStarter.startActivityUnchecked:653 com.android.server.wm.ActivityStarter.executeRequest:3365 com.android.server.wm.ActivityStarter.execute:1122 
12-24 22:58:47.469  1332  9773 V WindowManager: Requesting StartTransition: TransitionRecord{5fe5675 id=868 type=OPEN flags=0x0}, caller=com.android.server.wm.ActivityStarter.handleStartResult:677 com.android.server.wm.ActivityStarter.startActivityUnchecked:653 com.android.server.wm.ActivityStarter.executeRequest:3365 com.android.server.wm.ActivityStarter.execute:1122 com.android.server.wm.ActivityTaskManagerService.startActivityAsUser:88 
12-24 22:58:47.469  2711  2806 I ViewRootImpl: dVRR is disabled
12-24 22:58:47.471  1332  9773 I Pageboost: stop alp
12-24 22:58:47.471  1332  9773 I ActivityTaskManager: START u0 {act=android.intent.action.MAIN cat=[android.intent.category.LAUNCHER] flg=0x10200000 cmp=com.mydesktopapplication.app/crc648a10417f6d1065e1.MainActivity bnds=[760,892][922,1063]} with LAUNCH_MULTIPLE from uid 10117 (BAL_ALLOW_VISIBLE_WINDOW) result code=0
12-24 22:58:47.471  2711  2711 D CentralSurfaces: animateCollapsePanels(): flags: 0, force: false
12-24 22:58:47.471  1443  6387 I CameraService: onUidStateChanged: uid=10055, procState is changed. (0 -> 1)
12-24 22:58:47.471  1332  9773 I SemDvfsHyPerManager: acquire hyper - AMS_APP_LAUNCH/1332@23, type = -999
12-24 22:58:47.472  3329  3329 E pageboostd: Received HALT command code 2
12-24 22:58:47.472  1045  1093 I HYPER-HAL: [RequestManager.cpp]acquire(): Acquired ID : 918713  [1332 / 23]    HINT : AMS_APP_LAUNCH    list : 
12-24 22:58:47.472  2711  2767 V WindowManagerShell: Transition requested (#868): android.os.BinderProxy@5ace7a0 TransitionRequestInfo { type = OPEN, triggerTask = TaskInfo{userId=0 taskId=219 displayId=0 isRunning=true baseIntent=Intent { act=android.intent.action.MAIN cat=[android.intent.category.LAUNCHER] flg=0x10200000 cmp=com.mydesktopapplication.app/crc648a10417f6d1065e1.MainActivity } baseActivity=ComponentInfo{com.mydesktopapplication.app/crc648a10417f6d1065e1.MainActivity} topActivity=ComponentInfo{com.mydesktopapplication.app/crc648a10417f6d1065e1.MainActivity} origActivity=null realActivity=ComponentInfo{com.mydesktopapplication.app/crc648a10417f6d1065e1.MainActivity} numActivities=1 lastActiveTime=4087094122 supportsMultiWindow=true resizeMode=1 isResizeable=true minWidth=-1 minHeight=-1 maxWidth=-1 maxHeight=-1 defaultMinSize=220 token=WCT{android.window.IWindowContainerToken$Stub$Proxy@ef18f59} topActivityType=1 pictureInPictureParams=null shouldDockBigOverlays=false launchIntoPipHostTaskId=-1 lastParentTaskIdBeforePip=-1 displayCutoutSafeInsets=null topActivityInfo=ActivityInfo{e5d571e crc648a10417f6d1065e1.MainActivity} launchCookies=[android.os.BinderProxy@d7d6bff] positionInParent=Point(0, 0) parentTaskId=-1 isFocused=false isVisible=false isVisibleRequested=false isSleeping=false topActivityInSizeCompat=false locusId=null displayAreaFeatureId=1 isTopActivityTransparent=false isTopActivityStyleFloating=false appCompatTaskInfo=AppCompatTaskInfo { topActivityInSizeCompat=false eligibleForLetterboxEducation= false isLetterboxEducationEnabled= false isLetterboxDoubleTapEnabled= false eligibleForUserAspectRatioButton= true topActivityBoundsLetterboxed= false isFromLetterboxDoubleTap= false topActivityLetterboxVerticalPosition= -1 topActivityLetterboxHorizontalPosition= -1 topActivityLetterboxWidth=1200 topActivityLetterboxHeight=1920 topActivityLetterboxAppWidth=1200 topActivityLetterboxAppHeight=1920 isUserFullscreenOverrideEnabled=false isSystemFullscreenOverrideEnabled=false hasMinAspectRatioOverride=false cameraCompatTaskInfo=CameraCompatTaskInfo { freeformCameraCompatMode=inactive} topActivityBounds=null topActivityInDisplayCompat=false} originallySupportedMultiWindow=true hasWallpaper=false rootAffinity=10313:com.mydesktopapplication.app isTopTaskInStage=false topActivityUiMode=17 CoverLauncherWidgetTask=false isAllowedSeamlessRotation=false isTopTransparentActivity=false snappingGuideBounds=Rect(312, 510 - 888, 1374) isAliasManaged=false hasConfigChanged=false isAiKeyRemoveAppTask=false}, pipTask = null, remoteTransition = RemoteTransition { remoteTransition = android.window.IRemoteTransition$Stub$Proxy@b88ddcc, appThread = android.app.IApplicationThread$Stub$Proxy@4a2c815, debugName = QuickstepLaunchflags =NONE }, displayChange = null, flags = 0, debugId = 868 }
12-24 22:58:47.472  2711  2767 V WindowManagerShell: RemoteTransition directly requested for (#868) android.os.BinderProxy@5ace7a0: RemoteTransition { remoteTransition = android.window.IRemoteTransition$Stub$Proxy@b88ddcc, appThread = android.app.IApplicationThread$Stub$Proxy@4a2c815, debugName = QuickstepLaunchflags =NONE }
12-24 22:58:47.472  2711  2854 D NativeCustomFrequencyManager: [NativeCFMS] BpCustomFrequencyManager::BpCustomFrequencyManager()
12-24 22:58:47.475  2971 32743 I HoneySpace.SuggestedAppsRepositoryImpl: sendSuggestedAppsLaunchTarget: ComponentInfo{com.mydesktopapplication.app/crc648a10417f6d1065e1.MainActivity}
12-24 22:58:47.475  2971  3041 I HoneySpace.SALoggingUtils: SA Logging screenID: 201 eventId: 1001 detail: {PackageName=com.mydesktopapplication.app, det=3} value: -1
12-24 22:58:47.475  1045  1093 I HYPER-HAL: [ResourceManager.cpp]updateResource(): [CPULittleMinFreq] UpdateResource Request ID : 918713    Value : 1804800
12-24 22:58:47.478  2971  2971 I HoneySpace.FloatingAnimator: add positionListener - com.honeyspace.transition.anim.floating.b@9a59501
12-24 22:58:47.479  1332  5435 V WindowManager: Starting Transition 868, caller=com.android.server.wm.WindowOrganizerController.startTransition:37 com.android.server.wm.WindowOrganizerController.startTransition:1 android.window.IWindowOrganizerController$Stub.onTransact:271 
12-24 22:58:47.480  1045  1093 E HYPER-HAL: [HandlerSysfs.cpp]doResourceHandling(): Couldn't Open Sysfs - /sys/class/scsi_host/host0/../../../clkscale_enable
12-24 22:58:47.480  1332  9773 D InputTransport: Input channel constructed: 'e37df2d', fd=925
12-24 22:58:47.480  1332  9773 D InputTransport: Input channel constructed: 'e37df2d', fd=950
12-24 22:58:47.481  1332  9773 D InputTransport: Input channel constructed: 'e37df2d', fd=951
12-24 22:58:47.481  1332  9773 D WindowManager: prepareSync <SYNC_STATE_WAITING_FOR_DRAW>, mPrepareSyncSeqId=0, win=Window{e37df2d u0 Splash Screen com.mydesktopapplication.app}
12-24 22:58:47.482  1332  9773 D RestrictionPolicy: isScreenCaptureEnabled : ret=true userId=0
12-24 22:58:47.483  1332  9773 V WindowManager: addWindow: ActivityRecord{f20a60a u0 com.mydesktopapplication.app/crc648a10417f6d1065e1.MainActivity t219} startingWindow=Window{e37df2d u0 Splash Screen com.mydesktopapplication.app}
12-24 22:58:47.483  1045  1093 I HYPER-HAL: [ResourceManager.cpp]updateResource(): [CPUMinFreq] UpdateResource Request ID : 918713    Value : 2208000
12-24 22:58:47.484  1332  9773 D InputTransport: Input channel destroyed: 'e37df2d', fd=951
12-24 22:58:47.484  2711  2806 D InputTransport: Input channel constructed: 'e37df2d', fd=462
12-24 22:58:47.485  2971  2971 I HoneySpace.CapturedBlurManager: capturedBlurView: pause(11471413)
12-24 22:58:47.485  2711  2806 I InsetsController: onStateChanged: host=Splash Screen com.mydesktopapplication.app, from=android.view.ViewRootImpl.setView:1999, state=InsetsState: {mDisplayFrame=Rect(0, 0 - 1200, 1920), mDisplayCutout=DisplayCutout{insets=Rect(0, 0 - 0, 0) waterfall=Insets{left=0, top=0, right=0, bottom=0} boundingRect={Bounds=[Rect(0, 0 - 0, 0), Rect(0, 0 - 0, 0), Rect(0, 0 - 0, 0), Rect(0, 0 - 0, 0)]} cutoutPathParserInfo={CutoutPathParserInfo{displayWidth=0 displayHeight=0 physicalDisplayWidth=0 physicalDisplayHeight=0 density={0.0} cutoutSpec={} rotation={0} scale={0.0} physicalPixelDisplaySizeRatio={0.0}}} sideOverrides=null}, mRoundedCorners=RoundedCorners{[RoundedCorner{position=TopLeft, radius=20, center=Point(20, 20)}, RoundedCorner{position=TopRight, radius=20, center=Point(1180, 20)}, RoundedCorner{position=BottomRight, radius=20, center=Point(1180, 1900)}, RoundedCorner{position=BottomLeft, radius=20, center=Point(20, 1900)}]}  mRoundedCornerFrame=Rect(0, 0 - 1200, 1920), mPrivacyIndicatorBounds=PrivacyIndicatorBounds {static bounds=Rect(1134, 0 - 1200, 36) rotation=0}, mDisplayShape=DisplayShape{ spec=-311912193 displayWidth=1200 displayHeight=1920 physicalPixelDisplaySizeRatio=1.0 rotation=0 offsetX=0 offsetY=0 scale=1.0}, mSources= { InsetsSource: {b9d0000 mType=statusBars mFrame=[0,0][1200,36] mVisible=true mFlags= mSideHint=TOP mBoundingRects=null}, InsetsSource: {b9d0005 mType=mandatorySystemGestures mFrame=[0,0][1200,36] mVisible=true mFlags= mSideHint=TOP mBoundingRects=null}, InsetsSource: {b9d0006 mType=tappableElement mFrame=[0,0][1200,36] mVisible=true mFlags= mSideHint=TOP mBoundingRects=null}, InsetsSource: {274e0001 mType=navigationBars mFrame=[0,1848][1200,1920] mVisible=true mFlags= mSideHint=BOTTOM mBoundingRects=null}, InsetsSource: {274e0004 mType=systemGestures mFrame=[0,0][0,0] mVisible=true mFlags= mSideHint=NONE mBoundingRects=null}, InsetsSource: {274e0005 mType=mandatorySystemGestures mFrame=[0,1848][1200,1920] mVisible=true mFlags= mSideHint=BOTTOM mBoundingRects=null}, InsetsSource: {274e0006 mType=tappableElement mFrame=[0,1848][1200,1920] mVisible=true mFlags= mSideHint=BOTTOM mBoundingRects=null}, InsetsSource: {274e0024 mType=systemGestures mFrame=[0,0][0,0] mVisible=true mFlags= mSideHint=NONE mBoundingRects=null} }
12-24 22:58:47.485  2971  2971 I HoneySpace.Launcher: !@Boot_EBS_D: Launcher.onPause()
12-24 22:58:47.486  2711  2806 I VRI[app]@4eee8a3: synced displayState. AttachInfo displayState=2
12-24 22:58:47.486  2711  2806 I VRI[app]@4eee8a3: setView = android.widget.FrameLayout@b4c0ab8 IsHRR=false TM=true
12-24 22:58:47.487  2711  2854 D HWUI    : HWUI - treat SMPTE_170M as sRGB
12-24 22:58:47.487  2971 32743 I HoneySpace.SPayHandler: updateSpayHandler launcher activity is paused false
12-24 22:58:47.487  2971  2298 I HoneySpace.RecentTasks: onRecentTasksChanged
12-24 22:58:47.488  1169  1169 W Layer   : gatherBufferInfo: Received unknown dataspace from gralloc
12-24 22:58:47.490  1332  9773 V WindowManager: Relayout Window{e37df2d u0 Splash Screen com.mydesktopapplication.app}: viewVisibility=0 req=1200x1920 ty=3 d0
12-24 22:58:47.491  2971  2298 I HoneySpace.HistoryViewModel@74780565@OneUI: loadItemJob canceled
12-24 22:58:47.491  1332  9773 D WindowManager: makeSurface duration=0 name=Splash Screen com.mydesktopapplication.app$_2711
12-24 22:58:47.491  2971 32743 I HoneySpace.HistoryViewModel@75334967@OneUI: task bar is not showing. skip load history items
12-24 22:58:47.492  2971 32743 I HoneySpace.HistoryViewModel@75334967@OneUI: launcherShowing : true, recentShowing : false, isInteractive : true, state : 0minusOne : false
12-24 22:58:47.492  1332  2853 D CoreBackPreview: Window{e37df2d u0 Splash Screen com.mydesktopapplication.app}: Setting back callback OnBackInvokedCallbackInfo{mCallback=android.window.IOnBackInvokedCallback$Stub$Proxy@981b1f3, mPriority=0, mIsAnimationCallback=false}
12-24 22:58:47.493  1332  9773 V WindowManager: Relayout hash=e37df2d, pid=2711, syncId=-1: mAttrs={(0,0)(fillxfill) sim={adjust=pan} layoutInDisplayCutoutMode=always ty=APPLICATION_STARTING fmt=TRANSLUCENT wanim=0x1030312
12-24 22:58:47.493  1332  9773 V WindowManager:   fl=81030118
12-24 22:58:47.493  1332  9773 V WindowManager:   pfl=10000810
12-24 22:58:47.493  1332  9773 V WindowManager:   apr=18
12-24 22:58:47.493  1332  9773 V WindowManager:   bhv=1
12-24 22:58:47.493  1332  9773 V WindowManager:   fitSides=0
12-24 22:58:47.493  1332  9773 V WindowManager:   frameRateBoostOnTouch=true
12-24 22:58:47.493  1332  9773 V WindowManager:   dvrrWindowFrameRateHint=true naviIconColor=0}
12-24 22:58:47.493  2971  2298 I HoneySpace.HistoryViewModel@74780565@OneUI: loadItems(HOTSEATBAR) called - delay=200, reason=Update
12-24 22:58:47.494  2971  2971 I HoneySpace.Launcher: updateLauncherShowing true -> false
12-24 22:58:47.494  2971  5681 I HoneySpace.TaskbarVisibilityController: launcher showing: false recent showing: false 
12-24 22:58:47.495  2711  2806 I BLASTBufferQueue_Java: new BLASTBufferQueue, mName= VRI[app]@4eee8a3 mNativeObject= 0xb400006f77e9d100 sc.mNativeObject= 0xb400006f77e815c0 caller= android.view.ViewRootImpl.updateBlastSurfaceIfNeeded:3397 android.view.ViewRootImpl.relayoutWindow:11361 android.view.ViewRootImpl.performTraversals:4544 android.view.ViewRootImpl.doTraversal:3708 android.view.ViewRootImpl$TraversalRunnable.run:12542 android.view.Choreographer$CallbackRecord.run:1751 android.view.Choreographer$CallbackRecord.run:1760 android.view.Choreographer.doCallbacks:1216 android.view.Choreographer.doFrame:1142 android.view.Choreographer$FrameDisplayEventReceiver.run:1707 
12-24 22:58:47.495  2711  2806 I BLASTBufferQueue_Java: update, w= 1200 h= 1920 mName = VRI[app]@4eee8a3 mNativeObject= 0xb400006f77e9d100 sc.mNativeObject= 0xb400006f77e815c0 format= -3 caller= android.graphics.BLASTBufferQueue.<init>:88 android.view.ViewRootImpl.updateBlastSurfaceIfNeeded:3397 android.view.ViewRootImpl.relayoutWindow:11361 android.view.ViewRootImpl.performTraversals:4544 android.view.ViewRootImpl.doTraversal:3708 android.view.ViewRootImpl$TraversalRunnable.run:12542 
12-24 22:58:47.496  1332  1399 D SGM:FgCheckThread: notePauseComponent(), received pkgName: com.sec.android.app.launcher, userId: 0
12-24 22:58:47.496  1332  1399 D SGM:FgCheckThread: notePauseComponent(), received pkgName: com.sec.android.app.launcher, userId: 0
12-24 22:58:47.496  1332  1399 D SGM:FgCheckThread: notifyFocusInOut(). of pkg: com.sec.android.app.launcher, type: 20, isSecGameFamily: false, userId: 0
12-24 22:58:47.497  1332  2853 V WindowManager: Collecting in transition 868: ActivityRecord{f20a60a u0 com.mydesktopapplication.app/crc648a10417f6d1065e1.MainActivity t219}, caller=com.android.server.wm.TransitionController.collect:7 com.android.server.wm.ActivityRecord.setVisibility:189 com.android.server.wm.EnsureActivitiesVisibleHelper.process:561 com.android.server.wm.TaskFragment.updateActivityVisibilities:12 com.android.server.wm.Task$$ExternalSyntheticLambda3.accept:399 
12-24 22:58:47.497  1332  1399 D SGM:GameManager: identifyGamePackage. com.sec.android.app.launcher, mCurrentUserId: 0, callerUserId: 0, callingMethodInfo: com.samsung.android.game.SemGameManager.isGamePackage(SemGameManager.java:105)
12-24 22:58:47.498  1332  2853 V WindowManager: Collecting in transition 868: ActivityRecord{6d23448 u0 com.sec.android.app.launcher/.activities.LauncherActivity t114}, caller=com.android.server.wm.TransitionController.collect:7 com.android.server.wm.ActivityRecord.setVisibility:189 com.android.server.wm.ActivityRecord.makeInvisible:39 com.android.server.wm.EnsureActivitiesVisibleHelper.process:637 com.android.server.wm.TaskFragment.updateActivityVisibilities:12 
12-24 22:58:47.498  2711  2806 W libc    : Access denied finding property "vendor.display.enable_optimal_refresh_rate"
12-24 22:58:47.498  1332  2853 D WindowManager: prepareSync <SYNC_STATE_WAITING_FOR_DRAW>, mPrepareSyncSeqId=0, win=Window{1187f14 u0 com.sec.android.app.launcher/com.sec.android.app.launcher.activities.LauncherActivity}
12-24 22:58:47.498  2711  2806 W libc    : Access denied finding property "vendor.gpp.create_frc_extension"
12-24 22:58:47.498  1332  2853 V WindowManager: Collecting in transition 868: WallpaperWindowToken{b470c5d token=android.os.Binder@d0de634}_<lock>, caller=com.android.server.wm.Transition.collect:275 com.android.server.wm.TransitionController.collect:7 com.android.server.wm.ActivityRecord.setVisibility:189 com.android.server.wm.ActivityRecord.makeInvisible:39 com.android.server.wm.EnsureActivitiesVisibleHelper.process:637 
12-24 22:58:47.498  1332  2853 V WindowManager: Collecting in transition 868: WallpaperWindowToken{ff30f token=android.os.Binder@eb8506e}_<system>, caller=com.android.server.wm.Transition.collect:300 com.android.server.wm.TransitionController.collect:7 com.android.server.wm.ActivityRecord.setVisibility:189 com.android.server.wm.ActivityRecord.makeInvisible:39 com.android.server.wm.EnsureActivitiesVisibleHelper.process:637 
12-24 22:58:47.498  2711  2806 I VRI[app]@4eee8a3: Relayout returned: old=(0,0,1200,1920) new=(0,0,1200,1920) relayoutAsync=false req=(1200,1920)0 dur=5 res=0x3 s={true 0xb400006ebbd2b800} ch=true seqId=0
12-24 22:58:47.499  1332  2853 V WindowManager: rotationForOrientation(orient=SCREEN_ORIENTATION_UNSPECIFIED (-1), last=ROTATION_0 (0)); user=ROTATION_0 (0) USER_ROTATION_LOCKED
12-24 22:58:47.499  1332  2853 D WindowManager: rotationForOrientation, orientationSource=ActivityRecord{f20a60a u0 com.mydesktopapplication.app/crc648a10417f6d1065e1.MainActivity t219}
12-24 22:58:47.499  1332  2853 V WindowManager: Computed rotation=ROTATION_0 (0) for display id=0 based on lastOrientation=SCREEN_ORIENTATION_UNSPECIFIED (-1) and oldRotation=ROTATION_0 (0), caller=com.android.server.wm.DisplayRotation.updateOrientation:25 com.android.server.wm.DisplayContent.updateOrientation:64 com.android.server.wm.DisplayContent.updateOrientation:10 com.android.server.wm.RootWindowContainer.ensureVisibilityAndConfig:7 com.android.server.wm.ActivityTaskSupervisor.realStartActivityLocked:213 com.android.server.wm.ActivityTaskSupervisor.startSpecificActivity:27 
12-24 22:58:47.499  1332  2853 V WindowManager: Collecting in transition 868: ActivityRecord{f20a60a u0 com.mydesktopapplication.app/crc648a10417f6d1065e1.MainActivity t219}, caller=com.android.server.wm.TransitionController.collect:7 com.android.server.wm.ActivityRecord.setVisibility:189 com.android.server.wm.ActivityTaskSupervisor.realStartActivityLocked:234 com.android.server.wm.ActivityTaskSupervisor.startSpecificActivity:27 com.android.server.wm.TaskFragment.resumeTopActivity:2204 
12-24 22:58:47.500  1332  2853 D SGM:FgCheckThread: notifyAppCreated(), packageName: com.mydesktopapplication.app, userId: 0, sendRet: true
12-24 22:58:47.500  1332  2400 D SGM:FgCheckThread: onLooperPrepared(), msg: MSG_APP_CREATE, pkgName: com.mydesktopapplication.app, userId: 0
12-24 22:58:47.500  2711  2806 D VRI[app]@4eee8a3: mThreadedRenderer.initialize() mSurface={isValid=true 0xb400006ebbd2b800} hwInitialized=true
12-24 22:58:47.501  1332  2853 D SGM:FgCheckThread: TaskStackListener.onTaskFocusChanged(), taskId=114, focused=false
12-24 22:58:47.501  1332  2853 D SGM:FgCheckThread: TaskStackListener.onTaskFocusChanged(), taskId=219, focused=true
12-24 22:58:47.501  1332  2853 D SGM:FgCheckThread:   sendRunningComponentFocus(), pkgName: com.mydesktopapplication.app, userId: 0
12-24 22:58:47.501  2711  2806 D VRI[app]@4eee8a3: reportNextDraw android.view.ViewRootImpl.performTraversals:5193 android.view.ViewRootImpl.doTraversal:3708 android.view.ViewRootImpl$TraversalRunnable.run:12542 android.view.Choreographer$CallbackRecord.run:1751 android.view.Choreographer$CallbackRecord.run:1760 
12-24 22:58:47.501  1332  1399 D SGM:SemGameManager: isGamePackage(), pkgName=com.sec.android.app.launcher, ret=false
12-24 22:58:47.501  1332  1399 D SGM:FgCheckThread:   notifyFocusInOut(). unexpected type. 20
12-24 22:58:47.501  2711  2806 D VRI[app]@4eee8a3: Setup new sync=wmsSync-VRI[app]@4eee8a3#89
12-24 22:58:47.501  2711  2806 I VRI[app]@4eee8a3: Creating new active sync group VRI[app]@4eee8a3#90
12-24 22:58:47.501  1332  2400 D SGM:FgCheckThread: onLooperPrepared(), msg: MSG_TASK_FOCUSED, pkgName: com.mydesktopapplication.app, userId: 0
12-24 22:58:47.501  1332  2400 D SGM:FgCheckThread: handleTaskFocused().
12-24 22:58:47.501  1332  2400 D SGM:FgCheckThread:   handleTaskFocused(), pkgName: com.mydesktopapplication.app, userID:0
12-24 22:58:47.501  1332  2400 D SGM:FgCheckThread: handleResume().
12-24 22:58:47.501  1332  2853 D InputDispatcher: Focused application(0): ActivityRecord{f20a60a u0 com.mydesktopapplication.app/crc648a10417f6d1065e1.MainActivity t219}
12-24 22:58:47.502  1332  2400 D SGM:FgCheckThread: sendFocusOutConditionally() - mPrevNotiPkg: (unknown), userId: 0
12-24 22:58:47.502  1332  2853 D WindowManager: Changing focus from Window{1187f14 u0 com.sec.android.app.launcher/com.sec.android.app.launcher.activities.LauncherActivity} to null displayId=0 Callers=com.android.server.wm.ActivityTaskManagerService.setLastResumedActivityUncheckLocked:264 com.android.server.wm.ActivityTaskSupervisor.updateTopResumedActivityIfNeeded:50 com.android.server.wm.TaskFragment.setResumedActivity:29 com.android.server.wm.ActivityRecord.setState:104 
12-24 22:58:47.502  1332  2400 D SGM:FgCheckThread:   handleResume(). pkgName: com.mydesktopapplication.app, userId: 0, category: non-game
12-24 22:58:47.502  2711  2806 D VRI[app]@4eee8a3: registerCallbacksForSync syncBuffer=false
12-24 22:58:47.502  1332  2400 D SGM:FgCheckThread: notifyFocusInOut(). of pkg: com.mydesktopapplication.app, type: 4, isSecGameFamily: false, userId: 0
12-24 22:58:47.502  1332  2400 D SGM:FgCheckThread:   notifyFocusInOut(). unexpected mPrevNotiType: -1
12-24 22:58:47.502  1332  2400 D SGM:SystemHelper: callReleaseBlock needReleaseBlock:false
12-24 22:58:47.502  1332  2853 V SystemKeyManager: updateFocusedWindow() is called, 
12-24 22:58:47.502  1332  2853 D ActivityTaskManager: scheduleTopResumedActivityChanged, onTop=true, r=ActivityRecord{f20a60a u0 com.mydesktopapplication.app/crc648a10417f6d1065e1.MainActivity t219}, caller=com.android.server.wm.ActivityTaskSupervisor.updateTopResumedActivityIfNeeded:62 com.android.server.wm.TaskFragment.setResumedActivity:29 com.android.server.wm.ActivityRecord.setState:104 com.android.server.wm.ActivityTaskSupervisor.realStartActivityLocked:949 com.android.server.wm.ActivityTaskSupervisor.startSpecificActivity:27 com.android.server.wm.TaskFragment.resumeTopActivity:2204 
12-24 22:58:47.503  1332  2853 D WindowManagerServiceExt: updateTaskbarTargetIfNeeded: cn=ComponentInfo{com.mydesktopapplication.app/crc648a10417f6d1065e1.MainActivity} occludesParent=true isInSplitScreenMode=false styleFloating=false
12-24 22:58:47.503  1332  2853 D DeviceReportingSecurityChecker: getStatus
12-24 22:58:47.503  1332  2853 D DeviceReportingSecurityChecker: mIsICDStatus is true
12-24 22:58:47.503  1332  2853 D DeviceReportingSecurityChecker: mIsSim is true
12-24 22:58:47.503  1332  2853 D DeviceReportingSecurityChecker: mIsEchoAppSignature is true
12-24 22:58:47.503  1332  2853 D DeviceReportingSecurityChecker: security check passed
12-24 22:58:47.503  1332  2853 D DeviceReportingSecurityChecker: mIsICDStatus === true mIsSim == true mIsMyAccountSignature== false mIsEchoAppSignature== true mIsSprintHubSignature== false
12-24 22:58:47.503  2711  3349 D VRI[app]@4eee8a3: Received frameDrawingCallback syncResult=0 frameNum=1.
12-24 22:58:47.504  2711  3349 I VRI[app]@4eee8a3: mWNT: t=0xb400006efa76b400 mBlastBufferQueue=0xb400006f77e9d100 fn= 1 HdrRenderState mRenderHdrSdrRatio=1.0 caller= android.view.ViewRootImpl$11.onFrameDraw:15016 android.view.ThreadedRenderer$1.onFrameDraw:761 <bottom of call stack> 
12-24 22:58:47.504  2711  3349 I VRI[app]@4eee8a3: Setting up sync and frameCommitCallback
12-24 22:58:47.504  1332  2853 D BLASTSyncEngine: SyncGroup 868:  Unfinished container: ActivityRecord{f20a60a u0 com.mydesktopapplication.app/crc648a10417f6d1065e1.MainActivity t219} mSyncState=2
12-24 22:58:47.505  2711  2767 E CompatUIController: no activity bounds
12-24 22:58:47.506  2971  2971 I HoneySpace.HistoryTaskView@26647655@OneUI: loading ? true
12-24 22:58:47.506  1332  2587 I CocktailBarManagerServiceContainer: handleMessage: entry what = 6
12-24 22:58:47.506  1332  2587 I CocktailBarManagerServiceImpl: notePauseComponent : no active host
12-24 22:58:47.507  2971  3121 I HoneySpace.TopTaskSource: onTaskMovedToFront : taskId = 219, displayId = 0
12-24 22:58:47.507  1332  2566 D AS.MultiSoundManager: mForegroundUid = 10313
12-24 22:58:47.508  2971  3123 I HoneySpace.TopTaskUseCase: topTaskId 219, DisplayId : 0
12-24 22:58:47.509  2711  2854 I VRI[app]@4eee8a3: Received frameCommittedCallback lastAttemptedDrawFrameNum=1 didProduceBuffer=true
12-24 22:58:47.510  2971  2971 I HoneySpace.HistoryViewModel@75334967@OneUI: Block stack change
12-24 22:58:47.510  2711  2854 D HWUI    : CFMS:: SetUp Pid : 2711    Tid : 2854
12-24 22:58:47.510  2711  2806 D VRI[app]@4eee8a3: reportDrawFinished seqId=0
12-24 22:58:47.510  1169  1169 W Layer   : gatherBufferInfo: Received unknown dataspace from gralloc
12-24 22:58:47.511  2971  3121 I HoneySpace.TopTaskSource: onTaskFocusChanged(): taskId = 219
12-24 22:58:47.511  2971  3121 I HoneySpace.TopTaskSource: onTaskMovedToFront : taskId = 219, displayId = 0
12-24 22:58:47.512  2971  5463 I HoneySpace.HistoryViewModel@75334967@OneUI: task bar is not showing. skip load history items
12-24 22:58:47.512  1332  2853 D WindowManager: finishDrawingWindow: Window{e37df2d u0 Splash Screen com.mydesktopapplication.app} mDrawState=DRAW_PENDING seqId=0
12-24 22:58:47.512  1332  2853 V WindowManager: Finishing drawing window Window{e37df2d u0 Splash Screen com.mydesktopapplication.app}: mDrawState=DRAW_PENDING
12-24 22:58:47.512  1332  2853 V WindowManager: Draw state now committed in Window{e37df2d u0 Splash Screen com.mydesktopapplication.app}
12-24 22:58:47.512  2971  5463 I HoneySpace.HistoryViewModel@75334967@OneUI: launcherShowing : false, recentShowing : false, isInteractive : true, state : 0minusOne : false
12-24 22:58:47.513  1332  1399 D SGM:GameManager: identifyGamePackage. com.mydesktopapplication.app, mCurrentUserId: 0, callerUserId: 0, callingMethodInfo: com.samsung.android.game.SemGameManager.isGamePackage(SemGameManager.java:105)
12-24 22:58:47.513  1332  1399 D SGM:SemGameManager: isGamePackage(), pkgName=com.mydesktopapplication.app, ret=false
12-24 22:58:47.514  1332  1399 D SGM:FgCheckThread: noteResumeComponent(), received pkgName: com.mydesktopapplication.app, userId: 0
12-24 22:58:47.514  1332  2400 D SGM:FgCheckThread: onLooperPrepared(), msg: MSG_APP_RESUME, pkgName: com.mydesktopapplication.app, userid: 0
12-24 22:58:47.514  1332  2400 D SGM:FgCheckThread: handleResume().
12-24 22:58:47.514  2711  2711 I {OngoingActivityDataHelper}: setBaseActivityComponentName:ComponentInfo{com.mydesktopapplication.app/crc648a10417f6d1065e1.MainActivity}
12-24 22:58:47.514  1332  2400 D SGM:FgCheckThread: sendFocusOutConditionally() - mPrevNotiPkg: (unknown), userId: 0
12-24 22:58:47.515  1332  2400 D SGM:FgCheckThread:   handleResume(). pkgName: com.mydesktopapplication.app, userId: 0, category: non-game
12-24 22:58:47.515  1332  2400 D SGM:FgCheckThread: notifyFocusInOut(). of pkg: com.mydesktopapplication.app, type: 4, isSecGameFamily: false, userId: 0
12-24 22:58:47.515  1332  2400 D SGM:FgCheckThread:   notifyFocusInOut(). unexpected mPrevNotiType: -1
12-24 22:58:47.515  1332  2400 D SGM:SystemHelper: callReleaseBlock needReleaseBlock:false
12-24 22:58:47.515  1332  1400 V WindowManager: SyncGroup 868: Finished!
12-24 22:58:47.515  1332  1400 V WindowManager: performShowLocked: mDrawState=HAS_DRAWN in Window{e37df2d u0 Splash Screen com.mydesktopapplication.app}
12-24 22:58:47.515  1332  1400 D ChangeTransitionController: onTransactionReady: TransitionRecord{5fe5675 id=868 type=OPEN flags=0x0}
12-24 22:58:47.516  1332  1400 V WindowManager: Start calculating TransitionInfo based on participants: {WallpaperWindowToken{ff30f token=android.os.Binder@eb8506e}_<system>, ActivityRecord{6d23448 u0 com.sec.android.app.launcher/.activities.LauncherActivity t114}, Task{939ee7b #219 type=standard A=10313:com.mydesktopapplication.app}, WallpaperWindowToken{b470c5d token=android.os.Binder@d0de634}_<lock>, ActivityRecord{f20a60a u0 com.mydesktopapplication.app/crc648a10417f6d1065e1.MainActivity t219}}
12-24 22:58:47.516  6567  6567 E application.app: * Assertion at /__w/1/s/src/runtime/src/mono/mono/metadata/class-init.c:2474, condition `klass->instance_size == instance_size' not met
12-24 22:58:47.516  6567  6567 F monodroid: * Assertion at /__w/1/s/src/runtime/src/mono/mono/metadata/class-init.c:2474, condition `klass->instance_size == instance_size' not met
12-24 22:58:47.516  6567  6567 F monodroid: Abort at mono-log-adapter.cc:46:3 ('static void xamarin::android::internal::MonodroidRuntime::mono_log_handler(const char *, const char *, const char *, mono_bool, void *)')
12-24 22:58:47.516  1332  1400 V WindowManager:   Final targets: [Task{939ee7b #219 type=standard A=10313:com.mydesktopapplication.app}, Task{e94a5d #1 type=home}, WallpaperWindowToken{ff30f token=android.os.Binder@eb8506e}_<system>]
--------- beginning of crash
12-24 22:58:47.516  6567  6567 F libc    : Fatal signal 6 (SIGABRT), code -1 (SI_QUEUE) in tid 6567 (application.app), pid 6567 (application.app)
12-24 22:58:47.518  1332  1400 I SurfaceControlRegistry: show, t=StartTransaction_SyncId<868> sc=ActivityRecord{f20a60a u0 com.mydesktopapplication.app/crc648a10417f6d1065e1.MainActivity t219}, caller=android.view.SurfaceControl$Transaction.show:3232 com.android.server.wm.Transition.onTransactionReady:2273 com.android.server.wm.BLASTSyncEngine$SyncGroup.finishNow:195 com.android.server.wm.BLASTSyncEngine.onSurfacePlacement:269 com.android.server.wm.RootWindowContainer.performSurfacePlacementNoTrace:471 com.android.server.wm.RootWindowContainer.performSurfacePlacement:9 
12-24 22:58:47.518  1332  1400 V WindowManager: Calling onTransitionReady: {id=868 t=OPEN f=0x0 trk=0 r=[0@Point(0, 0)] c=[
12-24 22:58:47.518  1332  1400 V WindowManager:         {WCT{RemoteToken{4fb7a4f Task{939ee7b #219 type=standard A=10313:com.mydesktopapplication.app}}} m=OPEN f=NONE leash=Surface(name=Task=219)/@0xe04129 sb=Rect(0, 0 - 1200, 1920) eb=Rect(0, 0 - 1200, 1920) d=0 taskParent=-1 inset=Rect(0, 36 - 0, 72) dim=true},
12-24 22:58:47.518  1332  1400 V WindowManager:         {WCT{RemoteToken{5cde3bb Task{e94a5d #1 type=home}}} m=TO_BACK f=SHOW_WALLPAPER|EDGE_EXTENSION_RESTRICTION leash=Surface(name=Task=1)/@0x42779b5 sb=Rect(0, 0 - 1200, 1920) eb=Rect(0, 0 - 1200, 1920) d=0 taskParent=-1 inset=Rect(0, 36 - 0, 72)},
12-24 22:58:47.518  1332  1400 V WindowManager:         {null m=TO_BACK f=IS_WALLPAPER p=WCT{RemoteToken{ae379b2 RemoteWallpaperAnim:1:1@2237040}} leash=Surface(name=WallpaperWindowToken{ff30f token=android.os.Binder@eb8506e})/@0xfda1c9f sb=Rect(0, 0 - 1200, 1920) eb=Rect(0, 0 - 1200, 1920) d=0 inset=Rect(0, 0 - 0, 0)}
12-24 22:58:47.518  1332  1400 V WindowManager:     ]}
12-24 22:58:47.519  1332  1400 D PowerManagerService: [api] setPowerBoost(L) boost:0, durationMs:0, caller (uid: 1000 pid: 1332) <- m() in com.android.server.display.DisplayManagerService$BinderService$$ExternalSyntheticOutline0:1
12-24 22:58:47.519  2711  2830 V WindowManagerShell: onTransitionReady(transaction=5720896518498)
12-24 22:58:47.520  2711  2767 V WindowManagerShell: onTransitionReady (#868) android.os.BinderProxy@5ace7a0: {id=868 t=OPEN f=0x0 trk=0 r=[0@Point(0, 0)] c=[{WCT{android.window.IWindowContainerToken$Stub$Proxy@c9bc3ce} m=OPEN f=NONE leash=Surface(name=Task=219)/@0x4da1182 sb=Rect(0, 0 - 1200, 1920) eb=Rect(0, 0 - 1200, 1920) d=0 taskParent=-1 inset=Rect(0, 36 - 0, 72) dim=true},{WCT{android.window.IWindowContainerToken$Stub$Proxy@34f52ef} m=TO_BACK f=SHOW_WALLPAPER|EDGE_EXTENSION_RESTRICTION leash=Surface(name=Task=1)/@0xebb4093 sb=Rect(0, 0 - 1200, 1920) eb=Rect(0, 0 - 1200, 1920) d=0 taskParent=-1 inset=Rect(0, 36 - 0, 72)},{null m=TO_BACK f=IS_WALLPAPER p=WCT{android.window.IWindowContainerToken$Stub$Proxy@7e551fc} leash=Surface(name=WallpaperWindowToken{ff30f token=android.os.Binder@eb8506e})/@0x81978d0 sb=Rect(0, 0 - 1200, 1920) eb=Rect(0, 0 - 1200, 1920) d=0 inset=Rect(0, 0 - 0, 0)}]}
12-24 22:58:47.520  2711  2767 I SurfaceControlRegistry: hide, t=FinishTransaction_SyncId<868> sc=Task=1, caller=android.view.SurfaceControl$Transaction.hide:3258 com.android.wm.shell.transition.Transitions.dispatchReady:929 com.android.wm.shell.transition.Transitions.onTransitionReady:243 com.android.wm.shell.transition.Transitions$TransitionPlayerImpl$$ExternalSyntheticLambda0.run:13 android.os.Handler.handleCallback:959 android.os.Handler.dispatchMessage:100 
12-24 22:58:47.520  2711  2767 I SurfaceControlRegistry: show, t=StartTransaction_SyncId<868> sc=Task=219, caller=android.view.SurfaceControl$Transaction.show:3232 com.android.wm.shell.transition.Transitions.dispatchReady:934 com.android.wm.shell.transition.Transitions.onTransitionReady:243 com.android.wm.shell.transition.Transitions$TransitionPlayerImpl$$ExternalSyntheticLambda0.run:13 android.os.Handler.handleCallback:959 android.os.Handler.dispatchMessage:100 
12-24 22:58:47.520  2711  2767 I SurfaceControlRegistry: show, t=FinishTransaction_SyncId<868> sc=Task=219, caller=android.view.SurfaceControl$Transaction.show:3232 com.android.wm.shell.transition.Transitions.dispatchReady:988 com.android.wm.shell.transition.Transitions.onTransitionReady:243 com.android.wm.shell.transition.Transitions$TransitionPlayerImpl$$ExternalSyntheticLambda0.run:13 android.os.Handler.handleCallback:959 android.os.Handler.dispatchMessage:100 
12-24 22:58:47.520  2711  2767 V WindowManagerShell: Playing animation for (#868) android.os.BinderProxy@5ace7a0@0
12-24 22:58:47.520  2711  2767 I SurfaceControlRegistry: show, t=StartTransaction_SyncId<868> sc=Transition Root: Task=219, caller=android.view.SurfaceControl$Transaction.show:3232 com.android.wm.shell.transition.Transitions.playTransition:81 com.android.wm.shell.transition.Transitions.processReadyQueue:250 com.android.wm.shell.transition.Transitions.dispatchReady:1007 com.android.wm.shell.transition.Transitions.onTransitionReady:243 com.android.wm.shell.transition.Transitions$TransitionPlayerImpl$$ExternalSyntheticLambda0.run:13 
12-24 22:58:47.520  2711  2767 V WindowManagerShell:  try firstHandler com.android.wm.shell.transition.DefaultMixedHandler@f61b9e2
12-24 22:58:47.520  2711  2767 V WindowManagerShell: Mixed transition for opening an intent with a remote transition and PIP #868
12-24 22:58:47.520  1332  1396 V WindowManager: Sent Transition (#868) createdAt=12-24 22:58:47.448 via request=TransitionRequestInfo { type = OPEN, triggerTask = TaskInfo{userId=0 taskId=219 displayId=0 isRunning=true baseIntent=Intent { act=android.intent.action.MAIN cat=[android.intent.category.LAUNCHER] flg=0x10200000 cmp=com.mydesktopapplication.app/crc648a10417f6d1065e1.MainActivity } baseActivity=ComponentInfo{com.mydesktopapplication.app/crc648a10417f6d1065e1.MainActivity} topActivity=ComponentInfo{com.mydesktopapplication.app/crc648a10417f6d1065e1.MainActivity} origActivity=null realActivity=ComponentInfo{com.mydesktopapplication.app/crc648a10417f6d1065e1.MainActivity} numActivities=1 lastActiveTime=4087094122 supportsMultiWindow=true resizeMode=1 isResizeable=true minWidth=-1 minHeight=-1 maxWidth=-1 maxHeight=-1 defaultMinSize=220 token=WCT{RemoteToken{4fb7a4f Task{939ee7b #219 type=standard A=10313:com.mydesktopapplication.app}}} topActivityType=1 pictureInPictureParams=null shouldDockBigOverlays=false launchIntoPipHostTaskId=-1 lastParentTaskIdBeforePip=-1 displayCutoutSafeInsets=null topActivityInfo=ActivityInfo{67155dc crc648a10417f6d1065e1.MainActivity} launchCookies=[android.os.BinderProxy@a92c6e5] positionInParent=Point(0, 0) parentTaskId=-1 isFocused=false isVisible=false isVisibleRequested=false isSleeping=false topActivityInSizeCompat=false locusId=null displayAreaFeatureId=1 isTopActivityTransparent=false isTopActivityStyleFloating=false appCompatTaskInfo=AppCompatTaskInfo { topActivityInSizeCompat=false eligibleForLetterboxEducation= false isLetterboxEducationEnabled= false isLetterboxDoubleTapEnabled= false eligibleForUserAspectRatioButton= true topActivityBoundsLetterboxed= false isFromLetterboxDoubleTap= false topActivityLetterboxVerticalPosition= -1 topActivityLetterboxHorizontalPosition= -1 topActivityLetterboxWidth=1200 topActivityLetterboxHeight=1920 topActivityLetterboxAppWidth=1200 topActivityLetterboxAppHeight=1920 isUserFullscreenOverrideEnabled=false isSystemFullscreenOverrideEnabled=false hasMinAspectRatioOverride=false cameraCompatTaskInfo=CameraCompatTaskInfo { freeformCameraCompatMode=inactive} topActivityBounds=null topActivityInDisplayCompat=false} originallySupportedMultiWindow=true hasWallpaper=false rootAffinity=10313:com.mydesktopapplication.app isTopTaskInStage=false topActivityUiMode=17 CoverLauncherWidgetTask=false isAllowedSeamlessRotation=false isTopTransparentActivity=false snappingGuideBounds=Rect(312, 510 - 888, 1374) isAliasManaged=false hasConfigChanged=false isAiKeyRemoveAppTask=false}, pipTask = null, remoteTransition = RemoteTransition { remoteTransition = android.window.IRemoteTransition$Stub$Proxy@336a5ba, appThread = android.app.IApplicationThread$Stub$Proxy@c9f6c6b, debugName = QuickstepLaunchflags =NONE }, displayChange = null, flags = 0, debugId = 868 }
12-24 22:58:47.520  2711  2767 V WindowManagerShell:  Delegate animation for (#868) to RemoteTransition { remoteTransition = android.window.IRemoteTransition$Stub$Proxy@b88ddcc, appThread = android.app.IApplicationThread$Stub$Proxy@4a2c815, debugName = QuickstepLaunchflags =NONE }
12-24 22:58:47.520  1332  1396 V WindowManager:     startWCT=WindowContainerTransaction { changes = {} hops = [] errorCallbackToken=null taskFragmentOrganizer=null }
12-24 22:58:47.520  2711  2767 V WindowManagerShell:  Excluded change from remote targets at (#868), change={null m=TO_BACK f=IS_WALLPAPER p=WCT{android.window.IWindowContainerToken$Stub$Proxy@7e551fc} leash=Surface(name=WallpaperWindowToken{ff30f token=android.os.Binder@eb8506e})/@0x81978d0 sb=Rect(0, 0 - 1200, 1920) eb=Rect(0, 0 - 1200, 1920) d=0 inset=Rect(0, 0 - 0, 0)}
12-24 22:58:47.520  1332  1396 V WindowManager:     info={id=868 t=OPEN f=0x0 trk=0 r=[0@Point(0, 0)] c=[
12-24 22:58:47.520  1332  1396 V WindowManager:         {WCT{RemoteToken{4fb7a4f Task{939ee7b #219 type=standard A=10313:com.mydesktopapplication.app}}} m=OPEN f=NONE leash=Surface(name=Task=219)/@0xe04129 sb=Rect(0, 0 - 1200, 1920) eb=Rect(0, 0 - 1200, 1920) d=0 taskParent=-1 inset=Rect(0, 36 - 0, 72) dim=true},
12-24 22:58:47.520  1332  1396 V WindowManager:         {WCT{RemoteToken{5cde3bb Task{e94a5d #1 type=home}}} m=TO_BACK f=SHOW_WALLPAPER|EDGE_EXTENSION_RESTRICTION leash=Surface(name=Task=1)/@0x42779b5 sb=Rect(0, 0 - 1200, 1920) eb=Rect(0, 0 - 1200, 1920) d=0 taskParent=-1 inset=Rect(0, 36 - 0, 72)},
