12-24 23:02:16.169  2971  6841 I HoneySpace.HistoryViewModel@74780565@OneUI: launcherShowing : false, recentShowing : false, isInteractive : true
12-24 23:02:16.170  1169  1169 E SurfaceFlinger: Out of order buffers detected for RequestedLayerState{com.sec.android.app.launcher/com.sec.android.app.launcher.activities.LauncherActivity$_2971#9239 parentId=117} producedId=579 frameNumber=251 -> producedId=579 frameNumber=86
12-24 23:02:16.171  1169  1169 W Layer   : gatherBufferInfo: Received unknown dataspace from gralloc
12-24 23:02:16.171  2971  2971 I HoneySpace.HistoryTaskView@167403035@OneUI: loading ? true
12-24 23:02:16.171  1169  1169 W Layer   : gatherBufferInfo: Received unknown dataspace from gralloc
12-24 23:02:16.173  2971  4704 I VRI[LauncherActivity]@b3ce551: mWNT: t=0xb400006ebe95d700 mBlastBufferQueue=0xb400006ebc3cb100 fn= 87 HdrRenderState mRenderHdrSdrRatio=1.0 caller= com.android.systemui.shared.launcher.ViewRootImplCompat.mergeWithNextTransaction:4 com.honeyspace.transition.utils.SurfaceTransactionApplier.scheduleApply$lambda$1:26 com.honeyspace.transition.utils.SurfaceTransactionApplier.b:0 
12-24 23:02:16.173  2971  3121 I HoneySpace.TopTaskSource: onTaskMovedToFront : taskId = 114, displayId = 0
12-24 23:02:16.174  2971  3123 I HoneySpace.TopTaskUseCase: topTaskId 114, DisplayId : 0
12-24 23:02:16.176  1332  1383 I ActivityManager: Process com.mydesktopapplication.app (pid 7180) has died: fg  CEM (93,970)
12-24 23:02:16.177  2971  2971 I HoneySpace.FloatingAnimator: container x: 3.738115, y: 4.307061, scale : 0.99648875
12-24 23:02:16.177  4374  4374 W DMASA[D]: [d]Diagnostic is not agreed
12-24 23:02:16.178  1332  2386 I HqmInfo::c: checkAppError: app version invalid
12-24 23:02:16.178   884   884 I Zygote  : Process 7180 exited due to signal 6 (Aborted)
12-24 23:02:16.179  1332  1430 I libprocessgroup: Removed cgroup /sys/fs/cgroup/uid_10313/pid_7180
12-24 23:02:16.179  2971  4703 I VRI[LauncherActivity]@b3ce551: mWNT: t=0xb400006ebe95d880 mBlastBufferQueue=0xb400006ebc3cb100 fn= 88 HdrRenderState mRenderHdrSdrRatio=1.0 caller= com.android.systemui.shared.launcher.ViewRootImplCompat.mergeWithNextTransaction:4 com.honeyspace.transition.utils.SurfaceTransactionApplier.scheduleApply$lambda$1:26 com.honeyspace.transition.utils.SurfaceTransactionApplier.b:0 
12-24 23:02:16.180  1332  1383 V WindowManager: Collecting in transition 883: Task{ff5b414 #226 type=standard A=10313:com.mydesktopapplication.app}, caller=com.android.server.wm.Transition.collectClose:12 com.android.server.wm.WindowProcessController.handleAppDied$1:473 com.android.server.am.ActivityManagerService.handleAppDiedLocked:247 com.android.server.am.ActivityManagerService.appDiedLocked:479 com.android.server.am.ActivityManagerService$AppDeathRecipient.binderDied:17 
12-24 23:02:16.181  1332  1399 D SGM:FgCheckThread: getForegroundApp(), foregroundPkgName=com.mydesktopapplication.app
12-24 23:02:16.181  1332  1397 D DisplayManagerService: Drop pending events for gone uid 10313
12-24 23:02:16.181  1169  1169 E SurfaceFlinger: Out of order buffers detected for RequestedLayerState{com.sec.android.app.launcher/com.sec.android.app.launcher.activities.LauncherActivity$_2971#9239 parentId=117} producedId=579 frameNumber=251 -> producedId=579 frameNumber=87
12-24 23:02:16.181  1332  1399 D SGM:FgCheckThread: pkgName: com.mydesktopapplication.app is not in foreground
12-24 23:02:16.182  1332  1383 V WindowManager: Collecting in transition 883: ActivityRecord{f2a0e67 u0 com.mydesktopapplication.app/crc648a10417f6d1065e1.MainActivity t226 f}}, caller=com.android.server.wm.TransitionController.collect:7 com.android.server.wm.ActivityRecord.onRemovedFromDisplay:324 com.android.server.wm.ActivityRecord.removeFromHistory:175 com.android.server.wm.WindowProcessController.handleAppDied$1:514 com.android.server.am.ActivityManagerService.handleAppDiedLocked:247 
12-24 23:02:16.182  2971  2971 I InsetsSourceConsumer: applyRequestedVisibilityToControl: visible=true, type=navigationBars, host=com.sec.android.app.launcher/com.sec.android.app.launcher.activities.LauncherActivity
12-24 23:02:16.182  1332  1383 D SGM:FgCheckThread: TaskStackListener.onTaskFocusChanged(), taskId=226, focused=false
12-24 23:02:16.182  2971  2971 I InsetsSourceConsumer: applyRequestedVisibilityToControl: visible=true, type=statusBars, host=com.sec.android.app.launcher/com.sec.android.app.launcher.activities.LauncherActivity
12-24 23:02:16.183  1169  1169 W Layer   : gatherBufferInfo: Received unknown dataspace from gralloc
12-24 23:02:16.183  1169  1169 W Layer   : gatherBufferInfo: Received unknown dataspace from gralloc
12-24 23:02:16.183  1332  1383 D WindowManager: Changing focus from null to Window{1187f14 u0 com.sec.android.app.launcher/com.sec.android.app.launcher.activities.LauncherActivity} displayId=0 Callers=com.android.server.wm.ActivityRecord.onRemovedFromDisplay:551 com.android.server.wm.ActivityRecord.removeFromHistory:175 com.android.server.wm.WindowProcessController.handleAppDied$1:514 com.android.server.am.ActivityManagerService.handleAppDiedLocked:247 
12-24 23:02:16.183  2971  2971 I HoneySpace.HistoryViewModel@75334967@OneUI: Block stack change
12-24 23:02:16.183  1332  1383 V SystemKeyManager: updateFocusedWindow() is called, com.sec.android.app.launcher/com.sec.android.app.launcher.activities.LauncherActivity
12-24 23:02:16.184  1332  1383 I SemDvfsHyPerManager: acquire hyper - AMS_APP_HOME/1332@28, type = -999
12-24 23:02:16.185  1045  1093 I HYPER-HAL: [RequestManager.cpp]acquire(): Acquired ID : 925508  [1332 / 28]    HINT : AMS_APP_HOME    list : 
12-24 23:02:16.185  1045  1093 I HYPER-HAL: [ResourceManager.cpp]updateResource(): [CPULittleMinFreq] UpdateResource Request ID : 925508    Value : 1804800
12-24 23:02:16.186  1332  2543 D InetDiagMessage: Destroyed 0 sockets, proto=IPPROTO_TCP, family=AF_INET, states=14
12-24 23:02:16.186  1332  1383 D ActivityManagerPerformance: AMP_acquire() HOME
12-24 23:02:16.186  1332  1383 D SGM:FgCheckThread: TaskStackListener.onTaskFocusChanged(), taskId=114, focused=true
12-24 23:02:16.186  1332  1383 D SGM:FgCheckThread:   sendRunningComponentFocus(), pkgName: com.sec.android.app.launcher, userId: 0
12-24 23:02:16.187  1332  1383 D InputDispatcher: Focused application(0): ActivityRecord{6d23448 u0 com.sec.android.app.launcher/.activities.LauncherActivity t114}
12-24 23:02:16.187  1332  2543 D InetDiagMessage: Destroyed 0 sockets, proto=IPPROTO_TCP, family=AF_INET6, states=14
12-24 23:02:16.187  1332  2543 D InetDiagMessage: Destroyed live tcp sockets for uids={10313} in 4ms
12-24 23:02:16.187  1332  1383 V WindowManager: rotationForOrientation(orient=SCREEN_ORIENTATION_UNSPECIFIED (-1), last=ROTATION_0 (0)); user=ROTATION_0 (0) USER_ROTATION_LOCKED
12-24 23:02:16.187  1332  2566 D AS.MultiSoundManager: mForegroundUid = 10117
12-24 23:02:16.187  1332  1383 D WindowManager: rotationForOrientation, orientationSource=ActivityRecord{6d23448 u0 com.sec.android.app.launcher/.activities.LauncherActivity t114}
12-24 23:02:16.187  1332  1383 V WindowManager: Computed rotation=ROTATION_0 (0) for display id=0 based on lastOrientation=SCREEN_ORIENTATION_UNSPECIFIED (-1) and oldRotation=ROTATION_0 (0), caller=com.android.server.wm.DisplayRotation.updateOrientation:25 com.android.server.wm.DisplayContent.updateOrientation:64 com.android.server.wm.DisplayContent.updateOrientation:10 com.android.server.wm.RootWindowContainer.ensureVisibilityAndConfig:7 com.android.server.wm.TaskFragment.resumeTopActivity:1836 com.android.server.wm.Task.resumeTopActivityInnerLocked:98 
12-24 23:02:16.188  2971  2971 I HoneySpace.FloatingAnimator: container x: 1.6232917, y: 1.8703587, scale : 0.9989472
12-24 23:02:16.188  1332  1383 D WindowManagerServiceExt: updateTaskbarTargetIfNeeded: reset
12-24 23:02:16.188  1332  1383 D DeviceReportingSecurityChecker: getStatus
12-24 23:02:16.188  1332  1383 D DeviceReportingSecurityChecker: mIsICDStatus is true
12-24 23:02:16.188  1332  1383 D DeviceReportingSecurityChecker: mIsSim is true
12-24 23:02:16.188  1332  1383 D DeviceReportingSecurityChecker: mIsEchoAppSignature is true
12-24 23:02:16.188  1332  1383 D DeviceReportingSecurityChecker: security check passed
12-24 23:02:16.188  1332  1383 D DeviceReportingSecurityChecker: mIsICDStatus === true mIsSim == true mIsMyAccountSignature== false mIsEchoAppSignature== true mIsSprintHubSignature== false
12-24 23:02:16.189  1332  2543 D InetDiagMessage: Destroyed 0 sockets, proto=IPPROTO_TCP, family=AF_INET, states=14
12-24 23:02:16.189  1332  2400 D SGM:FgCheckThread: onLooperPrepared(), msg: MSG_TASK_FOCUSED, pkgName: com.sec.android.app.launcher, userId: 0
12-24 23:02:16.189  1332  2400 D SGM:FgCheckThread: handleTaskFocused().
12-24 23:02:16.189  1332  2400 D SGM:FgCheckThread: sendFocusOutConditionally() - mPrevNotiPkg: (unknown), userId: 0
12-24 23:02:16.189  1332  2400 D SGM:FgCheckThread:   handleTaskFocused(), pkgName: com.sec.android.app.launcher, userID:0 mResumedPkgMap does not containsKey.
12-24 23:02:16.189  1332  1383 V WindowManager: SyncGroup 883: Finished!
12-24 23:02:16.189  1332  1383 D ChangeTransitionController: onTransactionReady: TransitionRecord{a2e959d id=883 type=CLOSE flags=0x10}
12-24 23:02:16.190  1332  1383 V WindowManager: Start calculating TransitionInfo based on participants: {WallpaperWindowToken{ff30f token=android.os.Binder@eb8506e}_<system>, Task{e94a5d #1 type=home}, ActivityRecord{6d23448 u0 com.sec.android.app.launcher/.activities.LauncherActivity t114}, Task{b1e62e1 #114 type=home I=com.sec.android.app.launcher/.activities.LauncherActivity}, ActivityRecord{f2a0e67 u0 com.mydesktopapplication.app/crc648a10417f6d1065e1.MainActivity t226 f} isExiting}, Task{ff5b414 #226 type=standard A=10313:com.mydesktopapplication.app}}
12-24 23:02:16.190  1332  1383 V WindowManager:   Final targets: [Task{e94a5d #1 type=home}, Task{ff5b414 #226 type=standard A=10313:com.mydesktopapplication.app}, WallpaperWindowToken{ff30f token=android.os.Binder@eb8506e}_<system>]
12-24 23:02:16.190  1332  2543 D InetDiagMessage: Destroyed 0 sockets, proto=IPPROTO_TCP, family=AF_INET6, states=14
12-24 23:02:16.190  1332  2543 D InetDiagMessage: Destroyed live tcp sockets for uids={20313} in 3ms
12-24 23:02:16.190  2711  2767 E CompatUIController: no activity bounds
12-24 23:02:16.191  1332  1383 I SurfaceControlRegistry: show, t=StartTransaction_SyncId<883> sc=ActivityRecord{6d23448 u0 com.sec.android.app.launcher/.activities.LauncherActivity t114}, caller=android.view.SurfaceControl$Transaction.show:3232 com.android.server.wm.Transition.onTransactionReady:2273 com.android.server.wm.BLASTSyncEngine$SyncGroup.finishNow:195 com.android.server.wm.BLASTSyncEngine.onSurfacePlacement:269 com.android.server.wm.RootWindowContainer.performSurfacePlacementNoTrace:471 com.android.server.wm.RootWindowContainer.performSurfacePlacement:9 
12-24 23:02:16.191  1332  1383 I SurfaceControlRegistry: show, t=StartTransaction_SyncId<883> sc=Task=114, caller=android.view.SurfaceControl$Transaction.show:3232 com.android.server.wm.Transition.onTransactionReady:2300 com.android.server.wm.BLASTSyncEngine$SyncGroup.finishNow:195 com.android.server.wm.BLASTSyncEngine.onSurfacePlacement:269 com.android.server.wm.RootWindowContainer.performSurfacePlacementNoTrace:471 com.android.server.wm.RootWindowContainer.performSurfacePlacement:9 
12-24 23:02:16.192  1332  1383 V WindowManager: Calling onTransitionReady: {id=883 t=CLOSE f=0x10 trk=0 r=[0@Point(0, 0)] c=[
12-24 23:02:16.192  1332  1383 V WindowManager:         {WCT{RemoteToken{5cde3bb Task{e94a5d #1 type=home}}} m=TO_FRONT f=SHOW_WALLPAPER|MOVE_TO_TOP|EDGE_EXTENSION_RESTRICTION leash=Surface(name=Task=1)/@0x42779b5 sb=Rect(0, 0 - 1200, 1920) eb=Rect(0, 0 - 1200, 1920) d=0 taskParent=-1 inset=Rect(0, 36 - 0, 72)},
12-24 23:02:16.192  1332  1383 V WindowManager:         {WCT{RemoteToken{973fc98 Task{ff5b414 #226 type=standard A=10313:com.mydesktopapplication.app}}} m=CLOSE f=NONE leash=Surface(name=Task=226)/@0x1a72e0a sb=Rect(0, 0 - 1200, 1920) eb=Rect(0, 0 - 1200, 1920) d=0 taskParent=-1 inset=Rect(0, 0 - 0, 0) dim=true},
12-24 23:02:16.192  1332  1383 V WindowManager:         {null m=TO_FRONT f=IS_WALLPAPER p=WCT{RemoteToken{ae379b2 RemoteWallpaperAnim:1:1@2237040}} leash=Surface(name=WallpaperWindowToken{ff30f token=android.os.Binder@eb8506e})/@0xfda1c9f sb=Rect(0, 0 - 1200, 1920) eb=Rect(0, 0 - 1200, 1920) d=0 inset=Rect(0, 0 - 0, 0)}
12-24 23:02:16.192  1332  1383 V WindowManager:     ]}
12-24 23:02:16.192  2971  2971 I HoneySpace.Launcher: !@Boot_EBS_D: Launcher.onResume()
12-24 23:02:16.192  1169  1169 E SurfaceFlinger: Out of order buffers detected for RequestedLayerState{com.sec.android.app.launcher/com.sec.android.app.launcher.activities.LauncherActivity$_2971#9239 parentId=117} producedId=579 frameNumber=251 -> producedId=579 frameNumber=88
12-24 23:02:16.193  2971  4704 I VRI[LauncherActivity]@b3ce551: mWNT: t=0xb400006ebe95da00 mBlastBufferQueue=0xb400006ebc3cb100 fn= 89 HdrRenderState mRenderHdrSdrRatio=1.0 caller= com.android.systemui.shared.launcher.ViewRootImplCompat.mergeWithNextTransaction:4 com.honeyspace.transition.utils.SurfaceTransactionApplier.scheduleApply$lambda$1:26 com.honeyspace.transition.utils.SurfaceTransactionApplier.b:0 
12-24 23:02:16.193  1332  1383 D RestrictionPolicy: isScreenCaptureEnabled : ret=true userId=0
12-24 23:02:16.193  1332  1383 D ScreenCapture: [Capture_TEST] : setIsScreenShotBySystem false
12-24 23:02:16.193  2971  6840 I HoneySpace.Memory-Monitor: cancelTrimIfNeeded
12-24 23:02:16.193  2971  2971 I HoneySpace.Launcher: updateLauncherShowing false -> true
12-24 23:02:16.194  1169  1169 W Layer   : gatherBufferInfo: Received unknown dataspace from gralloc
12-24 23:02:16.194  1332  2344 I BootReceiver: Copying /data/tombstones/tombstone_09 to DropBox (SYSTEM_TOMBSTONE)
12-24 23:02:16.194  1169  1169 W Layer   : gatherBufferInfo: Received unknown dataspace from gralloc
12-24 23:02:16.194  1332  2344 I DropBoxManagerService: add tag=SYSTEM_TOMBSTONE isTagEnabled=true flags=0x6
12-24 23:02:16.194  2971  6841 I HoneySpace.PredictionDataSourceImpl: requestPredictionUpdate 0 true
12-24 23:02:16.195  1169  1169 I BpBinder: onLastStrongRef automatically unlinking death recipients: 
12-24 23:02:16.195  1045  1093 I HYPER-HAL: [ResourceManager.cpp]updateResource(): [CPUMinFreq] UpdateResource Request ID : 925508    Value : 2208000
12-24 23:02:16.195  2971  2971 I HoneySpace.ShellTransitionManager: myHomeResumed
12-24 23:02:16.195  2971  6848 I HoneySpace.TaskbarVisibilityController: launcher showing: true recent showing: false 
12-24 23:02:16.195  2971  6841 I HoneySpace.PredictionDataSourceImpl: requestPredictionUpdate 1 true
12-24 23:02:16.195  2971  2971 I HoneySpace.AppLaunchAnimationDelegate: playAppLaunchReverse, appPlayer: A(15.876)
12-24 23:02:16.196  2711  2733 V WindowManagerShell: onTransitionReady(transaction=5720896518917)
12-24 23:02:16.196  2971  2971 I HoneySpace.AppListFastRecyclerViewAdapter: findCloseTarget : 16876, ComponentInfo{com.mydesktopapplication.app/crc648a10417f6d1065e1.MainActivity}
12-24 23:02:16.196  2971  2971 I HoneySpace.AppTransitionAnimationAwait: proceed 1
12-24 23:02:16.196  2971  2971 I HoneySpace.FloatingAnimator: [Player:A(15.876)] value animator:[205210840] paused
12-24 23:02:16.197  2971  2971 I HoneySpace.FloatingAnimator: [Player:A(15.876)] value animator:[33069788] started
12-24 23:02:16.197  2711  2767 V WindowManagerShell: onTransitionReady (#883) android.os.BinderProxy@13097f7: {id=883 t=CLOSE f=0x10 trk=0 r=[0@Point(0, 0)] c=[{WCT{android.window.IWindowContainerToken$Stub$Proxy@5344d0} m=TO_FRONT f=SHOW_WALLPAPER|MOVE_TO_TOP|EDGE_EXTENSION_RESTRICTION leash=Surface(name=Task=1)/@0x82664 sb=Rect(0, 0 - 1200, 1920) eb=Rect(0, 0 - 1200, 1920) d=0 taskParent=-1 inset=Rect(0, 36 - 0, 72)},{WCT{android.window.IWindowContainerToken$Stub$Proxy@b4bdcc9} m=CLOSE f=NONE leash=Surface(name=Task=226)/@0x48300cd sb=Rect(0, 0 - 1200, 1920) eb=Rect(0, 0 - 1200, 1920) d=0 taskParent=-1 inset=Rect(0, 0 - 0, 0) dim=true},{null m=TO_FRONT f=IS_WALLPAPER p=WCT{android.window.IWindowContainerToken$Stub$Proxy@9086fce} leash=Surface(name=WallpaperWindowToken{ff30f token=android.os.Binder@eb8506e})/@0x193fd82 sb=Rect(0, 0 - 1200, 1920) eb=Rect(0, 0 - 1200, 1920) d=0 inset=Rect(0, 0 - 0, 0)}]}
12-24 23:02:16.197  2971  2971 I HoneySpace.HoneyScreenManagerImpl: transitionAnimator is ended, onCancel: true
12-24 23:02:16.198  2971  2971 I HoneySpace.ContentsAnimator: ContentsAnimator end [15889559]
12-24 23:02:16.198  2971  2971 I HoneySpace.ContentsAnimator: from : 0.10799998
12-24 23:02:16.198  2711  2767 I SurfaceControlRegistry: show, t=StartTransaction_SyncId<883> sc=WallpaperWindowToken{ff30f token=android.os.Binder@eb8506e}, caller=android.view.SurfaceControl$Transaction.show:3232 com.android.wm.shell.transition.Transitions.dispatchReady:798 com.android.wm.shell.transition.Transitions.onTransitionReady:243 com.android.wm.shell.transition.Transitions$TransitionPlayerImpl$$ExternalSyntheticLambda0.run:13 android.os.Handler.handleCallback:959 android.os.Handler.dispatchMessage:100 
12-24 23:02:16.198  2971  2971 I HoneySpace.ContentsAnimator: ContentsAnimator start [137439205]
12-24 23:02:16.198  2711  2767 I SurfaceControlRegistry: hide, t=FinishTransaction_SyncId<883> sc=Task=226, caller=android.view.SurfaceControl$Transaction.hide:3258 com.android.wm.shell.transition.Transitions.dispatchReady:929 com.android.wm.shell.transition.Transitions.onTransitionReady:243 com.android.wm.shell.transition.Transitions$TransitionPlayerImpl$$ExternalSyntheticLambda0.run:13 android.os.Handler.handleCallback:959 android.os.Handler.dispatchMessage:100 
12-24 23:02:16.198  2711  2767 I SurfaceControlRegistry: show, t=StartTransaction_SyncId<883> sc=Task=1, caller=android.view.SurfaceControl$Transaction.show:3232 com.android.wm.shell.transition.Transitions.dispatchReady:934 com.android.wm.shell.transition.Transitions.onTransitionReady:243 com.android.wm.shell.transition.Transitions$TransitionPlayerImpl$$ExternalSyntheticLambda0.run:13 android.os.Handler.handleCallback:959 android.os.Handler.dispatchMessage:100 
12-24 23:02:16.199  2971  2971 I HoneySpace.CapturedBlurManager: capturedBlurView: resume(11471413)
12-24 23:02:16.199  2711  2767 I SurfaceControlRegistry: show, t=FinishTransaction_SyncId<883> sc=Task=1, caller=android.view.SurfaceControl$Transaction.show:3232 com.android.wm.shell.transition.Transitions.dispatchReady:988 com.android.wm.shell.transition.Transitions.onTransitionReady:243 com.android.wm.shell.transition.Transitions$TransitionPlayerImpl$$ExternalSyntheticLambda0.run:13 android.os.Handler.handleCallback:959 android.os.Handler.dispatchMessage:100 
12-24 23:02:16.199  2971  2971 I HoneySpace.ResumeTimer: last resume updated : 2829179339
12-24 23:02:16.199  2711  2767 V WindowManagerShell: Transition (#883) android.os.BinderProxy@13097f7@0 ready while (#882) android.os.BinderProxy@285c37@0 is still animating. Notify the animating transition in case they can be merged
12-24 23:02:16.199  2711  2767 V WindowManagerShell:    Merge into remote: RemoteTransition { remoteTransition = android.window.IRemoteTransition$Stub$Proxy@a1c84d3, appThread = android.app.IApplicationThread$Stub$Proxy@ccf0810, debugName = QuickstepLaunchflags =NONE }
12-24 23:02:16.199  2971  2971 I SearchHoneyPot: onViewCreated: onResume
12-24 23:02:16.199  2711  2767 V WindowManagerShell: findRemoteTransition, Checking filter Pair{{types=[] flags=0x0] notFlags=0x100 checks=[{atype=home independent=true modes=[OPEN,TO_FRONT] flags=NONE mustBeTask=false order=TOP topActivity=ComponentInfo{com.sec.android.app.launcher/com.sec.android.app.launcher.Launcher} launchCookie=null},{atype=recents independent=true modes=[CLOSE,TO_BACK] flags=NONE mustBeTask=false order=ANY topActivity=null launchCookie=null}]} RemoteTransition { remoteTransition = android.window.IRemoteTransition$Stub$Proxy@4802ea8, appThread = android.app.IApplicationThread$Stub$Proxy@6bb3dc1, debugName = QuickstepLaunchHomeFromRecentsflags =NONE }}
12-24 23:02:16.200  2711  2767 V WindowManagerShell: findRemoteTransition, Checking filter Pair{{types=[] flags=0x0] notFlags=0x100 checks=[{atype=home independent=true modes=[OPEN,TO_FRONT] flags=NONE mustBeTask=false order=TOP topActivity=ComponentInfo{com.sec.android.app.launcher/com.sec.android.app.launcher.Launcher} launchCookie=null},{atype=standard independent=true modes=[CLOSE,TO_BACK] flags=NONE mustBeTask=false order=ANY topActivity=null launchCookie=null}]} RemoteTransition { remoteTransition = android.window.IRemoteTransition$Stub$Proxy@ed04966, appThread = android.app.IApplicationThread$Stub$Proxy@ff084a7, debugName = QuickstepLaunchHomeflags =NONE }}
12-24 23:02:16.200  2711  2767 D RemoteTransitionHandler: findRemoteTransition, Found filterPair{{types=[] flags=0x0] notFlags=0x100 checks=[{atype=home independent=true modes=[OPEN,TO_FRONT] flags=NONE mustBeTask=false order=TOP topActivity=ComponentInfo{com.sec.android.app.launcher/com.sec.android.app.launcher.Launcher} launchCookie=null},{atype=standard independent=true modes=[CLOSE,TO_BACK] flags=NONE mustBeTask=false order=ANY topActivity=null launchCookie=null}]} RemoteTransition { remoteTransition = android.window.IRemoteTransition$Stub$Proxy@ed04966, appThread = android.app.IApplicationThread$Stub$Proxy@ff084a7, debugName = QuickstepLaunchHomeflags =NONE }}
12-24 23:02:16.200  5992  5992 I bpbl    : onResume
12-24 23:02:16.200  2971  6839 I HoneySpace.HistoryViewModel@75334967@OneUI: loadItemJob canceled
12-24 23:02:16.200  2971  6839 I HoneySpace.HistoryViewModel@75334967@OneUI: task bar is not showing. skip load history items
12-24 23:02:16.201  2971  6839 I HoneySpace.HistoryViewModel@75334967@OneUI: launcherShowing : true, recentShowing : false, isInteractive : true, state : 1minusOne : false
12-24 23:02:16.201  4379  4379 I SDHMS:BarTender:Gatherer:AppError: update AppError : uid=10313, pkg=com.mydesktopapplication.app, errorType=crash
12-24 23:02:16.201  2971  3121 I HoneySpace.TopTaskSource: onTaskFocusChanged(): taskId = 114
12-24 23:02:16.201  2971  3121 I HoneySpace.TopTaskSource: onTaskMovedToFront : taskId = 114, displayId = 0
12-24 23:02:16.202  2971  2971 I HoneySpace.WallpaperAnimator: startWallpaperAnimation, isOpen-false, from:1.2412, to:1.0, duration:250
12-24 23:02:16.202  2971  2971 I HoneySpace.WallpaperAnimator: wallpaper animation end [256466831]
12-24 23:02:16.202  2971  2971 I HoneySpace.WallpaperAnimator: wallpaper animation start [98732232]
12-24 23:02:16.203  2971   713 I SurfaceControlRegistry: show, t=StartTransaction_SyncId<883> sc=Task=1, caller=android.view.SurfaceControl$Transaction.show:3232 android.window.RemoteAnimationRunnerHelper.mergeAnimation:107 android.window.RemoteAnimationRunnerHelper.mergeOrTransferAnimation:78 com.android.systemui.animation.RemoteAnimationRunnerCompat$1.mergeAnimation:17 android.window.IRemoteTransition$Stub.onTransact:174 android.os.Binder.execTransactInternal:1541 
12-24 23:02:16.203  2971   713 I SurfaceControlRegistry: show, t=StartTransaction_SyncId<883> sc=Task=226, caller=android.view.SurfaceControl$Transaction.show:3232 android.window.RemoteAnimationRunnerHelper.mergeAnimation:107 android.window.RemoteAnimationRunnerHelper.mergeOrTransferAnimation:78 com.android.systemui.animation.RemoteAnimationRunnerCompat$1.mergeAnimation:17 android.window.IRemoteTransition$Stub.onTransact:174 android.os.Binder.execTransactInternal:1541 
12-24 23:02:16.204  2971  2971 I HoneySpace.HistoryTaskView@167403035@OneUI: loading ? false
12-24 23:02:16.204  2971  2971 I HoneySpace.HistoryTaskView@167403035@OneUI: current state com.honeyspace.sdk.HomeScreen$Normal@85a9bc1
12-24 23:02:16.205  2971   713 I SurfaceControlRegistry: apply, t=StartTransaction_SyncId<883>, caller=android.view.SurfaceControl$Transaction.apply:3135 android.view.SurfaceControl$Transaction.apply:3122 android.view.SurfaceControl$Transaction.apply:3078 android.window.RemoteAnimationRunnerHelper.mergeAnimation:113 android.window.RemoteAnimationRunnerHelper.mergeOrTransferAnimation:78 com.android.systemui.animation.RemoteAnimationRunnerCompat$1.mergeAnimation:17 
12-24 23:02:16.205  2971   713 I ShellAnimationDelegate: mergeCallback called!
12-24 23:02:16.206  2711  2767 V WindowManagerShell: Transition was merged: (#883) android.os.BinderProxy@13097f7@0 into (#882) android.os.BinderProxy@285c37@0
12-24 23:02:16.207  1169  1169 E SurfaceFlinger: Out of order buffers detected for RequestedLayerState{com.sec.android.app.launcher/com.sec.android.app.launcher.activities.LauncherActivity$_2971#9239 parentId=117} producedId=579 frameNumber=251 -> producedId=579 frameNumber=89
12-24 23:02:16.209  1169  1169 W Layer   : gatherBufferInfo: Received unknown dataspace from gralloc
12-24 23:02:16.209  1169  1169 W Layer   : gatherBufferInfo: Received unknown dataspace from gralloc
12-24 23:02:16.210  2971  2971 I HoneySpace.FloatingAnimator: container x: 7.509135, y: 8.768658, scale : 0.9920183
12-24 23:02:16.214  2971  2971 I HoneySpace.IconView: setIconVisible : visible-false, currentForceHideBadge-true
12-24 23:02:16.215  2971  4703 I VRI[LauncherActivity]@b3ce551: mWNT: t=0xb400006ebe95dd00 mBlastBufferQueue=0xb400006ebc3cb100 fn= 90 HdrRenderState mRenderHdrSdrRatio=1.0 caller= com.android.systemui.shared.launcher.ViewRootImplCompat.mergeWithNextTransaction:4 com.honeyspace.transition.utils.SurfaceTransactionApplier.scheduleApply$lambda$1:26 com.honeyspace.transition.utils.SurfaceTransactionApplier.b:0 
12-24 23:02:16.215  2971  4709 I HoneySpace.SPayHandler: updateSpayHandler, show = false, defaultPage = true
12-24 23:02:16.217  2711  2711 I {OngoingActivityDataHelper}: setBaseActivityComponentName:ComponentInfo{com.sec.android.app.launcher/com.sec.android.app.launcher.Launcher}
12-24 23:02:16.217  1332  6758 W ActivityTaskManager: Request to remove task ignored for non-existent task 225
12-24 23:02:16.218  1169  1169 W Layer   : gatherBufferInfo: Received unknown dataspace from gralloc
12-24 23:02:16.219  2971  3120 I HoneySpace.TaskbarEventTracker: invokeEvent() called with: event = NavButtonsDarkIntensityChanged(darkIntensity=1.0)
12-24 23:02:16.220  1332  8974 V WindowManager: Schedule remove starting ActivityRecord{f2a0e67 u0 com.mydesktopapplication.app/crc648a10417f6d1065e1.MainActivity t226 f} isExiting} startingWindow=Window{57e0ffe u0 Splash Screen com.mydesktopapplication.app} animate=true Callers=com.android.server.wm.ActivityRecord.onSyncTransactionCommitted:19 com.android.server.wm.BLASTSyncEngine$SyncGroup$1CommitCallback.onCommitted:54 com.android.server.wm.BLASTSyncEngine$SyncGroup$$ExternalSyntheticLambda0.onTransactionCommitted:8 android.view.SurfaceControl$Transaction$$ExternalSyntheticLambda4.run:0 com.android.server.SystemServerInitThreadPool$$ExternalSyntheticLambda0.execute:1 
12-24 23:02:16.221  1332  1399 D SGM:GameManager: identifyGamePackage. com.sec.android.app.launcher, mCurrentUserId: 0, callerUserId: 0, callingMethodInfo: com.samsung.android.game.SemGameManager.isGamePackage(SemGameManager.java:105)
12-24 23:02:16.221  1332  1399 D SGM:SemGameManager: isGamePackage(), pkgName=com.sec.android.app.launcher, ret=false
12-24 23:02:16.221  4379  4379 I SDHMS:BarTender:Analyzer:AppError: analyze app error : uid=10313, pkg=com.mydesktopapplication.app, appErrorCount=9
12-24 23:02:16.222  2971  3120 I HoneySpace.TaskbarEventTracker: invokeEvent() called with: event = NavButtonsDarkIntensityChanged(darkIntensity=1.0)
12-24 23:02:16.222  1332  1396 V WindowManager: Sent Transition (#883) createdAt=12-24 23:02:16.143 via request=TransitionRequestInfo { type = CLOSE, triggerTask = null, pipTask = null, remoteTransition = null, displayChange = null, flags = 16, debugId = 883 }
12-24 23:02:16.222  1332  1399 D SGM:FgCheckThread: noteResumeComponent(), received pkgName: com.sec.android.app.launcher, userId: 0
12-24 23:02:16.222  1332  1396 V WindowManager:     startWCT=WindowContainerTransaction { changes = {} hops = [] errorCallbackToken=null taskFragmentOrganizer=null }
12-24 23:02:16.222  2971  2971 I HoneySpace.FloatingAnimator: container x: 26.717005, y: 31.28058, scale : 0.96940607
12-24 23:02:16.222  1332  2400 D SGM:FgCheckThread: onLooperPrepared(), msg: MSG_APP_RESUME, pkgName: com.sec.android.app.launcher, userid: 0
12-24 23:02:16.222  2711  2767 D ShellTaskOrganizer: removeStartingWindow, removalInfo=StartingWindowRemovalInfo{taskId=226 frame=null playRevealAnimation=false roundedCornerRadius=0.0 deferRemoveMode=0 windowlessSurface=false removeImmediately=false}
12-24 23:02:16.222  1332  2400 D SGM:FgCheckThread: handleResume().
12-24 23:02:16.223  1332  2400 D SGM:FgCheckThread: sendFocusOutConditionally() - mPrevNotiPkg: (unknown), userId: 0
12-24 23:02:16.223  1332  2400 D SGM:FgCheckThread:   handleResume(). pkgName: com.sec.android.app.launcher, userId: 0, category: non-game
12-24 23:02:16.223  1332  2400 D SGM:FgCheckThread: notifyFocusInOut(). of pkg: com.sec.android.app.launcher, type: 4, isSecGameFamily: false, userId: 0
12-24 23:02:16.223  1332  2400 D SGM:FgCheckThread:   notifyFocusInOut(). unexpected mPrevNotiType: -1
12-24 23:02:16.223  1332  2400 D SGM:SystemHelper: callReleaseBlock needReleaseBlock:false
12-24 23:02:16.223  1332  1396 V WindowManager:     info={id=883 t=CLOSE f=0x10 trk=0 r=[0@Point(0, 0)] c=[
12-24 23:02:16.223  1332  1396 V WindowManager:         {WCT{RemoteToken{5cde3bb Task{e94a5d #1 type=home}}} m=TO_FRONT f=SHOW_WALLPAPER|MOVE_TO_TOP|EDGE_EXTENSION_RESTRICTION leash=Surface(name=Task=1)/@0x42779b5 sb=Rect(0, 0 - 1200, 1920) eb=Rect(0, 0 - 1200, 1920) d=0 taskParent=-1 inset=Rect(0, 36 - 0, 72)},
12-24 23:02:16.223  1332  1396 V WindowManager:         {WCT{RemoteToken{973fc98 Task{ff5b414 #226 type=standard A=10313:com.mydesktopapplication.app}}} m=CLOSE f=NONE leash=Surface(name=Task=226)/@0x1a72e0a sb=Rect(0, 0 - 1200, 1920) eb=Rect(0, 0 - 1200, 1920) d=0 taskParent=-1 inset=Rect(0, 0 - 0, 0) dim=true},
12-24 23:02:16.223  1332  1396 V WindowManager:         {null m=TO_FRONT f=IS_WALLPAPER p=WCT{RemoteToken{ae379b2 RemoteWallpaperAnim:1:1@2237040}} leash=Surface(name=WallpaperWindowToken{ff30f token=android.os.Binder@eb8506e})/@0xfda1c9f sb=Rect(0, 0 - 1200, 1920) eb=Rect(0, 0 - 1200, 1920) d=0 inset=Rect(0, 0 - 0, 0)}
12-24 23:02:16.223  1332  1396 V WindowManager:     ]}
12-24 23:02:16.226  2971  4704 I VRI[LauncherActivity]@b3ce551: mWNT: t=0xb400006ebe95de80 mBlastBufferQueue=0xb400006ebc3cb100 fn= 91 HdrRenderState mRenderHdrSdrRatio=1.0 caller= com.android.systemui.shared.launcher.ViewRootImplCompat.mergeWithNextTransaction:4 com.honeyspace.transition.utils.SurfaceTransactionApplier.scheduleApply$lambda$1:26 com.honeyspace.transition.utils.SurfaceTransactionApplier.b:0 
12-24 23:02:16.226  4379 22462 I SDHMS:l : handleResumeComponent : put = com.sec.android.app.launcher, userid = 0 instanceid =152492038
12-24 23:02:16.226  1332  2587 I CocktailBarManagerServiceContainer: handleMessage: entry what = 5
12-24 23:02:16.226  1169  1169 E SurfaceFlinger: Out of order buffers detected for RequestedLayerState{com.sec.android.app.launcher/com.sec.android.app.launcher.activities.LauncherActivity$_2971#9239 parentId=117} producedId=579 frameNumber=251 -> producedId=579 frameNumber=90
12-24 23:02:16.227  1332  2587 I CocktailBarManagerServiceImpl: noteResumeComponent : no active host
12-24 23:02:16.227  1332  3635 D AutoRotationHandler: not support this mode 
12-24 23:02:16.227  1332  3635 D AutoRotationHandler: not support this mode 
12-24 23:02:16.228  1169  1169 W Layer   : gatherBufferInfo: Received unknown dataspace from gralloc
12-24 23:02:16.228  1169  1169 W Layer   : gatherBufferInfo: Received unknown dataspace from gralloc
12-24 23:02:16.228  1332  8974 D InputDispatcher: Once focus requested (0): 1187f14 com.sec.android.app.launcher/com.sec.android.app.launcher.activities.LauncherActivity
12-24 23:02:16.228  1332  8974 D InputDispatcher: Focus entered window (0): 1187f14 com.sec.android.app.launcher/com.sec.android.app.launcher.activities.LauncherActivity
12-24 23:02:16.228  1443 11305 I CameraService: onUidStateChanged: uid=10055, procState is changed. (1 -> 0)
12-24 23:02:16.232  2971  6841 I HoneySpace.RecentTasks: onRecentTasksChanged
12-24 23:02:16.233  2971  2971 I HoneySpace.FloatingAnimator: container x: 67.14103, y: 78.658165, scale : 0.9233579
12-24 23:02:16.233  1332  6758 V WindowManager: Relayout Window{57e0ffe u0 Splash Screen com.mydesktopapplication.app}: viewVisibility=8 req=1200x1920 ty=3 d0
12-24 23:02:16.234  1332  6758 V WindowManager: Relayout hash=57e0ffe, pid=2711, syncId=-1: mAttrs={(0,0)(fillxfill) sim={adjust=pan} layoutInDisplayCutoutMode=always ty=APPLICATION_STARTING fmt=TRANSLUCENT wanim=0x1030312
12-24 23:02:16.234  1332  6758 V WindowManager:   fl=81030118
12-24 23:02:16.234  1332  6758 V WindowManager:   pfl=10000810
12-24 23:02:16.234  1332  6758 V WindowManager:   apr=18
12-24 23:02:16.234  1332  6758 V WindowManager:   bhv=1
12-24 23:02:16.234  1332  6758 V WindowManager:   fitSides=0
12-24 23:02:16.234  1332  6758 V WindowManager:   frameRateBoostOnTouch=true
12-24 23:02:16.234  1332  6758 V WindowManager:   dvrrWindowFrameRateHint=true naviIconColor=0}
12-24 23:02:16.234  2971  3120 I HoneySpace.TaskbarEventTracker: invokeEvent() called with: event = NavButtonsDarkIntensityChanged(darkIntensity=0.7172242)
12-24 23:02:16.235  2711  2806 I VRI[app]@ec98536: Relayout returned: old=(0,0,1200,1920) new=(0,0,1200,1920) relayoutAsync=false req=(1200,1920)8 dur=3 res=0x2 s={false 0x0} ch=true seqId=0
12-24 23:02:16.235  2711  2806 D VRI[app]@ec98536: Not drawing due to not visible. Reason=View.GONE
12-24 23:02:16.235  2711  2806 W WindowOnBackDispatcher: sendCancelIfRunning: isInProgress=false callback=android.view.ViewRootImpl$$ExternalSyntheticLambda15@584953c
12-24 23:02:16.235  2711  2806 I VRI[app]@ec98536: dispatchDetachedFromWindow
12-24 23:02:16.236  1332  8974 D CoreBackPreview: Window{57e0ffe u0 Splash Screen com.mydesktopapplication.app}: Setting back callback null
12-24 23:02:16.236  1332  4655 D WindowManager: Starting window removed Window{57e0ffe u0 Splash Screen com.mydesktopapplication.app}
12-24 23:02:16.236  1332  4655 D InputTransport: Input channel destroyed: '57e0ffe', fd=720
12-24 23:02:16.236  1332  4655 W InputManager-JNI: Input channel object '57e0ffe Splash Screen com.mydesktopapplication.app (client)' was disposed without first being removed with the input manager!
12-24 23:02:16.236  1332  4655 D InputTransport: Input channel destroyed: '57e0ffe', fd=865
12-24 23:02:16.237  2971  4703 I VRI[LauncherActivity]@b3ce551: mWNT: t=0xb400006ebeb97000 mBlastBufferQueue=0xb400006ebc3cb100 fn= 92 HdrRenderState mRenderHdrSdrRatio=1.0 caller= com.android.systemui.shared.launcher.ViewRootImplCompat.mergeWithNextTransaction:4 com.honeyspace.transition.utils.SurfaceTransactionApplier.scheduleApply$lambda$1:26 com.honeyspace.transition.utils.SurfaceTransactionApplier.b:0 
12-24 23:02:16.237  1332  4655 V WindowManager: Remove Window{57e0ffe u0 Splash Screen com.mydesktopapplication.app}: mSurfaceController=Surface(name=Splash Screen com.mydesktopapplication.app$_2711)/@0xcf9cecc mAnimatingExit=false mRemoveOnExit=false mHasSurface=true surfaceShowing=true animating=false app-animation=false mDisplayFrozen=false callers=com.android.server.wm.Session.remove:16 android.view.IWindowSession$Stub.onTransact:794 com.android.server.wm.Session.onTransact:1 android.os.Binder.execTransactInternal:1536 android.os.Binder.execTransact:1480 <bottom of call stack> 
12-24 23:02:16.237  1332  4655 I WindowManager: Destroying surface Surface(name=Splash Screen com.mydesktopapplication.app$_2711)/@0xcf9cecc called by com.android.server.wm.WindowStateAnimator.destroySurface:11 com.android.server.wm.WindowStateAnimator.destroySurfaceLocked:54 com.android.server.wm.WindowState.removeImmediately:43 com.android.server.wm.WindowState.removeIfPossible:638 com.android.server.wm.Session.remove:16 android.view.IWindowSession$Stub.onTransact:794 com.android.server.wm.Session.onTransact:1 android.os.Binder.execTransactInternal:1536 
12-24 23:02:16.237  1169  1169 E SurfaceFlinger: Out of order buffers detected for RequestedLayerState{com.sec.android.app.launcher/com.sec.android.app.launcher.activities.LauncherActivity$_2971#9239 parentId=117} producedId=579 frameNumber=251 -> producedId=579 frameNumber=91
12-24 23:02:16.238  2711  2806 D InputTransport: Input channel destroyed: '57e0ffe', fd=498
12-24 23:02:16.238  1169  1169 W Layer   : gatherBufferInfo: Received unknown dataspace from gralloc
12-24 23:02:16.238  1169  1169 W Layer   : gatherBufferInfo: Received unknown dataspace from gralloc
12-24 23:02:16.239  1169  1169 W Layer   : gatherBufferInfo: Received unknown dataspace from gralloc
12-24 23:02:16.240  2971  2234 I HoneySpace.HistoryViewModel@75334967@OneUI: task bar is not showing. skip load history items
12-24 23:02:16.240  2971  2234 I HoneySpace.HistoryViewModel@75334967@OneUI: launcherShowing : true, recentShowing : false, isInteractive : true, state : 1minusOne : false
12-24 23:02:16.241  2711  2711 D SystemUIService: SYSUI_RAM_OPTIMIZATION onTrimMemory=20
12-24 23:02:16.241  2711  2711 D CentralSurfaces: SYSUI_RAM_OPTIMIZATION onTrimMemory=20
12-24 23:02:16.241  2971  2234 I HoneySpace.HistoryViewModel@74780565@OneUI: loadItems(HOTSEATBAR) called - delay=200, reason=Update
12-24 23:02:16.242  2711  2854 D HWUI    : CacheManager::trimMemory(20)
12-24 23:02:16.243  2971  2971 I InputMethodManager: startInputInner - IInputMethodManagerGlobalInvoker.startInputOrWindowGainedFocus
12-24 23:02:16.246  2971  3120 I HoneySpace.TaskbarEventTracker: invokeEvent() called with: event = NavButtonsDarkIntensityChanged(darkIntensity=0.5300882)
12-24 23:02:16.246  1332  2394 D InputMethodManagerService: setWindowStateInner, windowToken=android.os.BinderProxy@53d2567, state=ImeTargetWindowState{ imeToken null imeFocusChanged false hasEditorFocused false requestedImeVisible false imeDisplayId 0 softInputModeState STATE_UNSPECIFIED|ADJUST_NOTHING isStartInputByGainFocus true}
12-24 23:02:16.246  2971  2971 I HoneySpace.TaskbarVisibilityController: onTaskbarIconVisibleChangeRequest occlude:false cn:null, isResume:true, isGestureTransition : false, isDock : false
12-24 23:02:16.246  1332  2394 V InputMethodManagerService: Same window without editor will hide input
12-24 23:02:16.246  1332  2394 I ImeTracker: com.sec.android.app.launcher:fc7e44db: onRequestHide at ORIGIN_SERVER reason HIDE_SAME_WINDOW_FOCUSED_WITHOUT_EDITOR fromUser false
12-24 23:02:16.246  1332  2394 V InputMethodManagerService: applyImeVisibility state=5
12-24 23:02:16.246  1332  2394 D InputMethodManagerService: setWindowStateInner, windowToken=android.os.BinderProxy@53d2567, state=ImeTargetWindowState{ imeToken android.os.Binder@b17a5e7 imeFocusChanged false hasEditorFocused false requestedImeVisible false imeDisplayId 0 softInputModeState STATE_UNSPECIFIED|ADJUST_NOTHING isStartInputByGainFocus true}
12-24 23:02:16.247  1332  2394 I ImeTracker: com.sec.android.app.launcher:fc7e44db: onCancelled at PHASE_SERVER_SHOULD_HIDE
12-24 23:02:16.247  1332  2394 V InputMethodManagerService: hideCurrentInputLocked : canceled, shouldHideSoftInput=false, mInputShown=false, mImeWindowVis=0
12-24 23:02:16.247  1332  2394 D InputMethodManagerService: DESKTOP MODE! : 2
12-24 23:02:16.247  1332  2394 D InputMethodManagerService: NOT IN KNOX DESKTOP MODE!
12-24 23:02:16.247  1332  2394 V InputMethodManagerService: semComputeImeDisplayIdForTarget: displayId=0
12-24 23:02:16.248  1169  1169 E SurfaceFlinger: Out of order buffers detected for RequestedLayerState{com.sec.android.app.launcher/com.sec.android.app.launcher.activities.LauncherActivity$_2971#9239 parentId=117} producedId=579 frameNumber=251 -> producedId=579 frameNumber=92
12-24 23:02:16.248  2971  2971 I HoneySpace.HistoryTaskView@26647655@OneUI: loading ? true
12-24 23:02:16.248  1332  2394 D InputMethodManagerService: isImeSwitcherDisabledPackage : false
12-24 23:02:16.249  2971  2971 I HoneySpace.FloatingAnimator: container x: 139.0568, y: 162.94456, scale : 0.83995825
12-24 23:02:16.249  1169  1169 W Layer   : gatherBufferInfo: Received unknown dataspace from gralloc
12-24 23:02:16.249  1169  1169 W Layer   : gatherBufferInfo: Received unknown dataspace from gralloc
12-24 23:02:16.249  1332  2394 D InputMethodManagerService: checkDisplayOfStartInputAndUpdateKeyboard: displayId=0, mFocusedDisplayId=0
12-24 23:02:16.249  1169  1169 W Layer   : gatherBufferInfo: Received unknown dataspace from gralloc
12-24 23:02:16.250  1332  2394 D InputTransport: Input channel constructed: 'ClientS', fd=720
12-24 23:02:16.250  1169  1169 W Layer   : gatherBufferInfo: Received unknown dataspace from gralloc
12-24 23:02:16.250  1332  2394 D InputTransport: Input channel destroyed: 'ClientS', fd=720
12-24 23:02:16.251  5761  5761 I HBD     : HoneyBoardService onFinishInput 
12-24 23:02:16.251  5761  5761 I HBD     : a IC have been unbinding,  RemoteInputConnection{idHash=#f65e0de}
12-24 23:02:16.251  5761  5761 I HBD     : HoneyBoardService [PF_CL][onFinishInput]  0 ms 
12-24 23:02:16.251  5761  5761 I HBD     : HoneyBoardService [IMI] onStartInput - caller pid : 2971 , caller uid : 10117 
12-24 23:02:16.251  5761  5761 I HBD     : t updateConfigs 
12-24 23:02:16.252  5761  5761 I HBD     : t isEnabledNightMode : false 
12-24 23:02:16.252  5761  5761 I HBD     : a IC have been binding, RemoteInputConnection{idHash=#f65e0de} 
12-24 23:02:16.252  5761  5761 I HBD     : g [EditorInputType]setPrivateImeOptionsToTable privateImeOptions ( null )
12-24 23:02:16.252  5761  5761 I HBD     : b incognitoMode : false 
12-24 23:02:16.252  5761  5761 I HBD     : b needOff = true , isForceOff = false, isNullInputClass : true 
12-24 23:02:16.252  5761  5761 I HBD     : g getDefaultInputRange : UNKNOWN 
12-24 23:02:16.252  5761  5761 I HBD     : g getDefaultInputRange : UNKNOWN 
12-24 23:02:16.252  5761  5761 I HBD     : g getDefaultInputRange : UNKNOWN 
12-24 23:02:16.253  2971  4704 I VRI[LauncherActivity]@b3ce551: mWNT: t=0xb400006ebeb97180 mBlastBufferQueue=0xb400006ebc3cb100 fn= 93 HdrRenderState mRenderHdrSdrRatio=1.0 caller= com.android.systemui.shared.launcher.ViewRootImplCompat.mergeWithNextTransaction:4 com.honeyspace.transition.utils.SurfaceTransactionApplier.scheduleApply$lambda$1:26 com.honeyspace.transition.utils.SurfaceTransactionApplier.b:0 
12-24 23:02:16.254  1332  3739 D SemWifiUsabilityStatsMonitor: onWifiUsabilityStats - seqNum 14673, isSameBssidAndFreq true
12-24 23:02:16.256  5761  5761 I HBD     : b needOff = true , isForceOff = false, isNullInputClass : true 
12-24 23:02:16.256  5761  5761 I HBD     : b update cached prediction status : false 
12-24 23:02:16.256  1169  1169 D SurfaceFlinger: Display 4630946944264142721 HWC layers:
12-24 23:02:16.256  1169  1169 D SurfaceFlinger:      CLIENT | 0xb400007337e43920 | 0000 | RGBA_8888    |   87.0   55.0 1833.0 1145.0 |    0    0 1200 1920 | Wallpaper BBQ wrapper 5_system#88
12-24 23:02:16.256  1169  1169 D SurfaceFlinger:      CLIENT | 0xb400007334b4fdc0 | 0000 | RGBA_8888    |    0.0    0.0 1200.0 1920.0 |    0    0 1200 1920 | com.sec.android.app.launcher/com.sec[...]tivities.LauncherActivity$_2971#9239
12-24 23:02:16.256  1169  1169 D SurfaceFlinger:      CLIENT | 0xb40000734ec71900 | 0000 | RGBA_8888    |    0.0    0.0 1200.0   36.0 |    0    0 1200   36 | StatusBar$_2711#93
12-24 23:02:16.256  1169  1169 D SurfaceFlinger:      CLIENT | 0xb400007337e44b80 | 0000 | RGBA_8888    |    0.0    0.0 1200.0   72.0 |    0 1848 1200 1920 | TaskbarWindow$_2971#133
12-24 23:02:16.256  1169  1169 D SurfaceFlinger: 
12-24 23:02:16.256  5761  5761 I HBD     : g getDefaultInputRange : UNKNOWN 
12-24 23:02:16.256  5761  5761 I HBD     : a currentState : 0 
12-24 23:02:16.257  5761  5761 I HBD     : a [UpdatePolicy] [post] a: 0 cl: 65537 kit: [0/0] vt: 0 ir: 1 
12-24 23:02:16.257  2971  3120 I HoneySpace.TaskbarEventTracker: invokeEvent() called with: event = NavButtonsDarkIntensityChanged(darkIntensity=0.37836713)
12-24 23:02:16.260  1169  1169 W Layer   : gatherBufferInfo: Received unknown dataspace from gralloc
12-24 23:02:16.261  2711  2829 D Tile.WifiTile: handleUpdateState isTransient=false transientEnabling =false cb.isTransient=false state.state = 2 mStateBeforeClick.value =false enabled =true
12-24 23:02:16.262  2971  2971 I HoneySpace.FloatingAnimator: container x: 249.51039, y: 291.71146, scale : 0.7104612
12-24 23:02:16.263  2971  4703 I VRI[LauncherActivity]@b3ce551: mWNT: t=0xb400006ebeb97300 mBlastBufferQueue=0xb400006ebc3cb100 fn= 94 HdrRenderState mRenderHdrSdrRatio=1.0 caller= com.android.systemui.shared.launcher.ViewRootImplCompat.mergeWithNextTransaction:4 com.honeyspace.transition.utils.SurfaceTransactionApplier.scheduleApply$lambda$1:26 com.honeyspace.transition.utils.SurfaceTransactionApplier.b:0 
12-24 23:02:16.265  1042  6412 I sensors-hal: handle_sns_client_event:44, ambient_light_event: ts=4087302918161396, event=0.000000
12-24 23:02:16.265  1042  6412 I sensors-hal: handle_sns_client_event:44, ambient_light_event: ts=4087302918399156, event=0.000000
12-24 23:02:16.267  2971  5636 I HoneySpace.PredictionDataSourceImpl: TYPE_SUGGESTED_APPS updated: 9
12-24 23:02:16.268  5761  5761 I HBD     : a [NRIC] resetNoResponseState 
12-24 23:02:16.268  5761  5761 I HBD     : b needOff = true , isForceOff = false, isNullInputClass : true 
12-24 23:02:16.268  5761  5761 I HBD     : b update cached prediction status : false 
12-24 23:02:16.268  5761  5761 I HBD     : c [AiWriter] setContact : com.sec.android.app.launcher
12-24 23:02:16.268  2971  2971 I HoneySpace.FloatingAnimator: container x: 354.00803, y: 413.37027, scale : 0.58663255
12-24 23:02:16.268  5761  5761 I HBD     : HoneyBoardService [PF_OP][onStartInput]  17 ms 
12-24 23:02:16.269  2971  3120 I HoneySpace.TaskbarEventTracker: invokeEvent() called with: event = NavButtonsDarkIntensityChanged(darkIntensity=0.27189374)
12-24 23:02:16.269  2971  5647 I HoneySpace.PredictionDataSourceImpl: TYPE_RECOMMENDED_WIDGETS updated: 17
12-24 23:02:16.270  1169  1169 E SurfaceFlinger: Out of order buffers detected for RequestedLayerState{com.sec.android.app.launcher/com.sec.android.app.launcher.activities.LauncherActivity$_2971#9239 parentId=117} producedId=579 frameNumber=251 -> producedId=579 frameNumber=93
12-24 23:02:16.271  2971  4704 I VRI[LauncherActivity]@b3ce551: mWNT: t=0xb400006ebeb97480 mBlastBufferQueue=0xb400006ebc3cb100 fn= 95 HdrRenderState mRenderHdrSdrRatio=1.0 caller= com.android.systemui.shared.launcher.ViewRootImplCompat.mergeWithNextTransaction:4 com.honeyspace.transition.utils.SurfaceTransactionApplier.scheduleApply$lambda$1:26 com.honeyspace.transition.utils.SurfaceTransactionApplier.b:0 
12-24 23:02:16.271  1169  1169 W Layer   : gatherBufferInfo: Received unknown dataspace from gralloc
12-24 23:02:16.271  1169  1169 W Layer   : gatherBufferInfo: Received unknown dataspace from gralloc
12-24 23:02:16.272  1169  1169 W Layer   : gatherBufferInfo: Received unknown dataspace from gralloc
12-24 23:02:16.277  2971  2971 I HoneySpace.FloatingAnimator: container x: 442.20578, y: 515.1494, scale : 0.48185587
12-24 23:02:16.277  2971  3120 I HoneySpace.TaskbarEventTracker: invokeEvent() called with: event = NavButtonsDarkIntensityChanged(darkIntensity=0.18857569)
12-24 23:02:16.278  2971  4703 I VRI[LauncherActivity]@b3ce551: mWNT: t=0xb400006ebeb97d80 mBlastBufferQueue=0xb400006ebc3cb100 fn= 96 HdrRenderState mRenderHdrSdrRatio=1.0 caller= com.android.systemui.shared.launcher.ViewRootImplCompat.mergeWithNextTransaction:4 com.honeyspace.transition.utils.SurfaceTransactionApplier.scheduleApply$lambda$1:26 com.honeyspace.transition.utils.SurfaceTransactionApplier.b:0 
12-24 23:02:16.281  1169  1169 E SurfaceFlinger: Out of order buffers detected for RequestedLayerState{com.sec.android.app.launcher/com.sec.android.app.launcher.activities.LauncherActivity$_2971#9239 parentId=117} producedId=579 frameNumber=251 -> producedId=579 frameNumber=94
12-24 23:02:16.282  1169  1169 W Layer   : gatherBufferInfo: Received unknown dataspace from gralloc
12-24 23:02:16.282  1169  1169 W Layer   : gatherBufferInfo: Received unknown dataspace from gralloc
12-24 23:02:16.282  1169  1169 W Layer   : gatherBufferInfo: Received unknown dataspace from gralloc
12-24 23:02:16.288  2971  2971 I HoneySpace.FloatingAnimator: container x: 512.1489, y: 595.87787, scale : 0.40065882
12-24 23:02:16.289  2971  4704 I VRI[LauncherActivity]@b3ce551: mWNT: t=0xb400006ebeb97f00 mBlastBufferQueue=0xb400006ebc3cb100 fn= 97 HdrRenderState mRenderHdrSdrRatio=1.0 caller= com.android.systemui.shared.launcher.ViewRootImplCompat.mergeWithNextTransaction:4 com.honeyspace.transition.utils.SurfaceTransactionApplier.scheduleApply$lambda$1:26 com.honeyspace.transition.utils.SurfaceTransactionApplier.b:0 
12-24 23:02:16.289  2971  3120 I HoneySpace.TaskbarEventTracker: invokeEvent() called with: event = NavButtonsDarkIntensityChanged(darkIntensity=0.12183583)
12-24 23:02:16.293  1169  1169 E SurfaceFlinger: Out of order buffers detected for RequestedLayerState{com.sec.android.app.launcher/com.sec.android.app.launcher.activities.LauncherActivity$_2971#9239 parentId=117} producedId=579 frameNumber=251 -> producedId=579 frameNumber=95
12-24 23:02:16.293  1169  1169 W Layer   : gatherBufferInfo: Received unknown dataspace from gralloc
12-24 23:02:16.293  1169  1169 W Layer   : gatherBufferInfo: Received unknown dataspace from gralloc
12-24 23:02:16.293  1169  1169 W Layer   : gatherBufferInfo: Received unknown dataspace from gralloc
12-24 23:02:16.299  2971  2971 I HoneySpace.FloatingAnimator: container x: 567.9045, y: 659.1966, scale : 0.33625004
