12-24 23:02:13.363  1332  1400 I WindowManager: Reparenting to original parent: Surface(name=ActivityRecord{eedd3b0 u0 com.samsung.android.lool/com.samsung.android.sm.iafd.dialog.AppErrorDialogActivity t225})/@0x1b79045, destroy=true, syncState=0, syncCommitDepth=0, surface=Surface(name=2407d5 com.samsung.android.lool/com.samsung.android.sm.iafd.dialog.AppErrorDialogActivity)/@0x32fe8bc
12-24 23:02:13.365  1042  6412 I sensors-hal: handle_sns_client_event:44, ambient_light_event: ts=4087300018159834, event=0.000000
12-24 23:02:13.365  1042  6412 I sensors-hal: handle_sns_client_event:44, ambient_light_event: ts=4087300018400198, event=0.000000
12-24 23:02:13.442  1045  7131 I HYPER-HAL: [ResourceManager.cpp]removeResource(): [CPULittleMinFreq] RemoveResource Request ID : 4420853
12-24 23:02:13.443  1045  7131 E HYPER-HAL: [HandlerSysfs.cpp]doResourceHandling(): Couldn't Open Sysfs - /sys/class/scsi_host/host0/../../../clkscale_enable
12-24 23:02:13.444  1045  7131 I HYPER-HAL: [ResourceManager.cpp]removeResource(): [CPUMinFreq] RemoveResource Request ID : 4420853
12-24 23:02:13.444  1045  7131 I HYPER-HAL: [RequestManager.cpp]releaseLocked(): Released ID : 4420853
12-24 23:02:13.465  1042  6412 I sensors-hal: handle_sns_client_event:44, ambient_light_event: ts=4087300118161136, event=0.000000
12-24 23:02:13.465  1042  6412 I sensors-hal: handle_sns_client_event:44, ambient_light_event: ts=4087300118399156, event=0.000000
12-24 23:02:13.498  1045  7160 I HYPER-HAL: [ResourceManager.cpp]removeResource(): [CPULittleMinFreq] RemoveResource Request ID : 920070
12-24 23:02:13.499  1045  7160 I HYPER-HAL: [ResourceManager.cpp]removeResource(): [CPUMinFreq] RemoveResource Request ID : 920070
12-24 23:02:13.499  1045  7160 I HYPER-HAL: [RequestManager.cpp]releaseLocked(): Released ID : 920070
12-24 23:02:13.565  1042  6412 I sensors-hal: handle_sns_client_event:44, ambient_light_event: ts=4087300218160094, event=0.000000
12-24 23:02:13.565  1042  6412 I sensors-hal: handle_sns_client_event:44, ambient_light_event: ts=4087300218399417, event=0.000000
12-24 23:02:13.665  1042  6412 I sensors-hal: handle_sns_client_event:44, ambient_light_event: ts=4087300318159313, event=0.000000
12-24 23:02:13.665  1042  6412 I sensors-hal: handle_sns_client_event:44, ambient_light_event: ts=4087300318398375, event=0.000000
12-24 23:02:13.765  1042  6412 I sensors-hal: handle_sns_client_event:44, ambient_light_event: ts=4087300418160354, event=0.000000
12-24 23:02:13.765  1042  6412 I sensors-hal: handle_sns_client_event:44, ambient_light_event: ts=4087300418400459, event=0.000000
12-24 23:02:13.865  1042  6412 I sensors-hal: handle_sns_client_event:44, ambient_light_event: ts=4087300518159834, event=0.000000
12-24 23:02:13.865  1042  6412 I sensors-hal: handle_sns_client_event:44, ambient_light_event: ts=4087300518400198, event=0.000000
12-24 23:02:13.965  1042  6412 I sensors-hal: handle_sns_client_event:44, ambient_light_event: ts=4087300618160094, event=0.000000
12-24 23:02:13.965  1042  6412 I sensors-hal: handle_sns_client_event:44, ambient_light_event: ts=4087300618399677, event=0.000000
12-24 23:02:13.987  1169  1293 W ComposerExtn: DisplayExtnImpl::SetActiveConfig: HWC Display 0 is not registered!
12-24 23:02:13.987  1169  1293 D DisplayModeController: setDesiredMode 4630946944264142721 {mode={fps=60.00 Hz, modePtr={id=1, vsyncRate=60.00 Hz, peakRefreshRate=60.00 Hz}}, emitEvent=false, force=false}
12-24 23:02:13.999  1070  1190 I SDM     : HWDeviceDRM::UpdateMixerAttributes: Mixer WxH 1200x1920-0 for Peripheral
12-24 23:02:13.999  1070  1190 I SDM     : HWCDisplay::SubmitDisplayConfig: Active configuration changed to: 1
12-24 23:02:14.065  1042  6412 I sensors-hal: handle_sns_client_event:44, ambient_light_event: ts=4087300718159313, event=0.000000
12-24 23:02:14.065  1042  6412 I sensors-hal: handle_sns_client_event:44, ambient_light_event: ts=4087300718397854, event=0.000000
12-24 23:02:14.094  1045  7135 I HYPER-HAL: [ResourceManager.cpp]removeResource(): [CPULittleMinFreq] RemoveResource Request ID : 918713
12-24 23:02:14.095  1045  7135 E HYPER-HAL: [HandlerSysfs.cpp]doResourceHandling(): Couldn't Open Sysfs - /sys/class/scsi_host/host0/../../../clkscale_enable
12-24 23:02:14.096  1045  7135 I HYPER-HAL: [ResourceManager.cpp]removeResource(): [CPUMinFreq] RemoveResource Request ID : 918713
12-24 23:02:14.096  1045  7135 I HYPER-HAL: [RequestManager.cpp]releaseLocked(): Released ID : 918713
12-24 23:02:14.165  1042  6412 I sensors-hal: handle_sns_client_event:44, ambient_light_event: ts=4087300818159834, event=0.000000
12-24 23:02:14.165  1042  6412 I sensors-hal: handle_sns_client_event:44, ambient_light_event: ts=4087300818397854, event=0.000000
12-24 23:02:14.265  1042  6412 I sensors-hal: handle_sns_client_event:44, ambient_light_event: ts=4087300918159573, event=0.000000
12-24 23:02:14.265  1042  6412 I sensors-hal: handle_sns_client_event:44, ambient_light_event: ts=4087300918399156, event=0.000000
12-24 23:02:14.365  1042  6412 I sensors-hal: handle_sns_client_event:44, ambient_light_event: ts=4087301018164521, event=0.000000
12-24 23:02:14.365  1042  6412 I sensors-hal: handle_sns_client_event:44, ambient_light_event: ts=4087301018398896, event=0.000000
12-24 23:02:14.429  1332  2712 I Pageboost: IoRecord pid : 7069
12-24 23:02:14.429  1332  2712 W System.err: java.io.FileNotFoundException: /proc/7069/io_record_control: open failed: ENOENT (No such file or directory)
12-24 23:02:14.430  1332  2712 W System.err: 	at libcore.io.IoBridge.open(IoBridge.java:574)
12-24 23:02:14.430  1332  2712 W System.err: 	at java.io.FileOutputStream.<init>(FileOutputStream.java:259)
12-24 23:02:14.430  1332  2712 W System.err: 	at java.io.FileOutputStream.<init>(FileOutputStream.java:208)
12-24 23:02:14.430  1332  2712 W System.err: 	at java.io.FileWriter.<init>(FileWriter.java:96)
12-24 23:02:14.430  1332  2712 W System.err: 	at com.android.server.am.Pageboost$IoRecord.write(qb/102404117 d7c5580390cde1fc5878f172844bb07f09975decc5ead7923173254f7b3716f3:8)
12-24 23:02:14.430  1332  2712 W System.err: 	at com.android.server.am.Pageboost$IoRecord.getResultFromKernel(qb/102404117 d7c5580390cde1fc5878f172844bb07f09975decc5ead7923173254f7b3716f3:50)
12-24 23:02:14.430  1332  2712 W System.err: 	at com.android.server.am.Pageboost$PageboostHandler.handleMessage(qb/102404117 d7c5580390cde1fc5878f172844bb07f09975decc5ead7923173254f7b3716f3:271)
12-24 23:02:14.430  1332  2712 W System.err: 	at android.os.Handler.dispatchMessage(Handler.java:107)
12-24 23:02:14.430  1332  2712 W System.err: 	at android.os.Looper.loopOnce(Looper.java:257)
12-24 23:02:14.430  1332  2712 W System.err: 	at android.os.Looper.loop(Looper.java:342)
12-24 23:02:14.430  1332  2712 W System.err: 	at android.os.HandlerThread.run(HandlerThread.java:85)
12-24 23:02:14.430  1332  2712 W System.err: 	at com.android.server.ServiceThread.run(qb/102404117 d7c5580390cde1fc5878f172844bb07f09975decc5ead7923173254f7b3716f3:13)
12-24 23:02:14.430  1332  2712 W System.err: Caused by: android.system.ErrnoException: open failed: ENOENT (No such file or directory)
12-24 23:02:14.430  1332  2712 W System.err: 	at libcore.io.Linux.open(Native Method)
12-24 23:02:14.430  1332  2712 W System.err: 	at libcore.io.ForwardingOs.open(ForwardingOs.java:563)
12-24 23:02:14.430  1332  2712 W System.err: 	at libcore.io.BlockGuardOs.open(BlockGuardOs.java:274)
12-24 23:02:14.430  1332  2712 W System.err: 	at libcore.io.IoBridge.open(IoBridge.java:560)
12-24 23:02:14.430  1332  2712 W System.err: 	... 11 more
12-24 23:02:14.430  1332  2712 E Pageboost: StopRecording Failed
12-24 23:02:14.437  1332  2712 E Pageboost: captureFinished fail
12-24 23:02:14.445  1332  2712 I Pageboost: db update :com.mydesktopapplication.app ret 1
12-24 23:02:14.465  1042  6412 I sensors-hal: handle_sns_client_event:44, ambient_light_event: ts=4087301118161656, event=0.000000
12-24 23:02:14.465  1042  6412 I sensors-hal: handle_sns_client_event:44, ambient_light_event: ts=4087301118398896, event=0.000000
12-24 23:02:14.475  1089  1106 E ANDR-PERF-UTIL: Failed to update node /proc/7113/sched_boost with value 0
12-24 23:02:14.475  1089  1106 E ANDR-PERF-OPTSHANDLER: can't reset task 7113
12-24 23:02:14.475  1089  1106 E ANDR-PERF-RESOURCEQS: Failed to reset optimization [3, 32]
12-24 23:02:14.490  1332  2383 D InputReader: Btn_touch(3): value=1 when=2829177.630027
12-24 23:02:14.490  1332  2383 I InputReader: Touch event's action is 0x0 (id=4, t=0) [pCnt=1, s=0.4239 ] when=2829177.630027
12-24 23:02:14.491  1332  2382 I InputDispatcher: Delivering touch to (2971): action: 0x4, f=0x0, d=0, '4683ed6', t=1 
12-24 23:02:14.491  1332  2382 I InputDispatcher: Delivering touch to (6166): action: 0x0, f=0x0, d=0, '2407d5 ', t=1 +(-285,-1362)
12-24 23:02:14.491  1332  2382 D PowerManagerService: [api] userActivityFromNative : touch displayId=0 eventTime=2829177630
12-24 23:02:14.491  1169  1292 W ComposerExtn: DisplayExtnImpl::SetActiveConfig: HWC Display 0 is not registered!
12-24 23:02:14.492  1169  1292 D DisplayModeController: setDesiredMode 4630946944264142721 {mode={fps=90.00 Hz, modePtr={id=0, vsyncRate=90.00 Hz, peakRefreshRate=90.00 Hz}}, emitEvent=true, force=false}
12-24 23:02:14.492  6166  6166 I VRI[AppErrorDialogActivity]@a108bdf: ViewPostIme pointer 0
12-24 23:02:14.492  6166  6166 I VRI[AppErrorDialogActivity]@a108bdf: call setFrameRateCategory for touch hint category=high hint, reason=touch, vri=VRI[AppErrorDialogActivity]@a108bdf
12-24 23:02:14.493  1332  1397 I GestureDetector: obtain mCurrentDownEvent. id: 593462405 caller: com.android.server.wm.SystemGesturesPointerEventListener.onPointerEvent:17 com.android.server.wm.PointerEventDispatcher.onInputEvent:51 android.view.InputEventReceiver.dispatchInputEvent:385 
12-24 23:02:14.493  1332  1397 I GestureDetector: obtain mCurrentDownEvent. id: 593462405 caller: com.android.server.wm.SystemPerformancePointerEventListener.onPointerEvent:13 com.android.server.wm.PointerEventDispatcher.onInputEvent:51 android.view.InputEventReceiver.dispatchInputEvent:385 
12-24 23:02:14.507  1332  1397 I GestureDetector: obtain mCurrentMotionEventRaw. action: 2 id: 1015862406
12-24 23:02:14.507  1332  1397 I GestureDetector: obtain mCurrentMotionEventRaw. action: 2 id: 1015862406
12-24 23:02:14.507  1070  1190 I SDM     : HWDeviceDRM::UpdateMixerAttributes: Mixer WxH 1200x1920-0 for Peripheral
12-24 23:02:14.508  1070  1190 I SDM     : HWCDisplay::SubmitDisplayConfig: Active configuration changed to: 0
12-24 23:02:14.538  6166  6166 W Choreographer: Frame time is 0.091774 ms in the future!  Check that graphics HAL is generating vsync timestamps using the correct timebase.
12-24 23:02:14.565  1042  6412 I sensors-hal: handle_sns_client_event:44, ambient_light_event: ts=4087301218162959, event=0.000000
12-24 23:02:14.565  1042  6412 I sensors-hal: handle_sns_client_event:44, ambient_light_event: ts=4087301218399156, event=0.000000
12-24 23:02:14.611  1169  1169 W Layer   : gatherBufferInfo: Received unknown dataspace from gralloc
12-24 23:02:14.612  1332  2383 D InputReader: Btn_touch(3): value=0 when=2829177.752422
12-24 23:02:14.612  1332  2383 I InputReader: Touch event's action is 0x1 (id=4, t=0) [pCnt=1, s=] when=2829177.752422
12-24 23:02:14.613  1332  2382 I InputDispatcher: Delivering touch to (6166): action: 0x1, f=0x0, d=0, '2407d5 ', t=1 +(-285,-1362)
12-24 23:02:14.613  6166  6166 I VRI[AppErrorDialogActivity]@a108bdf: ViewPostIme pointer 1
12-24 23:02:14.616  6166  6166 W ContextImpl: Calling a method in the system process without a qualified user: android.app.ContextImpl.sendBroadcast:1314 android.content.ContextWrapper.sendBroadcast:515 android.content.ContextWrapper.sendBroadcast:515 qi.a.b:40 xe.b.A0:21 
12-24 23:02:14.618  6166  6166 I WindowManager: WindowManagerGlobal#removeView, ty=2, view=com.android.internal.policy.DecorView{62fa6e7 V.E...... R......D 0,0-630,486}[AppErrorDialogActivity], caller=android.view.WindowManagerGlobal.removeView:626 android.view.WindowManagerImpl.removeViewImmediate:216 android.app.Dialog.dismissDialog:808 
12-24 23:02:14.618  6166  6166 W WindowOnBackDispatcher: sendCancelIfRunning: isInProgress=false callback=android.view.ViewRootImpl$$ExternalSyntheticLambda15@6897c5c
12-24 23:02:14.618  1332  9773 D CoreBackPreview: Window{2407d5 u0 com.samsung.android.lool/com.samsung.android.sm.iafd.dialog.AppErrorDialogActivity}: Setting back callback null
12-24 23:02:14.619  1332  1416 I ActivityManager: PendingStartActivityUids startActivity to updateOomAdj delay:1416ms, uid:1000
12-24 23:02:14.620  6166  6166 I VRI[AppErrorDialogActivity]@a108bdf: dispatchDetachedFromWindow
12-24 23:02:14.621  1332  6758 D InputTransport: Input channel destroyed: '2407d5 ', fd=865
12-24 23:02:14.621  1332  6758 W InputManager-JNI: Input channel object '2407d5 com.samsung.android.lool/com.samsung.android.sm.iafd.dialog.AppErrorDialogActivity (client)' was disposed without first being removed with the input manager!
12-24 23:02:14.621  1332  6758 D InputTransport: Input channel destroyed: '2407d5 ', fd=871
12-24 23:02:14.621  1332  6758 V WindowManager: Remove Window{2407d5 u0 com.samsung.android.lool/com.samsung.android.sm.iafd.dialog.AppErrorDialogActivity}: mSurfaceController=Surface(name=com.samsung.android.lool/com.samsung.android.sm.iafd.dialog.AppErrorDialogActivity$_6166)/@0xe68a9f0 mAnimatingExit=false mRemoveOnExit=false mHasSurface=true surfaceShowing=true animating=false app-animation=false mDisplayFrozen=false callers=com.android.server.wm.Session.remove:16 android.view.IWindowSession$Stub.onTransact:794 com.android.server.wm.Session.onTransact:1 android.os.Binder.execTransactInternal:1536 android.os.Binder.execTransact:1480 <bottom of call stack> 
12-24 23:02:14.621  1332  6758 V WindowManager: Loading animations: picked package=com.samsung.android.lool
12-24 23:02:14.621  1332  6758 I WindowManager: Reparenting to leash, surface=Surface(name=2407d5 com.samsung.android.lool/com.samsung.android.sm.iafd.dialog.AppErrorDialogActivity)/@0x32fe8bc, syncState=0, syncCommitDepth=0, leashParent=Surface(name=ActivityRecord{eedd3b0 u0 com.samsung.android.lool/com.samsung.android.sm.iafd.dialog.AppErrorDialogActivity t225})/@0x1b79045
12-24 23:02:14.622  1332  6758 D WindowManager: makeSurface duration=1 leash=Surface(name=Surface(name=2407d5 com.samsung.android.lool/com.samsung.android.sm.iafd.dialog.AppErrorDialogActivity)/@0x32fe8bc - animation-leash of window_animation)/@0x5f7ab69
12-24 23:02:14.622  1332  6758 D WindowManager: Changing focus from Window{2407d5 u0 com.samsung.android.lool/com.samsung.android.sm.iafd.dialog.AppErrorDialogActivity EXITING} to Window{54ede53 u0 com.samsung.android.lool/com.samsung.android.sm.iafd.dialog.AppErrorDialogActivity} displayId=0 Callers=com.android.server.wm.WindowState.removeIfPossible:600 com.android.server.wm.Session.remove:16 android.view.IWindowSession$Stub.onTransact:794 com.android.server.wm.Session.onTransact:1 
12-24 23:02:14.622  1332  6758 I WindowManager: Cancelling animation restarting=true, leash=Surface(name=Surface(name=4683ed6 TaskbarWindow)/@0x5817262 - animation-leash of insets_animation)/@0x93f1d78
12-24 23:02:14.622  1332  6758 I WindowManager: Reparenting to original parent: Surface(name=WindowToken{7d69844 type=2024 android.os.BinderProxy@d84fd66})/@0x2c3bff3, destroy=false, syncState=0, syncCommitDepth=0, surface=Surface(name=4683ed6 TaskbarWindow)/@0x5817262
12-24 23:02:14.623  1332  6758 I WindowManager: Reparenting to leash, surface=Surface(name=4683ed6 TaskbarWindow)/@0x5817262, syncState=0, syncCommitDepth=0, leashParent=Surface(name=WindowToken{7d69844 type=2024 android.os.BinderProxy@d84fd66})/@0x2c3bff3
12-24 23:02:14.623  1332  6758 D WindowManager: makeSurface duration=1 leash=Surface(name=Surface(name=4683ed6 TaskbarWindow)/@0x5817262 - animation-leash of insets_animation)/@0xe008e8f
12-24 23:02:14.624  1332  6758 D InsetsSourceProvider: updateControlForTarget: control=InsetsSourceControl: {274e0001 mType=navigationBars initiallyVisible mSurfacePosition=Point(0, 1848) mInsetsHint=Insets{left=0, top=0, right=0, bottom=72}}, target=Window{54ede53 u0 com.samsung.android.lool/com.samsung.android.sm.iafd.dialog.AppErrorDialogActivity}, from=com.android.server.wm.InsetsStateController.onControlTargetChanged:81 com.android.server.wm.InsetsPolicy.updateBarControlTarget:188 com.android.server.wm.DisplayPolicy.updateSystemBarAttributes:281 com.android.server.wm.WindowManagerService.updateFocusedWindowLocked:375 com.android.server.wm.WindowState.removeIfPossible:600 
12-24 23:02:14.624  1332  6758 I WindowManager: Cancelling animation restarting=true, leash=Surface(name=Surface(name=37978e1 StatusBar)/@0x1bcda5 - animation-leash of insets_animation)/@0xc695cb6
12-24 23:02:14.624  1332  6758 I WindowManager: Reparenting to original parent: Surface(name=WindowToken{c7004eb type=2000 android.os.BinderProxy@1268b65})/@0x71d057a, destroy=false, syncState=0, syncCommitDepth=0, surface=Surface(name=37978e1 StatusBar)/@0x1bcda5
12-24 23:02:14.624  1332  6758 I WindowManager: Reparenting to leash, surface=Surface(name=37978e1 StatusBar)/@0x1bcda5, syncState=0, syncCommitDepth=0, leashParent=Surface(name=WindowToken{c7004eb type=2000 android.os.BinderProxy@1268b65})/@0x71d057a
12-24 23:02:14.625  1332  6758 D WindowManager: makeSurface duration=1 leash=Surface(name=Surface(name=37978e1 StatusBar)/@0x1bcda5 - animation-leash of insets_animation)/@0xc569525
12-24 23:02:14.625  1332  6758 D InsetsSourceProvider: updateControlForTarget: control=InsetsSourceControl: {b9d0000 mType=statusBars initiallyVisible mSurfacePosition=Point(0, 0) mInsetsHint=Insets{left=0, top=36, right=0, bottom=0}}, target=Window{54ede53 u0 com.samsung.android.lool/com.samsung.android.sm.iafd.dialog.AppErrorDialogActivity}, from=com.android.server.wm.InsetsStateController.onControlTargetChanged:81 com.android.server.wm.InsetsPolicy.updateBarControlTarget:175 com.android.server.wm.DisplayPolicy.updateSystemBarAttributes:281 com.android.server.wm.WindowManagerService.updateFocusedWindowLocked:375 com.android.server.wm.WindowState.removeIfPossible:600 
12-24 23:02:14.625  1332  6758 V SystemKeyManager: updateFocusedWindow() is called, com.samsung.android.lool/com.samsung.android.sm.iafd.dialog.AppErrorDialogActivity
12-24 23:02:14.625  1169  1169 W Layer   : gatherBufferInfo: Received unknown dataspace from gralloc
12-24 23:02:14.628  1332  4655 D ActivityTaskManager: scheduleTopResumedActivityChanged, onTop=false, r=ActivityRecord{eedd3b0 u0 com.samsung.android.lool/com.samsung.android.sm.iafd.dialog.AppErrorDialogActivity t225 f}}, caller=com.android.server.wm.ActivityTaskSupervisor.scheduleTopResumedActivityStateLossIfNeeded:11 com.android.server.wm.ActivityTaskSupervisor.updateTopResumedActivityIfNeeded:19 com.android.server.wm.TaskDisplayArea.positionChildAt:270 com.android.server.wm.WindowContainer.positionChildAt:86 com.android.server.wm.Task.positionChildAt:19 com.android.server.wm.Task.moveToFront:443 
12-24 23:02:14.628  1332  4655 D WindowManager: Transition is created, t=TransitionRecord{1ecf6fa id=-1 type=CLOSE flags=0x0}, caller=com.android.server.wm.Transition.<init>:170 com.android.server.wm.TransitionController.createTransition:17 com.android.server.wm.TransitionController.requestCloseTransitionIfNeeded:72 com.android.server.wm.ActivityRecord.finishIfPossible:30 com.android.server.wm.ActivityClientController.finishActivity:225 
12-24 23:02:14.628  1332  4655 D BLASTSyncEngine: SyncGroup is created, id=881, name=Transition-CLOSE, caller=com.android.server.wm.BLASTSyncEngine$SyncGroup.<init>:51 com.android.server.wm.TransitionController.moveToCollecting:78 com.android.server.wm.TransitionController.createTransition:47 com.android.server.wm.TransitionController.requestCloseTransitionIfNeeded:72 com.android.server.wm.ActivityRecord.finishIfPossible:30 com.android.server.wm.ActivityClientController.finishActivity:225 android.app.IActivityClientController$Stub.onTransact:822 
12-24 23:02:14.628  1332  4655 W BLASTSyncEngine: setSyncMethod, id=881, method=0, caller=com.android.server.wm.TransitionController.moveToCollecting:90 com.android.server.wm.TransitionController.createTransition:47 com.android.server.wm.TransitionController.requestCloseTransitionIfNeeded:72 
12-24 23:02:14.628  1332  4655 V WindowManager: Start collecting in Transition: TransitionRecord{1ecf6fa id=881 type=CLOSE flags=0x0}, caller=com.android.server.wm.TransitionController.createTransition:47 com.android.server.wm.TransitionController.requestCloseTransitionIfNeeded:72 com.android.server.wm.ActivityRecord.finishIfPossible:30 com.android.server.wm.ActivityClientController.finishActivity:225 android.app.IActivityClientController$Stub.onTransact:822 
12-24 23:02:14.628  1332  4655 V WindowManager: Requesting StartTransition: TransitionRecord{1ecf6fa id=881 type=CLOSE flags=0x0}, caller=com.android.server.wm.TransitionController.requestCloseTransitionIfNeeded:80 com.android.server.wm.ActivityRecord.finishIfPossible:30 com.android.server.wm.ActivityClientController.finishActivity:225 android.app.IActivityClientController$Stub.onTransact:822 com.android.server.wm.ActivityClientController.onTransact:1 
12-24 23:02:14.629  1332  4655 V WindowManager: Collecting in transition 881: Task{41c68c8 #225 type=standard I=com.samsung.android.lool/com.samsung.android.sm.iafd.dialog.AppErrorDialogActivity}, caller=com.android.server.wm.Transition.collectExistenceChange:42 com.android.server.wm.Transition.collectClose:7 com.android.server.wm.ActivityRecord.finishIfPossible:44 com.android.server.wm.ActivityClientController.finishActivity:225 android.app.IActivityClientController$Stub.onTransact:822 
12-24 23:02:14.629  1332  4655 D WindowManager: prepareSync <SYNC_STATE_WAITING_FOR_DRAW>, mPrepareSyncSeqId=0, win=Window{2407d5 u0 com.samsung.android.lool/com.samsung.android.sm.iafd.dialog.AppErrorDialogActivity EXITING}
12-24 23:02:14.629  1332  4655 D WindowManager: prepareSync <SYNC_STATE_WAITING_FOR_DRAW>, mPrepareSyncSeqId=0, win=Window{54ede53 u0 com.samsung.android.lool/com.samsung.android.sm.iafd.dialog.AppErrorDialogActivity}
12-24 23:02:14.629  1332  4655 V WindowManager: Collecting in transition 881: ActivityRecord{eedd3b0 u0 com.samsung.android.lool/com.samsung.android.sm.iafd.dialog.AppErrorDialogActivity t225 f}}, caller=com.android.server.wm.TransitionController.collect:7 com.android.server.wm.ActivityRecord.setVisibility:189 com.android.server.wm.ActivityRecord.finishIfPossible:85 com.android.server.wm.ActivityClientController.finishActivity:225 android.app.IActivityClientController$Stub.onTransact:822 
12-24 23:02:14.631  2711  2767 V WindowManagerShell: Transition requested (#881): android.os.BinderProxy@1e4494f TransitionRequestInfo { type = CLOSE, triggerTask = TaskInfo{userId=0 taskId=225 displayId=0 isRunning=false baseIntent=Intent { act=com.samsung.android.sm.ACTION_START_APP_ERROR_DIALOG flg=0x14800000 pkg=com.samsung.android.lool cmp=com.samsung.android.lool/com.samsung.android.sm.iafd.dialog.AppErrorDialogActivity } baseActivity=null topActivity=null origActivity=null realActivity=ComponentInfo{com.samsung.android.lool/com.samsung.android.sm.iafd.dialog.AppErrorDialogActivity} numActivities=0 lastActiveTime=4087299503 supportsMultiWindow=true resizeMode=1 isResizeable=true minWidth=-1 minHeight=-1 maxWidth=-1 maxHeight=-1 defaultMinSize=220 token=WCT{android.window.IWindowContainerToken$Stub$Proxy@ea378dc} topActivityType=1 pictureInPictureParams=null shouldDockBigOverlays=false launchIntoPipHostTaskId=-1 lastParentTaskIdBeforePip=-1 displayCutoutSafeInsets=null topActivityInfo=null launchCookies=[] positionInParent=Point(0, 0) parentTaskId=-1 isFocused=true isVisible=true isVisibleRequested=true isSleeping=false topActivityInSizeCompat=false locusId=null displayAreaFeatureId=1 isTopActivityTransparent=false isTopActivityStyleFloating=false appCompatTaskInfo=AppCompatTaskInfo { topActivityInSizeCompat=false eligibleForLetterboxEducation= false isLetterboxEducationEnabled= false isLetterboxDoubleTapEnabled= false eligibleForUserAspectRatioButton= false topActivityBoundsLetterboxed= false isFromLetterboxDoubleTap= false topActivityLetterboxVerticalPosition= -1 topActivityLetterboxHorizontalPosition= -1 topActivityLetterboxWidth=-1 topActivityLetterboxHeight=-1 topActivityLetterboxAppWidth=-1 topActivityLetterboxAppHeight=-1 isUserFullscreenOverrideEnabled=false isSystemFullscreenOverrideEnabled=false hasMinAspectRatioOverride=false cameraCompatTaskInfo=CameraCompatTaskInfo { freeformCameraCompatMode=inactive} topActivityBounds=null topActivityInDisplayCompat=false} originallySupportedMultiWindow=true hasWallpaper=false rootAffinity=null isTopTaskInStage=false isTranslucentTask=true CoverLauncherWidgetTask=false isAllowedSeamlessRotation=false isTopTransparentActivity=true snappingGuideBounds=Rect(312, 510 - 888, 1374) isAliasManaged=false hasConfigChanged=false isAiKeyRemoveAppTask=false}, pipTask = null, remoteTransition = null, displayChange = null, flags = 0, debugId = 881 }
12-24 23:02:14.632  2971  3121 I HoneySpace.TopTaskSource: onTaskMovedToFront : taskId = 114, displayId = 0
12-24 23:02:14.632  1332  6758 V WindowManager: Starting Transition 881, caller=com.android.server.wm.WindowOrganizerController.startTransition:37 com.android.server.wm.WindowOrganizerController.startTransition:1 android.window.IWindowOrganizerController$Stub.onTransact:271 
12-24 23:02:14.633  2971  6840 I HoneySpace.RecentTasks: onRecentTasksChanged
12-24 23:02:14.633  2971  3123 I HoneySpace.TopTaskUseCase: topTaskId 114, DisplayId : 0
12-24 23:02:14.633  1332  6758 I SemDvfsHyPerManager: acquire hyper - AMS_APP_HOME/1332@28, type = -999
12-24 23:02:14.634  1045  1093 I HYPER-HAL: [RequestManager.cpp]acquire(): Acquired ID : 925508  [1332 / 28]    HINT : AMS_APP_HOME    list : 
12-24 23:02:14.634  1045  1093 I HYPER-HAL: [ResourceManager.cpp]updateResource(): [CPULittleMinFreq] UpdateResource Request ID : 925508    Value : 1804800
12-24 23:02:14.634  1332  1401 D PowerManagerService: [api] setPowerBoost(L) boost:0, durationMs:0, caller (uid: 1000 pid: 1332) <- m() in com.android.server.display.DisplayManagerService$BinderService$$ExternalSyntheticOutline0:1
12-24 23:02:14.634  1332  1399 D SGM:FgCheckThread: notePauseComponent(), received pkgName: com.samsung.android.lool, userId: 0
12-24 23:02:14.634  1332  1399 D SGM:FgCheckThread: notePauseComponent(), received pkgName: com.samsung.android.lool, userId: 0
12-24 23:02:14.634  1332  1399 D SGM:FgCheckThread: notifyFocusInOut(). of pkg: com.samsung.android.lool, type: 20, isSecGameFamily: false, userId: 0
12-24 23:02:14.635  1332  6758 D ActivityManagerPerformance: AMP_acquire() HOME
12-24 23:02:14.636  1332  4655 D InputDispatcher: Focus left window (0): 2407d5 com.samsung.android.lool/com.samsung.android.sm.iafd.dialog.AppErrorDialogActivity
12-24 23:02:14.636  1332  6758 D SGM:FgCheckThread: TaskStackListener.onTaskFocusChanged(), taskId=225, focused=false
12-24 23:02:14.636  1332  6758 D SGM:FgCheckThread: TaskStackListener.onTaskFocusChanged(), taskId=114, focused=true
12-24 23:02:14.636  1332  1399 D SGM:GameManager: identifyGamePackage. com.samsung.android.lool, mCurrentUserId: 0, callerUserId: 0, callingMethodInfo: com.samsung.android.game.SemGameManager.isGamePackage(SemGameManager.java:105)
12-24 23:02:14.636  1332  1399 D SGM:SemGameManager: isGamePackage(), pkgName=com.samsung.android.lool, ret=false
12-24 23:02:14.636  1332  1399 D SGM:FgCheckThread:   notifyFocusInOut(). unexpected type. 20
12-24 23:02:14.636  1332  6758 D SGM:FgCheckThread:   sendRunningComponentFocus(), pkgName: com.sec.android.app.launcher, userId: 0
12-24 23:02:14.637  1332  2566 D AS.MultiSoundManager: mForegroundUid = 10117
12-24 23:02:14.637  1332  6758 D InputDispatcher: Focused application(0): ActivityRecord{6d23448 u0 com.sec.android.app.launcher/.activities.LauncherActivity t114}
12-24 23:02:14.637  1332  2400 D SGM:FgCheckThread: onLooperPrepared(), msg: MSG_TASK_FOCUSED, pkgName: com.sec.android.app.launcher, userId: 0
12-24 23:02:14.637  1332  2400 D SGM:FgCheckThread: handleTaskFocused().
12-24 23:02:14.637  1332  2400 D SGM:FgCheckThread:   handleTaskFocused(), pkgName: com.sec.android.app.launcher, userID:0 mResumedPkgMap does not containsKey.
12-24 23:02:14.638  1332  6758 D WindowManager: Changing focus from Window{54ede53 u0 com.samsung.android.lool/com.samsung.android.sm.iafd.dialog.AppErrorDialogActivity} to Window{1187f14 u0 com.sec.android.app.launcher/com.sec.android.app.launcher.activities.LauncherActivity} displayId=0 Callers=com.android.server.wm.ActivityTaskManagerService.setLastResumedActivityUncheckLocked:264 com.android.server.wm.ActivityTaskSupervisor.updateTopResumedActivityIfNeeded:50 com.android.server.wm.TaskFragment.setResumedActivity:29 com.android.server.wm.ActivityRecord.setState:104 
12-24 23:02:14.638  1332  6758 I WindowManager: Cancelling animation restarting=true, leash=Surface(name=Surface(name=4683ed6 TaskbarWindow)/@0x5817262 - animation-leash of insets_animation)/@0xe008e8f
12-24 23:02:14.638  1332  6758 I WindowManager: Reparenting to original parent: Surface(name=WindowToken{7d69844 type=2024 android.os.BinderProxy@d84fd66})/@0x2c3bff3, destroy=false, syncState=0, syncCommitDepth=0, surface=Surface(name=4683ed6 TaskbarWindow)/@0x5817262
12-24 23:02:14.638  1332  6758 I WindowManager: Reparenting to leash, surface=Surface(name=4683ed6 TaskbarWindow)/@0x5817262, syncState=0, syncCommitDepth=0, leashParent=Surface(name=WindowToken{7d69844 type=2024 android.os.BinderProxy@d84fd66})/@0x2c3bff3
12-24 23:02:14.639  1332  6758 D WindowManager: makeSurface duration=0 leash=Surface(name=Surface(name=4683ed6 TaskbarWindow)/@0x5817262 - animation-leash of insets_animation)/@0x8d3c708
12-24 23:02:14.639  1332  6758 D InsetsSourceProvider: updateControlForTarget: control=InsetsSourceControl: {274e0001 mType=navigationBars initiallyVisible mSurfacePosition=Point(0, 1848) mInsetsHint=Insets{left=0, top=0, right=0, bottom=72}}, target=Window{1187f14 u0 com.sec.android.app.launcher/com.sec.android.app.launcher.activities.LauncherActivity}, from=com.android.server.wm.InsetsStateController.onControlTargetChanged:81 com.android.server.wm.InsetsPolicy.updateBarControlTarget:188 com.android.server.wm.DisplayPolicy.updateSystemBarAttributes:281 com.android.server.wm.WindowManagerService.updateFocusedWindowLocked:375 com.android.server.wm.ActivityTaskManagerService.setLastResumedActivityUncheckLocked:264 
12-24 23:02:14.639  1332  6758 I WindowManager: Cancelling animation restarting=true, leash=Surface(name=Surface(name=37978e1 StatusBar)/@0x1bcda5 - animation-leash of insets_animation)/@0xc569525
12-24 23:02:14.639  1332  6758 I WindowManager: Reparenting to original parent: Surface(name=WindowToken{c7004eb type=2000 android.os.BinderProxy@1268b65})/@0x71d057a, destroy=false, syncState=0, syncCommitDepth=0, surface=Surface(name=37978e1 StatusBar)/@0x1bcda5
12-24 23:02:14.639  1332  6758 I WindowManager: Reparenting to leash, surface=Surface(name=37978e1 StatusBar)/@0x1bcda5, syncState=0, syncCommitDepth=0, leashParent=Surface(name=WindowToken{c7004eb type=2000 android.os.BinderProxy@1268b65})/@0x71d057a
12-24 23:02:14.639  1045  1093 I HYPER-HAL: [ResourceManager.cpp]updateResource(): [CPUMinFreq] UpdateResource Request ID : 925508    Value : 2208000
12-24 23:02:14.640  1332  6758 D WindowManager: makeSurface duration=0 leash=Surface(name=Surface(name=37978e1 StatusBar)/@0x1bcda5 - animation-leash of insets_animation)/@0xb8388c6
12-24 23:02:14.640  1332  6758 D InsetsSourceProvider: updateControlForTarget: control=InsetsSourceControl: {b9d0000 mType=statusBars initiallyVisible mSurfacePosition=Point(0, 0) mInsetsHint=Insets{left=0, top=36, right=0, bottom=0}}, target=Window{1187f14 u0 com.sec.android.app.launcher/com.sec.android.app.launcher.activities.LauncherActivity}, from=com.android.server.wm.InsetsStateController.onControlTargetChanged:81 com.android.server.wm.InsetsPolicy.updateBarControlTarget:175 com.android.server.wm.DisplayPolicy.updateSystemBarAttributes:281 com.android.server.wm.WindowManagerService.updateFocusedWindowLocked:375 com.android.server.wm.ActivityTaskManagerService.setLastResumedActivityUncheckLocked:264 
12-24 23:02:14.640  1332  6758 D WindowManager: updateSystemBarAttributes: displayId=0, focusedCanBeNavColorWin=false, win=Window{1187f14 u0 com.sec.android.app.launcher/com.sec.android.app.launcher.activities.LauncherActivity}, navColorWin=Window{1187f14 u0 com.sec.android.app.launcher/com.sec.android.app.launcher.activities.LauncherActivity}, caller=com.android.server.wm.WindowManagerService.updateFocusedWindowLocked:375 com.android.server.wm.ActivityTaskManagerService.setLastResumedActivityUncheckLocked:264 com.android.server.wm.ActivityTaskSupervisor.updateTopResumedActivityIfNeeded:50 
12-24 23:02:14.641  1332  6758 D WindowManager: updateSystemBarAttributes, bhv=2, apr=0, statusBarAprRegions=[AppearanceRegion{ bounds=[0,0][1200,1920]}], requestedVisibilities=-9
12-24 23:02:14.641  2711  2711 D TaskBarDelegate: onSystemBarAttributesChanged() -  displayId:0, appearance:0, navbarColorManagedByIme: false, packageName: com.sec.android.app.launcher
12-24 23:02:14.641  2711  2711 D SysUiState: SysUiState changed: old=0x10020000 new=0x10000000
12-24 23:02:14.641  1332  6758 V SystemKeyManager: updateFocusedWindow() is called, com.sec.android.app.launcher/com.sec.android.app.launcher.activities.LauncherActivity
12-24 23:02:14.641  1332  6758 D ActivityTaskManager: scheduleTopResumedActivityChanged, onTop=true, r=ActivityRecord{6d23448 u0 com.sec.android.app.launcher/.activities.LauncherActivity t114}, caller=com.android.server.wm.ActivityTaskSupervisor.updateTopResumedActivityIfNeeded:62 com.android.server.wm.TaskFragment.setResumedActivity:29 com.android.server.wm.ActivityRecord.setState:104 com.android.server.wm.TaskFragment.resumeTopActivity:1817 com.android.server.wm.Task.resumeTopActivityInnerLocked:98 com.android.server.wm.Task.resumeTopActivityUncheckedLocked:23 
12-24 23:02:14.641  2971  3120 I HoneySpace.TaskbarEventTracker: invokeEvent() called with: event = OnSystemBarAttributesChanged(displayId=0, behavior=2)
12-24 23:02:14.642  2971  3120 I HoneySpace.TaskbarEventTracker: invokeEvent() called with: event = HandleNavigationBarEvent(eventData=NavBarEvents(eventType=ON_APPEARANCE_CHANGED, iconType=null, remoteViewBundle=null, iconBitmapBundle=null, orderDefault=true, position=0, rotationLocked=false, transientShowing=false, appearance=0, pluginBundle=null, hiddenByKnox=false, insetsBundle=null))
12-24 23:02:14.642  1332  6758 V WindowManager: Computed rotation=ROTATION_0 (0) for display id=0 based on lastOrientation=SCREEN_ORIENTATION_UNSPECIFIED (-1) and oldRotation=ROTATION_0 (0), caller=com.android.server.wm.DisplayRotation.updateOrientation:25 com.android.server.wm.DisplayContent.updateOrientation:64 com.android.server.wm.DisplayContent.updateOrientation:10 com.android.server.wm.RootWindowContainer.ensureVisibilityAndConfig:7 com.android.server.wm.TaskFragment.resumeTopActivity:1836 com.android.server.wm.Task.resumeTopActivityInnerLocked:98 
12-24 23:02:14.642  2971  2234 I HoneySpace.SystemUiRepository: systemUiFlags: awake
12-24 23:02:14.642  1332  6758 D WindowManagerServiceExt: updateTaskbarTargetIfNeeded: reset
12-24 23:02:14.642  1332  6758 D DeviceReportingSecurityChecker: getStatus
12-24 23:02:14.642  1332  6758 D DeviceReportingSecurityChecker: mIsICDStatus is true
12-24 23:02:14.642  1332  6758 D DeviceReportingSecurityChecker: mIsSim is true
12-24 23:02:14.642  1332  6758 D DeviceReportingSecurityChecker: mIsEchoAppSignature is true
12-24 23:02:14.643  1332  6758 D DeviceReportingSecurityChecker: security check passed
12-24 23:02:14.643  1332  6758 D DeviceReportingSecurityChecker: mIsICDStatus === true mIsSim == true mIsMyAccountSignature== false mIsEchoAppSignature== true mIsSprintHubSignature== false
12-24 23:02:14.644  2971  3120 I HoneySpace.TaskbarEventTracker: invokeEvent() called with: event = SystemUiStateChanged(stateFlags=268435456)
12-24 23:02:14.644  1332  6758 V WindowManager: SyncGroup 881: Finished!
12-24 23:02:14.644  2971  2971 I HoneySpace.Launcher: !@Boot_EBS_D: Launcher.onResume()
12-24 23:02:14.644  1332  6758 D ChangeTransitionController: onTransactionReady: TransitionRecord{1ecf6fa id=881 type=CLOSE flags=0x0}
12-24 23:02:14.644  1332  6758 V WindowManager: Start calculating TransitionInfo based on participants: {Task{41c68c8 #225 type=standard I=com.samsung.android.lool/com.samsung.android.sm.iafd.dialog.AppErrorDialogActivity}, ActivityRecord{eedd3b0 u0 com.samsung.android.lool/com.samsung.android.sm.iafd.dialog.AppErrorDialogActivity t225 f}}}
12-24 23:02:14.645  1332  6758 V WindowManager:   Final targets: [Task{41c68c8 #225 type=standard I=com.samsung.android.lool/com.samsung.android.sm.iafd.dialog.AppErrorDialogActivity}]
12-24 23:02:14.645  2971  6839 I HoneySpace.Memory-Monitor: cancelTrimIfNeeded
12-24 23:02:14.645  2971  2971 I HoneySpace.Launcher: updateLauncherShowing false -> true
12-24 23:02:14.646  2971  2971 I HoneySpace.ShellTransitionManager: myHomeResumed
12-24 23:02:14.646  2971  6851 I HoneySpace.PredictionDataSourceImpl: requestPredictionUpdate 0 true
12-24 23:02:14.646  2971  2971 I HoneySpace.CapturedBlurManager: capturedBlurView: resume(11471413)
12-24 23:02:14.646  2971  2971 I HoneySpace.ResumeTimer: last resume updated : 2829177786
12-24 23:02:14.646  1332  6758 V WindowManager: Calling onTransitionReady: {id=881 t=CLOSE f=0x0 trk=0 r=[0@Point(0, 0)] c=[
12-24 23:02:14.646  1332  6758 V WindowManager:         {WCT{RemoteToken{bc5ebc1 Task{41c68c8 #225 type=standard I=com.samsung.android.lool/com.samsung.android.sm.iafd.dialog.AppErrorDialogActivity}}} m=CLOSE f=TRANSLUCENT|EDGE_EXTENSION_RESTRICTION leash=Surface(name=Task=225)/@0xa99c4cb sb=Rect(0, 0 - 1200, 1920) eb=Rect(0, 0 - 1200, 1920) d=0 taskParent=-1 inset=Rect(0, 36 - 0, 72)}
12-24 23:02:14.646  1332  6758 V WindowManager:     ]}
12-24 23:02:14.646  2971  6851 I HoneySpace.PredictionDataSourceImpl: requestPredictionUpdate 1 true
12-24 23:02:14.647  1332  6758 D RestrictionPolicy: isScreenCaptureEnabled : ret=true userId=0
12-24 23:02:14.647  1332  6758 D RestrictionPolicy: isScreenCaptureEnabled : ret=true userId=0
12-24 23:02:14.647  1332  6758 D ScreenCapture: [Capture_TEST] : setIsScreenShotBySystem false
12-24 23:02:14.647  2971  2971 I SearchHoneyPot: onViewCreated: onResume
12-24 23:02:14.648  2971  2234 I HoneySpace.TaskbarVisibilityController: launcher showing: true recent showing: false 
12-24 23:02:14.648  5992  5992 I bpbl    : onResume
12-24 23:02:14.648  2711 13441 V WindowManagerShell: onTransitionReady(transaction=5720896518847)
12-24 23:02:14.648  2971  4709 I HoneySpace.SPayHandler: updateSpayHandler, show = false, defaultPage = true
12-24 23:02:14.649  2971  2971 I HoneySpace.TaskbarPot@36314853: HandleNavigationBarEvent: ON_APPEARANCE_CHANGED
12-24 23:02:14.649  2971  2971 I HoneySpace.TaskbarPot@36314853: updateAppearance appearance:0
12-24 23:02:14.649  2971  2971 I HoneySpace.TaskbarPot@36314853: setTaskbarBGAlpha default : true, fixAlpha : 0
12-24 23:02:14.664  2971  5636 I HoneySpace.PredictionDataSourceImpl: TYPE_SUGGESTED_APPS updated: 9
12-24 23:02:14.665  1042  6412 I sensors-hal: handle_sns_client_event:44, ambient_light_event: ts=4087301318158271, event=0.000000
12-24 23:02:14.665  1042  6412 I sensors-hal: handle_sns_client_event:44, ambient_light_event: ts=4087301318398636, event=0.000000
12-24 23:02:14.665  1332  1396 V WindowManager: Sent Transition (#881) createdAt=12-24 23:02:14.628 via request=TransitionRequestInfo { type = CLOSE, triggerTask = TaskInfo{userId=0 taskId=225 displayId=0 isRunning=false baseIntent=Intent { act=com.samsung.android.sm.ACTION_START_APP_ERROR_DIALOG flg=0x14800000 pkg=com.samsung.android.lool cmp=com.samsung.android.lool/com.samsung.android.sm.iafd.dialog.AppErrorDialogActivity } baseActivity=null topActivity=null origActivity=null realActivity=ComponentInfo{com.samsung.android.lool/com.samsung.android.sm.iafd.dialog.AppErrorDialogActivity} numActivities=0 lastActiveTime=4087299503 supportsMultiWindow=true resizeMode=1 isResizeable=true minWidth=-1 minHeight=-1 maxWidth=-1 maxHeight=-1 defaultMinSize=220 token=WCT{RemoteToken{bc5ebc1 Task{41c68c8 #225 type=standard I=com.samsung.android.lool/com.samsung.android.sm.iafd.dialog.AppErrorDialogActivity}}} topActivityType=1 pictureInPictureParams=null shouldDockBigOverlays=false launchIntoPipHostTaskId=-1 lastParentTaskIdBeforePip=-1 displayCutoutSafeInsets=null topActivityInfo=null launchCookies=[] positionInParent=Point(0, 0) parentTaskId=-1 isFocused=true isVisible=true isVisibleRequested=true isSleeping=false topActivityInSizeCompat=false locusId=null displayAreaFeatureId=1 isTopActivityTransparent=false isTopActivityStyleFloating=false appCompatTaskInfo=AppCompatTaskInfo { topActivityInSizeCompat=false eligibleForLetterboxEducation= false isLetterboxEducationEnabled= false isLetterboxDoubleTapEnabled= false eligibleForUserAspectRatioButton= false topActivityBoundsLetterboxed= false isFromLetterboxDoubleTap= false topActivityLetterboxVerticalPosition= -1 topActivityLetterboxHorizontalPosition= -1 topActivityLetterboxWidth=-1 topActivityLetterboxHeight=-1 topActivityLetterboxAppWidth=-1 topActivityLetterboxAppHeight=-1 isUserFullscreenOverrideEnabled=false isSystemFullscreenOverrideEnabled=false hasMinAspectRatioOverride=false cameraCompatTaskInfo=CameraCompatTaskInfo { freeformCameraCompatMode=inactive} topActivityBounds=null topActivityInDisplayCompat=false} originallySupportedMultiWindow=true hasWallpaper=false rootAffinity=null isTopTaskInStage=false isTranslucentTask=true CoverLauncherWidgetTask=false isAllowedSeamlessRotation=false isTopTransparentActivity=true snappingGuideBounds=Rect(312, 510 - 888, 1374) isAliasManaged=false hasConfigChanged=false isAiKeyRemoveAppTask=false}, pipTask = null, remoteTransition = null, displayChange = null, flags = 0, debugId = 881 }
12-24 23:02:14.666  1332  1396 V WindowManager:     startWCT=WindowContainerTransaction { changes = {} hops = [] errorCallbackToken=null taskFragmentOrganizer=null }
12-24 23:02:14.666  1332  1396 V WindowManager:     info={id=881 t=CLOSE f=0x0 trk=0 r=[0@Point(0, 0)] c=[
12-24 23:02:14.666  1332  1396 V WindowManager:         {WCT{RemoteToken{bc5ebc1 Task{41c68c8 #225 type=standard I=com.samsung.android.lool/com.samsung.android.sm.iafd.dialog.AppErrorDialogActivity}}} m=CLOSE f=TRANSLUCENT|EDGE_EXTENSION_RESTRICTION leash=Surface(name=Task=225)/@0xa99c4cb sb=Rect(0, 0 - 1200, 1920) eb=Rect(0, 0 - 1200, 1920) d=0 taskParent=-1 inset=Rect(0, 36 - 0, 72)}
12-24 23:02:14.666  1332  1396 V WindowManager:     ]}
12-24 23:02:14.667  1169  1169 W Layer   : gatherBufferInfo: Received unknown dataspace from gralloc
12-24 23:02:14.668  6166  6166 I InsetsController: onStateChanged: host=com.samsung.android.lool/com.samsung.android.sm.iafd.dialog.AppErrorDialogActivity, from=android.view.ViewRootImpl.handleInsetsControlChanged:2888, state=InsetsState: {mDisplayFrame=Rect(0, 0 - 1200, 1920), mDisplayCutout=DisplayCutout{insets=Rect(0, 0 - 0, 0) waterfall=Insets{left=0, top=0, right=0, bottom=0} boundingRect={Bounds=[Rect(0, 0 - 0, 0), Rect(0, 0 - 0, 0), Rect(0, 0 - 0, 0), Rect(0, 0 - 0, 0)]} cutoutPathParserInfo={CutoutPathParserInfo{displayWidth=0 displayHeight=0 physicalDisplayWidth=0 physicalDisplayHeight=0 density={0.0} cutoutSpec={} rotation={0} scale={0.0} physicalPixelDisplaySizeRatio={0.0}}} sideOverrides=null}, mRoundedCorners=RoundedCorners{[RoundedCorner{position=TopLeft, radius=20, center=Point(20, 20)}, RoundedCorner{position=TopRight, radius=20, center=Point(1180, 20)}, RoundedCorner{position=BottomRight, radius=20, center=Point(1180, 1900)}, RoundedCorner{position=BottomLeft, radius=20, center=Point(20, 1900)}]}  mRoundedCornerFrame=Rect(0, 0 - 1200, 1920), mPrivacyIndicatorBounds=PrivacyIndicatorBounds {static bounds=Rect(1134, 0 - 1200, 36) rotation=0}, mDisplayShape=DisplayShape{ spec=-311912193 displayWidth=1200 displayHeight=1920 physicalPixelDisplaySizeRatio=1.0 rotation=0 offsetX=0 offsetY=0 scale=1.0}, mSources= { InsetsSource: {3 mType=ime mFrame=[0,0][0,0] mVisible=false mFlags= mSideHint=NONE mBoundingRects=null}, InsetsSource: {b9d0000 mType=statusBars mFrame=[0,0][1200,36] mVisible=true mFlags= mSideHint=TOP mBoundingRects=null}, InsetsSource: {b9d0005 mType=mandatorySystemGestures mFrame=[0,0][1200,36] mVisible=true mFlags= mSideHint=TOP mBoundingRects=null}, InsetsSource: {b9d0006 mType=tappableElement mFrame=[0,0][1200,36] mVisible=true mFlags= mSideHint=TOP mBoundingRects=null}, InsetsSource: {274e0001 mType=navigationBars mFrame=[0,1848][1200,1920] mVisible=true mFlags= mSideHint=BOTTOM mBoundingRects=null}, InsetsSource: {274e0004 mType=systemGestures mFrame=[0,0][0,0] mVisible=true mFlags= mSideHint=NONE mBoundingRects=null}, InsetsSource: {274e0005 mType=mandatorySystemGestures mFrame=[0,1848][1200,1920] mVisible=true mFlags= mSideHint=BOTTOM mBoundingRects=null}, InsetsSource: {274e0006 mType=tappableElement mFrame=[0,1848][1200,1920] mVisible=true mFlags= mSideHint=BOTTOM mBoundingRects=null}, InsetsSource: {274e0024 mType=systemGestures mFrame=[0,0][0,0] mVisible=true mFlags= mSideHint=NONE mBoundingRects=null} }
12-24 23:02:14.668  2971  5647 I HoneySpace.PredictionDataSourceImpl: TYPE_RECOMMENDED_WIDGETS updated: 17
12-24 23:02:14.669  2971  2971 I InsetsSourceConsumer: applyRequestedVisibilityToControl: visible=true, type=navigationBars, host=com.sec.android.app.launcher/com.sec.android.app.launcher.activities.LauncherActivity
12-24 23:02:14.670  2971  2971 I InsetsSourceConsumer: applyRequestedVisibilityToControl: visible=true, type=statusBars, host=com.sec.android.app.launcher/com.sec.android.app.launcher.activities.LauncherActivity
12-24 23:02:14.670  1332  2587 I CocktailBarManagerServiceContainer: handleMessage: entry what = 6
12-24 23:02:14.670  1332  2587 I CocktailBarManagerServiceImpl: notePauseComponent : no active host
12-24 23:02:14.671  2711  2767 E CompatUIController: no activity bounds
12-24 23:02:14.671  2711  2767 V WindowManagerShell: onTransitionReady (#881) android.os.BinderProxy@1e4494f: {id=881 t=CLOSE f=0x0 trk=0 r=[0@Point(0, 0)] c=[{WCT{android.window.IWindowContainerToken$Stub$Proxy@c62b6b} m=CLOSE f=TRANSLUCENT|EDGE_EXTENSION_RESTRICTION leash=Surface(name=Task=225)/@0x95ade5 sb=Rect(0, 0 - 1200, 1920) eb=Rect(0, 0 - 1200, 1920) d=0 taskParent=-1 inset=Rect(0, 36 - 0, 72)}]}
12-24 23:02:14.671  2711  2767 I SurfaceControlRegistry: hide, t=FinishTransaction_SyncId<881> sc=Task=225, caller=android.view.SurfaceControl$Transaction.hide:3258 com.android.wm.shell.transition.Transitions.dispatchReady:929 com.android.wm.shell.transition.Transitions.onTransitionReady:243 com.android.wm.shell.transition.Transitions$TransitionPlayerImpl$$ExternalSyntheticLambda0.run:13 android.os.Handler.handleCallback:959 android.os.Handler.dispatchMessage:100 
12-24 23:02:14.671  2711  2767 V WindowManagerShell: Playing animation for (#881) android.os.BinderProxy@1e4494f@0
12-24 23:02:14.671  2711  2767 I SurfaceControlRegistry: show, t=StartTransaction_SyncId<881> sc=Transition Root: Task=225, caller=android.view.SurfaceControl$Transaction.show:3232 com.android.wm.shell.transition.Transitions.playTransition:81 com.android.wm.shell.transition.Transitions.processReadyQueue:250 com.android.wm.shell.transition.Transitions.dispatchReady:1007 com.android.wm.shell.transition.Transitions.onTransitionReady:243 com.android.wm.shell.transition.Transitions$TransitionPlayerImpl$$ExternalSyntheticLambda0.run:13 
12-24 23:02:14.671  2711  2767 V WindowManagerShell:  try handler com.android.wm.shell.transition.DefaultMixedHandler@f61b9e2
12-24 23:02:14.671  2711  2767 V WindowManagerShell:  try handler com.android.wm.shell.keyguard.KeyguardTransitionHandler@a0b3173
12-24 23:02:14.671  2711  2767 V WindowManagerShell:  try handler com.android.wm.shell.pip.PipTransition@d1ec9eb
12-24 23:02:14.671  2711  2767 V WindowManagerShell:  try handler com.android.wm.shell.activityembedding.ActivityEmbeddingController@e63c348
12-24 23:02:14.672  2711  2767 V WindowManagerShell:  try handler com.android.wm.shell.splitscreen.StageCoordinator@7aa45e1
12-24 23:02:14.672  2711  2767 V WindowManagerShell:  try handler com.android.wm.shell.recents.RecentsTransitionHandler@1d07f06
12-24 23:02:14.672  2711  2767 V ShellRecents: RecentsTransitionHandler.startAnimation: no controller found
12-24 23:02:14.672  2711  2767 V WindowManagerShell:  try handler com.android.wm.shell.transition.RemoteTransitionHandler@11e19c7
12-24 23:02:14.672  2711  2767 V WindowManagerShell: Transition doesn't have explicit remote, search filters for match for {id=881 t=CLOSE f=0x0 trk=0 r=[0@Point(0, 0)] c=[{WCT{android.window.IWindowContainerToken$Stub$Proxy@c62b6b} m=CLOSE f=TRANSLUCENT|EDGE_EXTENSION_RESTRICTION leash=Surface(name=Task=225)/@0x95ade5 sb=Rect(0, 0 - 1200, 1920) eb=Rect(0, 0 - 1200, 1920) d=0 taskParent=-1 inset=Rect(0, 36 - 0, 72)}]}
12-24 23:02:14.672  2971  2234 I HoneySpace.HistoryViewModel@75334967@OneUI: task bar is not showing. skip load history items
