12-22 05:46:52.253 25031 25031 E AndroidRuntime: 	at Avalonia.PropertyStore.EffectiveValue`1[[System.Object, System.Private.CoreLib, Version=10.0.0.0, Culture=neutral, PublicKeyToken=7cec85d7bea7798e]].SetLocalValueAndRaise + 0x0(Unknown Source)
12-22 05:46:52.253 25031 25031 E AndroidRuntime: 	at Avalonia.PropertyStore.ValueStore.SetLocalValue + 0xb(Unknown Source)
12-22 05:46:52.253 25031 25031 E AndroidRuntime: 	at Avalonia.PropertyStore.ValueStore.SetValue + 0xaa(Unknown Source)
12-22 05:46:52.253 25031 25031 E AndroidRuntime: 	at Avalonia.AvaloniaObject.SetValue + 0x4b(Unknown Source)
12-22 05:46:52.253 25031 25031 E AndroidRuntime: 	at Avalonia.Controls.ContentControl.set_Content + 0x0(Unknown Source)
12-22 05:46:52.253 25031 25031 E AndroidRuntime: 	at Avalonia.Android.AvaloniaView.set_Content + 0x0(Unknown Source)
12-22 05:46:52.253 25031 25031 E AndroidRuntime: 	at Avalonia.Android.AvaloniaActivity.set_Content + 0x6c(Unknown Source)
12-22 05:46:52.253 25031 25031 E AndroidRuntime: 	at Avalonia.Android.SingleViewLifetime.set_MainView + 0x18(Unknown Source)
12-22 05:46:52.253 25031 25031 E AndroidRuntime: 	at MyDesktopApplication.Android.App+<OnFrameworkInitializationCompleted>d__2.MoveNext + 0xd4(Unknown Source)
12-22 05:46:52.253 25031 25031 E AndroidRuntime: 	at System.Runtime.ExceptionServices.ExceptionDispatchInfo.Throw + 0x11(Unknown Source)
12-22 05:46:52.253 25031 25031 E AndroidRuntime: 	at Avalonia.Threading.SendOrPostCallbackDispatcherOperation.InvokeCore + 0xb7(Unknown Source)
12-22 05:46:52.253 25031 25031 E AndroidRuntime: 	at Avalonia.Threading.DispatcherOperation.Execute + 0x12(Unknown Source)
12-22 05:46:52.253 25031 25031 E AndroidRuntime: 	at Avalonia.Threading.Dispatcher.ExecuteJob + 0x3a(Unknown Source)
12-22 05:46:52.253 25031 25031 E AndroidRuntime: 	at Avalonia.Threading.Dispatcher.ExecuteJobsCore + 0x59(Unknown Source)
12-22 05:46:52.253 25031 25031 E AndroidRuntime: 	at Avalonia.Threading.Dispatcher.OnOSTimer + 0xd8(Unknown Source)
12-22 05:46:52.253 25031 25031 E AndroidRuntime: 	at Avalonia.Threading.LegacyDispatcherImpl.OnTick + 0x22(Unknown Source)
12-22 05:46:52.253 25031 25031 E AndroidRuntime: 	at Avalonia.Android.AndroidThreadingInterface+<>c__DisplayClass3_0.<StartTimer>b__2 + 0x0(Unknown Source)
12-22 05:46:52.256 25031 25031 I MonoDroid: UNHANDLED EXCEPTION:
12-22 05:46:52.258 25031 25031 I MonoDroid: Android.Runtime.JavaProxyThrowable: Exception_WasThrown, Android.Runtime.JavaProxyThrowable
12-22 05:46:52.260  1332  2857 D Debug   : low && ship && 3rdparty app crash, do not dump
12-22 05:46:52.260  1332 25073 I DropBoxManagerService: add tag=data_app_crash isTagEnabled=true flags=0x2
12-22 05:46:52.261  1332  2857 W ActivityTaskManager:   Force finishing activity com.mydesktopapplication.app/crc648a10417f6d1065e1.MainActivity
12-22 05:46:52.261  1332 25074 W ActivityManager: crash : com.mydesktopapplication.app,10309
12-22 05:46:52.264  1332  2857 D ActivityTaskManager: scheduleTopResumedActivityChanged, onTop=false, r=ActivityRecord{a5ddf08 u0 com.mydesktopapplication.app/crc648a10417f6d1065e1.MainActivity t194 f}}, caller=com.android.server.wm.ActivityTaskSupervisor.scheduleTopResumedActivityStateLossIfNeeded:11 com.android.server.wm.ActivityTaskSupervisor.updateTopResumedActivityIfNeeded:19 com.android.server.wm.TaskDisplayArea.positionChildAt:270 com.android.server.wm.WindowContainer.positionChildAt:86 com.android.server.wm.Task.positionChildAt:19 com.android.server.wm.Task.moveToFront:443 
12-22 05:46:52.264  1332  2857 V WindowManager: Collecting in transition 770: Task{c1c96a1 #194 type=standard A=10309:com.mydesktopapplication.app}, caller=com.android.server.wm.Transition.collectExistenceChange:42 com.android.server.wm.Transition.collectClose:7 com.android.server.wm.ActivityRecord.finishIfPossible:46 com.android.server.wm.ActivityRecord.finishIfPossible:1 com.android.server.wm.RootWindowContainer$$ExternalSyntheticLambda29.accept:182 
12-22 05:46:52.264  1332  2857 D WindowManager: prepareSync <SYNC_STATE_WAITING_FOR_DRAW>, mPrepareSyncSeqId=0, win=Window{67a5623 u0 Splash Screen com.mydesktopapplication.app}
12-22 05:46:52.265  1332  2857 D WindowManager: prepareSync <SYNC_STATE_WAITING_FOR_DRAW>, mPrepareSyncSeqId=0, win=Window{6ff860a u0 com.mydesktopapplication.app/crc648a10417f6d1065e1.MainActivity}
12-22 05:46:52.265  1332  2857 V WindowManager: Collecting in transition 770: ActivityRecord{a5ddf08 u0 com.mydesktopapplication.app/crc648a10417f6d1065e1.MainActivity t194 f}}, caller=com.android.server.wm.TransitionController.collect:7 com.android.server.wm.ActivityRecord.setVisibility:189 com.android.server.wm.ActivityRecord.finishIfPossible:85 com.android.server.wm.ActivityRecord.finishIfPossible:1 com.android.server.wm.RootWindowContainer$$ExternalSyntheticLambda29.accept:182 
12-22 05:46:52.267  1332  1397 I ActivityManager: Showing crash dialog for package com.mydesktopapplication.app u0
12-22 05:46:52.276  1332  3561 D WindowManager: Changing focus from Window{6ff860a u0 com.mydesktopapplication.app/crc648a10417f6d1065e1.MainActivity} to Window{1187f14 u0 com.sec.android.app.launcher/com.sec.android.app.launcher.activities.LauncherActivity} displayId=0 Callers=com.android.server.wm.WindowManagerService.relayoutWindowInner:142 com.android.server.wm.WindowManagerService.relayoutWindow:6 com.android.server.wm.Session.relayout:27 android.view.IWindowSession$Stub.onTransact:861 
12-22 05:46:52.281  1332  3561 D WindowManager: updateSystemBarAttributes: displayId=0, focusedCanBeNavColorWin=false, win=Window{1187f14 u0 com.sec.android.app.launcher/com.sec.android.app.launcher.activities.LauncherActivity}, navColorWin=Window{67a5623 u0 Splash Screen com.mydesktopapplication.app}, caller=com.android.server.wm.WindowManagerService.updateFocusedWindowLocked:375 com.android.server.wm.WindowManagerService.relayoutWindowInner:142 com.android.server.wm.WindowManagerService.relayoutWindow:6 
12-22 05:46:52.289  1332  3863 V WindowManager: Relayout Window{67a5623 u0 Splash Screen com.mydesktopapplication.app}: viewVisibility=8 req=1200x1920 ty=3 d0
12-22 05:46:52.295  4379  4379 I SDHMS:BarTender:Gatherer:AppError: update AppError : uid=10309, pkg=com.mydesktopapplication.app, errorType=crash
12-22 05:46:52.297  1332  3561 D WindowManager: Starting window removed Window{67a5623 u0 Splash Screen com.mydesktopapplication.app}
12-22 05:46:52.297  1332  3561 I WindowManager: Cancelling animation restarting=false, leash=Surface(name=Surface(name=6ff860a com.mydesktopapplication.app/crc648a10417f6d1065e1.MainActivity)/@0x8323f2d - animation-leash of starting_reveal)/@0xef311f3
12-22 05:46:52.297  1332  3561 I WindowManager: Reparenting to original parent: Surface(name=ActivityRecord{a5ddf08 u0 com.mydesktopapplication.app/crc648a10417f6d1065e1.MainActivity t194})/@0x672cc62, destroy=false, syncState=1, syncCommitDepth=0, surface=Surface(name=6ff860a com.mydesktopapplication.app/crc648a10417f6d1065e1.MainActivity)/@0x8323f2d
12-22 05:46:52.298  1332  3561 W InputManager-JNI: Input channel object '67a5623 Splash Screen com.mydesktopapplication.app (client)' was disposed without first being removed with the input manager!
12-22 05:46:52.298  1332  3561 V WindowManager: Remove Window{67a5623 u0 Splash Screen com.mydesktopapplication.app}: mSurfaceController=Surface(name=Splash Screen com.mydesktopapplication.app$_2711)/@0x532d16a mAnimatingExit=false mRemoveOnExit=false mHasSurface=true surfaceShowing=false animating=false app-animation=false mDisplayFrozen=false callers=com.android.server.wm.Session.remove:16 android.view.IWindowSession$Stub.onTransact:794 com.android.server.wm.Session.onTransact:1 android.os.Binder.execTransactInternal:1536 android.os.Binder.execTransact:1480 <bottom of call stack> 
12-22 05:46:52.299  1332  3561 I WindowManager: Destroying surface Surface(name=Splash Screen com.mydesktopapplication.app$_2711)/@0x532d16a called by com.android.server.wm.WindowStateAnimator.destroySurface:11 com.android.server.wm.WindowStateAnimator.destroySurfaceLocked:54 com.android.server.wm.WindowState.removeImmediately:43 com.android.server.wm.WindowState.removeIfPossible:638 com.android.server.wm.Session.remove:16 android.view.IWindowSession$Stub.onTransact:794 com.android.server.wm.Session.onTransact:1 android.os.Binder.execTransactInternal:1536 
12-22 05:46:52.300  1332  3863 D InputDispatcher: Focus left window (0): 6ff860a com.mydesktopapplication.app/crc648a10417f6d1065e1.MainActivity
12-22 05:46:52.314  4379  4379 I SDHMS:BarTender:Analyzer:AppError: analyze app error : uid=10309, pkg=com.mydesktopapplication.app, appErrorCount=4
12-22 05:46:52.316  1332  1397 D RestrictionPolicy: isGoogleCrashReportAllowed : ret=true userId =0
12-22 05:46:52.327  1332  1397 D WindowManager: Changing focus from Window{1187f14 u0 com.sec.android.app.launcher/com.sec.android.app.launcher.activities.LauncherActivity} to Window{c45781e u0 Application Error: com.mydesktopapplication.app} displayId=0 Callers=com.android.server.wm.WindowManagerService.addWindow:201 com.android.server.wm.Session.addToDisplayAsUser:24 android.view.ViewRootImpl.setView:1959 android.view.WindowManagerGlobal.addView:578 
12-22 05:46:52.330  1332  1397 D InsetsSourceProvider: updateControlForTarget: control=InsetsSourceControl: {274e0001 mType=navigationBars initiallyVisible mSurfacePosition=Point(0, 1848) mInsetsHint=Insets{left=0, top=0, right=0, bottom=72}}, target=Window{c45781e u0 Application Error: com.mydesktopapplication.app}, from=com.android.server.wm.InsetsStateController.onControlTargetChanged:81 com.android.server.wm.InsetsPolicy.updateBarControlTarget:188 com.android.server.wm.DisplayPolicy.updateSystemBarAttributes:281 com.android.server.wm.WindowManagerService.updateFocusedWindowLocked:375 com.android.server.wm.WindowManagerService.addWindow:201 
12-22 05:46:52.333  1332  1397 D InsetsSourceProvider: updateControlForTarget: control=InsetsSourceControl: {b9d0000 mType=statusBars initiallyVisible mSurfacePosition=Point(0, 0) mInsetsHint=Insets{left=0, top=36, right=0, bottom=0}}, target=Window{c45781e u0 Application Error: com.mydesktopapplication.app}, from=com.android.server.wm.InsetsStateController.onControlTargetChanged:81 com.android.server.wm.InsetsPolicy.updateBarControlTarget:175 com.android.server.wm.DisplayPolicy.updateSystemBarAttributes:281 com.android.server.wm.WindowManagerService.updateFocusedWindowLocked:375 com.android.server.wm.WindowManagerService.addWindow:201 
12-22 05:46:52.333  1332  1397 D WindowManager: updateSystemBarAttributes: displayId=0, focusedCanBeNavColorWin=false, win=Window{c45781e u0 Application Error: com.mydesktopapplication.app}, navColorWin=Window{6ff860a u0 com.mydesktopapplication.app/crc648a10417f6d1065e1.MainActivity}, caller=com.android.server.wm.WindowManagerService.updateFocusedWindowLocked:375 com.android.server.wm.WindowManagerService.addWindow:201 com.android.server.wm.Session.addToDisplayAsUser:24 
12-22 05:46:52.334  1332  1397 V SystemKeyManager: updateFocusedWindow() is called, Application Error: com.mydesktopapplication.app
12-22 05:46:52.336  1332  1397 I InsetsController: onStateChanged: host=Application Error: com.mydesktopapplication.app, from=android.view.ViewRootImpl.setView:1999, state=InsetsState: {mDisplayFrame=Rect(0, 0 - 1200, 1920), mDisplayCutout=DisplayCutout{insets=Rect(0, 0 - 0, 0) waterfall=Insets{left=0, top=0, right=0, bottom=0} boundingRect={Bounds=[Rect(0, 0 - 0, 0), Rect(0, 0 - 0, 0), Rect(0, 0 - 0, 0), Rect(0, 0 - 0, 0)]} cutoutPathParserInfo={CutoutPathParserInfo{displayWidth=0 displayHeight=0 physicalDisplayWidth=0 physicalDisplayHeight=0 density={0.0} cutoutSpec={} rotation={0} scale={0.0} physicalPixelDisplaySizeRatio={0.0}}} sideOverrides=null}, mRoundedCorners=RoundedCorners{[RoundedCorner{position=TopLeft, radius=20, center=Point(20, 20)}, RoundedCorner{position=TopRight, radius=20, center=Point(1180, 20)}, RoundedCorner{position=BottomRight, radius=20, center=Point(1180, 1900)}, RoundedCorner{position=BottomLeft, radius=20, center=Point(20, 1900)}]}  mRoundedCornerFrame=Rect(0, 0 - 0, 0), mPrivacyIndicatorBounds=PrivacyIndicatorBounds {static bounds=Rect(1134, 0 - 1200, 36) rotation=0}, mDisplayShape=DisplayShape{ spec=-311912193 displayWidth=1200 displayHeight=1920 physicalPixelDisplaySizeRatio=1.0 rotation=0 offsetX=0 offsetY=0 scale=1.0}, mSources= { InsetsSource: {b9d0000 mType=statusBars mFrame=[0,0][1200,36] mVisible=true mFlags= mSideHint=TOP mBoundingRects=null}, InsetsSource: {b9d0005 mType=mandatorySystemGestures mFrame=[0,0][1200,36] mVisible=true mFlags= mSideHint=TOP mBoundingRects=null}, InsetsSource: {b9d0006 mType=tappableElement mFrame=[0,0][1200,36] mVisible=true mFlags= mSideHint=TOP mBoundingRects=null}, InsetsSource: {274e0001 mType=navigationBars mFrame=[0,1848][1200,1920] mVisible=true mFlags= mSideHint=BOTTOM mBoundingRects=null}, InsetsSource: {274e0004 mType=systemGestures mFrame=[0,0][0,0] mVisible=true mFlags= mSideHint=NONE mBoundingRects=null}, InsetsSource: {274e0005 mType=mandatorySystemGestures mFrame=[0,1848][1200,1920] mVisible=true mFlags= mSideHint=BOTTOM mBoundingRects=null}, InsetsSource: {274e0006 mType=tappableElement mFrame=[0,1848][1200,1920] mVisible=true mFlags= mSideHint=BOTTOM mBoundingRects=null}, InsetsSource: {274e0024 mType=systemGestures mFrame=[0,0][0,0] mVisible=true mFlags= mSideHint=NONE mBoundingRects=null} }
12-22 05:46:52.342  1332  1397 D CoreBackPreview: Window{c45781e u0 Application Error: com.mydesktopapplication.app}: Setting back callback OnBackInvokedCallbackInfo{mCallback=android.window.WindowOnBackInvokedDispatcher$OnBackInvokedCallbackWrapper@bc8e501, mPriority=0, mIsAnimationCallback=false}
12-22 05:46:52.344  1332  1397 V WindowManager: Relayout Window{c45781e u0 Application Error: com.mydesktopapplication.app}: viewVisibility=0 req=576x382 ty=2003 d0
12-22 05:46:52.346  1332  1397 D WindowManager: makeSurface duration=1 name=Application Error: com.mydesktopapplication.app
12-22 05:46:52.349  1332  1397 I InsetsSourceConsumer: applyRequestedVisibilityToControl: visible=true, type=navigationBars, host=Application Error: com.mydesktopapplication.app
12-22 05:46:52.350  1332  1397 I InsetsSourceConsumer: applyRequestedVisibilityToControl: visible=true, type=statusBars, host=Application Error: com.mydesktopapplication.app
12-22 05:46:52.363  1332  1397 D WindowManager: finishDrawingWindow: Window{c45781e u0 Application Error: com.mydesktopapplication.app} mDrawState=DRAW_PENDING seqId=0
12-22 05:46:52.364  1332  1400 I WindowManager: Reparenting to leash, surface=Surface(name=c45781e Application Error: com.mydesktopapplication.app)/@0xd927032, syncState=0, syncCommitDepth=0, leashParent=Surface(name=WindowToken{4bc25a3 type=2003 android.view.ViewRootImpl$W@da3c221})/@0xe353183
12-22 05:46:52.365  1332  1400 D WindowManager: makeSurface duration=1 leash=Surface(name=Surface(name=c45781e Application Error: com.mydesktopapplication.app)/@0xd927032 - animation-leash of window_animation)/@0xe2f00
12-22 05:46:52.365  1332  1400 V WindowManager: performShowLocked: mDrawState=HAS_DRAWN in Window{c45781e u0 Application Error: com.mydesktopapplication.app}
12-22 05:46:52.368  1332  1397 D WindowManager: finishDrawingWindow: Window{c45781e u0 Application Error: com.mydesktopapplication.app} mDrawState=HAS_DRAWN seqId=0
12-22 05:46:52.374  1332  1400 D WindowManager: updateSystemBarAttributes: displayId=0, focusedCanBeNavColorWin=false, win=Window{c45781e u0 Application Error: com.mydesktopapplication.app}, navColorWin=Window{c45781e u0 Application Error: com.mydesktopapplication.app}, caller=com.android.server.wm.DisplayPolicy.finishPostLayoutPolicyLw:17 com.android.server.wm.RootWindowContainer.applySurfaceChangesTransaction$1:194 com.android.server.wm.RootWindowContainer.performSurfacePlacementNoTrace:61 
12-22 05:46:52.378  1332  3561 D InputDispatcher: Once focus requested (0): c45781e Application Error: com.mydesktopapplication.app
12-22 05:46:52.378  1332  3561 D InputDispatcher: Focus request (0): c45781e Application Error: com.mydesktopapplication.app but waiting because NO_WINDOW
12-22 05:46:52.398  1169  1169 D SurfaceFlinger:      DEVICE | 0xb400007334b4e5b0 | 0000 | RGBA_8888    |    0.0    0.0 1200.0 1920.0 |    0    0 1200 1920 | SurfaceView[com.mydesktopapplication[...]6d1065e1.MainActivity]@0(BLAST)#8267
12-22 05:46:52.398  1169  1169 D SurfaceFlinger:      CLIENT | 0xb400007334b4e620 | 0000 | RGBA_8888    |    0.0    0.0 1200.0 1920.0 |    0    0 1200 1920 | com.mydesktopapplication.app/crc648a10417f6d1065e1.MainActivity$_25031#8262
12-22 05:46:52.398  1169  1169 D SurfaceFlinger:      CLIENT | 0xb400007334b4e7e0 | 0000 | RGBA_8888    |    0.0    0.0 1200.0 1920.0 |    0    0 1200 1920 | Splash Screen com.mydesktopapplication.app$_2711#8253
12-22 05:46:52.398  1169  1169 D SurfaceFlinger:      CLIENT | 0xb400007337e47270 | 0000 | RGBA_8888    |    0.0    0.0  582.0  388.0 |  309 1463  891 1851 | Application Error: com.mydesktopapplication.app#8276
12-22 05:46:52.399  1332 12715 D InputDispatcher: Focus entered window (0): c45781e Application Error: com.mydesktopapplication.app
12-22 05:46:52.409  1169  1169 D SurfaceFlinger:      DEVICE | 0xb400007334b4e5b0 | 0000 | RGBA_8888    |    0.0    0.0 1200.0 1920.0 |    0    0 1200 1920 | SurfaceView[com.mydesktopapplication[...]6d1065e1.MainActivity]@0(BLAST)#8267
12-22 05:46:52.409  1169  1169 D SurfaceFlinger:      CLIENT | 0xb400007334b4e620 | 0000 | RGBA_8888    |    0.0    0.0 1200.0 1920.0 |    0    0 1200 1920 | com.mydesktopapplication.app/crc648a10417f6d1065e1.MainActivity$_25031#8262
12-22 05:46:52.409  1169  1169 D SurfaceFlinger:      CLIENT | 0xb400007334b4e7e0 | 0000 | RGBA_8888    |    0.0    0.0 1200.0 1920.0 |    0    0 1200 1920 | Splash Screen com.mydesktopapplication.app$_2711#8253
12-22 05:46:52.409  1169  1169 D SurfaceFlinger:      CLIENT | 0xb400007337e47270 | 0000 | RGBA_8888    |    0.0    0.0  582.0  388.0 |  309 1463  891 1851 | Application Error: com.mydesktopapplication.app#8276
12-22 05:46:52.536  2971 23884 I HoneySpace.HistoryRepositoryImpl: Add History Item : rank:0, suggestedApp:false, item:id:-2 label:MyDesktopApplication componnet:com.mydesktopapplication.app/crc648a10417f6d1065e1.MainActivity#UserHandle{0} badgeCount:0  drag:false iconState:NONE, taskInfo:[#194=com.mydesktopapplication.app]
12-22 05:46:52.538  2971 23884 I HoneySpace.SuggestedItemsFacade: DPS items : MyDesktopApplication, com.mydesktopapplication.app/crc648a10417f6d1065e1.MainActivity#UserHandle{0}
12-22 05:46:52.539  2971 23884 I HoneySpace.FilteredItemProvider: collect filtered items o, [PK(p='com.mydesktopapplication.app', u=UserHandle{0}), PK(p='dev.imranr.obtainium.fdroid', u=UserHandle{0})]
12-22 05:46:52.539  2971 23884 I HoneySpace.FilteredItemProvider: collect filtered items m, [PK(p='com.rsupport.rs.activity.rsupport.aas2', u=UserHandle{0}), PK(p='com.mycompany.mydesktopapplication', u=UserHandle{0})]
12-22 05:46:52.539  2971 23884 I HoneySpace.SuggestedItemsFacade: filteredItem : PK(p='com.mydesktopapplication.app', u=UserHandle{0})
12-22 05:46:52.539  2971 23884 I HoneySpace.SuggestedItemsFacade: item removed by filter - PK(p='com.mydesktopapplication.app', u=UserHandle{0})
12-22 05:46:52.539  2971 23884 I HoneySpace.SuggestedItemsFacade: filteredItem : PK(p='com.mycompany.mydesktopapplication', u=UserHandle{0})
12-22 05:46:52.545  2971 23884 I HoneySpace.FilteredItemProvider: collect filtered items o, [PK(p='com.mydesktopapplication.app', u=UserHandle{0}), PK(p='dev.imranr.obtainium.fdroid', u=UserHandle{0})]
12-22 05:46:52.545  2971 23884 I HoneySpace.FilteredItemProvider: collect filtered items m, [PK(p='com.rsupport.rs.activity.rsupport.aas2', u=UserHandle{0}), PK(p='com.mycompany.mydesktopapplication', u=UserHandle{0})]
12-22 05:46:52.552  2971 23884 I HoneySpace.HistoryViewModel@75334967@OneUI: loadItem(TASKBAR) : recentApp=id:-1057 label:MyDesktopApplication componnet:com.mydesktopapplication.app/crc648a10417f6d1065e1.MainActivity#UserHandle{0} badgeCount:0  drag:false iconState:NONE, taskInfo=[#194=com.mydesktopapplication.app]
12-22 05:46:52.556  2971  2971 I HoneySpace.HistoryAdapter: setItems: 3, [rank:0, suggestedApp:false, item:id:-1057 label:MyDesktopApplication componnet:com.mydesktopapplication.app/crc648a10417f6d1065e1.MainActivity#UserHandle{0} badgeCount:0  drag:false iconState:NONE, taskInfo:[#194=com.mydesktopapplication.app], rank:1, suggestedApp:false, item:id:-1041 label:Obtainium componnet:dev.imranr.obtainium.fdroid/dev.imranr.obtainium.MainActivity#UserHandle{0} badgeCount:0  drag:false iconState:NONE, taskInfo:[#185=dev.imranr.obtainium.fdroid], rank:2, suggestedApp:true, item:id:-1025 label:F-Droid componnet:org.fdroid.fdroid/.views.main.MainActivity#UserHandle{0} badgeCount:0  drag:false iconState:NONE, taskInfo:null]
12-22 05:46:52.556  2971  2971 I HoneySpace.HoneyFactoryImpl: create honeyInfo=HoneyInfo(parentHoney=C3.U0@5487d1, packageName=null, type=appicon), honeyData=HoneyData(id=-1057, data=[app, id:-1057 label:MyDesktopApplication componnet:com.mydesktopapplication.app/crc648a10417f6d1065e1.MainActivity#UserHandle{0} badgeCount:0  drag:false iconState:NONE], bundleData=null, savedState=null), context=android.view.ContextThemeWrapper@aef0ddc
12-22 05:46:52.556  2971  2971 I HoneySpace.DefaultPlugin: createHoney honeyInfo=HoneyInfo(parentHoney=C3.U0@5487d1, packageName=null, type=appicon) honeyData=HoneyData(id=-1057, data=[app, id:-1057 label:MyDesktopApplication componnet:com.mydesktopapplication.app/crc648a10417f6d1065e1.MainActivity#UserHandle{0} badgeCount:0  drag:false iconState:NONE], bundleData=null, savedState=null) context=android.view.ContextThemeWrapper@aef0ddc
12-22 05:46:52.724  1332  1400 I WindowManager: Reparenting to original parent: Surface(name=WindowToken{4bc25a3 type=2003 android.view.ViewRootImpl$W@da3c221})/@0xe353183, destroy=true, syncState=0, syncCommitDepth=0, surface=Surface(name=c45781e Application Error: com.mydesktopapplication.app)/@0xd927032
12-22 05:46:52.765  1332  1399 W ActivityTaskManager: Activity top resumed state loss timeout for ActivityRecord{a5ddf08 u0 com.mydesktopapplication.app/crc648a10417f6d1065e1.MainActivity t194 f}}
12-22 05:46:52.765  1332  1399 W ActivityTaskManager: Activity pause timeout for ActivityRecord{a5ddf08 u0 com.mydesktopapplication.app/crc648a10417f6d1065e1.MainActivity t194 f}}
12-22 05:46:52.776  1332  1399 V WindowManager: Start calculating TransitionInfo based on participants: {WallpaperWindowToken{ff30f token=android.os.Binder@eb8506e}_<system>, Task{e94a5d #1 type=home}, ActivityRecord{6d23448 u0 com.sec.android.app.launcher/.activities.LauncherActivity t114}, ActivityRecord{a5ddf08 u0 com.mydesktopapplication.app/crc648a10417f6d1065e1.MainActivity t194 f}}, Task{b1e62e1 #114 type=home I=com.sec.android.app.launcher/.activities.LauncherActivity}, Task{c1c96a1 #194 type=standard A=10309:com.mydesktopapplication.app}}
12-22 05:46:52.776  1332  1399 V WindowManager:   Final targets: [Task{e94a5d #1 type=home}, Task{c1c96a1 #194 type=standard A=10309:com.mydesktopapplication.app}, WallpaperWindowToken{ff30f token=android.os.Binder@eb8506e}_<system>]
12-22 05:46:52.778  1332  1399 V WindowManager:         {WCT{RemoteToken{176c995 Task{c1c96a1 #194 type=standard A=10309:com.mydesktopapplication.app}}} m=CLOSE f=EDGE_EXTENSION_RESTRICTION leash=Surface(name=Task=194)/@0x412317f sb=Rect(0, 0 - 1200, 1920) eb=Rect(0, 0 - 1200, 1920) d=0 taskParent=-1 inset=Rect(0, 36 - 0, 72) dim=true},
12-22 05:46:52.791  2971  2971 I HoneySpace.AppCloseAnimationDelegate: findTargetValue [cookie-16225, pkgName-com.mydesktopapplication.app]
12-22 05:46:52.792  2971  2971 I HoneySpace.AppListFastRecyclerViewAdapter: findCloseTarget : 16225, ComponentInfo{com.mydesktopapplication.app/crc648a10417f6d1065e1.MainActivity}
12-22 05:46:52.792  2971  2971 I HoneySpace.AppCloseAnimationDelegate: findTargetView found:Value(view=com.honeyspace.ui.common.iconview.IconViewImpl{999c82e VFED..CL. ........ 648,684-810,855 #7f0a029b app:id/icon} - MyDesktopApplication, visibility:0, alpha:1.0, badge:0, icon:96x96, iconAlpha:255, iconState:NONE, iconSize:92, forceHideBadge:false, isTransparent:false, x=4, y=4, component=ComponentInfo{com.mydesktopapplication.app/crc648a10417f6d1065e1.MainActivity}, isTargetShortcut=false), com.honeyspace.ui.common.iconview.IconViewImpl{999c82e VFED..CL. ........ 648,684-810,855 #7f0a029b app:id/icon} - MyDesktopApplication, visibility:0, alpha:1.0, badge:0, icon:96x96, iconAlpha:255, iconState:NONE, iconSize:92, forceHideBadge:false, isTransparent:false, x=4, y=4
12-22 05:46:52.792  2971  2971 I HoneySpace.AppCloseAnimationDelegate: getCloseAnimator : isGestureClosing-false, target-com.honeyspace.ui.common.iconview.IconViewImpl{999c82e VFED..CL. ........ 648,684-810,855 #7f0a029b app:id/icon} - MyDesktopApplication, visibility:0, alpha:1.0, badge:0, icon:96x96, iconAlpha:255, iconState:NONE, iconSize:92, forceHideBadge:false, isTransparent:false, x=4, y=4
12-22 05:46:52.804  1332  1396 V WindowManager:         {WCT{RemoteToken{176c995 Task{c1c96a1 #194 type=standard A=10309:com.mydesktopapplication.app}}} m=CLOSE f=EDGE_EXTENSION_RESTRICTION leash=Surface(name=Task=194)/@0x412317f sb=Rect(0, 0 - 1200, 1920) eb=Rect(0, 0 - 1200, 1920) d=0 taskParent=-1 inset=Rect(0, 36 - 0, 72) dim=true},
12-22 05:46:52.806  1169  1169 D SurfaceFlinger:      CLIENT | 0xb400007334b4e5b0 | 0000 | RGBA_8888    |    0.0    0.0 1200.0 1920.0 |    0    0 1200 1920 | SurfaceView[com.mydesktopapplication[...]6d1065e1.MainActivity]@0(BLAST)#8267
12-22 05:46:52.806  1169  1169 D SurfaceFlinger:      CLIENT | 0xb400007334b4e620 | 0000 | RGBA_8888    |    0.0    0.0 1200.0 1920.0 |    0    0 1200 1920 | com.mydesktopapplication.app/crc648a10417f6d1065e1.MainActivity$_25031#8262
12-22 05:46:52.806  1169  1169 D SurfaceFlinger:      CLIENT | 0xb400007337e47270 | 0000 | RGBA_8888    |    0.0    0.0  582.0  388.0 |  309 1463  891 1851 | Application Error: com.mydesktopapplication.app#8276
12-22 05:46:52.807  1332  1399 D SGM:FgCheckThread: notePauseComponent(), received pkgName: com.mydesktopapplication.app, userId: 0
12-22 05:46:52.807  1332  1399 D SGM:FgCheckThread: notePauseComponent(), received pkgName: com.mydesktopapplication.app, userId: 0
12-22 05:46:52.807  1332  1399 D SGM:FgCheckThread: notifyFocusInOut(). of pkg: com.mydesktopapplication.app, type: 20, isSecGameFamily: false, userId: 0
12-22 05:46:52.809  1332  1399 D SGM:GameManager: identifyGamePackage. com.mydesktopapplication.app, mCurrentUserId: 0, callerUserId: 0, callingMethodInfo: com.samsung.android.game.SemGameManager.isGamePackage(SemGameManager.java:105)
12-22 05:46:52.809  1332  1399 D SGM:SemGameManager: isGamePackage(), pkgName=com.mydesktopapplication.app, ret=false
12-22 05:46:52.837  1169  1169 D SurfaceFlinger:      CLIENT | 0xb400007334b4e5b0 | 0000 | RGBA_8888    |    0.0    0.0 1199.0 1919.0 |    6    7 1198 1914 | SurfaceView[com.mydesktopapplication[...]6d1065e1.MainActivity]@0(BLAST)#8267
12-22 05:46:52.837  1169  1169 D SurfaceFlinger:      CLIENT | 0xb400007334b4e620 | 0000 | RGBA_8888    |    0.0    0.0 1199.0 1919.0 |    6    7 1198 1914 | com.mydesktopapplication.app/crc648a10417f6d1065e1.MainActivity$_25031#8262
12-22 05:46:52.837  1169  1169 D SurfaceFlinger:  com.mydesktopapplication.app#8276
12-22 05:46:52.964  2971  2971 I HoneySpace.HistoryCellLayout@203979704: addItem [0] (0, 0) width=222, height=72, spanX=1, spanY=1, view=com.honeyspace.ui.common.iconview.IconViewImpl{8ef4cf6 V.ED..CL. ......ID 0,0-0,0 #7f0a029b app:id/icon} - MyDesktopApplication, visibility:0, alpha:1.0, badge:0, icon:96x96, iconAlpha:255, iconState:NONE, iconSize:50, forceHideBadge:false, isTransparent:false, x=0, y=0
12-22 05:46:52.999  1169  1169 D SurfaceFlinger:      CLIENT | 0xb400007337e47270 | 0000 | RGBA_8888    |    0.0    0.0  582.0  388.0 |  309 1463  891 1851 | Application Error: com.mydesktopapplication.app#8276
12-22 05:46:53.058  1332  3863 V WindowManager: Setting visibility of Window{6ff860a u0 com.mydesktopapplication.app/crc648a10417f6d1065e1.MainActivity}: false, caller=com.android.server.wm.WindowContainer.sendAppVisibilityToClients:19 com.android.server.wm.WindowToken.setClientVisible:49 com.android.server.wm.ActivityRecord.setClientVisible:8 com.android.server.wm.ActivityRecord.commitVisibility:273 com.android.server.wm.TransitionController.finishTransition:766 
12-22 05:46:53.068  1332  1397 D PkgPredictorService-SecIpmManagerServiceImpl: bg information pid:25031 uid:10309 pkgName:com.mydesktopapplication.app
12-22 05:46:53.276  2971 23881 I HoneySpace.HistoryRepositoryImpl: Add History Item : rank:0, suggestedApp:false, item:id:-2 label:MyDesktopApplication componnet:com.mydesktopapplication.app/crc648a10417f6d1065e1.MainActivity#UserHandle{0} badgeCount:0  drag:false iconState:NONE, taskInfo:[#194=com.mydesktopapplication.app]
12-22 05:46:53.278  2971 23078 I HoneySpace.SuggestedItemsFacade: DPS items : MyDesktopApplication, com.mydesktopapplication.app/crc648a10417f6d1065e1.MainActivity#UserHandle{0}
12-22 05:46:53.278  2971 23078 I HoneySpace.FilteredItemProvider: collect filtered items o, [PK(p='com.mydesktopapplication.app', u=UserHandle{0}), PK(p='dev.imranr.obtainium.fdroid', u=UserHandle{0})]
12-22 05:46:53.279  2971 23078 I HoneySpace.FilteredItemProvider: collect filtered items m, [PK(p='com.rsupport.rs.activity.rsupport.aas2', u=UserHandle{0}), PK(p='com.mycompany.mydesktopapplication', u=UserHandle{0})]
12-22 05:46:53.279  2971 23078 I HoneySpace.SuggestedItemsFacade: filteredItem : PK(p='com.mydesktopapplication.app', u=UserHandle{0})
12-22 05:46:53.279  2971 23078 I HoneySpace.SuggestedItemsFacade: item removed by filter - PK(p='com.mydesktopapplication.app', u=UserHandle{0})
12-22 05:46:53.279  2971 23078 I HoneySpace.SuggestedItemsFacade: filteredItem : PK(p='com.mycompany.mydesktopapplication', u=UserHandle{0})
12-22 05:46:53.283  2971 23078 I HoneySpace.FilteredItemProvider: collect filtered items o, [PK(p='com.mydesktopapplication.app', u=UserHandle{0}), PK(p='dev.imranr.obtainium.fdroid', u=UserHandle{0})]
12-22 05:46:53.283  2971 23078 I HoneySpace.FilteredItemProvider: collect filtered items m, [PK(p='com.rsupport.rs.activity.rsupport.aas2', u=UserHandle{0}), PK(p='com.mycompany.mydesktopapplication', u=UserHandle{0})]
12-22 05:46:53.291  2971 23078 I HoneySpace.HistoryViewModel@74780565@OneUI: loadItem(HOTSEATBAR) : recentApp=id:-1057 label:MyDesktopApplication componnet:com.mydesktopapplication.app/crc648a10417f6d1065e1.MainActivity#UserHandle{0} badgeCount:0  drag:false iconState:NONE, taskInfo=[#194=com.mydesktopapplication.app]
12-22 05:46:54.706  1332  2712 I Pageboost: db create : CREATE TABLE IF NOT EXISTS commydesktopapplicationapp (FILENAME TEXT, OFFSET INTEGER, SIZE INTEGER, FORVRAMDISK INTEGER, BITMAP BLOB, unique (FILENAME, OFFSET) );
12-22 05:46:54.709  1332  2712 I Pageboost: db create : CREATE TABLE IF NOT EXISTS commydesktopapplicationapp (FILENAME TEXT, OFFSET INTEGER, SIZE INTEGER, FORVRAMDISK INTEGER, BITMAP BLOB, unique (FILENAME, OFFSET) );
12-22 05:46:54.853  1332  2712 I Pageboost: db update :com.mydesktopapplication.app ret 1
^C
kushal@fedora:~/src/dotnet/MyDesktopApplication$ 
