12-24 23:02:18.776  1332  2853 V WindowManager: rotationForOrientation(orient=SCREEN_ORIENTATION_UNSPECIFIED (-1), last=ROTATION_0 (0)); user=ROTATION_0 (0) USER_ROTATION_LOCKED
12-24 23:02:18.776  1332  2853 D WindowManager: rotationForOrientation, orientationSource=ActivityRecord{c3f3563 u0 com.mydesktopapplication.app/crc648a10417f6d1065e1.MainActivity t227}
12-24 23:02:18.776  1332  2853 V WindowManager: Computed rotation=ROTATION_0 (0) for display id=0 based on lastOrientation=SCREEN_ORIENTATION_UNSPECIFIED (-1) and oldRotation=ROTATION_0 (0), caller=com.android.server.wm.DisplayRotation.updateOrientation:25 com.android.server.wm.DisplayContent.updateOrientation:64 com.android.server.wm.DisplayContent.updateOrientation:10 com.android.server.wm.RootWindowContainer.ensureVisibilityAndConfig:7 com.android.server.wm.ActivityTaskSupervisor.realStartActivityLocked:213 com.android.server.wm.ActivityTaskSupervisor.startSpecificActivity:27 
12-24 23:02:18.776  1332  2853 V WindowManager: Collecting in transition 884: ActivityRecord{c3f3563 u0 com.mydesktopapplication.app/crc648a10417f6d1065e1.MainActivity t227}, caller=com.android.server.wm.TransitionController.collect:7 com.android.server.wm.ActivityRecord.setVisibility:189 com.android.server.wm.ActivityTaskSupervisor.realStartActivityLocked:234 com.android.server.wm.ActivityTaskSupervisor.startSpecificActivity:27 com.android.server.wm.TaskFragment.resumeTopActivity:2204 
12-24 23:02:18.776  1332  1399 D SGM:GameManager: identifyGamePackage. com.sec.android.app.launcher, mCurrentUserId: 0, callerUserId: 0, callingMethodInfo: com.samsung.android.game.SemGameManager.isGamePackage(SemGameManager.java:105)
12-24 23:02:18.776  2971  6841 I HoneySpace.RecentTasks: onRecentTasksChanged
12-24 23:02:18.776  1332  1399 D SGM:SemGameManager: isGamePackage(), pkgName=com.sec.android.app.launcher, ret=false
12-24 23:02:18.776  1332  1399 D SGM:FgCheckThread:   notifyFocusInOut(). unexpected type. 20
12-24 23:02:18.777  1332  2400 D SGM:FgCheckThread: onLooperPrepared(), msg: MSG_APP_CREATE, pkgName: com.mydesktopapplication.app, userId: 0
12-24 23:02:18.777  2971  6839 I HoneySpace.RecentTasks: onRecentTasksChanged
12-24 23:02:18.777  1332  2853 D SGM:FgCheckThread: notifyAppCreated(), packageName: com.mydesktopapplication.app, userId: 0, sendRet: true
12-24 23:02:18.778  1332  2853 D SGM:FgCheckThread: TaskStackListener.onTaskFocusChanged(), taskId=114, focused=false
12-24 23:02:18.779  1332  2853 D SGM:FgCheckThread: TaskStackListener.onTaskFocusChanged(), taskId=227, focused=true
12-24 23:02:18.779  1332  2853 D SGM:FgCheckThread:   sendRunningComponentFocus(), pkgName: com.mydesktopapplication.app, userId: 0
12-24 23:02:18.779  1332  2853 D InputDispatcher: Focused application(0): ActivityRecord{c3f3563 u0 com.mydesktopapplication.app/crc648a10417f6d1065e1.MainActivity t227}
12-24 23:02:18.779  1332  2400 D SGM:FgCheckThread: onLooperPrepared(), msg: MSG_TASK_FOCUSED, pkgName: com.mydesktopapplication.app, userId: 0
12-24 23:02:18.779  1332  2400 D SGM:FgCheckThread: handleTaskFocused().
12-24 23:02:18.780  1332  2400 D SGM:FgCheckThread:   handleTaskFocused(), pkgName: com.mydesktopapplication.app, userID:0
12-24 23:02:18.780  1332  2400 D SGM:FgCheckThread: handleResume().
12-24 23:02:18.780  1332  2400 D SGM:FgCheckThread: sendFocusOutConditionally() - mPrevNotiPkg: (unknown), userId: 0
12-24 23:02:18.780  1332  2400 D SGM:FgCheckThread:   handleResume(). pkgName: com.mydesktopapplication.app, userId: 0, category: non-game
12-24 23:02:18.780  1332  2400 D SGM:FgCheckThread: notifyFocusInOut(). of pkg: com.mydesktopapplication.app, type: 4, isSecGameFamily: false, userId: 0
12-24 23:02:18.780  1332  2400 D SGM:FgCheckThread:   notifyFocusInOut(). unexpected mPrevNotiType: -1
12-24 23:02:18.780  1332  2400 D SGM:SystemHelper: callReleaseBlock needReleaseBlock:false
12-24 23:02:18.780  1332  2853 D WindowManager: Changing focus from Window{1187f14 u0 com.sec.android.app.launcher/com.sec.android.app.launcher.activities.LauncherActivity} to null displayId=0 Callers=com.android.server.wm.ActivityTaskManagerService.setLastResumedActivityUncheckLocked:264 com.android.server.wm.ActivityTaskSupervisor.updateTopResumedActivityIfNeeded:50 com.android.server.wm.TaskFragment.setResumedActivity:29 com.android.server.wm.ActivityRecord.setState:104 
12-24 23:02:18.781  1332  2853 V SystemKeyManager: updateFocusedWindow() is called, 
12-24 23:02:18.781  1332  2853 D ActivityTaskManager: scheduleTopResumedActivityChanged, onTop=true, r=ActivityRecord{c3f3563 u0 com.mydesktopapplication.app/crc648a10417f6d1065e1.MainActivity t227}, caller=com.android.server.wm.ActivityTaskSupervisor.updateTopResumedActivityIfNeeded:62 com.android.server.wm.TaskFragment.setResumedActivity:29 com.android.server.wm.ActivityRecord.setState:104 com.android.server.wm.ActivityTaskSupervisor.realStartActivityLocked:949 com.android.server.wm.ActivityTaskSupervisor.startSpecificActivity:27 com.android.server.wm.TaskFragment.resumeTopActivity:2204 
12-24 23:02:18.781  1332  2853 D WindowManagerServiceExt: updateTaskbarTargetIfNeeded: cn=ComponentInfo{com.mydesktopapplication.app/crc648a10417f6d1065e1.MainActivity} occludesParent=true isInSplitScreenMode=false styleFloating=false
12-24 23:02:18.781  1332  2853 D DeviceReportingSecurityChecker: getStatus
12-24 23:02:18.781  1332  2853 D DeviceReportingSecurityChecker: mIsICDStatus is true
12-24 23:02:18.781  1332  2853 D DeviceReportingSecurityChecker: mIsSim is true
12-24 23:02:18.781  1332  2853 D DeviceReportingSecurityChecker: mIsEchoAppSignature is true
12-24 23:02:18.781  1332  2853 D DeviceReportingSecurityChecker: security check passed
12-24 23:02:18.782  1332  2853 D DeviceReportingSecurityChecker: mIsICDStatus === true mIsSim == true mIsMyAccountSignature== false mIsEchoAppSignature== true mIsSprintHubSignature== false
12-24 23:02:18.783  1332  2853 D BLASTSyncEngine: SyncGroup 884:  Unfinished container: ActivityRecord{c3f3563 u0 com.mydesktopapplication.app/crc648a10417f6d1065e1.MainActivity t227} mSyncState=2
12-24 23:02:18.783  1332  8974 V WindowManager: Relayout Window{8b786ea u0 Splash Screen com.mydesktopapplication.app}: viewVisibility=0 req=1200x1920 ty=3 d0
12-24 23:02:18.784  1332  8974 D WindowManager: makeSurface duration=1 name=Splash Screen com.mydesktopapplication.app$_2711
12-24 23:02:18.785  1332  8974 D BLASTSyncEngine: SyncGroup 884:  Unfinished container: ActivityRecord{c3f3563 u0 com.mydesktopapplication.app/crc648a10417f6d1065e1.MainActivity t227} mSyncState=2
12-24 23:02:18.785  1332  4715 D CoreBackPreview: Window{8b786ea u0 Splash Screen com.mydesktopapplication.app}: Setting back callback OnBackInvokedCallbackInfo{mCallback=android.window.IOnBackInvokedCallback$Stub$Proxy@81c6351, mPriority=0, mIsAnimationCallback=false}
12-24 23:02:18.786  2971  3121 I HoneySpace.TopTaskSource: onTaskMovedToFront : taskId = 227, displayId = 0
12-24 23:02:18.786  1332  8974 V WindowManager: Relayout hash=8b786ea, pid=2711, syncId=-1: mAttrs={(0,0)(fillxfill) sim={adjust=pan} layoutInDisplayCutoutMode=always ty=APPLICATION_STARTING fmt=TRANSLUCENT wanim=0x1030312
12-24 23:02:18.786  1332  8974 V WindowManager:   fl=81030118
12-24 23:02:18.786  1332  8974 V WindowManager:   pfl=10000810
12-24 23:02:18.786  1332  8974 V WindowManager:   apr=18
12-24 23:02:18.786  1332  8974 V WindowManager:   bhv=1
12-24 23:02:18.786  1332  8974 V WindowManager:   fitSides=0
12-24 23:02:18.786  1332  8974 V WindowManager:   frameRateBoostOnTouch=true
12-24 23:02:18.786  1332  8974 V WindowManager:   dvrrWindowFrameRateHint=true naviIconColor=0}
12-24 23:02:18.787  1332  2587 I CocktailBarManagerServiceContainer: handleMessage: entry what = 6
12-24 23:02:18.787  1332  2587 I CocktailBarManagerServiceImpl: notePauseComponent : no active host
12-24 23:02:18.787  2711  2806 I InsetsController: onStateChanged: host=Splash Screen com.mydesktopapplication.app, from=android.view.ViewRootImpl.relayoutWindow:11304, state=InsetsState: {mDisplayFrame=Rect(0, 0 - 1200, 1920), mDisplayCutout=DisplayCutout{insets=Rect(0, 0 - 0, 0) waterfall=Insets{left=0, top=0, right=0, bottom=0} boundingRect={Bounds=[Rect(0, 0 - 0, 0), Rect(0, 0 - 0, 0), Rect(0, 0 - 0, 0), Rect(0, 0 - 0, 0)]} cutoutPathParserInfo={CutoutPathParserInfo{displayWidth=0 displayHeight=0 physicalDisplayWidth=0 physicalDisplayHeight=0 density={0.0} cutoutSpec={} rotation={0} scale={0.0} physicalPixelDisplaySizeRatio={0.0}}} sideOverrides=null}, mRoundedCorners=RoundedCorners{[RoundedCorner{position=TopLeft, radius=20, center=Point(20, 20)}, RoundedCorner{position=TopRight, radius=20, center=Point(1180, 20)}, RoundedCorner{position=BottomRight, radius=20, center=Point(1180, 1900)}, RoundedCorner{position=BottomLeft, radius=20, center=Point(20, 1900)}]}  mRoundedCornerFrame=Rect(0, 0 - 1200, 1920), mPrivacyIndicatorBounds=PrivacyIndicatorBounds {static bounds=Rect(1134, 0 - 1200, 36) rotation=0}, mDisplayShape=DisplayShape{ spec=-311912193 displayWidth=1200 displayHeight=1920 physicalPixelDisplaySizeRatio=1.0 rotation=0 offsetX=0 offsetY=0 scale=1.0}, mSources= { InsetsSource: {3 mType=ime mFrame=[0,0][0,0] mVisible=false mFlags= mSideHint=NONE mBoundingRects=null}, InsetsSource: {b9d0000 mType=statusBars mFrame=[0,0][1200,36] mVisible=true mFlags= mSideHint=TOP mBoundingRects=null}, InsetsSource: {b9d0005 mType=mandatorySystemGestures mFrame=[0,0][1200,36] mVisible=true mFlags= mSideHint=TOP mBoundingRects=null}, InsetsSource: {b9d0006 mType=tappableElement mFrame=[0,0][1200,36] mVisible=true mFlags= mSideHint=TOP mBoundingRects=null}, InsetsSource: {274e0001 mType=navigationBars mFrame=[0,1848][1200,1920] mVisible=true mFlags= mSideHint=BOTTOM mBoundingRects=null}, InsetsSource: {274e0004 mType=systemGestures mFrame=[0,0][0,0] mVisible=true mFlags= mSideHint=NONE mBoundingRects=null}, InsetsSource: {274e0005 mType=mandatorySystemGestures mFrame=[0,1848][1200,1920] mVisible=true mFlags= mSideHint=BOTTOM mBoundingRects=null}, InsetsSource: {274e0006 mType=tappableElement mFrame=[0,1848][1200,1920] mVisible=true mFlags= mSideHint=BOTTOM mBoundingRects=null}, InsetsSource: {274e0024 mType=systemGestures mFrame=[0,0][0,0] mVisible=true mFlags= mSideHint=NONE mBoundingRects=null} }
12-24 23:02:18.788  2971  3123 I HoneySpace.TopTaskUseCase: topTaskId 227, DisplayId : 0
12-24 23:02:18.789  2711  2806 I BLASTBufferQueue_Java: new BLASTBufferQueue, mName= VRI[app]@68f7b78 mNativeObject= 0xb400006f77e9cb00 sc.mNativeObject= 0xb400006f77e80b40 caller= android.view.ViewRootImpl.updateBlastSurfaceIfNeeded:3397 android.view.ViewRootImpl.relayoutWindow:11361 android.view.ViewRootImpl.performTraversals:4544 android.view.ViewRootImpl.doTraversal:3708 android.view.ViewRootImpl$TraversalRunnable.run:12542 android.view.Choreographer$CallbackRecord.run:1751 android.view.Choreographer$CallbackRecord.run:1760 android.view.Choreographer.doCallbacks:1216 android.view.Choreographer.doFrame:1142 android.view.Choreographer$FrameDisplayEventReceiver.run:1707 
12-24 23:02:18.789  2711  2806 I BLASTBufferQueue_Java: update, w= 1200 h= 1920 mName = VRI[app]@68f7b78 mNativeObject= 0xb400006f77e9cb00 sc.mNativeObject= 0xb400006f77e80b40 format= -3 caller= android.graphics.BLASTBufferQueue.<init>:88 android.view.ViewRootImpl.updateBlastSurfaceIfNeeded:3397 android.view.ViewRootImpl.relayoutWindow:11361 android.view.ViewRootImpl.performTraversals:4544 android.view.ViewRootImpl.doTraversal:3708 android.view.ViewRootImpl$TraversalRunnable.run:12542 
12-24 23:02:18.790  2711  2806 W libc    : Access denied finding property "vendor.display.enable_optimal_refresh_rate"
12-24 23:02:18.790  2711  2767 E CompatUIController: no activity bounds
12-24 23:02:18.790  2711  2806 W libc    : Access denied finding property "vendor.gpp.create_frc_extension"
12-24 23:02:18.791  2711  2806 I VRI[app]@68f7b78: Relayout returned: old=(0,0,1200,1920) new=(0,0,1200,1920) relayoutAsync=false req=(1200,1920)0 dur=12 res=0x3 s={true 0xb400006ebbd2b800} ch=true seqId=0
12-24 23:02:18.791  1332  2566 D AS.MultiSoundManager: mForegroundUid = 10313
12-24 23:02:18.792  2971  6839 I HoneySpace.HistoryViewModel@74780565@OneUI: loadItemJob canceled
12-24 23:02:18.792  2971  6839 I HoneySpace.HistoryViewModel@74780565@OneUI: Hotseat bar is not showing. skip load history items
12-24 23:02:18.792  2971  6839 I HoneySpace.HistoryViewModel@74780565@OneUI: launcherShowing : false, recentShowing : false, isInteractive : true
12-24 23:02:18.793  2971  2971 I HoneySpace.HistoryViewModel@75334967@OneUI: Block stack change
12-24 23:02:18.793  1169  1169 E SurfaceFlinger: Out of order buffers detected for RequestedLayerState{com.sec.android.app.launcher/com.sec.android.app.launcher.activities.LauncherActivity$_2971#9239 parentId=117} producedId=579 frameNumber=251 -> producedId=579 frameNumber=115
12-24 23:02:18.794  2971  2234 I HoneySpace.HistoryViewModel@75334967@OneUI: task bar is not showing. skip load history items
12-24 23:02:18.794  2971  3121 I HoneySpace.TopTaskSource: onTaskFocusChanged(): taskId = 227
12-24 23:02:18.794  1169  1169 W Layer   : gatherBufferInfo: Received unknown dataspace from gralloc
12-24 23:02:18.794  2711  2806 D VRI[app]@68f7b78: mThreadedRenderer.initialize() mSurface={isValid=true 0xb400006ebbd2b800} hwInitialized=true
12-24 23:02:18.794  2971  2234 I HoneySpace.HistoryViewModel@75334967@OneUI: launcherShowing : false, recentShowing : false, isInteractive : true, state : 0minusOne : false
12-24 23:02:18.795  2971  3121 I HoneySpace.TopTaskSource: onTaskMovedToFront : taskId = 227, displayId = 0
12-24 23:02:18.795  2711  2806 D VRI[app]@68f7b78: reportNextDraw android.view.ViewRootImpl.performTraversals:5193 android.view.ViewRootImpl.doTraversal:3708 android.view.ViewRootImpl$TraversalRunnable.run:12542 android.view.Choreographer$CallbackRecord.run:1751 android.view.Choreographer$CallbackRecord.run:1760 
12-24 23:02:18.795  2971  2234 I HoneySpace.HistoryViewModel@75334967@OneUI: task bar is not showing. skip load history items
12-24 23:02:18.795  2711  2711 I {OngoingActivityDataHelper}: setBaseActivityComponentName:ComponentInfo{com.mydesktopapplication.app/crc648a10417f6d1065e1.MainActivity}
12-24 23:02:18.796  2711  2806 D VRI[app]@68f7b78: Setup new sync=wmsSync-VRI[app]@68f7b78#1
12-24 23:02:18.796  2711  2806 I VRI[app]@68f7b78: Creating new active sync group VRI[app]@68f7b78#2
12-24 23:02:18.796  2971  6841 I HoneySpace.HistoryViewModel@74780565@OneUI: Hotseat bar is not showing. skip load history items
12-24 23:02:18.797  2711  2806 D VRI[app]@68f7b78: registerCallbacksForSync syncBuffer=false
12-24 23:02:18.797  2971  2234 I HoneySpace.HistoryViewModel@75334967@OneUI: launcherShowing : false, recentShowing : false, isInteractive : true, state : 0minusOne : false
12-24 23:02:18.797  2971 29270 I HoneySpace.HistoryViewModel@75334967@OneUI: task bar is not showing. skip load history items
12-24 23:02:18.797  2971 29270 I HoneySpace.HistoryViewModel@75334967@OneUI: launcherShowing : false, recentShowing : false, isInteractive : true, state : 0minusOne : false
12-24 23:02:18.798  2971  6841 I HoneySpace.HistoryViewModel@74780565@OneUI: launcherShowing : false, recentShowing : false, isInteractive : true
12-24 23:02:18.798  2711  3349 D VRI[app]@68f7b78: Received frameDrawingCallback syncResult=0 frameNum=1.
12-24 23:02:18.798  2711  3349 I VRI[app]@68f7b78: mWNT: t=0xb400006efa7b3580 mBlastBufferQueue=0xb400006f77e9cb00 fn= 1 HdrRenderState mRenderHdrSdrRatio=1.0 caller= android.view.ViewRootImpl$11.onFrameDraw:15016 android.view.ThreadedRenderer$1.onFrameDraw:761 <bottom of call stack> 
12-24 23:02:18.798  2711  3349 I VRI[app]@68f7b78: Setting up sync and frameCommitCallback
12-24 23:02:18.799  2711  2854 I VRI[app]@68f7b78: Received frameCommittedCallback lastAttemptedDrawFrameNum=1 didProduceBuffer=true
12-24 23:02:18.799  1332  1399 D SGM:GameManager: identifyGamePackage. com.mydesktopapplication.app, mCurrentUserId: 0, callerUserId: 0, callingMethodInfo: com.samsung.android.game.SemGameManager.isGamePackage(SemGameManager.java:105)
12-24 23:02:18.799  2711  2854 D HWUI    : CFMS:: SetUp Pid : 2711    Tid : 2854
12-24 23:02:18.799  1332  1399 D SGM:SemGameManager: isGamePackage(), pkgName=com.mydesktopapplication.app, ret=false
12-24 23:02:18.799  2711  2806 D VRI[app]@68f7b78: reportDrawFinished seqId=0
12-24 23:02:18.800  1332  8974 D WindowManager: finishDrawingWindow: Window{8b786ea u0 Splash Screen com.mydesktopapplication.app} mDrawState=DRAW_PENDING seqId=0
12-24 23:02:18.800  1332  8974 V WindowManager: Finishing drawing window Window{8b786ea u0 Splash Screen com.mydesktopapplication.app}: mDrawState=DRAW_PENDING
12-24 23:02:18.800  1332  8974 V WindowManager: Draw state now committed in Window{8b786ea u0 Splash Screen com.mydesktopapplication.app}
12-24 23:02:18.800  1332  1399 D SGM:FgCheckThread: noteResumeComponent(), received pkgName: com.mydesktopapplication.app, userId: 0
12-24 23:02:18.801  1332  1400 V WindowManager: SyncGroup 884: Finished!
12-24 23:02:18.801  1332  1400 V WindowManager: performShowLocked: mDrawState=HAS_DRAWN in Window{8b786ea u0 Splash Screen com.mydesktopapplication.app}
12-24 23:02:18.801  1332  1400 D ChangeTransitionController: onTransactionReady: TransitionRecord{5f49792 id=884 type=OPEN flags=0x0}
12-24 23:02:18.801  1332  1400 V WindowManager: Start calculating TransitionInfo based on participants: {WallpaperWindowToken{ff30f token=android.os.Binder@eb8506e}_<system>, Task{6c01560 #227 type=standard A=10313:com.mydesktopapplication.app}, ActivityRecord{6d23448 u0 com.sec.android.app.launcher/.activities.LauncherActivity t114}, WallpaperWindowToken{b470c5d token=android.os.Binder@d0de634}_<lock>, ActivityRecord{c3f3563 u0 com.mydesktopapplication.app/crc648a10417f6d1065e1.MainActivity t227}}
12-24 23:02:18.801  1332  1400 V WindowManager:   Final targets: [Task{6c01560 #227 type=standard A=10313:com.mydesktopapplication.app}, Task{e94a5d #1 type=home}, WallpaperWindowToken{ff30f token=android.os.Binder@eb8506e}_<system>]
12-24 23:02:18.802  1332  2400 D SGM:FgCheckThread: onLooperPrepared(), msg: MSG_APP_RESUME, pkgName: com.mydesktopapplication.app, userid: 0
12-24 23:02:18.802  1332  2400 D SGM:FgCheckThread: handleResume().
12-24 23:02:18.802  1332  2400 D SGM:FgCheckThread: sendFocusOutConditionally() - mPrevNotiPkg: (unknown), userId: 0
12-24 23:02:18.802  1332  2400 D SGM:FgCheckThread:   handleResume(). pkgName: com.mydesktopapplication.app, userId: 0, category: non-game
12-24 23:02:18.802  1332  2400 D SGM:FgCheckThread: notifyFocusInOut(). of pkg: com.mydesktopapplication.app, type: 4, isSecGameFamily: false, userId: 0
12-24 23:02:18.802  1332  2400 D SGM:FgCheckThread:   notifyFocusInOut(). unexpected mPrevNotiType: -1
12-24 23:02:18.802  1332  2400 D SGM:SystemHelper: callReleaseBlock needReleaseBlock:false
12-24 23:02:18.803  1332  1400 I SurfaceControlRegistry: show, t=StartTransaction_SyncId<884> sc=ActivityRecord{c3f3563 u0 com.mydesktopapplication.app/crc648a10417f6d1065e1.MainActivity t227}, caller=android.view.SurfaceControl$Transaction.show:3232 com.android.server.wm.Transition.onTransactionReady:2273 com.android.server.wm.BLASTSyncEngine$SyncGroup.finishNow:195 com.android.server.wm.BLASTSyncEngine.onSurfacePlacement:269 com.android.server.wm.RootWindowContainer.performSurfacePlacementNoTrace:471 com.android.server.wm.RootWindowContainer.performSurfacePlacement:9 
12-24 23:02:18.803  1332  1400 V WindowManager: Calling onTransitionReady: {id=884 t=OPEN f=0x0 trk=0 r=[0@Point(0, 0)] c=[
12-24 23:02:18.803  1332  1400 V WindowManager:         {WCT{RemoteToken{a92dc24 Task{6c01560 #227 type=standard A=10313:com.mydesktopapplication.app}}} m=OPEN f=NONE leash=Surface(name=Task=227)/@0xbff27b6 sb=Rect(0, 0 - 1200, 1920) eb=Rect(0, 0 - 1200, 1920) d=0 taskParent=-1 inset=Rect(0, 36 - 0, 72) dim=true},
12-24 23:02:18.803  1332  1400 V WindowManager:         {WCT{RemoteToken{5cde3bb Task{e94a5d #1 type=home}}} m=TO_BACK f=SHOW_WALLPAPER|EDGE_EXTENSION_RESTRICTION leash=Surface(name=Task=1)/@0x42779b5 sb=Rect(0, 0 - 1200, 1920) eb=Rect(0, 0 - 1200, 1920) d=0 taskParent=-1 inset=Rect(0, 36 - 0, 72)},
12-24 23:02:18.803  1332  1400 V WindowManager:         {null m=TO_BACK f=IS_WALLPAPER p=WCT{RemoteToken{ae379b2 RemoteWallpaperAnim:1:1@2237040}} leash=Surface(name=WallpaperWindowToken{ff30f token=android.os.Binder@eb8506e})/@0xfda1c9f sb=Rect(0, 0 - 1200, 1920) eb=Rect(0, 0 - 1200, 1920) d=0 inset=Rect(0, 0 - 0, 0)}
12-24 23:02:18.803  1332  1400 V WindowManager:     ]}
12-24 23:02:18.804  1332  6758 D InputDispatcher: Once focus requested (0): <null>
12-24 23:02:18.804  1332  6758 D InputDispatcher: Focus request (0): <null> but waiting because NO_WINDOW
12-24 23:02:18.804  1332  6758 D InputDispatcher: Focus left window (0): 1187f14 com.sec.android.app.launcher/com.sec.android.app.launcher.activities.LauncherActivity
12-24 23:02:18.805  2971  2971 I ImeFocusController: onPreWindowFocus: skipped hasWindowFocus=false mHasImeFocus=true
12-24 23:02:18.805  2971  2971 I ImeFocusController: onPostWindowFocus: skipped hasWindowFocus=false mHasImeFocus=true
12-24 23:02:18.806  2711  2733 V WindowManagerShell: onTransitionReady(transaction=5720896518941)
12-24 23:02:18.806  1169  1169 W Layer   : gatherBufferInfo: Received unknown dataspace from gralloc
12-24 23:02:18.806  2711  2767 V WindowManagerShell: onTransitionReady (#884) android.os.BinderProxy@9865251: {id=884 t=OPEN f=0x0 trk=0 r=[0@Point(0, 0)] c=[{WCT{android.window.IWindowContainerToken$Stub$Proxy@d61d8a7} m=OPEN f=NONE leash=Surface(name=Task=227)/@0x8a5acb sb=Rect(0, 0 - 1200, 1920) eb=Rect(0, 0 - 1200, 1920) d=0 taskParent=-1 inset=Rect(0, 36 - 0, 72) dim=true},{WCT{android.window.IWindowContainerToken$Stub$Proxy@ad65154} m=TO_BACK f=SHOW_WALLPAPER|EDGE_EXTENSION_RESTRICTION leash=Surface(name=Task=1)/@0x694b2a8 sb=Rect(0, 0 - 1200, 1920) eb=Rect(0, 0 - 1200, 1920) d=0 taskParent=-1 inset=Rect(0, 36 - 0, 72)},{null m=TO_BACK f=IS_WALLPAPER p=WCT{android.window.IWindowContainerToken$Stub$Proxy@50068fd} leash=Surface(name=WallpaperWindowToken{ff30f token=android.os.Binder@eb8506e})/@0x1af71c1 sb=Rect(0, 0 - 1200, 1920) eb=Rect(0, 0 - 1200, 1920) d=0 inset=Rect(0, 0 - 0, 0)}]}
12-24 23:02:18.807  1332  1396 V WindowManager: Sent Transition (#884) createdAt=12-24 23:02:18.740 via request=TransitionRequestInfo { type = OPEN, triggerTask = TaskInfo{userId=0 taskId=227 displayId=0 isRunning=true baseIntent=Intent { act=android.intent.action.MAIN cat=[android.intent.category.LAUNCHER] flg=0x10200000 cmp=com.mydesktopapplication.app/crc648a10417f6d1065e1.MainActivity } baseActivity=ComponentInfo{com.mydesktopapplication.app/crc648a10417f6d1065e1.MainActivity} topActivity=ComponentInfo{com.mydesktopapplication.app/crc648a10417f6d1065e1.MainActivity} origActivity=null realActivity=ComponentInfo{com.mydesktopapplication.app/crc648a10417f6d1065e1.MainActivity} numActivities=1 lastActiveTime=4087305408 supportsMultiWindow=true resizeMode=1 isResizeable=true minWidth=-1 minHeight=-1 maxWidth=-1 maxHeight=-1 defaultMinSize=220 token=WCT{RemoteToken{a92dc24 Task{6c01560 #227 type=standard A=10313:com.mydesktopapplication.app}}} topActivityType=1 pictureInPictureParams=null shouldDockBigOverlays=false launchIntoPipHostTaskId=-1 lastParentTaskIdBeforePip=-1 displayCutoutSafeInsets=null topActivityInfo=ActivityInfo{772e38d crc648a10417f6d1065e1.MainActivity} launchCookies=[android.os.BinderProxy@94e0942] positionInParent=Point(0, 0) parentTaskId=-1 isFocused=false isVisible=false isVisibleRequested=false isSleeping=false topActivityInSizeCompat=false locusId=null displayAreaFeatureId=1 isTopActivityTransparent=false isTopActivityStyleFloating=false appCompatTaskInfo=AppCompatTaskInfo { topActivityInSizeCompat=false eligibleForLetterboxEducation= false isLetterboxEducationEnabled= false isLetterboxDoubleTapEnabled= false eligibleForUserAspectRatioButton= true topActivityBoundsLetterboxed= false isFromLetterboxDoubleTap= false topActivityLetterboxVerticalPosition= -1 topActivityLetterboxHorizontalPosition= -1 topActivityLetterboxWidth=1200 topActivityLetterboxHeight=1920 topActivityLetterboxAppWidth=1200 topActivityLetterboxAppHeight=1920 isUserFullscreenOverrideEnabled=false isSystemFullscreenOverrideEnabled=false hasMinAspectRatioOverride=false cameraCompatTaskInfo=CameraCompatTaskInfo { freeformCameraCompatMode=inactive} topActivityBounds=null topActivityInDisplayCompat=false} originallySupportedMultiWindow=true hasWallpaper=false rootAffinity=10313:com.mydesktopapplication.app isTopTaskInStage=false topActivityUiMode=17 CoverLauncherWidgetTask=false isAllowedSeamlessRotation=false isTopTransparentActivity=false snappingGuideBounds=Rect(312, 510 - 888, 1374) isAliasManaged=false hasConfigChanged=false isAiKeyRemoveAppTask=false}, pipTask = null, remoteTransition = RemoteTransition { remoteTransition = android.window.IRemoteTransition$Stub$Proxy@8183d53, appThread = android.app.IApplicationThread$Stub$Proxy@6339690, debugName = QuickstepLaunchflags =NONE }, displayChange = null, flags = 0, debugId = 884 }
12-24 23:02:18.807  1332  1396 V WindowManager:     startWCT=WindowContainerTransaction { changes = {} hops = [] errorCallbackToken=null taskFragmentOrganizer=null }
12-24 23:02:18.807  2711  2767 I SurfaceControlRegistry: hide, t=FinishTransaction_SyncId<884> sc=Task=1, caller=android.view.SurfaceControl$Transaction.hide:3258 com.android.wm.shell.transition.Transitions.dispatchReady:929 com.android.wm.shell.transition.Transitions.onTransitionReady:243 com.android.wm.shell.transition.Transitions$TransitionPlayerImpl$$ExternalSyntheticLambda0.run:13 android.os.Handler.handleCallback:959 android.os.Handler.dispatchMessage:100 
12-24 23:02:18.807  1332  1396 V WindowManager:     info={id=884 t=OPEN f=0x0 trk=0 r=[0@Point(0, 0)] c=[
12-24 23:02:18.807  1332  1396 V WindowManager:         {WCT{RemoteToken{a92dc24 Task{6c01560 #227 type=standard A=10313:com.mydesktopapplication.app}}} m=OPEN f=NONE leash=Surface(name=Task=227)/@0xbff27b6 sb=Rect(0, 0 - 1200, 1920) eb=Rect(0, 0 - 1200, 1920) d=0 taskParent=-1 inset=Rect(0, 36 - 0, 72) dim=true},
12-24 23:02:18.807  1332  1396 V WindowManager:         {WCT{RemoteToken{5cde3bb Task{e94a5d #1 type=home}}} m=TO_BACK f=SHOW_WALLPAPER|EDGE_EXTENSION_RESTRICTION leash=Surface(name=Task=1)/@0x42779b5 sb=Rect(0, 0 - 1200, 1920) eb=Rect(0, 0 - 1200, 1920) d=0 taskParent=-1 inset=Rect(0, 36 - 0, 72)},
12-24 23:02:18.807  1332  1396 V WindowManager:         {null m=TO_BACK f=IS_WALLPAPER p=WCT{RemoteToken{ae379b2 RemoteWallpaperAnim:1:1@2237040}} leash=Surface(name=WallpaperWindowToken{ff30f token=android.os.Binder@eb8506e})/@0xfda1c9f sb=Rect(0, 0 - 1200, 1920) eb=Rect(0, 0 - 1200, 1920) d=0 inset=Rect(0, 0 - 0, 0)}
12-24 23:02:18.807  1332  1396 V WindowManager:     ]}
12-24 23:02:18.807  2711  2767 I SurfaceControlRegistry: show, t=StartTransaction_SyncId<884> sc=Task=227, caller=android.view.SurfaceControl$Transaction.show:3232 com.android.wm.shell.transition.Transitions.dispatchReady:934 com.android.wm.shell.transition.Transitions.onTransitionReady:243 com.android.wm.shell.transition.Transitions$TransitionPlayerImpl$$ExternalSyntheticLambda0.run:13 android.os.Handler.handleCallback:959 android.os.Handler.dispatchMessage:100 
12-24 23:02:18.807  2711  2767 I SurfaceControlRegistry: show, t=FinishTransaction_SyncId<884> sc=Task=227, caller=android.view.SurfaceControl$Transaction.show:3232 com.android.wm.shell.transition.Transitions.dispatchReady:988 com.android.wm.shell.transition.Transitions.onTransitionReady:243 com.android.wm.shell.transition.Transitions$TransitionPlayerImpl$$ExternalSyntheticLambda0.run:13 android.os.Handler.handleCallback:959 android.os.Handler.dispatchMessage:100 
12-24 23:02:18.807  2711  2767 V WindowManagerShell: Playing animation for (#884) android.os.BinderProxy@9865251@0
12-24 23:02:18.808  2711  2767 I SurfaceControlRegistry: show, t=StartTransaction_SyncId<884> sc=Transition Root: Task=227, caller=android.view.SurfaceControl$Transaction.show:3232 com.android.wm.shell.transition.Transitions.playTransition:81 com.android.wm.shell.transition.Transitions.processReadyQueue:250 com.android.wm.shell.transition.Transitions.dispatchReady:1007 com.android.wm.shell.transition.Transitions.onTransitionReady:243 com.android.wm.shell.transition.Transitions$TransitionPlayerImpl$$ExternalSyntheticLambda0.run:13 
12-24 23:02:18.808  2711  2767 V WindowManagerShell:  try firstHandler com.android.wm.shell.transition.DefaultMixedHandler@f61b9e2
12-24 23:02:18.808  2711  2767 V WindowManagerShell: Mixed transition for opening an intent with a remote transition and PIP #884
12-24 23:02:18.808  2711  2767 V WindowManagerShell:  Delegate animation for (#884) to RemoteTransition { remoteTransition = android.window.IRemoteTransition$Stub$Proxy@70cc28d, appThread = android.app.IApplicationThread$Stub$Proxy@9c3fc42, debugName = QuickstepLaunchflags =NONE }
12-24 23:02:18.808  2711  2767 V WindowManagerShell:  Excluded change from remote targets at (#884), change={null m=TO_BACK f=IS_WALLPAPER p=WCT{android.window.IWindowContainerToken$Stub$Proxy@50068fd} leash=Surface(name=WallpaperWindowToken{ff30f token=android.os.Binder@eb8506e})/@0x1af71c1 sb=Rect(0, 0 - 1200, 1920) eb=Rect(0, 0 - 1200, 1920) d=0 inset=Rect(0, 0 - 0, 0)}
12-24 23:02:18.810  2711  2767 V WindowManagerShell:  animated by firstHandler
12-24 23:02:18.811  2971   713 I SurfaceControlRegistry: show, t=StartTransaction_SyncId<884> sc=Task=227, caller=android.view.SurfaceControl$Transaction.show:3232 P.g.a:125 P.g.o:0 P.g.n:0 com.android.systemui.animation.RemoteAnimationTargetCompat.wrap:48 com.android.systemui.animation.RemoteAnimationTargetCompat.wrapApps:10 
12-24 23:02:18.811  2711  2767 E CompatUIController: no activity bounds
12-24 23:02:18.811  1332  2587 I CocktailBarManagerServiceContainer: handleMessage: entry what = 5
12-24 23:02:18.811  1332  2587 I CocktailBarManagerServiceImpl: noteResumeComponent : no active host
12-24 23:02:18.812  2971   713 I SurfaceControlRegistry: show, t=StartTransaction_SyncId<884> sc=Task=1, caller=android.view.SurfaceControl$Transaction.show:3232 P.g.a:125 P.g.o:0 P.g.n:0 com.android.systemui.animation.RemoteAnimationTargetCompat.wrap:48 com.android.systemui.animation.RemoteAnimationTargetCompat.wrapApps:10 
12-24 23:02:18.812  2971   713 I SurfaceControlRegistry: apply, t=StartTransaction_SyncId<884>, caller=android.view.SurfaceControl$Transaction.apply:3135 android.view.SurfaceControl$Transaction.apply:3122 android.view.SurfaceControl$Transaction.apply:3078 com.android.systemui.animation.RemoteAnimationRunnerCompat$1.startAnimation:634 android.window.IRemoteTransition$Stub.onTransact:158 android.os.Binder.execTransactInternal:1541 
12-24 23:02:18.813  2971   713 I HoneySpace.ShellAnimationRunner: [onAnimationStart] appTarget(0) : taskId-227, mode-0
12-24 23:02:18.813  2971   713 I HoneySpace.ShellAnimationRunner: cookie: 16876
12-24 23:02:18.813  2971   713 I HoneySpace.ShellAnimationRunner: [onAnimationStart] appTarget(1) : taskId-1, mode-1
12-24 23:02:18.813  2971  2971 I HoneySpace.ShellAnimationRunner: this , com.honeyspace.transition.ShellAnimationRunner@dd57601
12-24 23:02:18.813  2971  2971 I HoneySpace.ShellTransitionManager: open animation start
12-24 23:02:18.813  2971  2971 I HoneySpace.ShellAnimationRunner: finishExistingAnimation, null
12-24 23:02:18.813  2971  2971 I HoneySpace.AppLaunchAnimationDelegate: onAnimationStart
12-24 23:02:18.814  1332  3635 D AutoRotationHandler: not support this mode 
12-24 23:02:18.814  1332  3635 D AutoRotationHandler: not support this mode 
12-24 23:02:18.814  2971  2971 I HoneySpace.AppLaunchAnimationDelegate: composeIconLaunchAnimator
12-24 23:02:18.814  2971  2971 I HoneySpace.AppLaunchAnimationDelegate: playAnim: translucent:false
12-24 23:02:18.814  2971  2971 I HoneySpace.FloatingAnimator: [Player:A(18.735)] lateTargetsSetup, id: 16876
12-24 23:02:18.814  2971  2971 I HoneySpace.AppLaunchAnimationDelegate: playFloatingIconAnim, appPlayer: 196429520
12-24 23:02:18.814  4379 17519 I SDHMS:l : handleResumeComponent : put = com.mydesktopapplication.app, userid = 0 instanceid =244091417
12-24 23:02:18.814  2971  2971 I HoneySpace.AppTransitionAnimationAwait: prepare refCnt:1 timeout:500
12-24 23:02:18.815  2971  2971 I HoneySpace.FloatingAnimator: [Player:A(18.735)] value animator:[38798336] started
12-24 23:02:18.815  2971  2971 I HoneySpace.AnimationResult: setAnimation, animation: false
12-24 23:02:18.815  2971  2971 I HoneySpace.HoneySystemControllerImpl: isRecentsActivityIdleState false
12-24 23:02:18.822  2971  2971 I HoneySpace.TaskbarVisibilityController: onTaskbarIconVisibleChangeRequest occlude:true cn:ComponentInfo{com.mydesktopapplication.app/crc648a10417f6d1065e1.MainActivity}, isResume:false, isGestureTransition : false, isDock : false
12-24 23:02:18.823  2971  2971 I HoneySpace.IconView: setIconVisible : visible-false, currentForceHideBadge-false
12-24 23:02:18.823  2971  2971 I HoneySpace.AppLaunchAnimationDelegate: hasWallpaperFlags:false
12-24 23:02:18.823  2971  2971 I HoneySpace.ContentsAnimator: from : 0.0
12-24 23:02:18.823  2971  2971 I HoneySpace.ContentsAnimator: ContentsAnimator start [18201214]
12-24 23:02:18.823  2971 30353 I HoneySpace.WallpaperAnimator: createWallpaperSurface
12-24 23:02:18.824  2971  4709 I HoneySpace.TaskbarVisibilityController: updateVisibility(0) isDock:false occlude:true needToHide:false hideFlag:false forceMinusOnePage:false launcher:false recent:false minus:false homePackage:false AppPicker:false :: state 0 -> 1
12-24 23:02:18.824  2971  2971 I HoneySpace.TaskbarPot@36314853: update layout state = 1
12-24 23:02:18.824  2971  2971 I HoneySpace.TaskbarPot@36314853: updateLayout() [count=7,gesture=false,hint=true,floating=false,wide=1,isMoreTaskButton=false],iconSize=50
12-24 23:02:18.824  1332  8974 I WindowManager: Reparenting to leash, surface=Surface(name=RemoteWallpaperAnim:1:1)/@0x79a4af5, syncState=0, syncCommitDepth=0, leashParent=Surface(name=OneHanded:0:14)/@0xe06c08a
12-24 23:02:18.825  2971  2971 I HoneySpace.TaskbarViewModel@219829598@OneUI: updateBGHeight height:72
12-24 23:02:18.825  1332  4715 D KNOX_MDM_SettingsProvider: isChangeAllowed() : name = task_bar_current_size
12-24 23:02:18.825  1332  4715 D KNOX_MDM_SettingsProvider: edmUri: content://com.sec.knox.provider/RestrictionPolicy3
12-24 23:02:18.825  1332  4715 D KNOX_MDM_SettingsProvider: projectionArgs: isSettingsChangesAllowed
12-24 23:02:18.825  1332  4715 D KNOX_MDM_SettingsProvider: selectionArgs: false
12-24 23:02:18.825  1332  4715 D KNOX_MDM_SettingsProvider: selectionArgs: 10117
12-24 23:02:18.825  2971  2971 I HoneySpace.AttachToTaskbarWindow: Already Taskbar Tips is shown.
12-24 23:02:18.825  1332  4715 D SecContentProvider: query(), uri = 17 selection = isSettingsChangesAllowed
12-24 23:02:18.825  1332  4715 D SecContentProvider: called from com.sec.android.app.launcher
12-24 23:02:18.825  1332  4715 D RestrictionPolicy: isSettingsChangesAllowedAsUser, userId 0 : true
12-24 23:02:18.825  1332  4715 D KNOX_MDM_SettingsProvider: ret = 1
12-24 23:02:18.825  2971  2971 I HoneySpace.TaskbarStateChangeAnimator: animation start. task bar state true
12-24 23:02:18.825  2971  2971 I HoneySpace.TaskbarStateChangeAnimator: start visibility animation set
12-24 23:02:18.825  1332  8974 D WindowManager: makeSurface duration=1 leash=Surface(name=Surface(name=RemoteWallpaperAnim:1:1)/@0x79a4af5 - animation-leash of remote_wallpaper)/@0xeb7778e
12-24 23:02:18.826  1332  8974 D WindowManager: startAnimation for remote wallpaper, leash=Surface(name=Surface(name=RemoteWallpaperAnim:1:1)/@0x79a4af5 - animation-leash of remote_wallpaper)/@0xeb7778e
12-24 23:02:18.826  2971  2971 I HoneySpace.HistoryViewModel@74780565@OneUI: Hotseat bar is not showing. skip load history items
12-24 23:02:18.826  1332  8974 D WindowManager: startRemoteWallpaperAnimation, d=0, leash=Surface(name=Surface(name=RemoteWallpaperAnim:1:1)/@0x79a4af5 - animation-leash of remote_wallpaper)/@0xeb7778e
12-24 23:02:18.826  2971  6839 I HoneySpace.HistoryViewModel@75334967@OneUI: loadItems(TASKBAR) called - delay=200, reason=Update
12-24 23:02:18.826  2971  2971 I HoneySpace.HistoryViewModel@74780565@OneUI: launcherShowing : false, recentShowing : false, isInteractive : true
12-24 23:02:18.826  2971  2971 I HoneySpace.HistoryTaskView@167403035@OneUI: loading ? true
12-24 23:02:18.828  1332  1400 I SurfaceControl: apply, lowDebugName=startRemoteWallpaperAnimation_6249391, caller=android.view.SurfaceControl$Transaction.apply:3122 android.view.SurfaceControl$Transaction.apply:3078 com.android.server.wm.WindowAnimator.animate:380 com.android.server.wm.WindowAnimator$$ExternalSyntheticLambda1.doFrame:14 android.view.Choreographer$CallbackRecord.run:1749 android.view.Choreographer$CallbackRecord.run:1760 
12-24 23:02:18.833  2971  2971 I HoneySpace.FloatingAnimator: container x: 788.8353, y: 908.89703, scale : 0.083826445
12-24 23:02:18.834  7240  7240 E crash_dump64: failed to get the guest state header for thread 7217: Bad address
12-24 23:02:18.834  1332  4715 I WindowManager: Cancelling animation restarting=true, leash=Surface(name=Surface(name=4683ed6 TaskbarWindow)/@0x5817262 - animation-leash of insets_animation)/@0xd7c3be0
12-24 23:02:18.834  1332  4715 I WindowManager: Reparenting to original parent: Surface(name=WindowToken{7d69844 type=2024 android.os.BinderProxy@d84fd66})/@0x2c3bff3, destroy=false, syncState=0, syncCommitDepth=0, surface=Surface(name=4683ed6 TaskbarWindow)/@0x5817262
12-24 23:02:18.834  7240  7240 E crash_dump64: failed to get the guest state header for thread 7221: Bad address
12-24 23:02:18.835  1332  4715 I WindowManager: Reparenting to leash, surface=Surface(name=4683ed6 TaskbarWindow)/@0x5817262, syncState=0, syncCommitDepth=0, leashParent=Surface(name=WindowToken{7d69844 type=2024 android.os.BinderProxy@d84fd66})/@0x2c3bff3
12-24 23:02:18.835  1332  4715 D WindowManager: makeSurface duration=1 leash=Surface(name=Surface(name=4683ed6 TaskbarWindow)/@0x5817262 - animation-leash of insets_animation)/@0xaddf745
12-24 23:02:18.836  1332  4715 D InsetsSourceProvider: updateControlForTarget: control=InsetsSourceControl: {274e0001 mType=navigationBars initiallyVisible mSurfacePosition=Point(0, 1848) mInsetsHint=Insets{left=0, top=0, right=0, bottom=72}}, target=Window{8b786ea u0 Splash Screen com.mydesktopapplication.app}, from=com.android.server.wm.InsetsStateController.onControlTargetChanged:81 com.android.server.wm.InsetsPolicy.updateBarControlTarget:188 com.android.server.wm.DisplayPolicy.updateSystemBarAttributes:281 com.android.server.wm.DisplayPolicy.finishPostLayoutPolicyLw:17 com.android.server.wm.RootWindowContainer.applySurfaceChangesTransaction$1:194 
12-24 23:02:18.836  1332  4715 I WindowManager: Cancelling animation restarting=true, leash=Surface(name=Surface(name=37978e1 StatusBar)/@0x1bcda5 - animation-leash of insets_animation)/@0xb95655e
12-24 23:02:18.836  1332  4715 I WindowManager: Reparenting to original parent: Surface(name=WindowToken{c7004eb type=2000 android.os.BinderProxy@1268b65})/@0x71d057a, destroy=false, syncState=0, syncCommitDepth=0, surface=Surface(name=37978e1 StatusBar)/@0x1bcda5
12-24 23:02:18.836  1332  4715 I WindowManager: Reparenting to leash, surface=Surface(name=37978e1 StatusBar)/@0x1bcda5, syncState=0, syncCommitDepth=0, leashParent=Surface(name=WindowToken{c7004eb type=2000 android.os.BinderProxy@1268b65})/@0x71d057a
12-24 23:02:18.836  2971  4704 I VRI[LauncherActivity]@b3ce551: mWNT: t=0xb400006ebeb99880 mBlastBufferQueue=0xb400006ebc3cb100 fn= 117 HdrRenderState mRenderHdrSdrRatio=1.0 caller= com.android.systemui.shared.launcher.ViewRootImplCompat.mergeWithNextTransaction:4 com.honeyspace.transition.utils.SurfaceTransactionApplier.scheduleApply$lambda$1:26 com.honeyspace.transition.utils.SurfaceTransactionApplier.b:0 
12-24 23:02:18.836  7240  7240 E crash_dump64: failed to get the guest state header for thread 7222: Bad address
12-24 23:02:18.836  1332  4715 D WindowManager: makeSurface duration=0 leash=Surface(name=Surface(name=37978e1 StatusBar)/@0x1bcda5 - animation-leash of insets_animation)/@0x35003cb
12-24 23:02:18.836  7240  7240 E crash_dump64: failed to get the guest state header for thread 7223: Bad address
12-24 23:02:18.837  7240  7240 E crash_dump64: failed to get the guest state header for thread 7224: Bad address
12-24 23:02:18.837  1332  4715 D InsetsSourceProvider: updateControlForTarget: control=InsetsSourceControl: {b9d0000 mType=statusBars initiallyVisible mSurfacePosition=Point(0, 0) mInsetsHint=Insets{left=0, top=36, right=0, bottom=0}}, target=Window{8b786ea u0 Splash Screen com.mydesktopapplication.app}, from=com.android.server.wm.InsetsStateController.onControlTargetChanged:81 com.android.server.wm.InsetsPolicy.updateBarControlTarget:175 com.android.server.wm.DisplayPolicy.updateSystemBarAttributes:281 com.android.server.wm.DisplayPolicy.finishPostLayoutPolicyLw:17 com.android.server.wm.RootWindowContainer.applySurfaceChangesTransaction$1:194 
12-24 23:02:18.837  7240  7240 E crash_dump64: failed to get the guest state header for thread 7225: Bad address
12-24 23:02:18.837  1332  4715 D WindowManager: updateSystemBarAttributes: displayId=0, focusedCanBeNavColorWin=false, win=Window{8b786ea u0 Splash Screen com.mydesktopapplication.app}, navColorWin=Window{8b786ea u0 Splash Screen com.mydesktopapplication.app}, caller=com.android.server.wm.DisplayPolicy.finishPostLayoutPolicyLw:17 com.android.server.wm.RootWindowContainer.applySurfaceChangesTransaction$1:194 com.android.server.wm.RootWindowContainer.performSurfacePlacementNoTrace:61 
12-24 23:02:18.837  1332  4715 D WindowManager: updateSystemBarAttributes, bhv=1, apr=24, statusBarAprRegions=[AppearanceRegion{LIGHT_STATUS_BARS bounds=[0,0][1200,1920]}], requestedVisibilities=-9
12-24 23:02:18.837  7240  7240 E crash_dump64: failed to get the guest state header for thread 7226: Bad address
12-24 23:02:18.838  2711  2711 D SamsungLightBarControlHelper: updateStatusBar (BLACK icon) numStacks:1, StatusBarMode:MODE_TRANSPARENT, lightBarBounds:[Rect(0, 0 - 1200, 1920)], StatusBarState:SHADE, packageName:, isWhiteKeyguardStatusBar:false
12-24 23:02:18.838  1169  1169 E SurfaceFlinger: Out of order buffers detected for RequestedLayerState{com.sec.android.app.launcher/com.sec.android.app.launcher.activities.LauncherActivity$_2971#9239 parentId=117} producedId=579 frameNumber=251 -> producedId=579 frameNumber=116
12-24 23:02:18.838  2711  2711 D SamsungLightBarControlHelper: onStatusBarAppearanceChanged() -  sbModeChanged:false, statusBarMode:0, barState:MODE_TRANSPARENT, isKeyguardShowing:false, navbarColorManagedByIme:false, (AppearanceRegion{LIGHT_STATUS_BARS bounds=[0,0][1200,1920]}, )
12-24 23:02:18.838  2711  2711 D TaskBarDelegate: onSystemBarAttributesChanged() -  displayId:0, appearance:24 (APPEARANCE_LIGHT_NAVIGATION_BARS ), navbarColorManagedByIme: false, packageName: com.mydesktopapplication.app
12-24 23:02:18.839  2711  2711 D SamsungLightBarControlHelper: updateNavigationBar (BLACK button) isLightOpaque:false, hasLightNavigationBarFlag:true, packageName:com.mydesktopapplication.app, DirectReplying:false, NavBarColorMangedByIme:false, ForceDarkForScrim:false, ForceLightForScrim:false, QsCustomizing:false, QsExpanded:false
12-24 23:02:18.839  2711  2711 D SysUiState: SysUiState changed: old=0x10000000 new=0x10020000
12-24 23:02:18.839  2971  3120 I HoneySpace.TaskbarEventTracker: invokeEvent() called with: event = OnSystemBarAttributesChanged(displayId=0, behavior=1)
12-24 23:02:18.839  7240  7240 E crash_dump64: failed to get the guest state header for thread 7227: Bad address
12-24 23:02:18.839  1169  1169 W Layer   : gatherBufferInfo: Received unknown dataspace from gralloc
12-24 23:02:18.839  2971  3120 I HoneySpace.TaskbarEventTracker: invokeEvent() called with: event = HandleNavigationBarEvent(eventData=NavBarEvents(eventType=ON_APPEARANCE_CHANGED, iconType=null, remoteViewBundle=null, iconBitmapBundle=null, orderDefault=true, position=0, rotationLocked=false, transientShowing=false, appearance=24, pluginBundle=null, hiddenByKnox=false, insetsBundle=null))
12-24 23:02:18.839  2971  3120 I HoneySpace.TaskbarEventTracker: invokeEvent() called with: event = NavButtonsDarkIntensityChanged(darkIntensity=0.0)
12-24 23:02:18.840  7240  7240 E crash_dump64: failed to get the guest state header for thread 7228: Bad address
12-24 23:02:18.840  7240  7240 E crash_dump64: failed to get the guest state header for thread 7229: Bad address
12-24 23:02:18.841  7240  7240 E crash_dump64: failed to get the guest state header for thread 7230: Bad address
12-24 23:02:18.841  2971  6841 I HoneySpace.SystemUiRepository: systemUiFlags: allow_gesture|awake
12-24 23:02:18.842  7240  7240 E crash_dump64: failed to get the guest state header for thread 7231: Bad address
12-24 23:02:18.842  2971  2971 I HoneySpace.TaskbarPot@36314853: HandleNavigationBarEvent: ON_APPEARANCE_CHANGED
12-24 23:02:18.842  2971  2971 I HoneySpace.TaskbarPot@36314853: updateAppearance appearance:24
12-24 23:02:18.842  2971  2971 I HoneySpace.TaskbarPot@36314853: setTaskbarBGAlpha default : true, fixAlpha : 0
12-24 23:02:18.842  7240  7240 E crash_dump64: failed to get the guest state header for thread 7232: Bad address
12-24 23:02:18.842  7240  7240 E crash_dump64: failed to get the guest state header for thread 7233: Bad address
12-24 23:02:18.842  2971  3120 I HoneySpace.TaskbarEventTracker: invokeEvent() called with: event = SystemUiStateChanged(stateFlags=268566528)
12-24 23:02:18.843  1332  1399 D WindowManager: mRunner#onAnimationStart for remote wallpaper=[android.view.RemoteAnimationTarget@43ba7a8], transaction=startRemoteWallpaperAnimation_6249391
12-24 23:02:18.844  2971   713 I HoneySpace.WallpaperAnimator: onAnimationStart, wallpapers: Surface(name=Surface(name=RemoteWallpaperAnim:1:1)/@0x79a4af5 - animation-leash of remote_wallpaper)/@0x46e87d7
12-24 23:02:18.845  2971  2971 I HoneySpace.FloatingAnimator: container x: 767.263, y: 884.04144, scale : 0.10888112
12-24 23:02:18.846  2971  3120 I HoneySpace.TaskbarEventTracker: invokeEvent() called with: event = NavButtonsDarkIntensityChanged(darkIntensity=0.0)
12-24 23:02:18.847  2711  2806 I InsetsSourceConsumer: applyRequestedVisibilityToControl: visible=true, type=navigationBars, host=Splash Screen com.mydesktopapplication.app
12-24 23:02:18.848  2971  4703 I VRI[LauncherActivity]@b3ce551: mWNT: t=0xb400006ebc3bd000 mBlastBufferQueue=0xb400006ebc3cb100 fn= 118 HdrRenderState mRenderHdrSdrRatio=1.0 caller= com.android.systemui.shared.launcher.ViewRootImplCompat.mergeWithNextTransaction:4 com.honeyspace.transition.utils.SurfaceTransactionApplier.scheduleApply$lambda$1:26 com.honeyspace.transition.utils.SurfaceTransactionApplier.b:0 
12-24 23:02:18.848  2711  2806 I InsetsSourceConsumer: applyRequestedVisibilityToControl: visible=true, type=statusBars, host=Splash Screen com.mydesktopapplication.app
12-24 23:02:18.849  1169  1169 E SurfaceFlinger: Out of order buffers detected for RequestedLayerState{com.sec.android.app.launcher/com.sec.android.app.launcher.activities.LauncherActivity$_2971#9239 parentId=117} producedId=579 frameNumber=251 -> producedId=579 frameNumber=117
12-24 23:02:18.850  1169  1169 W Layer   : gatherBufferInfo: Received unknown dataspace from gralloc
12-24 23:02:18.853  2971  2971 I HoneySpace.WallpaperAnimator: startWallpaperAnimation, isOpen-true, from:1.0, to:1.3, duration:250
12-24 23:02:18.853  2971  2971 I HoneySpace.WallpaperAnimator: wallpaper animation start [149362402]
12-24 23:02:18.855  2971  2971 I HoneySpace.FloatingAnimator: container x: 715.9634, y: 824.9339, scale : 0.16846186
12-24 23:02:18.856  2971  3120 I HoneySpace.TaskbarEventTracker: invokeEvent() called with: event = NavButtonsDarkIntensityChanged(darkIntensity=0.28277582)
12-24 23:02:18.858  2971  4704 I VRI[LauncherActivity]@b3ce551: mWNT: t=0xb400006ebc3bd480 mBlastBufferQueue=0xb400006ebc3cb100 fn= 119 HdrRenderState mRenderHdrSdrRatio=1.0 caller= com.android.systemui.shared.launcher.ViewRootImplCompat.mergeWithNextTransaction:4 com.honeyspace.transition.utils.SurfaceTransactionApplier.scheduleApply$lambda$1:26 com.honeyspace.transition.utils.SurfaceTransactionApplier.b:0 
12-24 23:02:18.860  1169  1169 E SurfaceFlinger: Out of order buffers detected for RequestedLayerState{com.sec.android.app.launcher/com.sec.android.app.launcher.activities.LauncherActivity$_2971#9239 parentId=117} producedId=579 frameNumber=251 -> producedId=579 frameNumber=118
12-24 23:02:18.861  1169  1169 W Layer   : gatherBufferInfo: Received unknown dataspace from gralloc
12-24 23:02:18.861  1169  1169 W Layer   : gatherBufferInfo: Received unknown dataspace from gralloc
12-24 23:02:18.861  1169  1169 W Layer   : gatherBufferInfo: Received unknown dataspace from gralloc
12-24 23:02:18.865  1042  6412 I sensors-hal: handle_sns_client_event:44, ambient_light_event: ts=4087305518399938, event=0.000000
12-24 23:02:18.866  2971  2971 I HoneySpace.FloatingAnimator: container x: 612.6611, y: 705.9089, scale : 0.28843975
12-24 23:02:18.867  1169  1169 D SurfaceFlinger: Display 4630946944264142721 HWC layers:
12-24 23:02:18.867  1169  1169 D SurfaceFlinger:      CLIENT | 0xb400007337e43920 | 0000 | RGBA_8888    |    0.0    0.0 1920.0 1200.0 |    0    0 1200 1920 | Wallpaper BBQ wrapper 5_system#88
12-24 23:02:18.867  1169  1169 D SurfaceFlinger:      CLIENT | 0xb4000073377e9bd0 | 0000 | RGBA_8888    |    0.0    0.0 1200.0 1920.0 |    0    0 1200 1920 | com.sec.android.app.launcher/com.sec[...]tivities.LauncherActivity$_2971#9239
12-24 23:02:18.867  1169  1169 D SurfaceFlinger:      CLIENT | 0xb400007334b4e9a0 | 0000 | RGBA_8888    |    0.0   34.0 1200.0 1465.0 |  767  884  898 1040 | Splash Screen com.mydesktopapplication.app$_2711#9384
