12-24 22:58:48.049  2971  5463 I HoneySpace.BadgeDataSourceImpl: Get notification count. PK(p='dev.imranr.obtainium.fdroid', u=UserHandle{0}) - forceBadgeCount: false, notification listener: 1, badge provider: 0
12-24 22:58:48.050  2971  5463 I HoneySpace.SuggestedAppsRepositoryImpl: getDPSData() collected: 9
12-24 22:58:48.050  2971  2971 I HoneySpace.HistoryCellLayout@203979704: addItem [0] (2, 0) width=222, height=72, spanX=1, spanY=1, view=com.honeyspace.ui.common.iconview.IconViewImpl{1dd9dbe V.ED..CL. ......ID 0,0-0,0 #7f0a029b app:id/icon} - Bitwarden, visibility:0, alpha:1.0, badge:0, icon:96x96, iconAlpha:255, iconState:NONE, iconSize:50, forceHideBadge:false, isTransparent:false, x=2, y=0
12-24 22:58:48.050  2971  2971 I HoneySpace.HistoryCellLayout@203979704: addItem [0] (2, 0)
12-24 22:58:48.050  2971  5463 I HoneySpace.SuggestedItemsFacade: updateItems :  9
12-24 22:58:48.050  2971  5463 I HoneySpace.SuggestedItemsFacade: DPS items : MyDesktopApplication, com.mydesktopapplication.app/crc648a10417f6d1065e1.MainActivity#UserHandle{0}
12-24 22:58:48.050  2971  5463 I HoneySpace.SuggestedItemsFacade: DPS items : Obtainium, dev.imranr.obtainium.fdroid/dev.imranr.obtainium.MainActivity#UserHandle{0}
12-24 22:58:48.050  2971  5463 I HoneySpace.SuggestedItemsFacade: DPS items : Firefox, org.mozilla.firefox/.App#UserHandle{0}
12-24 22:58:48.050  2971  5463 I HoneySpace.SuggestedItemsFacade: DPS items : Standard Notes, com.standardnotes/.MainActivity#UserHandle{0}
12-24 22:58:48.050  2971  5463 I HoneySpace.SuggestedItemsFacade: DPS items : F-Droid, org.fdroid.fdroid/.views.main.MainActivity#UserHandle{0}
12-24 22:58:48.050  2971  5463 I HoneySpace.SuggestedItemsFacade: DPS items : Delta Chat, com.b44t.messenger/org.thoughtcrime.securesms.RoutingActivity#UserHandle{0}
12-24 22:58:48.050  2971  5463 I HoneySpace.SuggestedItemsFacade: DPS items : Bitwarden, com.x8bit.bitwarden/.MainActivity#UserHandle{0}
12-24 22:58:48.050  2971  2971 E SurfaceComposerClient: SurfaceComposerClient::Transaction::setAlpha: invalid alpha -0.047641, clamping
12-24 22:58:48.051  2971  2971 I HoneySpace.FloatingAnimator: container x: 770.8652, y: 889.3105, scale : 0.10356984
12-24 22:58:48.052  2971  5463 I HoneySpace.SuggestedItemsFacade: DPS items : Phone, com.samsung.android.dialer/.DialtactsActivity#UserHandle{0}
12-24 22:58:48.052  2971  5463 I HoneySpace.SuggestedItemsFacade: DPS items : Play Store, com.android.vending/.AssetBrowserActivity#UserHandle{0}
12-24 22:58:48.052  2971  5463 I HoneySpace.FilteredItemProvider: collect filtered items o, [PK(p='com.mydesktopapplication.app', u=UserHandle{0})]
12-24 22:58:48.052  2971  5463 I HoneySpace.FilteredItemProvider: collect filtered items j, [PK(p='org.videolan.vlc', u=UserHandle{0}), PK(p='com.standardnotes', u=UserHandle{0}), PK(p='com.adilhanney.saber', u=UserHandle{0}), PK(p='com.foobnix.pro.pdf.reader', u=UserHandle{0})]
12-24 22:58:48.052  2971  5463 I HoneySpace.FilteredItemProvider: collect filtered items f, [PK(p='com.samsung.android.appseparation', u=UserHandle{0})]
12-24 22:58:48.052  2971  5463 I HoneySpace.FilteredItemProvider: collect filtered items h, []
12-24 22:58:48.052  2971  5463 I HoneySpace.FilteredItemProvider: collect filtered items m, [PK(p='com.rsupport.rs.activity.rsupport.aas2', u=UserHandle{0}), PK(p='com.mycompany.mydesktopapplication', u=UserHandle{0})]
12-24 22:58:48.052  2971  5463 I HoneySpace.FilteredItemProvider: collect filtered items b, []
12-24 22:58:48.052  2971  5463 I HoneySpace.FilteredItemProvider: collect filtered items d, []
12-24 22:58:48.052  2971  5463 I HoneySpace.SuggestedItemsFacade: filteredItem : PK(p='com.mydesktopapplication.app', u=UserHandle{0})
12-24 22:58:48.052  2971  5463 I HoneySpace.SuggestedItemsFacade: item removed by filter - PK(p='com.mydesktopapplication.app', u=UserHandle{0})
12-24 22:58:48.052  2971  5463 I HoneySpace.SuggestedItemsFacade: filteredItem : PK(p='org.videolan.vlc', u=UserHandle{0})
12-24 22:58:48.052  2971  5463 I HoneySpace.SuggestedItemsFacade: filteredItem : PK(p='com.standardnotes', u=UserHandle{0})
12-24 22:58:48.052  2971  5463 I HoneySpace.SuggestedItemsFacade: item removed by filter - PK(p='com.standardnotes', u=UserHandle{0})
12-24 22:58:48.052  2971  4703 I VRI[LauncherActivity]@b3ce551: mWNT: t=0xb400006ebc3bef80 mBlastBufferQueue=0xb400006ebc3cb100 fn= 115 HdrRenderState mRenderHdrSdrRatio=1.0 caller= com.android.systemui.shared.launcher.ViewRootImplCompat.mergeWithNextTransaction:4 com.honeyspace.transition.utils.SurfaceTransactionApplier.scheduleApply$lambda$1:26 com.honeyspace.transition.utils.SurfaceTransactionApplier.b:0 
12-24 22:58:48.053  2971  5463 I HoneySpace.SuggestedItemsFacade: filteredItem : PK(p='com.adilhanney.saber', u=UserHandle{0})
12-24 22:58:48.053  2971  5463 I HoneySpace.SuggestedItemsFacade: filteredItem : PK(p='com.foobnix.pro.pdf.reader', u=UserHandle{0})
12-24 22:58:48.053  2971  5463 I HoneySpace.SuggestedItemsFacade: filteredItem : PK(p='com.samsung.android.appseparation', u=UserHandle{0})
12-24 22:58:48.053  2971  5463 I HoneySpace.SuggestedItemsFacade: filteredItem : PK(p='com.rsupport.rs.activity.rsupport.aas2', u=UserHandle{0})
12-24 22:58:48.053  2971  5463 I HoneySpace.SuggestedItemsFacade: filteredItem : PK(p='com.mycompany.mydesktopapplication', u=UserHandle{0})
12-24 22:58:48.053  2971  5463 I HoneySpace.BadgeDataSourceImpl: Get notification count. PK(p='dev.imranr.obtainium.fdroid', u=UserHandle{0}) - forceBadgeCount: false, notification listener: 1, badge provider: 0
12-24 22:58:48.053  2971  5463 I HoneySpace.SuggestedItemsFacade: after getFilteredDPSItems: 7 / max: 18
12-24 22:58:48.054  2971  5463 I HoneySpace.SuggestedAppsProvider[InstalledItems]: Initialized time=Mon Oct 06 18:02:14 EDT 2025
12-24 22:58:48.055  1169  1169 W Layer   : gatherBufferInfo: Received unknown dataspace from gralloc
12-24 22:58:48.055  1169  1169 W Layer   : gatherBufferInfo: Received unknown dataspace from gralloc
12-24 22:58:48.057  2971 32743 I HoneySpace.FilteredItemProvider: collect filtered items o, [PK(p='com.mydesktopapplication.app', u=UserHandle{0})]
12-24 22:58:48.057  2971 32743 I HoneySpace.FilteredItemProvider: collect filtered items j, [PK(p='org.videolan.vlc', u=UserHandle{0}), PK(p='com.standardnotes', u=UserHandle{0}), PK(p='com.adilhanney.saber', u=UserHandle{0}), PK(p='com.foobnix.pro.pdf.reader', u=UserHandle{0})]
12-24 22:58:48.057  2971 32743 I HoneySpace.FilteredItemProvider: collect filtered items f, [PK(p='com.samsung.android.appseparation', u=UserHandle{0})]
12-24 22:58:48.057  2971 32743 I HoneySpace.FilteredItemProvider: collect filtered items h, []
12-24 22:58:48.057  2971 32743 I HoneySpace.FilteredItemProvider: collect filtered items m, [PK(p='com.rsupport.rs.activity.rsupport.aas2', u=UserHandle{0}), PK(p='com.mycompany.mydesktopapplication', u=UserHandle{0})]
12-24 22:58:48.057  2971 32743 I HoneySpace.FilteredItemProvider: collect filtered items b, []
12-24 22:58:48.057  2971 32743 I HoneySpace.FilteredItemProvider: collect filtered items d, []
12-24 22:58:48.057  2971 32743 I HoneySpace.SuggestedAppsProvider: Collecting Start : i4.g@5102b3d
12-24 22:58:48.057  2971 32743 I HoneySpace.SuggestedAppsProvider: Collecting Start : i4.z@33d2f32
12-24 22:58:48.060  2971 32743 I HoneySpace.SuggestedAppsProvider[UsedCountItems]: usageStats: 5, filter: 8, 18
12-24 22:58:48.060  2971 32743 I HoneySpace.BadgeDataSourceImpl: Get notification count. PK(p='dev.imranr.obtainium.fdroid', u=UserHandle{0}) - forceBadgeCount: false, notification listener: 1, badge provider: 0
12-24 22:58:48.060  2971 32743 W HoneySpace.SuggestedAppsItemMaker: Fail to create ItemInfo from com.samsung.android.mtp
12-24 22:58:48.060  2971 32743 W HoneySpace.SuggestedAppsItemMaker: Fail to get item com.samsung.android.mtp
12-24 22:58:48.060  2971 32743 W HoneySpace.SuggestedAppsItemMaker: Fail to create ItemInfo from com.samsung.android.lool
12-24 22:58:48.060  2971 32743 W HoneySpace.SuggestedAppsItemMaker: Fail to get item com.samsung.android.lool
12-24 22:58:48.060  2971 32743 I HoneySpace.SuggestedAppsProvider: Collecting Start : i4.k@81a8483
12-24 22:58:48.060  2971 32743 I HoneySpace.BadgeDataSourceImpl: Get notification count. PK(p='dev.imranr.obtainium.fdroid', u=UserHandle{0}) - forceBadgeCount: false, notification listener: 1, badge provider: 0
12-24 22:58:48.061  2971  2971 E SurfaceComposerClient: SurfaceComposerClient::Transaction::setAlpha: invalid alpha -0.050268, clamping
12-24 22:58:48.061  2971  2971 I HoneySpace.FloatingAnimator: container x: 778.84406, y: 898.51526, scale : 0.09429133
12-24 22:58:48.061  2971 32743 I HoneySpace.SuggestedItemsFacade: getFinalItems() : 18 / 25, 18
12-24 22:58:48.061  2971 32743 I HoneySpace.SuggestedItemsFacade: getFinalItems : Firefox, org.mozilla.firefox/.App#UserHandle{0}
12-24 22:58:48.062  2971 32743 I HoneySpace.SuggestedItemsFacade: getFinalItems : F-Droid, org.fdroid.fdroid/.views.main.MainActivity#UserHandle{0}
12-24 22:58:48.062  2971 32743 I HoneySpace.SuggestedItemsFacade: getFinalItems : Bitwarden, com.x8bit.bitwarden/.MainActivity#UserHandle{0}
12-24 22:58:48.062  2971 32743 I HoneySpace.SuggestedItemsFacade: getFinalItems : Obtainium, dev.imranr.obtainium.fdroid/dev.imranr.obtainium.MainActivity#UserHandle{0}
12-24 22:58:48.062  2971 32743 I HoneySpace.SuggestedItemsFacade: getFinalItems : Settings, com.android.settings/.Settings#UserHandle{0}
12-24 22:58:48.062  2971 32743 I HoneySpace.SuggestedItemsFacade: getFinalItems : Play Store, com.android.vending/.AssetBrowserActivity#UserHandle{0}
12-24 22:58:48.062  2971  4704 I VRI[LauncherActivity]@b3ce551: mWNT: t=0xb400006ebc3bf100 mBlastBufferQueue=0xb400006ebc3cb100 fn= 116 HdrRenderState mRenderHdrSdrRatio=1.0 caller= com.android.systemui.shared.launcher.ViewRootImplCompat.mergeWithNextTransaction:4 com.honeyspace.transition.utils.SurfaceTransactionApplier.scheduleApply$lambda$1:26 com.honeyspace.transition.utils.SurfaceTransactionApplier.b:0 
12-24 22:58:48.063  2971 32743 I HoneySpace.SuggestedItemsFacade: getFinalItems : Metrolist, com.metrolist.music/.MainActivity#UserHandle{0}
12-24 22:58:48.063  2971 32743 I HoneySpace.SuggestedItemsFacade: getFinalItems : Delta Chat, com.b44t.messenger/org.thoughtcrime.securesms.RoutingActivity#UserHandle{0}
12-24 22:58:48.063  2971 32743 I HoneySpace.SuggestedItemsFacade: getFinalItems : Chance, com.moffatman.chan/.MainActivity#UserHandle{0}
12-24 22:58:48.063  2971 32743 I HoneySpace.SuggestedItemsFacade: getFinalItems : Phone, com.samsung.android.dialer/.DialtactsActivity#UserHandle{0}
12-24 22:58:48.063  2971 32743 I HoneySpace.SuggestedItemsFacade: getFinalItems : Calculator, com.sec.android.app.popupcalculator/.Calculator#UserHandle{0}
12-24 22:58:48.063  2971 32743 I HoneySpace.SuggestedItemsFacade: getFinalItems : Gallery, com.sec.android.gallery3d/com.samsung.android.gallery.app.activity.GalleryActivity#UserHandle{0}
12-24 22:58:48.063  2971 32743 I HoneySpace.SuggestedItemsFacade: getFinalItems : Clock, com.sec.android.app.clockpackage/.ClockPackage#UserHandle{0}
12-24 22:58:48.063  2971 32743 I HoneySpace.SuggestedItemsFacade: getFinalItems : My Files, com.sec.android.app.myfiles/.ui.MainActivity#UserHandle{0}
12-24 22:58:48.063  2971 32743 I HoneySpace.SuggestedItemsFacade: getFinalItems : Internet, com.sec.android.app.sbrowser/.SBrowserMainActivity#UserHandle{0}
12-24 22:58:48.063  2971 32743 I HoneySpace.SuggestedItemsFacade: getFinalItems : Camera, com.sec.android.app.camera/.Camera#UserHandle{0}
12-24 22:58:48.063  2971 32743 I HoneySpace.SuggestedItemsFacade: getFinalItems : Contacts, com.samsung.android.app.contacts/com.samsung.android.contacts.contactslist.PeopleActivity#UserHandle{0}
12-24 22:58:48.063  2971 32743 I HoneySpace.SuggestedItemsFacade: getFinalItems : Messages, com.samsung.android.messaging/com.android.mms.ui.ConversationComposer#UserHandle{0}
12-24 22:58:48.063  2971 32743 I HoneySpace.SuggestedAppsRepositoryImpl: fetchSuggestedApps() end: 18, isDPSAvailable: true
12-24 22:58:48.064  1045  6520 I HYPER-HAL: [RequestManager.cpp]releaseLocked(): Released ID : 921428
12-24 22:58:48.065  1042  6412 I sensors-hal: handle_sns_client_event:44, ambient_light_event: ts=4087094718160371, event=0.000000
12-24 22:58:48.065  2971 32743 I HoneySpace.HistoryViewModel@75334967@OneUI: filterItems HotseatItems : [id=97, title=null, type=APP, containerType=ITEM_GROUP, containerId=5, x=-1, y=-1, rank=0, spanX=-1, spanY=-1, scale=1.0component=org.videolan.vlc/.StartActivity, profileId=0, intent=null, restored=0, hidden=UNHIDDEN, appWidgetId=-1, options=0, refPackageName=null, id=99, title=null, type=APP, containerType=ITEM_GROUP, containerId=5, x=-1, y=-1, rank=1, spanX=-1, spanY=-1, scale=1.0component=com.adilhanney.saber/.MainActivity, profileId=0, intent=null, restored=0, hidden=UNHIDDEN, appWidgetId=-1, options=0, refPackageName=null, id=101, title=null, type=APP, containerType=ITEM_GROUP, containerId=5, x=-1, y=-1, rank=2, spanX=-1, spanY=-1, scale=1.0component=com.foobnix.pro.pdf.reader/com.foobnix.ui2.MainTabs2, profileId=0, intent=null, restored=0, hidden=UNHIDDEN, appWidgetId=-1, options=0, refPackageName=null, id=11612, title=null, type=APP, containerType=ITEM_GROUP, containerId=5, x=-1, y=-1, rank=3, spanX=-1, spanY=-1, scale=1.0component=com.standardnotes/.MainActivity, profileId=0, intent=null, restored=0, hidden=UNHIDDEN, appWidgetId=-1, options=0, refPackageName=null]
12-24 22:58:48.065  1042  6412 I sensors-hal: handle_sns_client_event:44, ambient_light_event: ts=4087094718398392, event=0.000000
12-24 22:58:48.065  2971 32743 I HoneySpace.BadgeDataSourceImpl: Get notification count. PK(p='dev.imranr.obtainium.fdroid', u=UserHandle{0}) - forceBadgeCount: false, notification listener: 1, badge provider: 0
12-24 22:58:48.066  2971 32743 I HoneySpace.HistoryViewModel@75334967@OneUI: loadItem(TASKBAR) : recentApp=id:-1057 label:MyDesktopApplication componnet:com.mydesktopapplication.app/crc648a10417f6d1065e1.MainActivity#UserHandle{0} badgeCount:0  drag:false iconState:NONE, taskInfo=[#219=com.mydesktopapplication.app]
12-24 22:58:48.066  2971 32743 I HoneySpace.HistoryViewModel@75334967@OneUI: loadItem(TASKBAR) : suggestedApp=id:-1026 label:Firefox componnet:org.mozilla.firefox/.App#UserHandle{0} badgeCount:0  drag:false iconState:NONE
12-24 22:58:48.066  2971 32743 I HoneySpace.HistoryViewModel@75334967@OneUI: loadItem(TASKBAR) : suggestedApp=id:-1025 label:F-Droid componnet:org.fdroid.fdroid/.views.main.MainActivity#UserHandle{0} badgeCount:0  drag:false iconState:NONE
12-24 22:58:48.066  1169  1169 W Layer   : gatherBufferInfo: Received unknown dataspace from gralloc
12-24 22:58:48.067  1169  1169 W Layer   : gatherBufferInfo: Received unknown dataspace from gralloc
12-24 22:58:48.067  2971  2971 I HoneySpace.HistoryTaskView@167403035@OneUI: loading ? false
12-24 22:58:48.067  2971  2971 I HoneySpace.HistoryTaskView@167403035@OneUI: current state com.honeyspace.sdk.HomeScreen$Normal@85a9bc1
12-24 22:58:48.067  2971  2971 I HoneySpace.HistoryTaskView@167403035@OneUI: updateItems() history item updated size = 3
12-24 22:58:48.068  2971  2971 I HoneySpace.TabletIconStyleFactory: init densityDpi=240, LargeSizePx = 1920
12-24 22:58:48.068  2971  2971 I HoneySpace.WhiteBgColorChanger: changeTextColor, isDarkColor = false, isThemeText = true, IconStyle = LabelStyle(hideLabel=true, orientation=0, maxLine=1, textColor=-1, textSize=0.0, shadowRadius=0.0, shadowDx=0.0, shadowDy=0.0, shadowColor=0, applyThemeLabel=true, originalTextSize=12.5)
12-24 22:58:48.068  2971  2971 I HoneySpace.TabletLayoutInfo: updateAppIconSize taskbar : true, iconSize : 50, windowBound : (android.view.ContextThemeWrapper, WindowBounds width=1200 height=1920, bounds=Rect(0, 0 - 1200, 1920), insets=Insets{left=0, top=36, right=0, bottom=72}, systemInsets=Insets{left=0, top=36, right=0, bottom=72}, cutout=Rect(0, 0 - 0, 0), gestureActionInsets=Insets{left=0, top=36, right=0, bottom=72}, insetsIgnoreCutout=Insets{left=0, top=36, right=0, bottom=72}, baseScreenSize=Point(1200, 1848)screenSizeIncludeCutout: Point(1200, 1848))
12-24 22:58:48.068  2971  2971 I HoneySpace.HotseatViewModel@30532655@OneUI: updateLayoutStyle() [TASKBAR]: count = 7, currentDisplayGrid = null, iconSize = 50, iconSize-Taskbar = 50taskbar height = 72
12-24 22:58:48.069  2971  2971 I HoneySpace.HistoryAdapter: setItems: 3, [rank:0, suggestedApp:false, item:id:-1057 label:MyDesktopApplication componnet:com.mydesktopapplication.app/crc648a10417f6d1065e1.MainActivity#UserHandle{0} badgeCount:0  drag:false iconState:NONE, taskInfo:[#219=com.mydesktopapplication.app], rank:1, suggestedApp:true, item:id:-1026 label:Firefox componnet:org.mozilla.firefox/.App#UserHandle{0} badgeCount:0  drag:false iconState:NONE, taskInfo:null, rank:2, suggestedApp:true, item:id:-1025 label:F-Droid componnet:org.fdroid.fdroid/.views.main.MainActivity#UserHandle{0} badgeCount:0  drag:false iconState:NONE, taskInfo:null]
12-24 22:58:48.069  2971  2971 I HoneySpace.HoneyFactoryImpl: create honeyInfo=HoneyInfo(parentHoney=C3.U0@5487d1, packageName=null, type=appicon), honeyData=HoneyData(id=-1057, data=[app, id:-1057 label:MyDesktopApplication componnet:com.mydesktopapplication.app/crc648a10417f6d1065e1.MainActivity#UserHandle{0} badgeCount:0  drag:false iconState:NONE], bundleData=null, savedState=null), context=android.view.ContextThemeWrapper@aef0ddc
12-24 22:58:48.069  2971  2971 I HoneySpace.DefaultPlugin: createHoney honeyInfo=HoneyInfo(parentHoney=C3.U0@5487d1, packageName=null, type=appicon) honeyData=HoneyData(id=-1057, data=[app, id:-1057 label:MyDesktopApplication componnet:com.mydesktopapplication.app/crc648a10417f6d1065e1.MainActivity#UserHandle{0} badgeCount:0  drag:false iconState:NONE], bundleData=null, savedState=null) context=android.view.ContextThemeWrapper@aef0ddc
12-24 22:58:48.072  2971  2971 E SurfaceComposerClient: SurfaceComposerClient::Transaction::setAlpha: invalid alpha -0.047553, clamping
12-24 22:58:48.072  2971  2971 I HoneySpace.FloatingAnimator: container x: 785.43097, y: 906.1143, scale : 0.08663147
12-24 22:58:48.074  2971  4703 I VRI[LauncherActivity]@b3ce551: mWNT: t=0xb400006ebc3bf280 mBlastBufferQueue=0xb400006ebc3cb100 fn= 117 HdrRenderState mRenderHdrSdrRatio=1.0 caller= com.android.systemui.shared.launcher.ViewRootImplCompat.mergeWithNextTransaction:4 com.honeyspace.transition.utils.SurfaceTransactionApplier.scheduleApply$lambda$1:26 com.honeyspace.transition.utils.SurfaceTransactionApplier.b:0 
12-24 22:58:48.077  1169  1169 W Layer   : gatherBufferInfo: Received unknown dataspace from gralloc
12-24 22:58:48.077  1169  1169 W Layer   : gatherBufferInfo: Received unknown dataspace from gralloc
12-24 22:58:48.083  2971  2971 E SurfaceComposerClient: SurfaceComposerClient::Transaction::setAlpha: invalid alpha -0.042060, clamping
12-24 22:58:48.083  2971  2971 I HoneySpace.FloatingAnimator: container x: 789.3362, y: 910.6196, scale : 0.08209015
12-24 22:58:48.084  2971  4704 I VRI[LauncherActivity]@b3ce551: mWNT: t=0xb400006ebc3bf400 mBlastBufferQueue=0xb400006ebc3cb100 fn= 118 HdrRenderState mRenderHdrSdrRatio=1.0 caller= com.android.systemui.shared.launcher.ViewRootImplCompat.mergeWithNextTransaction:4 com.honeyspace.transition.utils.SurfaceTransactionApplier.scheduleApply$lambda$1:26 com.honeyspace.transition.utils.SurfaceTransactionApplier.b:0 
12-24 22:58:48.088  1169  1169 W Layer   : gatherBufferInfo: Received unknown dataspace from gralloc
12-24 22:58:48.088  1169  1169 W Layer   : gatherBufferInfo: Received unknown dataspace from gralloc
12-24 22:58:48.094  2971  2971 E SurfaceComposerClient: SurfaceComposerClient::Transaction::setAlpha: invalid alpha -0.032512, clamping
12-24 22:58:48.094  2971  2971 I HoneySpace.FloatingAnimator: container x: 792.2029, y: 913.92676, scale : 0.07875651
12-24 22:58:48.095  2971  4703 I VRI[LauncherActivity]@b3ce551: mWNT: t=0xb400006ebc3bf580 mBlastBufferQueue=0xb400006ebc3cb100 fn= 119 HdrRenderState mRenderHdrSdrRatio=1.0 caller= com.android.systemui.shared.launcher.ViewRootImplCompat.mergeWithNextTransaction:4 com.honeyspace.transition.utils.SurfaceTransactionApplier.scheduleApply$lambda$1:26 com.honeyspace.transition.utils.SurfaceTransactionApplier.b:0 
12-24 22:58:48.100  1169  1169 W Layer   : gatherBufferInfo: Received unknown dataspace from gralloc
12-24 22:58:48.100  1169  1169 W Layer   : gatherBufferInfo: Received unknown dataspace from gralloc
12-24 22:58:48.105  2971  2971 E SurfaceComposerClient: SurfaceComposerClient::Transaction::setAlpha: invalid alpha -0.020584, clamping
12-24 22:58:48.105  2971  2971 I HoneySpace.FloatingAnimator: container x: 793.4385, y: 915.3521, scale : 0.07731969
12-24 22:58:48.107  2971  4704 I VRI[LauncherActivity]@b3ce551: mWNT: t=0xb400006ebc3bf700 mBlastBufferQueue=0xb400006ebc3cb100 fn= 120 HdrRenderState mRenderHdrSdrRatio=1.0 caller= com.android.systemui.shared.launcher.ViewRootImplCompat.mergeWithNextTransaction:4 com.honeyspace.transition.utils.SurfaceTransactionApplier.scheduleApply$lambda$1:26 com.honeyspace.transition.utils.SurfaceTransactionApplier.b:0 
12-24 22:58:48.111  1169  1169 W Layer   : gatherBufferInfo: Received unknown dataspace from gralloc
12-24 22:58:48.116  2971  2971 E SurfaceComposerClient: SurfaceComposerClient::Transaction::setAlpha: invalid alpha -0.006433, clamping
12-24 22:58:48.116  2971  2971 I HoneySpace.FloatingAnimator: container x: 794.0, y: 916.0, scale : 0.07666667
12-24 22:58:48.116  2971  2971 I HoneySpace.FloatingAnimator: [Player:A(47.857)] value animator:[48741861] end
12-24 22:58:48.117  2971  2971 I HoneySpace.FloatingAnimator: remove positionListener - com.honeyspace.transition.anim.floating.b@b5441b0
12-24 22:58:48.117  2971  2971 I HoneySpace.FloatingAnimator: [Player:A(47.857)] reset
12-24 22:58:48.117  2971  2971 I HoneySpace.IconView: setIconVisible : visible-true, currentForceHideBadge-true
12-24 22:58:48.117  2971  2971 I HoneySpace.FloatingAnimator: playerCount : 0
12-24 22:58:48.117  2971  2971 I HoneySpace.FloatingFinishHelper: finishInProgress: true
12-24 22:58:48.117  2971  2971 I HoneySpace.AppCloseAnimationDelegate: animatorSet end
12-24 22:58:48.117  2971  2971 I HoneySpace.DeJankUtils: postAfterTraversal is called com.honeyspace.common.performance.JankWrapper$addCujInstrumentation$1$4$1@2e10e2c, immediate : true detail : app transition end
12-24 22:58:48.117  2971  2971 I HoneySpace.AnimationResult: finish, false
12-24 22:58:48.118  2971  2971 I HoneySpace.RunnableList: executeAllAndClear() called, size: 1
12-24 22:58:48.118  2971  2971 I HoneySpace.FloatingFinishHelper: isAppShow reset, immediate
12-24 22:58:48.118  2971  2971 I HoneySpace.AppscreenViewModel: endGestureHint
12-24 22:58:48.118  2971  2971 I HoneySpace.AppscreenViewModel: resetAnimatedValues
12-24 22:58:48.118  2971  2971 I HoneySpace.HoneyScreenManagerImpl: transitionAnimator is ended, onCancel: false
12-24 22:58:48.118  2971  2971 I HoneySpace.ContentsAnimator: ContentsAnimator end [212193466]
12-24 22:58:48.118  2711  2767 V WindowManagerShell: Transition animation finished (aborted=false), notifying core (#869) android.os.BinderProxy@9e33460@1
12-24 22:58:48.119  2711  2767 I SurfaceControlRegistry: apply, t=FinishTransaction_SyncId<869>, caller=android.view.SurfaceControl$Transaction.apply:3135 android.view.SurfaceControl$Transaction.apply:3122 android.view.SurfaceControl$Transaction.apply:3078 com.android.wm.shell.transition.Transitions.onFinish:308 com.android.wm.shell.transition.Transitions$$ExternalSyntheticLambda8.onTransitionFinished:10 com.android.wm.shell.transition.RemoteTransitionHandler$1$$ExternalSyntheticLambda0.run:78 
12-24 22:58:48.119  1332  8318 V WindowManager: Finish Transition: TransitionRecord{a47ba36 id=869 type=CLOSE flags=0x10}, caller=com.android.server.wm.WindowOrganizerController.finishTransitionInner:26 com.android.server.wm.WindowOrganizerController.finishAllTransitions:59 android.window.IWindowOrganizerController$Stub.onTransact:311 
12-24 22:58:48.120  2971 30353 I HoneySpace.AnimationResult: asyncFinishRunnable run
12-24 22:58:48.120  1332  1396 V WindowManager: Finish Transition (#869): created at 12-24 22:58:47.775 collect-started=1.001ms request-sent=1.672ms started=17.276ms ready=50.179ms sent=55.603ms finished=343.949ms
12-24 22:58:48.122  1332  8318 D ChangeTransitionController: onTransitionFinished: TransitionRecord{a47ba36 id=869 type=CLOSE flags=0x10}
12-24 22:58:48.122  1169  1169 W Layer   : gatherBufferInfo: Received unknown dataspace from gralloc
12-24 22:58:48.122  2971  2971 I HoneySpace.AnimationResult: completeCallback run
12-24 22:58:48.122  2971  2971 I HoneySpace.Launcher: onEnterAnimationComplete
12-24 22:58:48.123  2711  2767 V WindowManagerShell: Track 1 became idle
12-24 22:58:48.123  2711  2767 V WindowManagerShell: All active transition animations finished
12-24 22:58:48.125  2971  2971 I HoneySpace.TaskListViewModel: onTaskRemoved : 219
12-24 22:58:48.125  2971  2971 I HoneySpace.TaskListPot: taskRemoveId, taskId = 219
12-24 22:58:48.125  2971  2971 I HoneySpace.BaseRecentsView: INVALID_TASK_POSITION 219
12-24 22:58:48.125  2971  2971 I HoneySpace.HistoryViewModel@75334967@OneUI: loadItemJob canceled
12-24 22:58:48.125  2971  2971 I HoneySpace.HistoryViewModel@75334967@OneUI: task bar is not showing. skip load history items
12-24 22:58:48.125  2971  2971 I HoneySpace.HistoryViewModel@75334967@OneUI: launcherShowing : true, recentShowing : false, isInteractive : true, state : 0minusOne : false
12-24 22:58:48.125  2971  2971 I HoneySpace.TaskListViewModel: onTaskRemoved : 219
12-24 22:58:48.125  2971  2971 I HoneySpace.TaskListPot: taskRemoveId, taskId = 219
12-24 22:58:48.125  2971  2971 I HoneySpace.BaseRecentsView: INVALID_TASK_POSITION 219
12-24 22:58:48.125  2971  3121 I HoneySpace.TopTaskSource: onTaskRemoved: 219
12-24 22:58:48.125  2971  2971 I HoneySpace.HistoryViewModel@75334967@OneUI: task bar is not showing. skip load history items
12-24 22:58:48.126  1332  8318 W UserManagerService: Requested status bar icon for non-badged user 0
12-24 22:58:48.126  2971  4703 I VRI[LauncherActivity]@b3ce551: mWNT: t=0xb400006ebc3bf880 mBlastBufferQueue=0xb400006ebc3cb100 fn= 121 HdrRenderState mRenderHdrSdrRatio=1.0 caller= com.android.systemui.shared.launcher.ViewRootImplCompat.mergeWithNextTransaction:4 com.honeyspace.transition.utils.SurfaceTransactionApplier.scheduleApply$lambda$1:26 com.honeyspace.transition.utils.SurfaceTransactionApplier.b:0 
12-24 22:58:48.126  2971  2971 I HoneySpace.HistoryViewModel@75334967@OneUI: launcherShowing : true, recentShowing : false, isInteractive : true, state : 0minusOne : false
12-24 22:58:48.127  2971  2971 I HoneySpace.FloatingFinishHelper: finishInProgress: false
12-24 22:58:48.127  2711  2711 D SystemUIService: SYSUI_RAM_OPTIMIZATION onTrimMemory=20
12-24 22:58:48.128  2971  2971 I HoneySpace.DeJankUtils: traversals callback's received
12-24 22:58:48.128  2971  2971 I HoneySpace.DeJankUtils: doActionRunnable is called com.honeyspace.common.performance.JankWrapper$addCujInstrumentation$1$4$1@2e10e2c, immediate = true, detail : app transition end
12-24 22:58:48.128  2711  2711 D CentralSurfaces: SYSUI_RAM_OPTIMIZATION onTrimMemory=20
12-24 22:58:48.128  2711  2854 D HWUI    : CacheManager::trimMemory(20)
12-24 22:58:48.128  2971  2971 I HoneySpace.AppTransitionAnimationAwait: proceed 1
12-24 22:58:48.129  2971  3121 I HoneySpace.TopTaskSource: onTaskRemoved: 219
12-24 22:58:48.131  1332  4906 W UserManagerService: Requested status bar icon for non-badged user 0
12-24 22:58:48.133  2971 32743 I HoneySpace.RecentTasks: onRecentTasksChanged
12-24 22:58:48.134  2971  5943 I HoneySpace.HistoryViewModel@75334967@OneUI: task bar is not showing. skip load history items
12-24 22:58:48.135  2971  5943 I HoneySpace.HistoryViewModel@75334967@OneUI: launcherShowing : true, recentShowing : false, isInteractive : true, state : 0minusOne : false
12-24 22:58:48.135  2971 32743 I HoneySpace.HistoryViewModel@74780565@OneUI: loadItems(HOTSEATBAR) called - delay=200, reason=Update
12-24 22:58:48.135  2971  2971 I HoneySpace.HistoryTaskView@26647655@OneUI: loading ? true
12-24 22:58:48.145  1169  1169 W Layer   : gatherBufferInfo: Received unknown dataspace from gralloc
12-24 22:58:48.150  2971  2971 I HoneySpace.WallpaperAnimator: destroyWallpaperSurface Surface(name=Surface(name=RemoteWallpaperAnim:1:1)/@0x79a4af5 - animation-leash of remote_wallpaper)/@0x6a52ce3
12-24 22:58:48.150  2971  2971 I HoneySpace.WallpaperAnimator: wallpaper animation end [43218656]
12-24 22:58:48.151  1332  8318 I WindowManager: Cancelling animation restarting=false, leash=Surface(name=Surface(name=RemoteWallpaperAnim:1:1)/@0x79a4af5 - animation-leash of remote_wallpaper)/@0x1cd8282
12-24 22:58:48.151  1332  8318 I WindowManager: Reparenting to original parent: Surface(name=OneHanded:0:14)/@0xe06c08a, destroy=false, syncState=0, syncCommitDepth=0, surface=Surface(name=RemoteWallpaperAnim:1:1)/@0x79a4af5
12-24 22:58:48.151  1332  8318 D WindowManager: mRunner#onAnimationCancelled, leash=Surface(name=Surface(name=RemoteWallpaperAnim:1:1)/@0x79a4af5 - animation-leash of remote_wallpaper)/@0x1cd8282, caller=com.android.server.wm.SurfaceAnimator.cancelAnimation:16 com.android.server.wm.SurfaceAnimator.cancelAnimation:1 com.android.server.wm.WindowContainer.cancelAnimation:12 com.android.server.wm.WindowManagerService.finishRemoteWallpaperAnimation:79 android.view.IWindowManager$Stub.onTransact:4119 
12-24 22:58:48.152  2971   713 I HoneySpace.WallpaperAnimator: onAnimationCancelled
12-24 22:58:48.152  1332  8318 D WindowManager: finishRemoteWallpaperAnimation, success=true
12-24 22:58:48.165  1042  6412 I sensors-hal: handle_sns_client_event:44, ambient_light_event: ts=4087094818160632, event=0.000000
12-24 22:58:48.165  1042  6412 I sensors-hal: handle_sns_client_event:44, ambient_light_event: ts=4087094818397871, event=0.000000
12-24 22:58:48.194  2971  2971 I HoneySpace.TaskbarPot@36314853: end callback animateVisibility false
12-24 22:58:48.194  2971  2971 I HoneySpace.AttachToTaskbarWindow: resumeHomeAnimationEnd()
12-24 22:58:48.228  2971  2971 I HoneySpace.HistoryCellLayout@203979704: removeView [0] (2,0) view=com.honeyspace.ui.common.iconview.IconViewImpl{1dd9dbe V.ED..CL. ......ID 148,0-222,72 #7f0a029b app:id/icon} - Bitwarden, visibility:0, alpha:0.0, badge:0, icon:96x96, iconAlpha:255, iconState:NONE, iconSize:50, forceHideBadge:false, isTransparent:false, x=2, y=0
12-24 22:58:48.228  2971  2971 I HoneySpace.HistoryCellLayout@203979704: removeView [0] (2,0) view=com.honeyspace.ui.common.iconview.IconViewImpl{1dd9dbe V.ED..CL. ......ID 148,0-222,72 #7f0a029b app:id/icon} - Bitwarden, visibility:0, alpha:0.0, badge:0, icon:96x96, iconAlpha:255, iconState:NONE, iconSize:50, forceHideBadge:false, isTransparent:false, x=2, y=0
12-24 22:58:48.229  2971  2971 I HoneySpace.TabletIconStyleFactory: init densityDpi=240, LargeSizePx = 1920
12-24 22:58:48.229  2971  2971 I HoneySpace.WhiteBgColorChanger: changeTextColor, isDarkColor = false, isThemeText = true, IconStyle = LabelStyle(hideLabel=true, orientation=0, maxLine=1, textColor=-1, textSize=0.0, shadowRadius=0.0, shadowDx=0.0, shadowDy=0.0, shadowColor=0, applyThemeLabel=true, originalTextSize=12.5)
12-24 22:58:48.229  2971  2971 I HoneySpace.TabletLayoutInfo: updateAppIconSize taskbar : true, iconSize : 50, windowBound : (android.view.ContextThemeWrapper, WindowBounds width=1200 height=1920, bounds=Rect(0, 0 - 1200, 1920), insets=Insets{left=0, top=36, right=0, bottom=72}, systemInsets=Insets{left=0, top=36, right=0, bottom=72}, cutout=Rect(0, 0 - 0, 0), gestureActionInsets=Insets{left=0, top=36, right=0, bottom=72}, insetsIgnoreCutout=Insets{left=0, top=36, right=0, bottom=72}, baseScreenSize=Point(1200, 1848)screenSizeIncludeCutout: Point(1200, 1848))
12-24 22:58:48.229  2971  2971 I HoneySpace.HotseatViewModel@30532655@OneUI: updateLayoutStyle() [TASKBAR]: count = 7, currentDisplayGrid = null, iconSize = 50, iconSize-Taskbar = 50taskbar height = 72
12-24 22:58:48.229  2971  2971 I HoneySpace.HistoryCellLayout@203979704: updateViewWidth :: width = 222, animate = true
12-24 22:58:48.244  1169  1169 W Layer   : gatherBufferInfo: Received unknown dataspace from gralloc
12-24 22:58:48.265  1042  6412 I sensors-hal: handle_sns_client_event:44, ambient_light_event: ts=4087094918159069, event=0.000000
12-24 22:58:48.265  1042  6412 I sensors-hal: handle_sns_client_event:44, ambient_light_event: ts=4087094918398392, event=0.000000
12-24 22:58:48.279  1332  1399 W ActivityTaskManager: Activity top resumed state loss timeout for ActivityRecord{f20a60a u0 com.mydesktopapplication.app/crc648a10417f6d1065e1.MainActivity t-1 f}}
12-24 22:58:48.280  1332  1399 D ActivityTaskManager: scheduleTopResumedActivityChanged, onTop=true, r=ActivityRecord{6d23448 u0 com.sec.android.app.launcher/.activities.LauncherActivity t114}, caller=com.android.server.wm.ActivityTaskSupervisor.handleTopResumedStateReleased:50 com.android.server.wm.ActivityTaskSupervisor$ActivityTaskSupervisorHandler.handleMessageInner:56 com.android.server.wm.ActivityTaskSupervisor$ActivityTaskSupervisorHandler.handleMessage:11 android.os.Handler.dispatchMessage:107 android.os.Looper.loopOnce:257 android.os.Looper.loop:342 
12-24 22:58:48.331  1045  6600 I HYPER-HAL: [ResourceManager.cpp]removeResource(): [CPULittleMinFreq] RemoveResource Request ID : 925508
12-24 22:58:48.333  1045  6600 I HYPER-HAL: [ResourceManager.cpp]removeResource(): [CPUMinFreq] RemoveResource Request ID : 925508
12-24 22:58:48.333  1045  6600 I HYPER-HAL: [RequestManager.cpp]releaseLocked(): Released ID : 925508
12-24 22:58:48.335  2971 32743 I HoneySpace.HistoryRepositoryImpl: rawTasks : 1
12-24 22:58:48.336  2971 32743 I HoneySpace.GroupTask: userId:0, isDeviceLocked:false
12-24 22:58:48.336  2971 32743 I HoneySpace.HistoryRepositoryImpl: Add History Item : rank:0, suggestedApp:false, item:id:-2 label:MyDesktopApplication componnet:com.mydesktopapplication.app/crc648a10417f6d1065e1.MainActivity#UserHandle{0} badgeCount:0  drag:false iconState:NONE, taskInfo:[#219=com.mydesktopapplication.app]
12-24 22:58:48.336  2971 32743 I HoneySpace.HistoryRepositoryImpl: result : 1
12-24 22:58:48.336  2971 32743 I HoneySpace.HistoryViewModel@74780565@OneUI: getSuggestedAppsData
12-24 22:58:48.336  2971 32743 I HoneySpace.SuggestedAppsRepositoryImpl: fetchSuggestedApps()
12-24 22:58:48.336  2971 32743 I HoneySpace.GroupTask: userId:0, isDeviceLocked:false
12-24 22:58:48.337  2971 32743 I HoneySpace.SuggestedAppsRepositoryImpl: getTaskListData() collected: 1
12-24 22:58:48.337  2971 32743 I HoneySpace.SuggestedItemsFacade: updateTaskList : 1
12-24 22:58:48.337  2971 32743 I HoneySpace.BadgeDataSourceImpl: Get notification count. PK(p='dev.imranr.obtainium.fdroid', u=UserHandle{0}) - forceBadgeCount: false, notification listener: 1, badge provider: 0
12-24 22:58:48.337  2971 32743 I HoneySpace.SuggestedAppsRepositoryImpl: getDPSData() collected: 9
12-24 22:58:48.337  2971 32743 I HoneySpace.SuggestedItemsFacade: updateItems :  9
12-24 22:58:48.337  2971 32743 I HoneySpace.SuggestedItemsFacade: DPS items : MyDesktopApplication, com.mydesktopapplication.app/crc648a10417f6d1065e1.MainActivity#UserHandle{0}
12-24 22:58:48.337  2971 32743 I HoneySpace.SuggestedItemsFacade: DPS items : Obtainium, dev.imranr.obtainium.fdroid/dev.imranr.obtainium.MainActivity#UserHandle{0}
12-24 22:58:48.337  2971 32743 I HoneySpace.SuggestedItemsFacade: DPS items : Firefox, org.mozilla.firefox/.App#UserHandle{0}
12-24 22:58:48.337  2971 32743 I HoneySpace.SuggestedItemsFacade: DPS items : Standard Notes, com.standardnotes/.MainActivity#UserHandle{0}
12-24 22:58:48.337  2971 32743 I HoneySpace.SuggestedItemsFacade: DPS items : F-Droid, org.fdroid.fdroid/.views.main.MainActivity#UserHandle{0}
12-24 22:58:48.337  2971 32743 I HoneySpace.SuggestedItemsFacade: DPS items : Delta Chat, com.b44t.messenger/org.thoughtcrime.securesms.RoutingActivity#UserHandle{0}
12-24 22:58:48.337  2971 32743 I HoneySpace.SuggestedItemsFacade: DPS items : Bitwarden, com.x8bit.bitwarden/.MainActivity#UserHandle{0}
12-24 22:58:48.337  2971 32743 I HoneySpace.SuggestedItemsFacade: DPS items : Phone, com.samsung.android.dialer/.DialtactsActivity#UserHandle{0}
12-24 22:58:48.337  2971 32743 I HoneySpace.SuggestedItemsFacade: DPS items : Play Store, com.android.vending/.AssetBrowserActivity#UserHandle{0}
12-24 22:58:48.337  2971 32743 I HoneySpace.FilteredItemProvider: collect filtered items o, [PK(p='com.mydesktopapplication.app', u=UserHandle{0})]
12-24 22:58:48.337  2971 32743 I HoneySpace.FilteredItemProvider: collect filtered items j, [PK(p='org.videolan.vlc', u=UserHandle{0}), PK(p='com.standardnotes', u=UserHandle{0}), PK(p='com.adilhanney.saber', u=UserHandle{0}), PK(p='com.foobnix.pro.pdf.reader', u=UserHandle{0})]
12-24 22:58:48.337  2971 32743 I HoneySpace.FilteredItemProvider: collect filtered items f, [PK(p='com.samsung.android.appseparation', u=UserHandle{0})]
12-24 22:58:48.337  2971 32743 I HoneySpace.FilteredItemProvider: collect filtered items h, []
12-24 22:58:48.337  2971 32743 I HoneySpace.FilteredItemProvider: collect filtered items m, [PK(p='com.rsupport.rs.activity.rsupport.aas2', u=UserHandle{0}), PK(p='com.mycompany.mydesktopapplication', u=UserHandle{0})]
12-24 22:58:48.337  2971 32743 I HoneySpace.FilteredItemProvider: collect filtered items b, []
12-24 22:58:48.337  2971 32743 I HoneySpace.FilteredItemProvider: collect filtered items d, []
12-24 22:58:48.337  2971 32743 I HoneySpace.SuggestedItemsFacade: filteredItem : PK(p='com.mydesktopapplication.app', u=UserHandle{0})
12-24 22:58:48.337  2971 32743 I HoneySpace.SuggestedItemsFacade: item removed by filter - PK(p='com.mydesktopapplication.app', u=UserHandle{0})
12-24 22:58:48.337  2971 32743 I HoneySpace.SuggestedItemsFacade: filteredItem : PK(p='org.videolan.vlc', u=UserHandle{0})
12-24 22:58:48.337  2971 32743 I HoneySpace.SuggestedItemsFacade: filteredItem : PK(p='com.standardnotes', u=UserHandle{0})
12-24 22:58:48.337  2971 32743 I HoneySpace.SuggestedItemsFacade: item removed by filter - PK(p='com.standardnotes', u=UserHandle{0})
12-24 22:58:48.337  2971 32743 I HoneySpace.SuggestedItemsFacade: filteredItem : PK(p='com.adilhanney.saber', u=UserHandle{0})
12-24 22:58:48.337  2971 32743 I HoneySpace.SuggestedItemsFacade: filteredItem : PK(p='com.foobnix.pro.pdf.reader', u=UserHandle{0})
12-24 22:58:48.337  2971 32743 I HoneySpace.SuggestedItemsFacade: filteredItem : PK(p='com.samsung.android.appseparation', u=UserHandle{0})
12-24 22:58:48.337  2971 32743 I HoneySpace.SuggestedItemsFacade: filteredItem : PK(p='com.rsupport.rs.activity.rsupport.aas2', u=UserHandle{0})
12-24 22:58:48.337  2971 32743 I HoneySpace.SuggestedItemsFacade: filteredItem : PK(p='com.mycompany.mydesktopapplication', u=UserHandle{0})
12-24 22:58:48.338  2971 32743 I HoneySpace.BadgeDataSourceImpl: Get notification count. PK(p='dev.imranr.obtainium.fdroid', u=UserHandle{0}) - forceBadgeCount: false, notification listener: 1, badge provider: 0
12-24 22:58:48.338  2971 32743 I HoneySpace.SuggestedItemsFacade: after getFilteredDPSItems: 7 / max: 18
12-24 22:58:48.338  2971 32743 I HoneySpace.SuggestedAppsProvider[InstalledItems]: Initialized time=Mon Oct 06 18:02:14 EDT 2025
12-24 22:58:48.341  2971 32743 I HoneySpace.FilteredItemProvider: collect filtered items o, [PK(p='com.mydesktopapplication.app', u=UserHandle{0})]
12-24 22:58:48.341  2971 32743 I HoneySpace.FilteredItemProvider: collect filtered items j, [PK(p='org.videolan.vlc', u=UserHandle{0}), PK(p='com.standardnotes', u=UserHandle{0}), PK(p='com.adilhanney.saber', u=UserHandle{0}), PK(p='com.foobnix.pro.pdf.reader', u=UserHandle{0})]
12-24 22:58:48.341  2971 32743 I HoneySpace.FilteredItemProvider: collect filtered items f, [PK(p='com.samsung.android.appseparation', u=UserHandle{0})]
12-24 22:58:48.341  2971 32743 I HoneySpace.FilteredItemProvider: collect filtered items h, []
12-24 22:58:48.341  2971 32743 I HoneySpace.FilteredItemProvider: collect filtered items m, [PK(p='com.rsupport.rs.activity.rsupport.aas2', u=UserHandle{0}), PK(p='com.mycompany.mydesktopapplication', u=UserHandle{0})]
12-24 22:58:48.341  2971 32743 I HoneySpace.FilteredItemProvider: collect filtered items b, []
12-24 22:58:48.341  2971 32743 I HoneySpace.FilteredItemProvider: collect filtered items d, []
12-24 22:58:48.341  2971 32743 I HoneySpace.SuggestedAppsProvider: Collecting Start : i4.g@5102b3d
12-24 22:58:48.341  2971 32743 I HoneySpace.SuggestedAppsProvider: Collecting Start : i4.z@33d2f32
12-24 22:58:48.343  2971 32743 I HoneySpace.SuggestedAppsProvider[UsedCountItems]: usageStats: 5, filter: 8, 18
12-24 22:58:48.343  2971 32743 I HoneySpace.BadgeDataSourceImpl: Get notification count. PK(p='dev.imranr.obtainium.fdroid', u=UserHandle{0}) - forceBadgeCount: false, notification listener: 1, badge provider: 0
12-24 22:58:48.343  2971 32743 W HoneySpace.SuggestedAppsItemMaker: Fail to create ItemInfo from com.samsung.android.mtp
12-24 22:58:48.343  2971 32743 W HoneySpace.SuggestedAppsItemMaker: Fail to get item com.samsung.android.mtp
12-24 22:58:48.344  2971 32743 W HoneySpace.SuggestedAppsItemMaker: Fail to create ItemInfo from com.samsung.android.lool
12-24 22:58:48.344  2971 32743 W HoneySpace.SuggestedAppsItemMaker: Fail to get item com.samsung.android.lool
12-24 22:58:48.344  2971 32743 I HoneySpace.SuggestedAppsProvider: Collecting Start : i4.k@81a8483
12-24 22:58:48.344  2971 32743 I HoneySpace.BadgeDataSourceImpl: Get notification count. PK(p='dev.imranr.obtainium.fdroid', u=UserHandle{0}) - forceBadgeCount: false, notification listener: 1, badge provider: 0
12-24 22:58:48.344  2971 32743 I HoneySpace.SuggestedItemsFacade: getFinalItems() : 18 / 25, 18
12-24 22:58:48.344  2971 32743 I HoneySpace.SuggestedItemsFacade: getFinalItems : Firefox, org.mozilla.firefox/.App#UserHandle{0}
12-24 22:58:48.344  2971 32743 I HoneySpace.SuggestedItemsFacade: getFinalItems : F-Droid, org.fdroid.fdroid/.views.main.MainActivity#UserHandle{0}
12-24 22:58:48.344  2971 32743 I HoneySpace.SuggestedItemsFacade: getFinalItems : Bitwarden, com.x8bit.bitwarden/.MainActivity#UserHandle{0}
12-24 22:58:48.344  2971 32743 I HoneySpace.SuggestedItemsFacade: getFinalItems : Obtainium, dev.imranr.obtainium.fdroid/dev.imranr.obtainium.MainActivity#UserHandle{0}
12-24 22:58:48.344  2971 32743 I HoneySpace.SuggestedItemsFacade: getFinalItems : Settings, com.android.settings/.Settings#UserHandle{0}
12-24 22:58:48.344  2971 32743 I HoneySpace.SuggestedItemsFacade: getFinalItems : Play Store, com.android.vending/.AssetBrowserActivity#UserHandle{0}
12-24 22:58:48.344  2971 32743 I HoneySpace.SuggestedItemsFacade: getFinalItems : Metrolist, com.metrolist.music/.MainActivity#UserHandle{0}
12-24 22:58:48.344  2971 32743 I HoneySpace.SuggestedItemsFacade: getFinalItems : Delta Chat, com.b44t.messenger/org.thoughtcrime.securesms.RoutingActivity#UserHandle{0}
12-24 22:58:48.344  2971 32743 I HoneySpace.SuggestedItemsFacade: getFinalItems : Chance, com.moffatman.chan/.MainActivity#UserHandle{0}
12-24 22:58:48.344  2971 32743 I HoneySpace.SuggestedItemsFacade: getFinalItems : Phone, com.samsung.android.dialer/.DialtactsActivity#UserHandle{0}
12-24 22:58:48.344  2971 32743 I HoneySpace.SuggestedItemsFacade: getFinalItems : Calculator, com.sec.android.app.popupcalculator/.Calculator#UserHandle{0}
12-24 22:58:48.344  2971 32743 I HoneySpace.SuggestedItemsFacade: getFinalItems : Gallery, com.sec.android.gallery3d/com.samsung.android.gallery.app.activity.GalleryActivity#UserHandle{0}
12-24 22:58:48.344  2971 32743 I HoneySpace.SuggestedItemsFacade: getFinalItems : Clock, com.sec.android.app.clockpackage/.ClockPackage#UserHandle{0}
12-24 22:58:48.344  2971 32743 I HoneySpace.SuggestedItemsFacade: getFinalItems : My Files, com.sec.android.app.myfiles/.ui.MainActivity#UserHandle{0}
12-24 22:58:48.344  2971 32743 I HoneySpace.SuggestedItemsFacade: getFinalItems : Internet, com.sec.android.app.sbrowser/.SBrowserMainActivity#UserHandle{0}
12-24 22:58:48.344  2971 32743 I HoneySpace.SuggestedItemsFacade: getFinalItems : Camera, com.sec.android.app.camera/.Camera#UserHandle{0}
12-24 22:58:48.344  2971 32743 I HoneySpace.SuggestedItemsFacade: getFinalItems : Contacts, com.samsung.android.app.contacts/com.samsung.android.contacts.contactslist.PeopleActivity#UserHandle{0}
12-24 22:58:48.344  2971 32743 I HoneySpace.SuggestedItemsFacade: getFinalItems : Messages, com.samsung.android.messaging/com.android.mms.ui.ConversationComposer#UserHandle{0}
12-24 22:58:48.344  2971 32743 I HoneySpace.SuggestedAppsRepositoryImpl: fetchSuggestedApps() end: 18, isDPSAvailable: true
12-24 22:58:48.346  2971 32743 I HoneySpace.HistoryViewModel@74780565@OneUI: filterItems HotseatItems : [id=97, title=null, type=APP, containerType=ITEM_GROUP, containerId=5, x=-1, y=-1, rank=0, spanX=-1, spanY=-1, scale=1.0component=org.videolan.vlc/.StartActivity, profileId=0, intent=null, restored=0, hidden=UNHIDDEN, appWidgetId=-1, options=0, refPackageName=null, id=99, title=null, type=APP, containerType=ITEM_GROUP, containerId=5, x=-1, y=-1, rank=1, spanX=-1, spanY=-1, scale=1.0component=com.adilhanney.saber/.MainActivity, profileId=0, intent=null, restored=0, hidden=UNHIDDEN, appWidgetId=-1, options=0, refPackageName=null, id=101, title=null, type=APP, containerType=ITEM_GROUP, containerId=5, x=-1, y=-1, rank=2, spanX=-1, spanY=-1, scale=1.0component=com.foobnix.pro.pdf.reader/com.foobnix.ui2.MainTabs2, profileId=0, intent=null, restored=0, hidden=UNHIDDEN, appWidgetId=-1, options=0, refPackageName=null, id=11612, title=null, type=APP, containerType=ITEM_GROUP, containerId=5, x=-1, y=-1, rank=3, spanX=-1, spanY=-1, scale=1.0component=com.standardnotes/.MainActivity, profileId=0, intent=null, restored=0, hidden=UNHIDDEN, appWidgetId=-1, options=0, refPackageName=null]
12-24 22:58:48.346  2971 32743 I HoneySpace.BadgeDataSourceImpl: Get notification count. PK(p='dev.imranr.obtainium.fdroid', u=UserHandle{0}) - forceBadgeCount: false, notification listener: 1, badge provider: 0
12-24 22:58:48.347  2971 32743 I HoneySpace.HistoryViewModel@74780565@OneUI: loadItem(HOTSEATBAR) : recentApp=id:-1057 label:MyDesktopApplication componnet:com.mydesktopapplication.app/crc648a10417f6d1065e1.MainActivity#UserHandle{0} badgeCount:0  drag:false iconState:NONE, taskInfo=[#219=com.mydesktopapplication.app]
12-24 22:58:48.347  2971 32743 I HoneySpace.HistoryViewModel@74780565@OneUI: loadItem(HOTSEATBAR) : suggestedApp=id:-1026 label:Firefox componnet:org.mozilla.firefox/.App#UserHandle{0} badgeCount:0  drag:false iconState:NONE
12-24 22:58:48.347  2971 32743 I HoneySpace.HistoryViewModel@74780565@OneUI: loadItem(HOTSEATBAR) : suggestedApp=id:-1025 label:F-Droid componnet:org.fdroid.fdroid/.views.main.MainActivity#UserHandle{0} badgeCount:0  drag:false iconState:NONE
12-24 22:58:48.347  2971  2971 I HoneySpace.HistoryTaskView@26647655@OneUI: loading ? false
12-24 22:58:48.347  2971  2971 I HoneySpace.HistoryTaskView@26647655@OneUI: current state com.honeyspace.sdk.HomeScreen$Normal@85a9bc1
12-24 22:58:48.365  1042  6412 I sensors-hal: handle_sns_client_event:44, ambient_light_event: ts=4087095018161673, event=0.000000
12-24 22:58:48.365  1042  6412 I sensors-hal: handle_sns_client_event:44, ambient_light_event: ts=4087095018398132, event=0.000000
12-24 22:58:48.445  1045  6580 I HYPER-HAL: [ResourceManager.cpp]removeResource(): [CPULittleMinFreq] RemoveResource Request ID : 4420853
12-24 22:58:48.446  1045  6580 E HYPER-HAL: [HandlerSysfs.cpp]doResourceHandling(): Couldn't Open Sysfs - /sys/class/scsi_host/host0/../../../clkscale_enable
12-24 22:58:48.446  1045  6580 I HYPER-HAL: [ResourceManager.cpp]removeResource(): [CPUMinFreq] RemoveResource Request ID : 4420853
12-24 22:58:48.446  1045  6580 I HYPER-HAL: [RequestManager.cpp]releaseLocked(): Released ID : 4420853
12-24 22:58:48.465  1042  6412 I sensors-hal: handle_sns_client_event:44, ambient_light_event: ts=4087095118162455, event=0.000000
12-24 22:58:48.465  1042  6412 I sensors-hal: handle_sns_client_event:44, ambient_light_event: ts=4087095118399434, event=0.000000
12-24 22:58:48.473  2971  2971 I HoneySpace.HistoryCellLayout@203979704: addItem [0] (0, 0) width=222, height=72, spanX=1, spanY=1, view=com.honeyspace.ui.common.iconview.IconViewImpl{3a023b7 V.ED..CL. ......ID 0,0-0,0 #7f0a029b app:id/icon} - MyDesktopApplication, visibility:0, alpha:1.0, badge:0, icon:96x96, iconAlpha:255, iconState:NONE, iconSize:50, forceHideBadge:false, isTransparent:false, x=0, y=0
12-24 22:58:48.473  2971  2971 I HoneySpace.HistoryCellLayout@203979704: addItem [0] (0, 0)
12-24 22:58:48.565  1042  6412 I sensors-hal: handle_sns_client_event:44, ambient_light_event: ts=4087095218160632, event=0.000000
12-24 22:58:48.565  1042  6412 I sensors-hal: handle_sns_client_event:44, ambient_light_event: ts=4087095218398913, event=0.000000
12-24 22:58:48.665  1042  6412 I sensors-hal: handle_sns_client_event:44, ambient_light_event: ts=4087095318159590, event=0.000000
12-24 22:58:48.665  1042  6412 I sensors-hal: handle_sns_client_event:44, ambient_light_event: ts=4087095318398392, event=0.000000
12-24 22:58:48.765  1042  6412 I sensors-hal: handle_sns_client_event:44, ambient_light_event: ts=4087095418397871, event=0.000000
12-24 22:58:48.788  1045  6584 I HYPER-HAL: [ResourceManager.cpp]removeResource(): [CPULittleMinFreq] RemoveResource Request ID : 918713
12-24 22:58:48.788  1045  6584 E HYPER-HAL: [HandlerSysfs.cpp]doResourceHandling(): Couldn't Open Sysfs - /sys/class/scsi_host/host0/../../../clkscale_enable
12-24 22:58:48.789  1045  6584 I HYPER-HAL: [ResourceManager.cpp]removeResource(): [CPUMinFreq] RemoveResource Request ID : 918713
12-24 22:58:48.789  1045  6584 I HYPER-HAL: [RequestManager.cpp]releaseLocked(): Released ID : 918713
12-24 22:58:48.833  1169  1293 W ComposerExtn: DisplayExtnImpl::SetActiveConfig: HWC Display 0 is not registered!
