12-24 22:58:47.835  2711  2767 I SurfaceControlRegistry: hide, t=FinishTransaction_SyncId<869> sc=Task=219, caller=android.view.SurfaceControl$Transaction.hide:3258 com.android.wm.shell.transition.Transitions.dispatchReady:929 com.android.wm.shell.transition.Transitions.onTransitionReady:243 com.android.wm.shell.transition.Transitions$TransitionPlayerImpl$$ExternalSyntheticLambda0.run:13 android.os.Handler.handleCallback:959 android.os.Handler.dispatchMessage:100 
12-24 22:58:47.835  5992  5992 I bpbl    : onResume
12-24 22:58:47.836  2711  2767 I SurfaceControlRegistry: show, t=StartTransaction_SyncId<869> sc=Task=1, caller=android.view.SurfaceControl$Transaction.show:3232 com.android.wm.shell.transition.Transitions.dispatchReady:934 com.android.wm.shell.transition.Transitions.onTransitionReady:243 com.android.wm.shell.transition.Transitions$TransitionPlayerImpl$$ExternalSyntheticLambda0.run:13 android.os.Handler.handleCallback:959 android.os.Handler.dispatchMessage:100 
12-24 22:58:47.836  2711  2767 I SurfaceControlRegistry: show, t=FinishTransaction_SyncId<869> sc=Task=1, caller=android.view.SurfaceControl$Transaction.show:3232 com.android.wm.shell.transition.Transitions.dispatchReady:988 com.android.wm.shell.transition.Transitions.onTransitionReady:243 com.android.wm.shell.transition.Transitions$TransitionPlayerImpl$$ExternalSyntheticLambda0.run:13 android.os.Handler.handleCallback:959 android.os.Handler.dispatchMessage:100 
12-24 22:58:47.836  2711  2767 V WindowManagerShell: Playing animation for (#869) android.os.BinderProxy@9e33460@1
12-24 22:58:47.836  2711  2767 I SurfaceControlRegistry: show, t=StartTransaction_SyncId<869> sc=Transition Root: Task=1, caller=android.view.SurfaceControl$Transaction.show:3232 com.android.wm.shell.transition.Transitions.playTransition:81 com.android.wm.shell.transition.Transitions.processReadyQueue:250 com.android.wm.shell.transition.Transitions.dispatchReady:1007 com.android.wm.shell.transition.Transitions.onTransitionReady:243 com.android.wm.shell.transition.Transitions$TransitionPlayerImpl$$ExternalSyntheticLambda0.run:13 
12-24 22:58:47.837  2711  2767 V WindowManagerShell:  try handler com.android.wm.shell.transition.DefaultMixedHandler@f61b9e2
12-24 22:58:47.837  2711  2767 V WindowManagerShell:  try handler com.android.wm.shell.keyguard.KeyguardTransitionHandler@a0b3173
12-24 22:58:47.837  2711  2767 V WindowManagerShell:  try handler com.android.wm.shell.pip.PipTransition@d1ec9eb
12-24 22:58:47.837  2711  2767 V WindowManagerShell:  try handler com.android.wm.shell.activityembedding.ActivityEmbeddingController@e63c348
12-24 22:58:47.837  2711  2767 V WindowManagerShell:  try handler com.android.wm.shell.splitscreen.StageCoordinator@7aa45e1
12-24 22:58:47.837  2711  2767 V WindowManagerShell:  try handler com.android.wm.shell.recents.RecentsTransitionHandler@1d07f06
12-24 22:58:47.837  2711  2767 V ShellRecents: RecentsTransitionHandler.startAnimation: no controller found
12-24 22:58:47.838  2711  2767 V WindowManagerShell:  try handler com.android.wm.shell.transition.RemoteTransitionHandler@11e19c7
12-24 22:58:47.838  2711  2767 V WindowManagerShell: Transition doesn't have explicit remote, search filters for match for {id=869 t=CLOSE f=0x10 trk=1 r=[0@Point(0, 0)] c=[{WCT{android.window.IWindowContainerToken$Stub$Proxy@fe911d5} m=TO_FRONT f=SHOW_WALLPAPER|MOVE_TO_TOP|EDGE_EXTENSION_RESTRICTION leash=Surface(name=Task=1)/@0x1f2bd19 sb=Rect(0, 0 - 1200, 1920) eb=Rect(0, 0 - 1200, 1920) d=0 taskParent=-1 inset=Rect(0, 36 - 0, 72)},{WCT{android.window.IWindowContainerToken$Stub$Proxy@969adea} m=CLOSE f=NONE leash=Surface(name=Task=219)/@0x44e51de sb=Rect(0, 0 - 1200, 1920) eb=Rect(0, 0 - 1200, 1920) d=0 taskParent=-1 inset=Rect(0, 0 - 0, 0) dim=true},{null m=TO_FRONT f=IS_WALLPAPER p=WCT{android.window.IWindowContainerToken$Stub$Proxy@1f888db} leash=Surface(name=WallpaperWindowToken{ff30f token=android.os.Binder@eb8506e})/@0x1feafbf sb=Rect(0, 0 - 1200, 1920) eb=Rect(0, 0 - 1200, 1920) d=0 inset=Rect(0, 0 - 0, 0)}]}
12-24 22:58:47.839  2711  2767 V WindowManagerShell:  Checking filter Pair{{types=[] flags=0x0] notFlags=0x100 checks=[{atype=home independent=true modes=[OPEN,TO_FRONT] flags=NONE mustBeTask=false order=TOP topActivity=ComponentInfo{com.sec.android.app.launcher/com.sec.android.app.launcher.Launcher} launchCookie=null},{atype=recents independent=true modes=[CLOSE,TO_BACK] flags=NONE mustBeTask=false order=ANY topActivity=null launchCookie=null}]} RemoteTransition { remoteTransition = android.window.IRemoteTransition$Stub$Proxy@4802ea8, appThread = android.app.IApplicationThread$Stub$Proxy@6bb3dc1, debugName = QuickstepLaunchHomeFromRecentsflags =NONE }}
12-24 22:58:47.839  2711  2767 V WindowManagerShell:  Checking filter Pair{{types=[] flags=0x0] notFlags=0x100 checks=[{atype=home independent=true modes=[OPEN,TO_FRONT] flags=NONE mustBeTask=false order=TOP topActivity=ComponentInfo{com.sec.android.app.launcher/com.sec.android.app.launcher.Launcher} launchCookie=null},{atype=standard independent=true modes=[CLOSE,TO_BACK] flags=NONE mustBeTask=false order=ANY topActivity=null launchCookie=null}]} RemoteTransition { remoteTransition = android.window.IRemoteTransition$Stub$Proxy@ed04966, appThread = android.app.IApplicationThread$Stub$Proxy@ff084a7, debugName = QuickstepLaunchHomeflags =NONE }}
12-24 22:58:47.840  2711  2767 D RemoteTransitionHandler: Found filterPair{{types=[] flags=0x0] notFlags=0x100 checks=[{atype=home independent=true modes=[OPEN,TO_FRONT] flags=NONE mustBeTask=false order=TOP topActivity=ComponentInfo{com.sec.android.app.launcher/com.sec.android.app.launcher.Launcher} launchCookie=null},{atype=standard independent=true modes=[CLOSE,TO_BACK] flags=NONE mustBeTask=false order=ANY topActivity=null launchCookie=null}]} RemoteTransition { remoteTransition = android.window.IRemoteTransition$Stub$Proxy@ed04966, appThread = android.app.IApplicationThread$Stub$Proxy@ff084a7, debugName = QuickstepLaunchHomeflags =NONE }}
12-24 22:58:47.840  2711  2767 V WindowManagerShell:  Delegate animation for (#869) to RemoteTransition { remoteTransition = android.window.IRemoteTransition$Stub$Proxy@ed04966, appThread = android.app.IApplicationThread$Stub$Proxy@ff084a7, debugName = QuickstepLaunchHomeflags =NONE }
12-24 22:58:47.841  2711  2767 V WindowManagerShell:  Excluded change from remote targets at (#869), change={null m=TO_FRONT f=IS_WALLPAPER p=WCT{android.window.IWindowContainerToken$Stub$Proxy@1f888db} leash=Surface(name=WallpaperWindowToken{ff30f token=android.os.Binder@eb8506e})/@0x1feafbf sb=Rect(0, 0 - 1200, 1920) eb=Rect(0, 0 - 1200, 1920) d=0 inset=Rect(0, 0 - 0, 0)}
12-24 22:58:47.844  1169  1169 W Layer   : gatherBufferInfo: Received unknown dataspace from gralloc
12-24 22:58:47.846  2971   713 I SurfaceControlRegistry: show, t=StartTransaction_SyncId<869> sc=Task=1, caller=android.view.SurfaceControl$Transaction.show:3232 P.g.a:125 P.g.o:0 P.g.n:0 com.android.systemui.animation.RemoteAnimationTargetCompat.wrap:48 com.android.systemui.animation.RemoteAnimationTargetCompat.wrapApps:10 
12-24 22:58:47.846  2971  2971 I HoneySpace.HistoryTaskView@167403035@OneUI: loading ? false
12-24 22:58:47.846  2971  2971 I HoneySpace.HistoryTaskView@167403035@OneUI: current state com.honeyspace.sdk.HomeScreen$Normal@85a9bc1
12-24 22:58:47.846  2971  2971 I HoneySpace.HistoryTaskView@167403035@OneUI: loading ? true
12-24 22:58:47.848  2971   713 I SurfaceControlRegistry: show, t=StartTransaction_SyncId<869> sc=Task=219, caller=android.view.SurfaceControl$Transaction.show:3232 P.g.a:125 P.g.o:0 P.g.n:0 com.android.systemui.animation.RemoteAnimationTargetCompat.wrap:48 com.android.systemui.animation.RemoteAnimationTargetCompat.wrapApps:10 
12-24 22:58:47.849  2971   713 I SurfaceControlRegistry: apply, t=StartTransaction_SyncId<869>, caller=android.view.SurfaceControl$Transaction.apply:3135 android.view.SurfaceControl$Transaction.apply:3122 android.view.SurfaceControl$Transaction.apply:3078 com.android.systemui.animation.RemoteAnimationRunnerCompat$1.startAnimation:634 android.window.IRemoteTransition$Stub.onTransact:158 android.os.Binder.execTransactInternal:1541 
12-24 22:58:47.849  2971   713 I HoneySpace.ShellAnimationRunner: [onAnimationStart] appTarget(0) : taskId-1, mode-0
12-24 22:58:47.849  2971   713 I HoneySpace.ShellAnimationRunner: cookie: -2147483648
12-24 22:58:47.849  2971   713 I HoneySpace.ShellAnimationRunner: [onAnimationStart] appTarget(1) : taskId-219, mode-1
12-24 22:58:47.852  2971  2971 I HoneySpace.ShellAnimationRunner: this , com.honeyspace.transition.ShellAnimationRunner@4f77a8
12-24 22:58:47.852  2971  2971 I HoneySpace.ShellAnimationRunner: finishExistingAnimation, null
12-24 22:58:47.852  2971  2971 I HoneySpace.AppCloseAnimationDelegate: onAnimationStart
12-24 22:58:47.852  4379  4379 I SDHMS:BarTender:Analyzer:AppError: analyze app error : uid=10313, pkg=com.mydesktopapplication.app, appErrorCount=4
12-24 22:58:47.853  1332  1396 V WindowManager: Sent Transition (#869) createdAt=12-24 22:58:47.775 via request=TransitionRequestInfo { type = CLOSE, triggerTask = null, pipTask = null, remoteTransition = null, displayChange = null, flags = 16, debugId = 869 }
12-24 22:58:47.853  1332  1396 V WindowManager:     startWCT=WindowContainerTransaction { changes = {} hops = [] errorCallbackToken=null taskFragmentOrganizer=null }
12-24 22:58:47.853  1332  1396 V WindowManager:     info={id=869 t=CLOSE f=0x10 trk=1 r=[0@Point(0, 0)] c=[
12-24 22:58:47.853  1332  1396 V WindowManager:         {WCT{RemoteToken{5cde3bb Task{e94a5d #1 type=home}}} m=TO_FRONT f=SHOW_WALLPAPER|MOVE_TO_TOP|EDGE_EXTENSION_RESTRICTION leash=Surface(name=Task=1)/@0x42779b5 sb=Rect(0, 0 - 1200, 1920) eb=Rect(0, 0 - 1200, 1920) d=0 taskParent=-1 inset=Rect(0, 36 - 0, 72)},
12-24 22:58:47.853  1332  1396 V WindowManager:         {WCT{RemoteToken{4fb7a4f Task{939ee7b #219 type=standard A=10313:com.mydesktopapplication.app}}} m=CLOSE f=NONE leash=Surface(name=Task=219)/@0xe04129 sb=Rect(0, 0 - 1200, 1920) eb=Rect(0, 0 - 1200, 1920) d=0 taskParent=-1 inset=Rect(0, 0 - 0, 0) dim=true},
12-24 22:58:47.853  1332  1396 V WindowManager:         {null m=TO_FRONT f=IS_WALLPAPER p=WCT{RemoteToken{ae379b2 RemoteWallpaperAnim:1:1@2237040}} leash=Surface(name=WallpaperWindowToken{ff30f token=android.os.Binder@eb8506e})/@0xfda1c9f sb=Rect(0, 0 - 1200, 1920) eb=Rect(0, 0 - 1200, 1920) d=0 inset=Rect(0, 0 - 0, 0)}
12-24 22:58:47.853  1332  1396 V WindowManager:     ]}
12-24 22:58:47.854  1332  2344 I BootReceiver: Copying /data/tombstones/tombstone_04 to DropBox (SYSTEM_TOMBSTONE)
12-24 22:58:47.855  2971  2971 I HoneySpace.AppCloseAnimationDelegate: findTargetView() called with: targets = com.honeyspace.transition.remote.RemoteAnimationTargets@b60f62d, centerMostInfo = null
12-24 22:58:47.855  2971  2971 I HoneySpace.AppCloseAnimationDelegate: findTargetValue [cookie-16876, pkgName-com.mydesktopapplication.app]
12-24 22:58:47.855  2971  4709 I HoneySpace.SPayHandler: updateSpayHandler, show = false, defaultPage = true
12-24 22:58:47.856  2711  2711 I {OngoingActivityDataHelper}: setBaseActivityComponentName:ComponentInfo{com.sec.android.app.launcher/com.sec.android.app.launcher.Launcher}
12-24 22:58:47.856  1332  2344 I DropBoxManagerService: add tag=SYSTEM_TOMBSTONE isTagEnabled=true flags=0x6
12-24 22:58:47.856  2971  2971 I HoneySpace.AppListFastRecyclerViewAdapter: findCloseTarget : 16876, ComponentInfo{com.mydesktopapplication.app/crc648a10417f6d1065e1.MainActivity}
12-24 22:58:47.857  2971  2971 I HoneySpace.AppCloseAnimationDelegate: findTargetView found:Value(view=com.honeyspace.ui.common.iconview.IconViewImpl{6782d72 VFED..CL. ........ 648,684-810,855 #7f0a029b app:id/icon} - MyDesktopApplication, visibility:0, alpha:1.0, badge:0, icon:96x96, iconAlpha:255, iconState:NONE, iconSize:92, forceHideBadge:false, isTransparent:false, x=4, y=4, component=ComponentInfo{com.mydesktopapplication.app/crc648a10417f6d1065e1.MainActivity}, isTargetShortcut=false), com.honeyspace.ui.common.iconview.IconViewImpl{6782d72 VFED..CL. ........ 648,684-810,855 #7f0a029b app:id/icon} - MyDesktopApplication, visibility:0, alpha:1.0, badge:0, icon:96x96, iconAlpha:255, iconState:NONE, iconSize:92, forceHideBadge:false, isTransparent:false, x=4, y=4
12-24 22:58:47.857  1169  1169 W Layer   : gatherBufferInfo: Received unknown dataspace from gralloc
12-24 22:58:47.857  2971  2971 I HoneySpace.AppCloseAnimationDelegate: getCloseAnimator : isGestureClosing-false, target-com.honeyspace.ui.common.iconview.IconViewImpl{6782d72 VFED..CL. ........ 648,684-810,855 #7f0a029b app:id/icon} - MyDesktopApplication, visibility:0, alpha:1.0, badge:0, icon:96x96, iconAlpha:255, iconState:NONE, iconSize:92, forceHideBadge:false, isTransparent:false, x=4, y=4
12-24 22:58:47.857  1332  8974 I WindowManager: Cancelling animation restarting=false, leash=Surface(name=Surface(name=RemoteWallpaperAnim:1:1)/@0x79a4af5 - animation-leash of remote_wallpaper)/@0x3fbed9d
12-24 22:58:47.857  2971  2971 I HoneySpace.FloatingAnimator: playerCount : 1
12-24 22:58:47.857  1332  8974 I WindowManager: Reparenting to original parent: Surface(name=OneHanded:0:14)/@0xe06c08a, destroy=false, syncState=0, syncCommitDepth=0, surface=Surface(name=RemoteWallpaperAnim:1:1)/@0x79a4af5
12-24 22:58:47.857  2971  2971 I HoneySpace.FloatingAnimator: [Player:A(47.857)] create
12-24 22:58:47.857  2971  2971 I HoneySpace.AppCloseAnimationDelegate: playFloatingIconAnim, appPlayer: A(47.857)
12-24 22:58:47.858  1332  8974 D WindowManager: mRunner#onAnimationCancelled, leash=Surface(name=Surface(name=RemoteWallpaperAnim:1:1)/@0x79a4af5 - animation-leash of remote_wallpaper)/@0x3fbed9d, caller=com.android.server.wm.SurfaceAnimator.cancelAnimation:16 com.android.server.wm.SurfaceAnimator.cancelAnimation:1 com.android.server.wm.WindowContainer.cancelAnimation:12 com.android.server.wm.WindowManagerService.finishRemoteWallpaperAnimation:79 android.view.IWindowManager$Stub.onTransact:4119 
12-24 22:58:47.858  2971  2971 I HoneySpace.TransitionUtils: [getRotationChange] home-0, app-0
12-24 22:58:47.858  2971  2971 I HoneySpace.TransitionUtils: getWindowTargetBounds: Rect(0, 0 - 1200, 1920)
12-24 22:58:47.858  1332  8974 D WindowManager: finishRemoteWallpaperAnimation, success=true
12-24 22:58:47.858  2971  2971 I HoneySpace.FloatingAnimator: [Player:A(47.857)] setup. isLandscape:false, isTranslucent:false, screenSize[1200, 1920], isMultiTargets:false, useCurrentDrawable:false
12-24 22:58:47.858  2711  2767 V WindowManagerShell:  animated by com.android.wm.shell.transition.RemoteTransitionHandler@11e19c7
12-24 22:58:47.858  2971  4339 I HoneySpace.WallpaperAnimator: onAnimationCancelled
12-24 22:58:47.858  1332  1399 D SGM:GameManager: identifyGamePackage. com.sec.android.app.launcher, mCurrentUserId: 0, callerUserId: 0, callingMethodInfo: com.samsung.android.game.SemGameManager.isGamePackage(SemGameManager.java:105)
12-24 22:58:47.858  1332  1399 D SGM:SemGameManager: isGamePackage(), pkgName=com.sec.android.app.launcher, ret=false
12-24 22:58:47.859  1332  1399 D SGM:FgCheckThread: noteResumeComponent(), received pkgName: com.sec.android.app.launcher, userId: 0
12-24 22:58:47.859  1332  2400 D SGM:FgCheckThread: onLooperPrepared(), msg: MSG_APP_RESUME, pkgName: com.sec.android.app.launcher, userid: 0
12-24 22:58:47.859  1332  2400 D SGM:FgCheckThread: handleResume().
12-24 22:58:47.860  1332  2400 D SGM:FgCheckThread: sendFocusOutConditionally() - mPrevNotiPkg: (unknown), userId: 0
12-24 22:58:47.860  1332  2400 D SGM:FgCheckThread:   handleResume(). pkgName: com.sec.android.app.launcher, userId: 0, category: non-game
12-24 22:58:47.860  1332  2400 D SGM:FgCheckThread: notifyFocusInOut(). of pkg: com.sec.android.app.launcher, type: 4, isSecGameFamily: false, userId: 0
12-24 22:58:47.860  1332  2400 D SGM:FgCheckThread:   notifyFocusInOut(). unexpected mPrevNotiType: -1
12-24 22:58:47.860  1332  2400 D SGM:SystemHelper: callReleaseBlock needReleaseBlock:false
12-24 22:58:47.860  1332  2853 V WindowManager: Schedule remove starting ActivityRecord{f20a60a u0 com.mydesktopapplication.app/crc648a10417f6d1065e1.MainActivity t219 f} isExiting} startingWindow=Window{e37df2d u0 Splash Screen com.mydesktopapplication.app} animate=true Callers=com.android.server.wm.ActivityRecord.onSyncTransactionCommitted:19 com.android.server.wm.BLASTSyncEngine$SyncGroup$1CommitCallback.onCommitted:54 com.android.server.wm.BLASTSyncEngine$SyncGroup$$ExternalSyntheticLambda0.onTransactionCommitted:8 android.view.SurfaceControl$Transaction$$ExternalSyntheticLambda4.run:0 com.android.server.SystemServerInitThreadPool$$ExternalSyntheticLambda0.execute:1 
12-24 22:58:47.860  1332  2587 I CocktailBarManagerServiceContainer: handleMessage: entry what = 5
12-24 22:58:47.860  1332  2587 I CocktailBarManagerServiceImpl: noteResumeComponent : no active host
12-24 22:58:47.860  2971  2971 I HoneySpace.FloatingAnimator: add positionListener - com.honeyspace.transition.anim.floating.b@b5441b0
12-24 22:58:47.861  2711  2767 D ShellTaskOrganizer: removeStartingWindow, removalInfo=StartingWindowRemovalInfo{taskId=219 frame=null playRevealAnimation=false roundedCornerRadius=0.0 deferRemoveMode=0 windowlessSurface=false removeImmediately=false}
12-24 22:58:47.861  1332  3635 D AutoRotationHandler: not support this mode 
12-24 22:58:47.861  1332  3635 D AutoRotationHandler: not support this mode 
12-24 22:58:47.862  4379 17519 I SDHMS:l : handleResumeComponent : put = com.sec.android.app.launcher, userid = 0 instanceid =152492038
12-24 22:58:47.865  1332  1397 D DisplayManagerService: Drop pending events for gone uid 10313
12-24 22:58:47.865  1042  6412 I sensors-hal: handle_sns_client_event:44, ambient_light_event: ts=4087094518157507, event=0.000000
12-24 22:58:47.865  1042  6412 I sensors-hal: handle_sns_client_event:44, ambient_light_event: ts=4087094518398132, event=0.000000
12-24 22:58:47.865  1169  1169 W Layer   : gatherBufferInfo: Received unknown dataspace from gralloc
12-24 22:58:47.865  1443  6387 I CameraService: onUidStateChanged: uid=10055, procState is changed. (1 -> 0)
12-24 22:58:47.866  1332  2543 D InetDiagMessage: Destroyed 0 sockets, proto=IPPROTO_TCP, family=AF_INET, states=14
12-24 22:58:47.867  1332  2543 D InetDiagMessage: Destroyed 0 sockets, proto=IPPROTO_TCP, family=AF_INET6, states=14
12-24 22:58:47.867  1332  2543 D InetDiagMessage: Destroyed live tcp sockets for uids={10313} in 2ms
12-24 22:58:47.867  2971  2971 I HoneySpace.FloatingAnimator: [Player:A(47.857)] value animator:[48741861] started
12-24 22:58:47.867  1332  2543 D InetDiagMessage: Destroyed 0 sockets, proto=IPPROTO_TCP, family=AF_INET, states=14
12-24 22:58:47.867  1332  2543 D InetDiagMessage: Destroyed 0 sockets, proto=IPPROTO_TCP, family=AF_INET6, states=14
12-24 22:58:47.868  1332  2543 D InetDiagMessage: Destroyed live tcp sockets for uids={20313} in 1ms
12-24 22:58:47.868  2971  2971 I HoneySpace.ContentsAnimator: from : 0.0
12-24 22:58:47.868  2971  3120 I HoneySpace.TaskbarEventTracker: invokeEvent() called with: event = NavButtonsDarkIntensityChanged(darkIntensity=1.0)
12-24 22:58:47.868  2971  2971 I HoneySpace.ContentsAnimator: ContentsAnimator start [212193466]
12-24 22:58:47.869  2971  2971 I HoneySpace.AnimationResult: setAnimation, animation: false
12-24 22:58:47.869  2971 30353 I HoneySpace.WallpaperAnimator: createWallpaperSurface
12-24 22:58:47.869  2971  2971 I HoneySpace.AppTransitionAnimationAwait: proceed 0
12-24 22:58:47.869  2971  2971 I HoneySpace.AppTransitionAnimationAwait: prepare refCnt:1 timeout:800
12-24 22:58:47.871  1332  2853 I WindowManager: Reparenting to leash, surface=Surface(name=RemoteWallpaperAnim:1:1)/@0x79a4af5, syncState=0, syncCommitDepth=0, leashParent=Surface(name=OneHanded:0:14)/@0xe06c08a
12-24 22:58:47.872  1332  2853 D WindowManager: makeSurface duration=1 leash=Surface(name=Surface(name=RemoteWallpaperAnim:1:1)/@0x79a4af5 - animation-leash of remote_wallpaper)/@0x1cd8282
12-24 22:58:47.873  1332  2853 D WindowManager: startAnimation for remote wallpaper, leash=Surface(name=Surface(name=RemoteWallpaperAnim:1:1)/@0x79a4af5 - animation-leash of remote_wallpaper)/@0x1cd8282
12-24 22:58:47.873  1332  2853 D WindowManager: startRemoteWallpaperAnimation, d=0, leash=Surface(name=Surface(name=RemoteWallpaperAnim:1:1)/@0x79a4af5 - animation-leash of remote_wallpaper)/@0x1cd8282
12-24 22:58:47.873  1332  8318 V WindowManager: Relayout Window{e37df2d u0 Splash Screen com.mydesktopapplication.app}: viewVisibility=8 req=1200x1920 ty=3 d0
12-24 22:58:47.873  2971  3120 I HoneySpace.TaskbarEventTracker: invokeEvent() called with: event = NavButtonsDarkIntensityChanged(darkIntensity=1.0)
12-24 22:58:47.877  1332  8318 V WindowManager: Relayout hash=e37df2d, pid=2711, syncId=-1: mAttrs={(0,0)(fillxfill) sim={adjust=pan} layoutInDisplayCutoutMode=always ty=APPLICATION_STARTING fmt=TRANSLUCENT wanim=0x1030312
12-24 22:58:47.877  1332  8318 V WindowManager:   fl=81030118
12-24 22:58:47.877  1332  8318 V WindowManager:   pfl=10000810
12-24 22:58:47.877  1332  8318 V WindowManager:   apr=18
12-24 22:58:47.877  1332  8318 V WindowManager:   bhv=1
12-24 22:58:47.877  1332  8318 V WindowManager:   fitSides=0
12-24 22:58:47.877  1332  8318 V WindowManager:   frameRateBoostOnTouch=true
12-24 22:58:47.877  1332  8318 V WindowManager:   dvrrWindowFrameRateHint=true naviIconColor=0}
12-24 22:58:47.878  2711  2806 I VRI[app]@4eee8a3: Relayout returned: old=(0,0,1200,1920) new=(0,0,1200,1920) relayoutAsync=false req=(1200,1920)8 dur=6 res=0x2 s={false 0x0} ch=true seqId=0
12-24 22:58:47.878  2711  2806 D VRI[app]@4eee8a3: Not drawing due to not visible. Reason=View.GONE
12-24 22:58:47.878  2711  2806 W WindowOnBackDispatcher: sendCancelIfRunning: isInProgress=false callback=android.view.ViewRootImpl$$ExternalSyntheticLambda15@cf4d091
12-24 22:58:47.878  2711  2806 I VRI[app]@4eee8a3: dispatchDetachedFromWindow
12-24 22:58:47.879  1332  8974 D WindowManager: Starting window removed Window{e37df2d u0 Splash Screen com.mydesktopapplication.app}
12-24 22:58:47.879  1332  8974 D InputTransport: Input channel destroyed: 'e37df2d', fd=925
12-24 22:58:47.880  1332  8974 W InputManager-JNI: Input channel object 'e37df2d Splash Screen com.mydesktopapplication.app (client)' was disposed without first being removed with the input manager!
12-24 22:58:47.880  1332  8974 D InputTransport: Input channel destroyed: 'e37df2d', fd=950
12-24 22:58:47.880  1332  8974 V WindowManager: Remove Window{e37df2d u0 Splash Screen com.mydesktopapplication.app}: mSurfaceController=Surface(name=Splash Screen com.mydesktopapplication.app$_2711)/@0x2a2e5c9 mAnimatingExit=false mRemoveOnExit=false mHasSurface=true surfaceShowing=true animating=false app-animation=false mDisplayFrozen=false callers=com.android.server.wm.Session.remove:16 android.view.IWindowSession$Stub.onTransact:794 com.android.server.wm.Session.onTransact:1 android.os.Binder.execTransactInternal:1536 android.os.Binder.execTransact:1480 <bottom of call stack> 
12-24 22:58:47.880  1332  8974 I WindowManager: Destroying surface Surface(name=Splash Screen com.mydesktopapplication.app$_2711)/@0x2a2e5c9 called by com.android.server.wm.WindowStateAnimator.destroySurface:11 com.android.server.wm.WindowStateAnimator.destroySurfaceLocked:54 com.android.server.wm.WindowState.removeImmediately:43 com.android.server.wm.WindowState.removeIfPossible:638 com.android.server.wm.Session.remove:16 android.view.IWindowSession$Stub.onTransact:794 com.android.server.wm.Session.onTransact:1 android.os.Binder.execTransactInternal:1536 
12-24 22:58:47.881  2711  2806 D InputTransport: Input channel destroyed: 'e37df2d', fd=462
12-24 22:58:47.883  1332  1400 I SurfaceControl: apply, lowDebugName=startRemoteWallpaperAnimation_200069584, caller=android.view.SurfaceControl$Transaction.apply:3122 android.view.SurfaceControl$Transaction.apply:3078 com.android.server.wm.WindowAnimator.animate:380 com.android.server.wm.WindowAnimator$$ExternalSyntheticLambda1.doFrame:14 android.view.Choreographer$CallbackRecord.run:1749 android.view.Choreographer$CallbackRecord.run:1760 
12-24 22:58:47.884  1332  8318 W WindowManager: Failed looking up window session=Session{3b672f 2711:u0a10055} callers=com.android.server.wm.WindowManagerService.windowForClientLocked:1 com.android.server.wm.Session.setOnBackInvokedCallbackInfo:15 android.view.IWindowSession$Stub.onTransact:1434 
12-24 22:58:47.884  1332  8318 I WindowManager: setOnBackInvokedCallback(): No window state for package:com.android.systemui
12-24 22:58:47.884  2711  2711 D SystemUIService: SYSUI_RAM_OPTIMIZATION onTrimMemory=20
12-24 22:58:47.884  2711  2711 D CentralSurfaces: SYSUI_RAM_OPTIMIZATION onTrimMemory=20
12-24 22:58:47.885  2711  2854 D HWUI    : CacheManager::trimMemory(20)
12-24 22:58:47.885  1332  4906 D InputDispatcher: Once focus requested (0): 1187f14 com.sec.android.app.launcher/com.sec.android.app.launcher.activities.LauncherActivity
12-24 22:58:47.885  1332  4906 D InputDispatcher: Focus request (0): 1187f14 com.sec.android.app.launcher/com.sec.android.app.launcher.activities.LauncherActivity but waiting because NOT_VISIBLE
12-24 22:58:47.886  2971  2971 I HoneySpace.TaskbarVisibilityController: onTaskbarIconVisibleChangeRequest occlude:false cn:null, isResume:true, isGestureTransition : false, isDock : false
12-24 22:58:47.887  2971  2971 I HoneySpace.FloatingAnimator: container x: 27.828285, y: 32.61404, scale : 0.9672679
12-24 22:58:47.889  2971  3120 I HoneySpace.TaskbarEventTracker: invokeEvent() called with: event = NavButtonsDarkIntensityChanged(darkIntensity=0.696919)
12-24 22:58:47.889  1169  1169 W Layer   : gatherBufferInfo: Received unknown dataspace from gralloc
12-24 22:58:47.889  1169  1169 W Layer   : gatherBufferInfo: Received unknown dataspace from gralloc
12-24 22:58:47.889  1169  1169 W Layer   : gatherBufferInfo: Received unknown dataspace from gralloc
12-24 22:58:47.890  2971  4704 I VRI[LauncherActivity]@b3ce551: mWNT: t=0xb400006ebc3bd780 mBlastBufferQueue=0xb400006ebc3cb100 fn= 100 HdrRenderState mRenderHdrSdrRatio=1.0 caller= com.android.systemui.shared.launcher.ViewRootImplCompat.mergeWithNextTransaction:4 com.honeyspace.transition.utils.SurfaceTransactionApplier.scheduleApply$lambda$1:26 com.honeyspace.transition.utils.SurfaceTransactionApplier.b:0 
12-24 22:58:47.892  1332  1399 D WindowManager: mRunner#onAnimationStart for remote wallpaper=[android.view.RemoteAnimationTarget@8153afc], transaction=startRemoteWallpaperAnimation_200069584
12-24 22:58:47.892  2971  4339 I HoneySpace.WallpaperAnimator: onAnimationStart, wallpapers: Surface(name=Surface(name=RemoteWallpaperAnim:1:1)/@0x79a4af5 - animation-leash of remote_wallpaper)/@0x6a52ce3
12-24 22:58:47.894  2971  3120 I HoneySpace.TaskbarEventTracker: invokeEvent() called with: event = NavButtonsDarkIntensityChanged(darkIntensity=0.5150441)
12-24 22:58:47.895  2971  2971 I HoneySpace.IconView: setIconVisible : visible-false, currentForceHideBadge-false
12-24 22:58:47.895  1169  1169 D SurfaceFlinger: Display 4630946944264142721 HWC layers:
12-24 22:58:47.895  1169  1169 D SurfaceFlinger:      CLIENT | 0xb400007337e43920 | 0000 | RGBA_8888    |    0.0    0.0 1920.0 1200.0 |    0    0 1200 1920 | Wallpaper BBQ wrapper 5_system#88
12-24 22:58:47.895  1169  1169 D SurfaceFlinger:      DEVICE | 0xb40000734ec71740 | 0000 | RGBA_8888    |    0.0    0.0 1200.0   36.0 |    0    0 1200   36 | StatusBar$_2711#93
12-24 22:58:47.895  1169  1169 D SurfaceFlinger:      DEVICE | 0xb4000073377ed210 | 0000 | RGBA_8888    |    0.0    0.0 1200.0   72.0 |    0 1848 1200 1920 | TaskbarWindow$_2971#133
12-24 22:58:47.895  1169  1169 D SurfaceFlinger: 
12-24 22:58:47.896  2971  2971 I HoneySpace.WallpaperAnimator: startWallpaperAnimation, isOpen-false, from:1.3, to:1.0, duration:250
12-24 22:58:47.896  2971  2971 I HoneySpace.WallpaperAnimator: wallpaper animation start [43218656]
12-24 22:58:47.896  2971  2971 I HoneySpace.FloatingAnimator: container x: 70.41646, y: 82.5263, scale : 0.91717476
12-24 22:58:47.899  2971  4703 I VRI[LauncherActivity]@b3ce551: mWNT: t=0xb400006ebc3bda80 mBlastBufferQueue=0xb400006ebc3cb100 fn= 101 HdrRenderState mRenderHdrSdrRatio=1.0 caller= com.android.systemui.shared.launcher.ViewRootImplCompat.mergeWithNextTransaction:4 com.honeyspace.transition.utils.SurfaceTransactionApplier.scheduleApply$lambda$1:26 com.honeyspace.transition.utils.SurfaceTransactionApplier.b:0 
12-24 22:58:47.900  1169  1169 W Layer   : gatherBufferInfo: Received unknown dataspace from gralloc
12-24 22:58:47.900  1169  1169 W Layer   : gatherBufferInfo: Received unknown dataspace from gralloc
12-24 22:58:47.900  1169  1169 W Layer   : gatherBufferInfo: Received unknown dataspace from gralloc
12-24 22:58:47.900  2971  5636 I HoneySpace.PredictionDataSourceImpl: TYPE_SUGGESTED_APPS updated: 9
12-24 22:58:47.902  2971  5647 I HoneySpace.PredictionDataSourceImpl: TYPE_RECOMMENDED_WIDGETS updated: 17
12-24 22:58:47.905  2971  2971 I HoneySpace.FloatingAnimator: container x: 146.21149, y: 171.35612, scale : 0.828023
12-24 22:58:47.907  2971  3120 I HoneySpace.TaskbarEventTracker: invokeEvent() called with: event = NavButtonsDarkIntensityChanged(darkIntensity=0.37836713)
12-24 22:58:47.908  1169  1169 D SurfaceFlinger: Display 4630946944264142721 HWC layers:
12-24 22:58:47.908  1169  1169 D SurfaceFlinger:      CLIENT | 0xb400007337e43920 | 0000 | RGBA_8888    |  222.0  138.0 1698.0 1062.0 |    0    0 1200 1920 | Wallpaper BBQ wrapper 5_system#88
12-24 22:58:47.908  1169  1169 D SurfaceFlinger:      CLIENT | 0xb400007337e43ed0 | 0000 | RGBA_8888    |    0.0    0.0 1200.0 1920.0 |    0    0 1200 1920 | com.sec.android.app.launcher/com.sec[...]tivities.LauncherActivity$_2971#9239
12-24 22:58:47.908  1169  1169 D SurfaceFlinger:      CLIENT | 0xb40000734ec71900 | 0000 | RGBA_8888    |    0.0    0.0 1200.0   36.0 |    0    0 1200   36 | StatusBar$_2711#93
12-24 22:58:47.908  1169  1169 D SurfaceFlinger:      CLIENT | 0xb400007337e41e00 | 0000 | RGBA_8888    |    0.0    0.0 1200.0   72.0 |    0 1848 1200 1920 | TaskbarWindow$_2971#133
12-24 22:58:47.908  1169  1169 D SurfaceFlinger: 
12-24 22:58:47.908  2971  4704 I VRI[LauncherActivity]@b3ce551: mWNT: t=0xb400006ebc3bdc00 mBlastBufferQueue=0xb400006ebc3cb100 fn= 102 HdrRenderState mRenderHdrSdrRatio=1.0 caller= com.android.systemui.shared.launcher.ViewRootImplCompat.mergeWithNextTransaction:4 com.honeyspace.transition.utils.SurfaceTransactionApplier.scheduleApply$lambda$1:26 com.honeyspace.transition.utils.SurfaceTransactionApplier.b:0 
12-24 22:58:47.910  1332  8318 D InputDispatcher: Focus entered window (0): 1187f14 com.sec.android.app.launcher/com.sec.android.app.launcher.activities.LauncherActivity
12-24 22:58:47.910  1169  1169 W Layer   : gatherBufferInfo: Received unknown dataspace from gralloc
12-24 22:58:47.910  1169  1169 W Layer   : gatherBufferInfo: Received unknown dataspace from gralloc
12-24 22:58:47.911  1169  1169 W Layer   : gatherBufferInfo: Received unknown dataspace from gralloc
12-24 22:58:47.916  2971  2971 I HoneySpace.FloatingAnimator: container x: 248.08408, y: 290.74823, scale : 0.70819837
12-24 22:58:47.917  2971  3120 I HoneySpace.TaskbarEventTracker: invokeEvent() called with: event = NavButtonsDarkIntensityChanged(darkIntensity=0.27189374)
12-24 22:58:47.918  2971  4703 I VRI[LauncherActivity]@b3ce551: mWNT: t=0xb400006ebc3bdd80 mBlastBufferQueue=0xb400006ebc3cb100 fn= 103 HdrRenderState mRenderHdrSdrRatio=1.0 caller= com.android.systemui.shared.launcher.ViewRootImplCompat.mergeWithNextTransaction:4 com.honeyspace.transition.utils.SurfaceTransactionApplier.scheduleApply$lambda$1:26 com.honeyspace.transition.utils.SurfaceTransactionApplier.b:0 
12-24 22:58:47.921  1169  1169 W Layer   : gatherBufferInfo: Received unknown dataspace from gralloc
12-24 22:58:47.922  1169  1169 W Layer   : gatherBufferInfo: Received unknown dataspace from gralloc
12-24 22:58:47.922  1169  1169 W Layer   : gatherBufferInfo: Received unknown dataspace from gralloc
12-24 22:58:47.924  2971  2971 I InputMethodManager: startInputInner - IInputMethodManagerGlobalInvoker.startInputOrWindowGainedFocus
12-24 22:58:47.925  1332  2394 D InputMethodManagerService: setWindowStateInner, windowToken=android.os.BinderProxy@53d2567, state=ImeTargetWindowState{ imeToken null imeFocusChanged false hasEditorFocused false requestedImeVisible false imeDisplayId 0 softInputModeState STATE_UNSPECIFIED|ADJUST_NOTHING isStartInputByGainFocus true}
12-24 22:58:47.925  1332  2394 V InputMethodManagerService: Same window without editor will hide input
12-24 22:58:47.926  1332  2394 I ImeTracker: com.sec.android.app.launcher:3de35e9: onRequestHide at ORIGIN_SERVER reason HIDE_SAME_WINDOW_FOCUSED_WITHOUT_EDITOR fromUser false
12-24 22:58:47.926  1332  2394 V InputMethodManagerService: applyImeVisibility state=5
12-24 22:58:47.926  1332  2394 D InputMethodManagerService: setWindowStateInner, windowToken=android.os.BinderProxy@53d2567, state=ImeTargetWindowState{ imeToken android.os.Binder@7696906 imeFocusChanged false hasEditorFocused false requestedImeVisible false imeDisplayId 0 softInputModeState STATE_UNSPECIFIED|ADJUST_NOTHING isStartInputByGainFocus true}
12-24 22:58:47.926  1332  2394 I ImeTracker: com.sec.android.app.launcher:3de35e9: onCancelled at PHASE_SERVER_SHOULD_HIDE
12-24 22:58:47.926  1332  2394 V InputMethodManagerService: hideCurrentInputLocked : canceled, shouldHideSoftInput=false, mInputShown=false, mImeWindowVis=0
12-24 22:58:47.926  1332  2394 D InputMethodManagerService: DESKTOP MODE! : 2
12-24 22:58:47.926  1332  2394 D InputMethodManagerService: NOT IN KNOX DESKTOP MODE!
12-24 22:58:47.926  1332  2394 V InputMethodManagerService: semComputeImeDisplayIdForTarget: displayId=0
12-24 22:58:47.926  1332  2394 D InputMethodManagerService: isImeSwitcherDisabledPackage : false
12-24 22:58:47.927  1332  2394 D InputMethodManagerService: checkDisplayOfStartInputAndUpdateKeyboard: displayId=0, mFocusedDisplayId=0
12-24 22:58:47.927  1332  2394 D InputTransport: Input channel constructed: 'ClientS', fd=925
12-24 22:58:47.927  1332  2394 D InputTransport: Input channel destroyed: 'ClientS', fd=925
12-24 22:58:47.927  5761  5761 I HBD     : HoneyBoardService onFinishInput 
12-24 22:58:47.927  5761  5761 I HBD     : a IC have been unbinding,  RemoteInputConnection{idHash=#f65e0de}
12-24 22:58:47.928  5761  5761 I HBD     : HoneyBoardService [PF_CL][onFinishInput]  1 ms 
12-24 22:58:47.928  5761  5761 I HBD     : HoneyBoardService [IMI] onStartInput - caller pid : 2971 , caller uid : 10117 
12-24 22:58:47.928  5761  5761 I HBD     : t updateConfigs 
12-24 22:58:47.928  5761  5761 I HBD     : t isEnabledNightMode : false 
12-24 22:58:47.928  5761  5761 I HBD     : a IC have been binding, RemoteInputConnection{idHash=#f65e0de} 
12-24 22:58:47.928  2971  2971 I HoneySpace.FloatingAnimator: container x: 352.66437, y: 412.3391, scale : 0.5857166
12-24 22:58:47.928  5761  5761 I HBD     : g [EditorInputType]setPrivateImeOptionsToTable privateImeOptions ( null )
12-24 22:58:47.928  5761  5761 I HBD     : b incognitoMode : false 
12-24 22:58:47.928  5761  5761 I HBD     : b needOff = true , isForceOff = false, isNullInputClass : true 
12-24 22:58:47.928  5761  5761 I HBD     : g getDefaultInputRange : UNKNOWN 
12-24 22:58:47.928  5761  5761 I HBD     : g getDefaultInputRange : UNKNOWN 
12-24 22:58:47.928  5761  5761 I HBD     : g getDefaultInputRange : UNKNOWN 
12-24 22:58:47.929  5761  5761 I HBD     : b needOff = true , isForceOff = false, isNullInputClass : true 
12-24 22:58:47.929  5761  5761 I HBD     : b update cached prediction status : false 
12-24 22:58:47.929  5761  5761 I HBD     : g getDefaultInputRange : UNKNOWN 
12-24 22:58:47.929  5761  5761 I HBD     : a currentState : 0 
12-24 22:58:47.929  5761  5761 I HBD     : a [UpdatePolicy] [post] a: 0 cl: 65537 kit: [0/0] vt: 0 ir: 1 
12-24 22:58:47.930  2971  3120 I HoneySpace.TaskbarEventTracker: invokeEvent() called with: event = NavButtonsDarkIntensityChanged(darkIntensity=0.18857569)
12-24 22:58:47.930  2971  4704 I VRI[LauncherActivity]@b3ce551: mWNT: t=0xb400006ebc3bdf00 mBlastBufferQueue=0xb400006ebc3cb100 fn= 104 HdrRenderState mRenderHdrSdrRatio=1.0 caller= com.android.systemui.shared.launcher.ViewRootImplCompat.mergeWithNextTransaction:4 com.honeyspace.transition.utils.SurfaceTransactionApplier.scheduleApply$lambda$1:26 com.honeyspace.transition.utils.SurfaceTransactionApplier.b:0 
12-24 22:58:47.933  1169  1169 W Layer   : gatherBufferInfo: Received unknown dataspace from gralloc
12-24 22:58:47.933  1169  1169 W Layer   : gatherBufferInfo: Received unknown dataspace from gralloc
12-24 22:58:47.933  1169  1169 W Layer   : gatherBufferInfo: Received unknown dataspace from gralloc
12-24 22:58:47.938  2971  2971 I HoneySpace.FloatingAnimator: container x: 440.9317, y: 514.8872, scale : 0.48268488
12-24 22:58:47.939  2971  3120 I HoneySpace.TaskbarEventTracker: invokeEvent() called with: event = NavButtonsDarkIntensityChanged(darkIntensity=0.12183583)
12-24 22:58:47.940  2971  4703 I VRI[LauncherActivity]@b3ce551: mWNT: t=0xb400006ebc3be080 mBlastBufferQueue=0xb400006ebc3cb100 fn= 105 HdrRenderState mRenderHdrSdrRatio=1.0 caller= com.android.systemui.shared.launcher.ViewRootImplCompat.mergeWithNextTransaction:4 com.honeyspace.transition.utils.SurfaceTransactionApplier.scheduleApply$lambda$1:26 com.honeyspace.transition.utils.SurfaceTransactionApplier.b:0 
12-24 22:58:47.943  5761  5761 I HBD     : a [NRIC] resetNoResponseState 
12-24 22:58:47.944  5761  5761 I HBD     : b needOff = true , isForceOff = false, isNullInputClass : true 
12-24 22:58:47.944  5761  5761 I HBD     : b update cached prediction status : false 
12-24 22:58:47.944  5761  5761 I HBD     : c [AiWriter] setContact : com.sec.android.app.launcher
12-24 22:58:47.944  1169  1169 W Layer   : gatherBufferInfo: Received unknown dataspace from gralloc
12-24 22:58:47.944  1169  1169 W Layer   : gatherBufferInfo: Received unknown dataspace from gralloc
12-24 22:58:47.944  5761  5761 I HBD     : HoneyBoardService [PF_OP][onStartInput]  16 ms 
12-24 22:58:47.944  1169  1169 W Layer   : gatherBufferInfo: Received unknown dataspace from gralloc
12-24 22:58:47.949  2971  2971 I HoneySpace.FloatingAnimator: container x: 511.5782, y: 595.2202, scale : 0.4013217
12-24 22:58:47.951  2971  3120 I HoneySpace.TaskbarEventTracker: invokeEvent() called with: event = NavButtonsDarkIntensityChanged(darkIntensity=0.07379633)
12-24 22:58:47.951  2971  4704 I VRI[LauncherActivity]@b3ce551: mWNT: t=0xb400006ebc3be200 mBlastBufferQueue=0xb400006ebc3cb100 fn= 106 HdrRenderState mRenderHdrSdrRatio=1.0 caller= com.android.systemui.shared.launcher.ViewRootImplCompat.mergeWithNextTransaction:4 com.honeyspace.transition.utils.SurfaceTransactionApplier.scheduleApply$lambda$1:26 com.honeyspace.transition.utils.SurfaceTransactionApplier.b:0 
12-24 22:58:47.955  1169  1169 W Layer   : gatherBufferInfo: Received unknown dataspace from gralloc
12-24 22:58:47.955  1169  1169 W Layer   : gatherBufferInfo: Received unknown dataspace from gralloc
12-24 22:58:47.955  1169  1169 W Layer   : gatherBufferInfo: Received unknown dataspace from gralloc
12-24 22:58:47.960  2971  2971 I HoneySpace.TaskbarPot@36314853: end callback animateVisibility true
12-24 22:58:47.960  2971  2971 I HoneySpace.AttachToTaskbarWindow: pauseHomeAnimationEnd()
12-24 22:58:47.961  2971  2971 I HoneySpace.FloatingAnimator: container x: 571.8497, y: 664.5038, scale : 0.3316356
12-24 22:58:47.962  2971  3120 I HoneySpace.TaskbarEventTracker: invokeEvent() called with: event = NavButtonsDarkIntensityChanged(darkIntensity=0.03642106)
12-24 22:58:47.963  2971  4703 I VRI[LauncherActivity]@b3ce551: mWNT: t=0xb400006ebc3be380 mBlastBufferQueue=0xb400006ebc3cb100 fn= 107 HdrRenderState mRenderHdrSdrRatio=1.0 caller= com.android.systemui.shared.launcher.ViewRootImplCompat.mergeWithNextTransaction:4 com.honeyspace.transition.utils.SurfaceTransactionApplier.scheduleApply$lambda$1:26 com.honeyspace.transition.utils.SurfaceTransactionApplier.b:0 
12-24 22:58:47.965  1042  6412 I sensors-hal: handle_sns_client_event:44, ambient_light_event: ts=4087094618160892, event=0.000000
12-24 22:58:47.965  1042  6412 I sensors-hal: handle_sns_client_event:44, ambient_light_event: ts=4087094618397350, event=0.000000
12-24 22:58:47.966  1169  1169 W Layer   : gatherBufferInfo: Received unknown dataspace from gralloc
12-24 22:58:47.966  1169  1169 W Layer   : gatherBufferInfo: Received unknown dataspace from gralloc
12-24 22:58:47.967  1169  1169 W Layer   : gatherBufferInfo: Received unknown dataspace from gralloc
12-24 22:58:47.972  2971  3120 I HoneySpace.TaskbarEventTracker: invokeEvent() called with: event = NavButtonsDarkIntensityChanged(darkIntensity=0.014329851)
12-24 22:58:47.973  2971  2971 I HoneySpace.FloatingAnimator: container x: 618.25146, y: 716.734, scale : 0.2783159
12-24 22:58:47.974  2971  4704 I VRI[LauncherActivity]@b3ce551: mWNT: t=0xb400006ebc3be500 mBlastBufferQueue=0xb400006ebc3cb100 fn= 108 HdrRenderState mRenderHdrSdrRatio=1.0 caller= com.android.systemui.shared.launcher.ViewRootImplCompat.mergeWithNextTransaction:4 com.honeyspace.transition.utils.SurfaceTransactionApplier.scheduleApply$lambda$1:26 com.honeyspace.transition.utils.SurfaceTransactionApplier.b:0 
12-24 22:58:47.977  1169  1169 W Layer   : gatherBufferInfo: Received unknown dataspace from gralloc
12-24 22:58:47.977  1169  1169 W Layer   : gatherBufferInfo: Received unknown dataspace from gralloc
12-24 22:58:47.977  1169  1169 W Layer   : gatherBufferInfo: Received unknown dataspace from gralloc
12-24 22:58:47.984  2971  2971 I HoneySpace.FloatingAnimator: container x: 654.63824, y: 757.9586, scale : 0.23680644
12-24 22:58:47.985  2971  3120 I HoneySpace.TaskbarEventTracker: invokeEvent() called with: event = NavButtonsDarkIntensityChanged(darkIntensity=0.0026106834)
12-24 22:58:47.987  2971  4703 I VRI[LauncherActivity]@b3ce551: mWNT: t=0xb400006ebc3be680 mBlastBufferQueue=0xb400006ebc3cb100 fn= 109 HdrRenderState mRenderHdrSdrRatio=1.0 caller= com.android.systemui.shared.launcher.ViewRootImplCompat.mergeWithNextTransaction:4 com.honeyspace.transition.utils.SurfaceTransactionApplier.scheduleApply$lambda$1:26 com.honeyspace.transition.utils.SurfaceTransactionApplier.b:0 
12-24 22:58:47.988  2971  4709 I HoneySpace.TaskbarVisibilityController: updateVisibility(100) isDock:false occlude:false needToHide:false hideFlag:false forceMinusOnePage:false launcher:true recent:false minus:false homePackage:false AppPicker:false :: state 1 -> 0
12-24 22:58:47.989  1169  1169 W Layer   : gatherBufferInfo: Received unknown dataspace from gralloc
12-24 22:58:47.989  1332  4906 D KNOX_MDM_SettingsProvider: isChangeAllowed() : name = task_bar_current_size
12-24 22:58:47.989  1169  1169 W Layer   : gatherBufferInfo: Received unknown dataspace from gralloc
12-24 22:58:47.989  1332  4906 D KNOX_MDM_SettingsProvider: edmUri: content://com.sec.knox.provider/RestrictionPolicy3
12-24 22:58:47.989  1332  4906 D KNOX_MDM_SettingsProvider: projectionArgs: isSettingsChangesAllowed
12-24 22:58:47.989  1332  4906 D KNOX_MDM_SettingsProvider: selectionArgs: false
12-24 22:58:47.989  1332  4906 D KNOX_MDM_SettingsProvider: selectionArgs: 10117
12-24 22:58:47.989  1169  1169 W Layer   : gatherBufferInfo: Received unknown dataspace from gralloc
12-24 22:58:47.989  1332  4906 D SecContentProvider: query(), uri = 17 selection = isSettingsChangesAllowed
12-24 22:58:47.989  2971  2971 I HoneySpace.TaskbarPot@36314853: update layout state = 0
12-24 22:58:47.989  1332  4906 D SecContentProvider: called from com.sec.android.app.launcher
12-24 22:58:47.989  1332  4906 D RestrictionPolicy: isSettingsChangesAllowedAsUser, userId 0 : true
12-24 22:58:47.989  2971  2971 I HoneySpace.TaskbarPot@36314853: updateLayout() [count=7,gesture=false,hint=true,floating=false,wide=1,isMoreTaskButton=false],iconSize=50
12-24 22:58:47.989  1332  4906 D KNOX_MDM_SettingsProvider: ret = 1
12-24 22:58:47.989  2971  2971 I HoneySpace.TaskbarViewModel@219829598@OneUI: updateBGHeight height:72
12-24 22:58:47.989  2971  2971 I HoneySpace.TaskbarStateChangeAnimator: animation start. task bar state false
12-24 22:58:47.990  2971  2971 I HoneySpace.TaskbarStateChangeAnimator: start visibility animation set
12-24 22:58:47.991  2971 32743 I HoneySpace.TaskbarControllerImpl: navi position : 2
12-24 22:58:47.994  2971  2971 I HoneySpace.FloatingAnimator: container x: 683.90704, y: 790.9834, scale : 0.20268407
12-24 22:58:47.994  2971  3120 I HoneySpace.TaskbarEventTracker: invokeEvent() called with: event = NavButtonsDarkIntensityChanged(darkIntensity=0.0)
12-24 22:58:47.996  2971  4704 I VRI[LauncherActivity]@b3ce551: mWNT: t=0xb400006ebc3be800 mBlastBufferQueue=0xb400006ebc3cb100 fn= 110 HdrRenderState mRenderHdrSdrRatio=1.0 caller= com.android.systemui.shared.launcher.ViewRootImplCompat.mergeWithNextTransaction:4 com.honeyspace.transition.utils.SurfaceTransactionApplier.scheduleApply$lambda$1:26 com.honeyspace.transition.utils.SurfaceTransactionApplier.b:0 
12-24 22:58:48.000  1169  1169 W Layer   : gatherBufferInfo: Received unknown dataspace from gralloc
12-24 22:58:48.000  1169  1169 W Layer   : gatherBufferInfo: Received unknown dataspace from gralloc
12-24 22:58:48.000  1169  1169 W Layer   : gatherBufferInfo: Received unknown dataspace from gralloc
12-24 22:58:48.005  2971  2971 I HoneySpace.FloatingAnimator: container x: 708.87244, y: 818.82367, scale : 0.17462097
12-24 22:58:48.006  2971  4703 I VRI[LauncherActivity]@b3ce551: mWNT: t=0xb400006ebc3be980 mBlastBufferQueue=0xb400006ebc3cb100 fn= 111 HdrRenderState mRenderHdrSdrRatio=1.0 caller= com.android.systemui.shared.launcher.ViewRootImplCompat.mergeWithNextTransaction:4 com.honeyspace.transition.utils.SurfaceTransactionApplier.scheduleApply$lambda$1:26 com.honeyspace.transition.utils.SurfaceTransactionApplier.b:0 
12-24 22:58:48.011  1169  1169 W Layer   : gatherBufferInfo: Received unknown dataspace from gralloc
12-24 22:58:48.011  1169  1169 W Layer   : gatherBufferInfo: Received unknown dataspace from gralloc
12-24 22:58:48.011  1169  1169 W Layer   : gatherBufferInfo: Received unknown dataspace from gralloc
12-24 22:58:48.017  2971  2971 I HoneySpace.FloatingAnimator: container x: 728.7401, y: 841.77295, scale : 0.15148793
12-24 22:58:48.018  2971  4704 I VRI[LauncherActivity]@b3ce551: mWNT: t=0xb400006ebc3beb00 mBlastBufferQueue=0xb400006ebc3cb100 fn= 112 HdrRenderState mRenderHdrSdrRatio=1.0 caller= com.android.systemui.shared.launcher.ViewRootImplCompat.mergeWithNextTransaction:4 com.honeyspace.transition.utils.SurfaceTransactionApplier.scheduleApply$lambda$1:26 com.honeyspace.transition.utils.SurfaceTransactionApplier.b:0 
12-24 22:58:48.022  1169  1169 W Layer   : gatherBufferInfo: Received unknown dataspace from gralloc
12-24 22:58:48.022  1169  1169 W Layer   : gatherBufferInfo: Received unknown dataspace from gralloc
12-24 22:58:48.027  2971  2971 E SurfaceComposerClient: SurfaceComposerClient::Transaction::setAlpha: invalid alpha -0.018285, clamping
12-24 22:58:48.027  2971  2971 I HoneySpace.FloatingAnimator: container x: 746.1263, y: 860.7703, scale : 0.13233846
12-24 22:58:48.029  2971  4703 I VRI[LauncherActivity]@b3ce551: mWNT: t=0xb400006ebc3bec80 mBlastBufferQueue=0xb400006ebc3cb100 fn= 113 HdrRenderState mRenderHdrSdrRatio=1.0 caller= com.android.systemui.shared.launcher.ViewRootImplCompat.mergeWithNextTransaction:4 com.honeyspace.transition.utils.SurfaceTransactionApplier.scheduleApply$lambda$1:26 com.honeyspace.transition.utils.SurfaceTransactionApplier.b:0 
12-24 22:58:48.033  1169  1169 W Layer   : gatherBufferInfo: Received unknown dataspace from gralloc
12-24 22:58:48.033  1169  1169 W Layer   : gatherBufferInfo: Received unknown dataspace from gralloc
12-24 22:58:48.038  2971  2971 E SurfaceComposerClient: SurfaceComposerClient::Transaction::setAlpha: invalid alpha -0.037041, clamping
12-24 22:58:48.039  2971  2971 I HoneySpace.FloatingAnimator: container x: 760.76263, y: 877.65564, scale : 0.115318045
12-24 22:58:48.040  2971  4704 I VRI[LauncherActivity]@b3ce551: mWNT: t=0xb400006ebc3bee00 mBlastBufferQueue=0xb400006ebc3cb100 fn= 114 HdrRenderState mRenderHdrSdrRatio=1.0 caller= com.android.systemui.shared.launcher.ViewRootImplCompat.mergeWithNextTransaction:4 com.honeyspace.transition.utils.SurfaceTransactionApplier.scheduleApply$lambda$1:26 com.honeyspace.transition.utils.SurfaceTransactionApplier.b:0 
12-24 22:58:48.044  1169  1169 W Layer   : gatherBufferInfo: Received unknown dataspace from gralloc
12-24 22:58:48.044  1169  1169 W Layer   : gatherBufferInfo: Received unknown dataspace from gralloc
12-24 22:58:48.047  2971 32743 I HoneySpace.HistoryRepositoryImpl: rawTasks : 1
12-24 22:58:48.048  2971 32743 I HoneySpace.GroupTask: userId:0, isDeviceLocked:false
12-24 22:58:48.048  2971 32743 I HoneySpace.HistoryRepositoryImpl: Add History Item : rank:0, suggestedApp:false, item:id:-2 label:MyDesktopApplication componnet:com.mydesktopapplication.app/crc648a10417f6d1065e1.MainActivity#UserHandle{0} badgeCount:0  drag:false iconState:NONE, taskInfo:[#219=com.mydesktopapplication.app]
12-24 22:58:48.048  2971 32743 I HoneySpace.HistoryRepositoryImpl: result : 1
12-24 22:58:48.048  2971 32743 I HoneySpace.HistoryViewModel@75334967@OneUI: getSuggestedAppsData
12-24 22:58:48.048  2971  5463 I HoneySpace.SuggestedAppsRepositoryImpl: fetchSuggestedApps()
12-24 22:58:48.049  2971  5463 I HoneySpace.GroupTask: userId:0, isDeviceLocked:false
12-24 22:58:48.049  2971  5463 I HoneySpace.SuggestedAppsRepositoryImpl: getTaskListData() collected: 1
12-24 22:58:48.049  2971  5463 I HoneySpace.SuggestedItemsFacade: updateTaskList : 1
