12-22 06:05:14.171 26269 26269 E [SmartCapture]_PackageUtils: isPackageAvailable : com.samsung.android.app.captureplugin is not available. e=android.content.pm.PackageManager$NameNotFoundException: com.samsung.android.app.captureplugin
12-22 06:05:14.581 26306 26333 W D       : Unmapping is not supported on this platform, because internal Java APIs are not compatible with this Lucene version: java.lang.NoSuchMethodException: invokeCleaner [class java.nio.ByteBuffer]
12-22 06:05:16.369 26269 26269 I CapturePluginManager: Exception occurred during getPluginMetaData. : android.content.pm.PackageManager$NameNotFoundException: com.samsung.android.app.captureplugin
12-22 06:05:16.370 26269 26269 E [SmartCapture]_PackageUtils: isPackageAvailable : com.samsung.android.app.captureplugin is not available. e=android.content.pm.PackageManager$NameNotFoundException: com.samsung.android.app.captureplugin
12-22 06:05:17.038 27146 27175 I NullBinder: NullBinder for android.net.action.RECOMMEND_NETWORKS triggering remote TransactionTooLargeException due to Service without Chimera impl, calling uid: 1000, calling pid: 0
12-22 06:05:20.064 27146 27175 I NullBinder: NullBinder for android.net.action.RECOMMEND_NETWORKS triggering remote TransactionTooLargeException due to Service without Chimera impl, calling uid: 1000, calling pid: 0
12-22 06:05:21.375 26269 26269 E [SmartCapture]_DeviceUtils: java.lang.NoSuchMethodException: Could not find android.view.Display.getRealSize() method
12-22 06:05:21.393 26269 26269 E [SmartCapture]_PackageUtils: isPackageAvailable : com.samsung.android.service.tagservice is not available. e=android.content.pm.PackageManager$NameNotFoundException: com.samsung.android.service.tagservice
12-22 06:05:21.400 26269 26269 I CapturePluginManager: Exception occurred during getPluginMetaData. : android.content.pm.PackageManager$NameNotFoundException: com.samsung.android.app.captureplugin
12-22 06:05:21.401 26269 26269 E [SmartCapture]_PackageUtils: isPackageAvailable : com.samsung.android.app.captureplugin is not available. e=android.content.pm.PackageManager$NameNotFoundException: com.samsung.android.app.captureplugin
12-22 06:05:23.084 27146 27279 I NullBinder: NullBinder for android.net.action.RECOMMEND_NETWORKS triggering remote TransactionTooLargeException due to Service without Chimera impl, calling uid: 1000, calling pid: 0
12-22 06:05:24.028 26269 26269 I CapturePluginManager: Exception occurred during getPluginMetaData. : android.content.pm.PackageManager$NameNotFoundException: com.samsung.android.app.captureplugin
12-22 06:05:24.028 26269 26269 E [SmartCapture]_PackageUtils: isPackageAvailable : com.samsung.android.app.captureplugin is not available. e=android.content.pm.PackageManager$NameNotFoundException: com.samsung.android.app.captureplugin
12-22 06:05:26.111 27146 27279 I NullBinder: NullBinder for android.net.action.RECOMMEND_NETWORKS triggering remote TransactionTooLargeException due to Service without Chimera impl, calling uid: 1000, calling pid: 0
12-22 06:05:29.144 27146 27175 I NullBinder: NullBinder for android.net.action.RECOMMEND_NETWORKS triggering remote TransactionTooLargeException due to Service without Chimera impl, calling uid: 1000, calling pid: 0
12-22 06:05:29.538 26269 26269 E [SmartCapture]_DeviceUtils: java.lang.NoSuchMethodException: Could not find android.view.Display.getRealSize() method
12-22 06:05:29.557 26269 26269 E [SmartCapture]_PackageUtils: isPackageAvailable : com.samsung.android.service.tagservice is not available. e=android.content.pm.PackageManager$NameNotFoundException: com.samsung.android.service.tagservice
12-22 06:05:29.567 26269 26269 I CapturePluginManager: Exception occurred during getPluginMetaData. : android.content.pm.PackageManager$NameNotFoundException: com.samsung.android.app.captureplugin
12-22 06:05:29.568 26269 26269 E [SmartCapture]_PackageUtils: isPackageAvailable : com.samsung.android.app.captureplugin is not available. e=android.content.pm.PackageManager$NameNotFoundException: com.samsung.android.app.captureplugin
12-22 06:05:32.168 27146 27175 I NullBinder: NullBinder for android.net.action.RECOMMEND_NETWORKS triggering remote TransactionTooLargeException due to Service without Chimera impl, calling uid: 1000, calling pid: 0
12-22 06:05:33.765 26269 26269 I CapturePluginManager: Exception occurred during getPluginMetaData. : android.content.pm.PackageManager$NameNotFoundException: com.samsung.android.app.captureplugin
12-22 06:05:33.766 26269 26269 E [SmartCapture]_PackageUtils: isPackageAvailable : com.samsung.android.app.captureplugin is not available. e=android.content.pm.PackageManager$NameNotFoundException: com.samsung.android.app.captureplugin
12-22 06:05:35.191 27146  4383 I NullBinder: NullBinder for android.net.action.RECOMMEND_NETWORKS triggering remote TransactionTooLargeException due to Service without Chimera impl, calling uid: 1000, calling pid: 0
12-22 06:05:36.778 26269 26269 E [SmartCapture]_DeviceUtils: java.lang.NoSuchMethodException: Could not find android.view.Display.getRealSize() method
12-22 06:05:36.789 26269 26269 E [SmartCapture]_PackageUtils: isPackageAvailable : com.samsung.android.service.tagservice is not available. e=android.content.pm.PackageManager$NameNotFoundException: com.samsung.android.service.tagservice
12-22 06:05:36.794 26269 26269 I CapturePluginManager: Exception occurred during getPluginMetaData. : android.content.pm.PackageManager$NameNotFoundException: com.samsung.android.app.captureplugin
12-22 06:05:36.794 26269 26269 E [SmartCapture]_PackageUtils: isPackageAvailable : com.samsung.android.app.captureplugin is not available. e=android.content.pm.PackageManager$NameNotFoundException: com.samsung.android.app.captureplugin
12-22 06:05:38.205 27146 27279 I NullBinder: NullBinder for android.net.action.RECOMMEND_NETWORKS triggering remote TransactionTooLargeException due to Service without Chimera impl, calling uid: 1000, calling pid: 0
12-22 06:05:38.208 26269 26269 I CapturePluginManager: Exception occurred during getPluginMetaData. : android.content.pm.PackageManager$NameNotFoundException: com.samsung.android.app.captureplugin
12-22 06:05:38.209 26269 26269 E [SmartCapture]_PackageUtils: isPackageAvailable : com.samsung.android.app.captureplugin is not available. e=android.content.pm.PackageManager$NameNotFoundException: com.samsung.android.app.captureplugin
12-22 06:05:38.942 25532 25585 I Finsky  : [134] VerifyApps: waiting for app installation for com.mydesktopapplication.app
12-22 06:05:38.995  2971 23880 I HoneySpace.HistoryRepositoryImpl: Add History Item : rank:0, suggestedApp:false, item:id:-2 label:MyDesktopApplication componnet:com.mydesktopapplication.app/crc648a10417f6d1065e1.MainActivity#UserHandle{0} badgeCount:0  drag:false iconState:NONE, taskInfo:[#196=com.mydesktopapplication.app]
12-22 06:05:38.997  2971 23880 I HoneySpace.SuggestedItemsFacade: DPS items : MyDesktopApplication, com.mydesktopapplication.app/crc648a10417f6d1065e1.MainActivity#UserHandle{0}
12-22 06:05:38.997  2971 23880 I HoneySpace.FilteredItemProvider: collect filtered items o, [PK(p='dev.imranr.obtainium.fdroid', u=UserHandle{0}), PK(p='com.mydesktopapplication.app', u=UserHandle{0})]
12-22 06:05:38.997  2971 23880 I HoneySpace.FilteredItemProvider: collect filtered items m, [PK(p='com.rsupport.rs.activity.rsupport.aas2', u=UserHandle{0}), PK(p='com.mycompany.mydesktopapplication', u=UserHandle{0})]
12-22 06:05:38.997  2971 23880 I HoneySpace.SuggestedItemsFacade: filteredItem : PK(p='com.mydesktopapplication.app', u=UserHandle{0})
12-22 06:05:38.997  2971 23880 I HoneySpace.SuggestedItemsFacade: item removed by filter - PK(p='com.mydesktopapplication.app', u=UserHandle{0})
12-22 06:05:38.997  2971 23880 I HoneySpace.SuggestedItemsFacade: filteredItem : PK(p='com.mycompany.mydesktopapplication', u=UserHandle{0})
12-22 06:05:39.013  2971 25745 I HoneySpace.FilteredItemProvider: collect filtered items o, [PK(p='dev.imranr.obtainium.fdroid', u=UserHandle{0}), PK(p='com.mydesktopapplication.app', u=UserHandle{0})]
12-22 06:05:39.014  2971 25745 I HoneySpace.FilteredItemProvider: collect filtered items m, [PK(p='com.rsupport.rs.activity.rsupport.aas2', u=UserHandle{0}), PK(p='com.mycompany.mydesktopapplication', u=UserHandle{0})]
12-22 06:05:39.042 25532 25532 I Finsky  : [2] VerifyApps: Install-time verification complete: id=92, package_name=com.mydesktopapplication.app
12-22 06:05:39.047  1332  2315 I PackageManager:           pkg{com.mydesktopapplication.app}
12-22 06:05:39.113  1332  1773 W PackageManager: Existing package com.mydesktopapplication.app signatures do not match newer version; ignoring!
12-22 06:05:39.140  1332  1773 D PackageManager: isLocaleOptimizedPackage() -  Non optimized app: com.mydesktopapplication.app. Proceed with normal install
12-22 06:05:39.142  1332  1773 D PackageInstallerSession: Marking session 964514611 as failed: INSTALL_FAILED_UPDATE_INCOMPATIBLE: Existing package com.mydesktopapplication.app signatures do not match newer version; ignoring!
12-22 06:05:39.142  1332  1773 I PackageInstallerSession: Session [964514611] was destroyed because of [Session marked as failed: INSTALL_FAILED_UPDATE_INCOMPATIBLE: Existing package com.mydesktopapplication.app signatures do not match newer version; ignoring!]
12-22 06:05:39.144  1332  2315 I PackageInstallerSession: result of session: -7{964514611}, Existing package com.mydesktopapplication.app signatures do not match newer version; ignoring!
12-22 06:05:39.382  2971 23880 I HoneySpace.HistoryRepositoryImpl: Add History Item : rank:0, suggestedApp:false, item:id:-2 label:MyDesktopApplication componnet:com.mydesktopapplication.app/crc648a10417f6d1065e1.MainActivity#UserHandle{0} badgeCount:0  drag:false iconState:NONE, taskInfo:[#196=com.mydesktopapplication.app]
12-22 06:05:39.385  2971 23880 I HoneySpace.SuggestedItemsFacade: DPS items : MyDesktopApplication, com.mydesktopapplication.app/crc648a10417f6d1065e1.MainActivity#UserHandle{0}
12-22 06:05:39.385  2971 23880 I HoneySpace.FilteredItemProvider: collect filtered items o, [PK(p='dev.imranr.obtainium.fdroid', u=UserHandle{0}), PK(p='com.mydesktopapplication.app', u=UserHandle{0})]
12-22 06:05:39.386  2971 23880 I HoneySpace.FilteredItemProvider: collect filtered items m, [PK(p='com.rsupport.rs.activity.rsupport.aas2', u=UserHandle{0}), PK(p='com.mycompany.mydesktopapplication', u=UserHandle{0})]
12-22 06:05:39.386  2971 23880 I HoneySpace.SuggestedItemsFacade: filteredItem : PK(p='com.mydesktopapplication.app', u=UserHandle{0})
12-22 06:05:39.386  2971 23880 I HoneySpace.SuggestedItemsFacade: item removed by filter - PK(p='com.mydesktopapplication.app', u=UserHandle{0})
12-22 06:05:39.387  2971 23880 I HoneySpace.SuggestedItemsFacade: filteredItem : PK(p='com.mycompany.mydesktopapplication', u=UserHandle{0})
12-22 06:05:39.393  2971 23880 I HoneySpace.FilteredItemProvider: collect filtered items o, [PK(p='dev.imranr.obtainium.fdroid', u=UserHandle{0}), PK(p='com.mydesktopapplication.app', u=UserHandle{0})]
12-22 06:05:39.393  2971 23880 I HoneySpace.FilteredItemProvider: collect filtered items m, [PK(p='com.rsupport.rs.activity.rsupport.aas2', u=UserHandle{0}), PK(p='com.mycompany.mydesktopapplication', u=UserHandle{0})]
12-22 06:05:39.403  2971 23880 I HoneySpace.HistoryViewModel@75334967@OneUI: loadItem(TASKBAR) : recentApp=id:-1057 label:MyDesktopApplication componnet:com.mydesktopapplication.app/crc648a10417f6d1065e1.MainActivity#UserHandle{0} badgeCount:0  drag:false iconState:NONE, taskInfo=[#196=com.mydesktopapplication.app]
12-22 06:05:44.216 27146 28853 I NullBinder: NullBinder for android.net.action.RECOMMEND_NETWORKS triggering remote TransactionTooLargeException due to Service without Chimera impl, calling uid: 1000, calling pid: 0
12-22 06:05:47.241 27146   497 I NullBinder: NullBinder for android.net.action.RECOMMEND_NETWORKS triggering remote TransactionTooLargeException due to Service without Chimera impl, calling uid: 1000, calling pid: 0
12-22 06:05:47.700 25532 25532 I Finsky  : [2] VerifyApps: Install-time verification requested for package com.mydesktopapplication.app, PackageManager id = 93, Verifier id = 190a5fcb-79cf-46d4-890a-8543571dc452
12-22 06:05:47.704 25380 25380 I GOS:GameServiceReceiver:  PkgInstallStarted for com.mydesktopapplication.app UserID : 0
12-22 06:05:47.708 25380 26519 I GOS:MainIntentService: onHandleIntent(). type(PACKAGE_CHANGED), changeType(INSTALL_STARTED), pkgName(com.mydesktopapplication.app)
12-22 06:05:47.708 25380 26519 I GOS:SystemEventReactor: onPackageInstallStarted(). packageName: com.mydesktopapplication.app
12-22 06:05:47.880 25532 26180 I Finsky  : [185] VerifyApps: Anti-malware verification task started for package=com.mydesktopapplication.app
12-22 06:05:48.034 25532 25585 I Finsky  : [134] VerifyApps: Starting APK Analysis scan for com.mydesktopapplication.app.
12-22 06:05:48.035 25532 25585 I Finsky  : [134] Scanning package com.mydesktopapplication.app contents with client side protections. File: [0jKdkttwCg4Bx1wj9Z5orbCeO_J5Snj21BMIbgIjsQU]
12-22 06:05:48.366 25532 26203 I Finsky  : [192] VerifyApps: Verification package=com.mydesktopapplication.app, id=93, response=15, upload_requested=false, enable_ecm=false
12-22 06:05:50.259 27146 28853 I NullBinder: NullBinder for android.net.action.RECOMMEND_NETWORKS triggering remote TransactionTooLargeException due to Service without Chimera impl, calling uid: 1000, calling pid: 0
12-22 06:05:50.834 25532 25594 I Finsky  : [139] VerifyApps: APK Analysis scan finished for com.mydesktopapplication.app. Verdict: SAFE
12-22 06:05:50.838 25532 25589 I Finsky  : [137] VerifyApps: waiting for app installation for com.mydesktopapplication.app
12-22 06:05:50.845  1332  2315 I PackageManager:           pkg{com.mydesktopapplication.app}
12-22 06:05:50.846 25532 25532 I Finsky  : [2] VerifyApps: Install-time verification complete: id=93, package_name=com.mydesktopapplication.app
12-22 06:05:50.863  1332  1773 W PackageManager: Existing package com.mydesktopapplication.app signatures do not match newer version; ignoring!
12-22 06:05:50.875  1332  1773 D PackageManager: isLocaleOptimizedPackage() -  Non optimized app: com.mydesktopapplication.app. Proceed with normal install
12-22 06:05:50.876  1332  1773 D PackageInstallerSession: Marking session 1130186235 as failed: INSTALL_FAILED_UPDATE_INCOMPATIBLE: Existing package com.mydesktopapplication.app signatures do not match newer version; ignoring!
12-22 06:05:50.876  1332  1773 I PackageInstallerSession: Session [1130186235] was destroyed because of [Session marked as failed: INSTALL_FAILED_UPDATE_INCOMPATIBLE: Existing package com.mydesktopapplication.app signatures do not match newer version; ignoring!]
12-22 06:05:50.876  1332  2315 I PackageInstallerSession: result of session: -7{1130186235}, Existing package com.mydesktopapplication.app signatures do not match newer version; ignoring!
12-22 06:05:53.345 26269 26269 E [SmartCapture]_DeviceUtils: java.lang.NoSuchMethodException: Could not find android.view.Display.getRealSize() method
12-22 06:05:53.358 26269 26269 E [SmartCapture]_PackageUtils: isPackageAvailable : com.samsung.android.service.tagservice is not available. e=android.content.pm.PackageManager$NameNotFoundException: com.samsung.android.service.tagservice
12-22 06:05:53.361 26269 26269 I CapturePluginManager: Exception occurred during getPluginMetaData. : android.content.pm.PackageManager$NameNotFoundException: com.samsung.android.app.captureplugin
12-22 06:05:53.362 26269 26269 E [SmartCapture]_PackageUtils: isPackageAvailable : com.samsung.android.app.captureplugin is not available. e=android.content.pm.PackageManager$NameNotFoundException: com.samsung.android.app.captureplugin
12-22 06:05:54.529 26269 26269 I CapturePluginManager: Exception occurred during getPluginMetaData. : android.content.pm.PackageManager$NameNotFoundException: com.samsung.android.app.captureplugin
12-22 06:05:54.529 26269 26269 E [SmartCapture]_PackageUtils: isPackageAvailable : com.samsung.android.app.captureplugin is not available. e=android.content.pm.PackageManager$NameNotFoundException: com.samsung.android.app.captureplugin
12-22 06:05:56.303 27146 27175 I NullBinder: NullBinder for android.net.action.RECOMMEND_NETWORKS triggering remote TransactionTooLargeException due to Service without Chimera impl, calling uid: 1000, calling pid: 0
12-22 06:05:58.075 22167 22167 E MethodChannel#android_package_manager: java.lang.IllegalArgumentException: Unsupported value: 'kotlin.Unit' of type 'class f2.j'
12-22 06:05:58.075 22167 22167 E DartMessenger: Uncaught exception in binary message listener
12-22 06:05:58.075 22167 22167 E DartMessenger: java.lang.IllegalStateException: Reply already submitted
12-22 06:05:58.177  2971 23077 I HoneySpace.HistoryRepositoryImpl: Add History Item : rank:0, suggestedApp:false, item:id:-2 label:MyDesktopApplication componnet:com.mydesktopapplication.app/crc648a10417f6d1065e1.MainActivity#UserHandle{0} badgeCount:0  drag:false iconState:NONE, taskInfo:[#196=com.mydesktopapplication.app]
12-22 06:05:58.590  2971 25519 I HoneySpace.HistoryRepositoryImpl: Add History Item : rank:0, suggestedApp:false, item:id:-2 label:MyDesktopApplication componnet:com.mydesktopapplication.app/crc648a10417f6d1065e1.MainActivity#UserHandle{0} badgeCount:0  drag:false iconState:NONE, taskInfo:[#196=com.mydesktopapplication.app]
12-22 06:05:58.592  2971 25519 I HoneySpace.SuggestedItemsFacade: DPS items : MyDesktopApplication, com.mydesktopapplication.app/crc648a10417f6d1065e1.MainActivity#UserHandle{0}
12-22 06:05:58.592  2971 25519 I HoneySpace.FilteredItemProvider: collect filtered items o, [PK(p='com.google.android.packageinstaller', u=UserHandle{0}), PK(p='dev.imranr.obtainium.fdroid', u=UserHandle{0}), PK(p='com.mydesktopapplication.app', u=UserHandle{0})]
12-22 06:05:58.592  2971 25519 I HoneySpace.FilteredItemProvider: collect filtered items m, [PK(p='com.rsupport.rs.activity.rsupport.aas2', u=UserHandle{0}), PK(p='com.mycompany.mydesktopapplication', u=UserHandle{0})]
12-22 06:05:58.593  2971 25519 I HoneySpace.SuggestedItemsFacade: filteredItem : PK(p='com.mydesktopapplication.app', u=UserHandle{0})
12-22 06:05:58.593  2971 25519 I HoneySpace.SuggestedItemsFacade: item removed by filter - PK(p='com.mydesktopapplication.app', u=UserHandle{0})
12-22 06:05:58.593  2971 25519 I HoneySpace.SuggestedItemsFacade: filteredItem : PK(p='com.mycompany.mydesktopapplication', u=UserHandle{0})
12-22 06:05:58.599  2971 25519 I HoneySpace.FilteredItemProvider: collect filtered items o, [PK(p='com.google.android.packageinstaller', u=UserHandle{0}), PK(p='dev.imranr.obtainium.fdroid', u=UserHandle{0}), PK(p='com.mydesktopapplication.app', u=UserHandle{0})]
12-22 06:05:58.600  2971 25519 I HoneySpace.FilteredItemProvider: collect filtered items m, [PK(p='com.rsupport.rs.activity.rsupport.aas2', u=UserHandle{0}), PK(p='com.mycompany.mydesktopapplication', u=UserHandle{0})]
12-22 06:05:58.606  2971 25519 I HoneySpace.HistoryViewModel@75334967@OneUI: loadItem(TASKBAR) : recentApp=id:-1057 label:MyDesktopApplication componnet:com.mydesktopapplication.app/crc648a10417f6d1065e1.MainActivity#UserHandle{0} badgeCount:0  drag:false iconState:NONE, taskInfo=[#196=com.mydesktopapplication.app]
12-22 06:05:59.304 27146  4383 I NullBinder: NullBinder for android.net.action.RECOMMEND_NETWORKS triggering remote TransactionTooLargeException due to Service without Chimera impl, calling uid: 1000, calling pid: 0
12-22 06:06:00.909 26575 26575 I UninstallerActivity: Uninstalling extras=Bundle[{com.android.packageinstaller.extra.IS_CLONE_APP=false, com.android.packageinstaller.extra.APP_LABEL=MyDesktopApplication, com.android.packageinstaller.applicationInfo=ApplicationInfo{a64c2ee com.mydesktopapplication.app}, android.intent.extra.UNINSTALL_ALL_USERS=false, com.android.packageinstaller.extra.UNINSTALL_ID=-2147483643}]
12-22 06:06:00.913  1332 11431 I PackageManager: pkg{com.mydesktopapplication.app}, user{0}, caller{10064} flags{0}
12-22 06:06:00.916  1332  1416 I ActivityManager: Force stopping com.mydesktopapplication.app appid=10309 user=0: deletePackageX
12-22 06:06:01.054  2971 25745 I HoneySpace.HistoryRepositoryImpl: Add History Item : rank:0, suggestedApp:false, item:id:-2 label:MyDesktopApplication componnet:com.mydesktopapplication.app/crc648a10417f6d1065e1.MainActivity#UserHandle{0} badgeCount:0  drag:false iconState:NONE, taskInfo:[#196=com.mydesktopapplication.app]
12-22 06:06:01.220  1332  1773 D PackageManager: isLocaleOptimizedPackage() -  Non optimized app: com.mydesktopapplication.app. Proceed with normal install
12-22 06:06:01.251  1332  1773 D AASA_PackageManager_RESTRICTED: Uninstall : userId = 0, info.uid = 10309, packageName = com.mydesktopapplication.app
12-22 06:06:01.281 26575 26575 I UninstallFinish: Uninstall finished extras=Bundle[{android.content.pm.extra.STATUS=0, com.android.packageinstaller.extra.IS_CLONE_APP=false, android.content.pm.extra.PACKAGE_NAME=com.mydesktopapplication.app, com.android.packageinstaller.extra.APP_LABEL=MyDesktopApplication, com.android.packageinstaller.applicationInfo=Supplier{VAL_PARCELABLE@580+1404}, android.intent.extra.UNINSTALL_ALL_USERS=false, android.content.pm.extra.LEGACY_STATUS=1, com.android.packageinstaller.extra.UNINSTALL_ID=-2147483643, android.content.pm.extra.STATUS_MESSAGE=DELETE_SUCCEEDED}]
12-22 06:06:01.284  1332  1773 I ActivityManager: Force stopping com.mydesktopapplication.app appid=10309 user=0: pkg removed
12-22 06:06:01.305  1332  1773 I ActivityManager: Force stopping com.mydesktopapplication.app appid=10309 user=0: pkg removed
12-22 06:06:01.323  3282  3361 I PackageInfoManager_FLP: action : ACTION_PACKAGE_REMOVED, packageName = com.mydesktopapplication.app
12-22 06:06:01.323  1332  2403 V StorageManagerService: Package com.mydesktopapplication.app does not have legacy storage
12-22 06:06:01.324  2944  2944 D CarrierSvcBindHelper: onPackageRemoved: com.mydesktopapplication.app
12-22 06:06:01.326  1332  2331 D OverlayManager: onPackageRemoved: pkgName = [com.mydesktopapplication.app], userId = [0], packageHidden = [false]
12-22 06:06:01.326  1332  2331 I OverlayManager: updateOverlaysForTarget() called with: targetPackage = [com.mydesktopapplication.app], userId = [0], flags = [0]
12-22 06:06:01.326  1332  2340 D UsageStatsService: onPackageRemoved com.mydesktopapplication.app
12-22 06:06:01.329  1332  2594 D ShortcutService: removing package: com.mydesktopapplication.app userId0
12-22 06:06:01.334  1332  2561 D AS.AudioService: com.mydesktopapplication.app(10309) is removed
12-22 06:06:01.334  1332  2531 W WifiService: Couldn't get PackageInfo for package:com.mydesktopapplication.app
12-22 06:06:01.334  1332  2531 D WifiService: Remove settings for package:com.mydesktopapplication.app
12-22 06:06:01.334  1332  2531 D WifiConfigManager: Remove all networks for app ApplicationInfo{da483b9 com.mydesktopapplication.app}
12-22 06:06:01.335  1332  2531 I PasspointManager: No app ops listener found for com.mydesktopapplication.app
12-22 06:06:01.375  2711  2711 D Navbar.Store: handleEvent(0) OnPackageRemoved(packageName=com.mydesktopapplication.app) [Module] NavBarStoreImpl
12-22 06:06:01.396  1332  2561 D SGM:GameManager: identifyGamePackage. com.mydesktopapplication.app, mCurrentUserId: 0, callerUserId: 0, callingMethodInfo: com.samsung.android.game.SemGameManager.isGamePackage(SemGameManager.java:105)
12-22 06:06:01.396  1332  2561 D SGM:SemGameManager: isGamePackage(), pkgName=com.mydesktopapplication.app, ret=false
12-22 06:06:01.403  1332  2368 D SEP_UNION_SemDeviceInfoManagerService: Package com.mydesktopapplication.app is removed on User 0 
12-22 06:06:01.404  1332  2531 W WifiService: Couldn't get PackageInfo for package:com.mydesktopapplication.app
12-22 06:06:01.404  1332  2531 D WifiService: Remove settings for package:com.mydesktopapplication.app
12-22 06:06:01.404  1332  2531 D WifiConfigManager: Remove all networks for app ApplicationInfo{21451dc com.mydesktopapplication.app}
12-22 06:06:01.404  1332  2531 I PasspointManager: No app ops listener found for com.mydesktopapplication.app
12-22 06:06:01.404  1332  2343 I RollbackManager: broadcast=ACTION_PACKAGE_FULLY_REMOVED pkg=com.mydesktopapplication.app
12-22 06:06:01.428  2971 25020 I HoneySpace.SuggestedItemsFacade: DPS items : MyDesktopApplication, com.mydesktopapplication.app/crc648a10417f6d1065e1.MainActivity#UserHandle{0}
12-22 06:06:01.429  2971 25020 I HoneySpace.FilteredItemProvider: collect filtered items m, [PK(p='com.rsupport.rs.activity.rsupport.aas2', u=UserHandle{0}), PK(p='com.mycompany.mydesktopapplication', u=UserHandle{0})]
12-22 06:06:01.429  2971 25020 I HoneySpace.SuggestedItemsFacade: filteredItem : PK(p='com.mycompany.mydesktopapplication', u=UserHandle{0})
12-22 06:06:01.430  2711  2711 D KeyguardShortcutManager: onReceive : Intent.EXTRA_REPLACING false, com.mydesktopapplication.app
12-22 06:06:01.430  2711  2711 D SecSTQuickControlRequestReceiver: onReceiveForPackage action = android.intent.action.PACKAGE_REMOVED, pkgName = com.mydesktopapplication.app
12-22 06:06:01.434  2971 25020 I HoneySpace.FilteredItemProvider: collect filtered items m, [PK(p='com.rsupport.rs.activity.rsupport.aas2', u=UserHandle{0}), PK(p='com.mycompany.mydesktopapplication', u=UserHandle{0})]
12-22 06:06:01.439  2971 25020 I HoneySpace.SuggestedItemsFacade: getFinalItems : MyDesktopApplication, com.mydesktopapplication.app/crc648a10417f6d1065e1.MainActivity#UserHandle{0}
12-22 06:06:01.440  2944  2944 I VvmPkgInstalledRcvr: packageName: com.mydesktopapplication.app, systemDialer: com.samsung.android.dialer
12-22 06:06:01.442  2711  2711 I GoodLockLifecycle: onPackageRemoved: com.mydesktopapplication.app
12-22 06:06:01.446 25587 25587 I Finsky:background: [2] Package no longer installed: com.mydesktopapplication.app
12-22 06:06:01.449  2711  2711 D FaceWidgetMusicViewModel: onPackageRemoved() pkg = com.mydesktopapplication.app, r = false
12-22 06:06:01.461  1332  2553 D LocationManagerService: package com.mydesktopapplication.app reset
12-22 06:06:01.470 25587 25587 I Finsky:background: [2] IQ: onPackageRemoved com.mydesktopapplication.app, replacing=false, uninstallingFromPlay=false
12-22 06:06:01.474  1332  1332 I Telecom : CarModeTracker: Package com.mydesktopapplication.app is not tracked.: SSH.oR@Kt4
12-22 06:06:01.489  1332  2712 I Pageboost: remove app @ runtime : com.mydesktopapplication.app
12-22 06:06:01.494 25587 25587 I Finsky:background: [2] Package no longer installed: com.mydesktopapplication.app
12-22 06:06:01.502  1332  1332 D EnterpriseLicenseService: isPackageInstalled() - com.mydesktopapplication.app not found in user 0
12-22 06:06:01.537 25532 26640 I Finsky  : [213] Asset module storage cleared for package com.mydesktopapplication.app.
12-22 06:06:01.547 25587 25587 I Finsky:background: [2] Package no longer installed: com.mydesktopapplication.app
12-22 06:06:01.567 26575 26582 W ackageinstaller: ApkAssets: Deleting an ApkAssets object '<empty> and /data/app/~~w0iWxv95ZzSjWtAGqvd4rw==/com.mydesktopapplication.app-kWo9TcIjxPTvxRl7F7JK3w==/base.apk' with 1 weak references
12-22 06:06:01.655  1332  1411 I SettingsProvider: onPackageRemoved (userId 0) PackageName = com.mydesktopapplication.app
12-22 06:06:01.660  1332  1411 I CredentialManager: updateProvidersWhenPackageRemoved)pkg=com.mydesktopapplication.app (0)
12-22 06:06:01.681  4374  4660 W DMASA[S]: [LOGWING][b]Get package version failed : com.mydesktopapplication.app
12-22 06:06:01.681  2944  2944 I VvmPkgInstalledRcvr:  NOT contains : com.mydesktopapplication.app
12-22 06:06:01.706  2971  2971 I HoneySpace.HistoryCellLayout@203979704: removeView [0] (0,0) view=com.honeyspace.ui.common.iconview.IconViewImpl{5f38335 V.ED..CL. ........ 0,0-74,72 #7f0a029b app:id/icon} - MyDesktopApplication, visibility:0, alpha:0.0, badge:0, icon:96x96, iconAlpha:255, iconState:NONE, iconSize:50, forceHideBadge:false, isTransparent:false, x=0, y=0
12-22 06:06:01.707  2971  2971 I HoneySpace.HistoryCellLayout@203979704: removeView [0] (0,0) view=com.honeyspace.ui.common.iconview.IconViewImpl{5f38335 V.ED..CL. ......ID 0,0-74,72 #7f0a029b app:id/icon} - MyDesktopApplication, visibility:0, alpha:0.0, badge:0, icon:96x96, iconAlpha:255, iconState:NONE, iconSize:50, forceHideBadge:false, isTransparent:false, x=0, y=0
12-22 06:06:01.724  1332  1332 I ConditionProviders: Disallowing condition provider com.mydesktopapplication.app (userSet: true)
12-22 06:06:01.773  1332 26659 I Telecom : SamsungTelecomServiceImpl : clearAccounts - packageName : com.mydesktopapplication.app / callingPid : 1332 / processName : sts / callingUser : UserHandle{0}
12-22 06:06:01.888  1332  1378 W system_server: ApkAssets: Deleting an ApkAssets object '<empty> and /data/app/~~w0iWxv95ZzSjWtAGqvd4rw==/com.mydesktopapplication.app-kWo9TcIjxPTvxRl7F7JK3w==/base.apk' with 1 weak references
12-22 06:06:01.908  4286  5281 D MediaProvider: Deleted 0 Android/media items belonging to com.mydesktopapplication.app on /data/user/0/com.google.android.providers.media.module/databases/external.db
12-22 06:06:01.919 11554 11554 D PersistedStoragePackageUninstalledReceiver: Received android.intent.action.PACKAGE_FULLY_REMOVED for com.mydesktopapplication.app for u0
12-22 06:06:01.930  4286  5281 I FuseDaemon: Successfully deleted rows in leveldb for owner_id:  and ownerPackageIdentifier: com.mydesktopapplication.app::0
12-22 06:06:01.944  4286  5281 D MediaGrants: Removed 0 media_grants for 0 user for [com.mydesktopapplication.app]. Reason: Package orphaned
12-22 06:06:01.946 18965 18965 I AccountReloadObserver: [C] received action: android.intent.action.PACKAGE_REMOVED, dat: package:com.mydesktopapplication.app
12-22 06:06:01.946 26306 26306 I SCS@AiSearch user 0: (PackageBroadcastReceiver) packageName: com.mydesktopapplication.app
12-22 06:06:01.946 26306 26306 I SCS@AiSearch user 0: (PackageBroadcastReceiver) Packages changed: com.mydesktopapplication.app
12-22 06:06:01.995 19321 19428 I Rubin   : [138] com.samsung.android.rubin.upload.util.runestonelog.RunestoneLogUtil.getAppVersion(Unknown Source) : com.mydesktopapplication.app is not exist
12-22 06:06:02.064 26656 26707 I ENTM:Systemprocess: handlePackageRemoved().pkgName: com.mydesktopapplication.app
12-22 06:06:02.064 26656 26707 I ENTM:Systemprocess: checkELMActivationForPackageRemoved().START - com.mydesktopapplication.app
12-22 06:06:02.086 27146 26701 I ProximityAuth: [RecentAppsMediator] Package removed: (user=UserHandle{0}) com.mydesktopapplication.app
12-22 06:06:02.091 26656 26707 I ENTM:Systemprocess: checkKLMActivationForPackageRemoved().START - com.mydesktopapplication.app
12-22 06:06:02.092 26656 26707 I ENTM:DataBaseUtils: isSameTrackerIdInDeviceDB().START: com.mydesktopapplication.app
12-22 06:06:02.172 16733 26705 W RWIPackageIntentOps: Registries cleared for package: com.mydesktopapplication.app
12-22 06:06:02.186 16733 16793 I Icing   : doRemovePackageData com.mydesktopapplication.app
12-22 06:06:02.264 16733 26710 W SQLiteLog: (28) double-quoted string literal: "com.mydesktopapplication.app"
12-22 06:06:02.326 27146 28853 I NullBinder: NullBinder for android.net.action.RECOMMEND_NETWORKS triggering remote TransactionTooLargeException due to Service without Chimera impl, calling uid: 1000, calling pid: 0
12-22 06:06:02.489  2711  8458 I TileConfigurationStore: updatePackageDataChange : com.mydesktopapplication.app, type = 2, tileType = 1
12-22 06:06:02.505  2711  8458 I TileConfigurationStore: updatePackageDataChange : Complication Tile com.mydesktopapplication.app, type = 2
12-22 06:06:02.506  2711  8458 I AppWidgetDataProvider:  updatePackageChangeData type  1 , pack type 2  ,  pkg com.mydesktopapplication.app
12-22 06:06:02.540 26712 26712 I DWBh    : onPackageDeleted : com.mydesktopapplication.app
12-22 06:06:02.588 26712 26763 I DWBa    : couldn't find com.mydesktopapplication.app
12-22 06:06:02.641  1332  1411 I SGM:GameManager: PkgUpdateReceiver, onPackageRemoved(). pkgName=com.mydesktopapplication.app, userId=0
12-22 06:06:02.641  1332  1411 W SGM:Util: isPkgInstalled(), com.mydesktopapplication.app does not exist. 
12-22 06:06:02.642  1332  1411 D SGM:Util: isPkgInstalled(). pkgName=com.mydesktopapplication.app, userId=0, installed=false
12-22 06:06:02.642  1332  1411 D SGM:GosNotifyThread: sendPackageMessage(), changeType=1, pkgName=com.mydesktopapplication.app, userHandleId=0
12-22 06:06:02.941  1332  1411 D MetaDataCollector: onReceive: done pkgName=com.mydesktopapplication.app
12-22 06:06:02.942  1332  1411 D LauncherAppsService: Calling onPackageRemoved: com.mydesktopapplication.app, EXTRA_REPLACING: false
12-22 06:06:02.943  1332  1411 D LauncherAppsService: Calling onPackageRemoved: com.mydesktopapplication.app, listener: com.google.android.as(UserHandle{0}, 23371)
12-22 06:06:02.943 23371 23669 D LauncherApps: onPackageRemoved 0,com.mydesktopapplication.app
12-22 06:06:02.943  1332  1411 D LauncherAppsService: Calling onPackageRemoved: com.mydesktopapplication.app, listener: com.samsung.android.mcfds(UserHandle{0}, 4479)
12-22 06:06:02.944  1332  1411 D LauncherAppsService: Calling onPackageRemoved: com.mydesktopapplication.app, listener: com.sec.android.app.launcher(UserHandle{0}, 2971)
12-22 06:06:02.944  1332  1411 D LauncherAppsService: Calling onPackageRemoved: com.mydesktopapplication.app, listener: com.android.systemui(UserHandle{0}, 2711)
12-22 06:06:02.944  1332  1411 D LauncherAppsService: Calling onPackageRemoved: com.mydesktopapplication.app, listener: android(UserHandle{0}, 1332)
12-22 06:06:02.945  1332  1411 D LauncherApps: onPackageRemoved 0,com.mydesktopapplication.app
12-22 06:06:02.945  2711 12849 D LauncherApps: onPackageRemoved 0,com.mydesktopapplication.app
12-22 06:06:02.946  2971  2971 I HoneySpace.PackageOperationTracker: onPackageRemoved - com.mydesktopapplication.app UserHandle{0}
12-22 06:06:02.954  2971  2971 I HoneySpace.PackageChangedCallbackImpl: onPackageRemoved: com.mydesktopapplication.app / UserHandle{0}
12-22 06:06:02.955  2971 23078 I HoneySpace.IconCache: remove icon cache & DB : com.mydesktopapplication.app UserHandle{0}
12-22 06:06:02.955  2971 23078 I HoneySpace.IconCache: removeSpecificIconDb: com.mydesktopapplication.app UserHandle{0}
12-22 06:06:02.962  2971 23078 I HoneySpace.HoneySpacePackageSourceImpl: Package removed : com.mydesktopapplication.app
12-22 06:06:02.962  2971  2971 I HoneySpace.HoneySpaceManagerContainer: refreshHoneyPlugin, packageName: com.mydesktopapplication.app
12-22 06:06:02.962  2971 25748 I SearchableManager: removeDynamicSearchable: com.mydesktopapplication.app
12-22 06:06:02.962  2971 25748 I SearchableManager: invalidate: com.mydesktopapplication.app
12-22 06:06:02.969  2971  2971 I HoneySpace.PackageEventHandler: Package removed : [com.mydesktopapplication.app/crc648a10417f6d1065e1.MainActivity#UserHandle{0}]
12-22 06:06:02.976  2971  2971 I HoneySpace.DataCache: deleteItem : id=16225, title=MyDesktopApplication, type=APP, containerType=ITEM_GROUP, containerId=8, x=-1, y=-1, rank=28, spanX=-1, spanY=-1, scale=1.0component=com.mydesktopapplication.app/crc648a10417f6d1065e1.MainActivity, profileId=0, intent=null, restored=0, hidden=UNHIDDEN, appWidgetId=-1, options=0, refPackageName=null (appList) package removed
12-22 06:06:02.979  2971  4654 I HoneySpace.DataCache: delete item : (appList) package removed - APP / 16225 / MyDesktopApplication / com.mydesktopapplication.app/crc648a10417f6d1065e1.MainActivity / -1 / 0
12-22 06:06:02.986  2971  2971 I HoneySpace.ApplistCellLayout: removeView [0] (4,4) view=com.honeyspace.ui.common.iconview.IconViewImpl{999c82e VFED..CL. ......ID 648,684-810,855 #7f0a029b app:id/icon} - MyDesktopApplication, visibility:0, alpha:1.0, badge:0, icon:96x96, iconAlpha:255, iconState:NONE, iconSize:92, forceHideBadge:false, isTransparent:false, x=4, y=4
12-22 06:06:03.152 16733 16792 E LoadedApk: Exception : java.lang.NullPointerException: Attempt to invoke virtual method 'boolean android.os.Looper.isPerfLogEnable()' on a null object reference
12-22 06:06:03.154 16733 16792 E LoadedApk: Exception : java.lang.NullPointerException: Attempt to invoke virtual method 'boolean android.os.Looper.isPerfLogEnable()' on a null object reference
12-22 06:06:03.196  2971 26775 I HoneySpace.FilteredItemProvider: collect filtered items m, [PK(p='com.rsupport.rs.activity.rsupport.aas2', u=UserHandle{0}), PK(p='com.mycompany.mydesktopapplication', u=UserHandle{0}), PK(p='com.mydesktopapplication.app', u=UserHandle{0})]
12-22 06:06:03.196  2971 26775 I HoneySpace.SuggestedItemsFacade: filteredItem : PK(p='com.mycompany.mydesktopapplication', u=UserHandle{0})
12-22 06:06:03.196  2971 26775 I HoneySpace.SuggestedItemsFacade: filteredItem : PK(p='com.mydesktopapplication.app', u=UserHandle{0})
12-22 06:06:03.211  2971 26775 I HoneySpace.FilteredItemProvider: collect filtered items m, [PK(p='com.rsupport.rs.activity.rsupport.aas2', u=UserHandle{0}), PK(p='com.mycompany.mydesktopapplication', u=UserHandle{0}), PK(p='com.mydesktopapplication.app', u=UserHandle{0})]
12-22 06:06:03.213  2971 26775 E HoneySpace.FirstInstallTimeRepositoryImpl: Package(com.mydesktopapplication.app) does not exist
12-22 06:06:03.309 22167 22167 E DartMessenger: Uncaught exception in binary message listener
12-22 06:06:03.309 22167 22167 E DartMessenger: android.content.pm.PackageManager$NameNotFoundException: com.mydesktopapplication.app
12-22 06:06:03.310 22167 22167 I flutter : MissingPluginException(No implementation found for method getPackageInfo on channel android_package_manager)
12-22 06:06:03.362  2971 26774 I SearchEngineAppSuggestion: package removed: com.mydesktopapplication.app
12-22 06:06:05.349 27146   497 I NullBinder: NullBinder for android.net.action.RECOMMEND_NETWORKS triggering remote TransactionTooLargeException due to Service without Chimera impl, calling uid: 1000, calling pid: 0
12-22 06:06:08.356 27146 28853 I NullBinder: NullBinder for android.net.action.RECOMMEND_NETWORKS triggering remote TransactionTooLargeException due to Service without Chimera impl, calling uid: 1000, calling pid: 0
12-22 06:06:09.167 22167 22167 E DartMessenger: Uncaught exception in binary message listener
12-22 06:06:09.167 22167 22167 E DartMessenger: android.content.pm.PackageManager$NameNotFoundException: dev.soupslurpr.appverifier
12-22 06:06:09.167 22167 22167 I flutter : MissingPluginException(No implementation found for method getPackageInfo on channel android_package_manager)
12-22 06:06:09.172 22167 22167 E DartMessenger: Uncaught exception in binary message listener
12-22 06:06:09.172 22167 22167 E DartMessenger: android.content.pm.PackageManager$NameNotFoundException: com.mydesktopapplication.app
12-22 06:06:09.172 22167 22167 I flutter : MissingPluginException(No implementation found for method getPackageInfo on channel android_package_manager)
12-22 06:06:09.632 26575 26575 V AconfigFlags: Read Aconfig default flag value android.app.enable_fgs_timeout_crash_behavior = true
12-22 06:06:09.633 26575 26575 V AconfigFlags: Read Aconfig default flag value android.crashrecovery.flags.allow_rescue_party_flag_resets = false
12-22 06:06:09.633 26575 26575 V AconfigFlags: Read Aconfig default flag value android.crashrecovery.flags.enable_crashrecovery = false
12-22 06:06:09.633 26575 26575 V AconfigFlags: Read Aconfig default flag value android.crashrecovery.flags.recoverability_detection = false
12-22 06:06:09.633 26575 26575 V AconfigFlags: Read Aconfig default flag value android.crashrecovery.flags.reenable_settings_resets = false
12-22 06:06:09.640 26575 26575 V AconfigFlags: Read Aconfig default flag value com.android.systemui.screenshot_scroll_crop_view_crash_fix = true
12-22 06:06:09.640 26575 26575 V AconfigFlags: Read Aconfig default flag value com.android.text.flags.insert_mode_crash_when_delete = true
12-22 06:06:09.650 26575 26575 V AconfigFlags: Read Aconfig default flag value android.app.enable_fgs_timeout_crash_behavior = true
12-22 06:06:09.651 26575 26575 V AconfigFlags: Read Aconfig default flag value android.crashrecovery.flags.allow_rescue_party_flag_resets = false
12-22 06:06:09.651 26575 26575 V AconfigFlags: Read Aconfig default flag value android.crashrecovery.flags.enable_crashrecovery = false
12-22 06:06:09.651 26575 26575 V AconfigFlags: Read Aconfig default flag value android.crashrecovery.flags.recoverability_detection = false
12-22 06:06:09.651 26575 26575 V AconfigFlags: Read Aconfig default flag value android.crashrecovery.flags.reenable_settings_resets = false
12-22 06:06:09.653 26575 26575 V AconfigFlags: Read Aconfig default flag value com.android.input.flags.a11y_crash_on_inconsistent_event_stream = false
12-22 06:06:09.654 26575 26575 V AconfigFlags: Read Aconfig default flag value com.android.internal.telephony.flags.fix_crash_on_getting_config_when_phone_is_gone = true
12-22 06:06:09.655 26575 26575 V AconfigFlags: Read Aconfig default flag value com.android.text.flags.insert_mode_crash_when_delete = true
12-22 06:06:09.661 26575 26575 E AconfigFlags: java.io.FileNotFoundException: /vendor/etc/aconfig_flags.pb: open failed: ENOENT (No such file or directory)
12-22 06:06:09.661 26575 26575 E AconfigFlags: Caused by: android.system.ErrnoException: open failed: ENOENT (No such file or directory)
12-22 06:06:09.706  2971 26799 I HoneySpace.FilteredItemProvider: collect filtered items m, [PK(p='com.rsupport.rs.activity.rsupport.aas2', u=UserHandle{0}), PK(p='com.mycompany.mydesktopapplication', u=UserHandle{0}), PK(p='com.mydesktopapplication.app', u=UserHandle{0})]
12-22 06:06:09.707  2971 26799 I HoneySpace.SuggestedItemsFacade: filteredItem : PK(p='com.mycompany.mydesktopapplication', u=UserHandle{0})
12-22 06:06:09.707  2971 26799 I HoneySpace.SuggestedItemsFacade: filteredItem : PK(p='com.mydesktopapplication.app', u=UserHandle{0})
12-22 06:06:09.712  2971 25748 I HoneySpace.FilteredItemProvider: collect filtered items m, [PK(p='com.rsupport.rs.activity.rsupport.aas2', u=UserHandle{0}), PK(p='com.mycompany.mydesktopapplication', u=UserHandle{0}), PK(p='com.mydesktopapplication.app', u=UserHandle{0})]
12-22 06:06:09.771  2971 25748 I HoneySpace.FilteredItemProvider: collect filtered items m, [PK(p='com.rsupport.rs.activity.rsupport.aas2', u=UserHandle{0}), PK(p='com.mycompany.mydesktopapplication', u=UserHandle{0}), PK(p='com.mydesktopapplication.app', u=UserHandle{0})]
12-22 06:06:09.771  2971 25748 I HoneySpace.SuggestedItemsFacade: filteredItem : PK(p='com.mycompany.mydesktopapplication', u=UserHandle{0})
12-22 06:06:09.771  2971 25748 I HoneySpace.SuggestedItemsFacade: filteredItem : PK(p='com.mydesktopapplication.app', u=UserHandle{0})
12-22 06:06:09.776  2971 25748 I HoneySpace.FilteredItemProvider: collect filtered items m, [PK(p='com.rsupport.rs.activity.rsupport.aas2', u=UserHandle{0}), PK(p='com.mycompany.mydesktopapplication', u=UserHandle{0}), PK(p='com.mydesktopapplication.app', u=UserHandle{0})]
12-22 06:06:11.374 27146 28853 I NullBinder: NullBinder for android.net.action.RECOMMEND_NETWORKS triggering remote TransactionTooLargeException due to Service without Chimera impl, calling uid: 1000, calling pid: 0
12-22 06:06:11.496  1332  2697 W FileUtils: Failed to chmod(AtomicFile[/data/system_de/0/system/game-manager-service.xml]): android.system.ErrnoException: chmod failed: ENOENT (No such file or directory)
12-22 06:06:12.739 26269 26269 E [SmartCapture]_DeviceUtils: java.lang.NoSuchMethodException: Could not find android.view.Display.getRealSize() method
12-22 06:06:12.755 26269 26269 E [SmartCapture]_PackageUtils: isPackageAvailable : com.samsung.android.service.tagservice is not available. e=android.content.pm.PackageManager$NameNotFoundException: com.samsung.android.service.tagservice
12-22 06:06:12.757 26269 26269 I CapturePluginManager: Exception occurred during getPluginMetaData. : android.content.pm.PackageManager$NameNotFoundException: com.samsung.android.app.captureplugin
12-22 06:06:12.758 26269 26269 E [SmartCapture]_PackageUtils: isPackageAvailable : com.samsung.android.app.captureplugin is not available. e=android.content.pm.PackageManager$NameNotFoundException: com.samsung.android.app.captureplugin
12-22 06:06:13.779 26269 26269 I CapturePluginManager: Exception occurred during getPluginMetaData. : android.content.pm.PackageManager$NameNotFoundException: com.samsung.android.app.captureplugin
12-22 06:06:13.780 26269 26269 E [SmartCapture]_PackageUtils: isPackageAvailable : com.samsung.android.app.captureplugin is not available. e=android.content.pm.PackageManager$NameNotFoundException: com.samsung.android.app.captureplugin
12-22 06:06:14.120 26924 26924 W QuickShareSliceManager: registerContentObserver : exception - java.lang.SecurityException: Failed to find provider com.samsung.android.app.sharelive.sliceprovider for user 0; expected to find a valid ContentProvider for this authority
12-22 06:06:14.175  2971 23078 I HoneySpace.FilteredItemProvider: collect filtered items m, [PK(p='com.rsupport.rs.activity.rsupport.aas2', u=UserHandle{0}), PK(p='com.mycompany.mydesktopapplication', u=UserHandle{0}), PK(p='com.mydesktopapplication.app', u=UserHandle{0})]
12-22 06:06:14.176  2971 23078 I HoneySpace.SuggestedItemsFacade: filteredItem : PK(p='com.mycompany.mydesktopapplication', u=UserHandle{0})
12-22 06:06:14.176  2971 23078 I HoneySpace.SuggestedItemsFacade: filteredItem : PK(p='com.mydesktopapplication.app', u=UserHandle{0})
12-22 06:06:14.180  2971 23078 I HoneySpace.FilteredItemProvider: collect filtered items m, [PK(p='com.rsupport.rs.activity.rsupport.aas2', u=UserHandle{0}), PK(p='com.mycompany.mydesktopapplication', u=UserHandle{0}), PK(p='com.mydesktopapplication.app', u=UserHandle{0})]
12-22 06:06:14.580 26924 26924 E ShareStarManager: e:java.lang.IllegalArgumentException: java.lang.IllegalArgumentException: Unknown authority com.samsung.android.app.sharestar.ShareStarProvider
12-22 06:06:14.638 26924 26924 W Bundle  : Attempt to cast generated internal exception:
12-22 06:06:14.638 26924 26924 W Bundle  : java.lang.ClassCastException: Cannot cast android.net.Uri$HierarchicalUri to java.util.ArrayList
12-22 06:06:14.742 26924 26924 W System.err: java.io.EOFException
12-22 06:06:14.752 26924 26924 W System.err: java.io.EOFException
12-22 06:06:16.376  2971 25020 I HoneySpace.FilteredItemProvider: collect filtered items m, [PK(p='com.rsupport.rs.activity.rsupport.aas2', u=UserHandle{0}), PK(p='com.mycompany.mydesktopapplication', u=UserHandle{0}), PK(p='com.mydesktopapplication.app', u=UserHandle{0})]
12-22 06:06:16.376  2971 25020 I HoneySpace.SuggestedItemsFacade: filteredItem : PK(p='com.mycompany.mydesktopapplication', u=UserHandle{0})
12-22 06:06:16.376  2971 25020 I HoneySpace.SuggestedItemsFacade: filteredItem : PK(p='com.mydesktopapplication.app', u=UserHandle{0})
12-22 06:06:16.377  2971 26799 I HoneySpace.FilteredItemProvider: collect filtered items m, [PK(p='com.rsupport.rs.activity.rsupport.aas2', u=UserHandle{0}), PK(p='com.mycompany.mydesktopapplication', u=UserHandle{0}), PK(p='com.mydesktopapplication.app', u=UserHandle{0})]
12-22 06:06:16.377  2971 26799 I HoneySpace.SuggestedItemsFacade: filteredItem : PK(p='com.mycompany.mydesktopapplication', u=UserHandle{0})
12-22 06:06:16.377  2971 26799 I HoneySpace.SuggestedItemsFacade: filteredItem : PK(p='com.mydesktopapplication.app', u=UserHandle{0})
12-22 06:06:16.381  2971 26799 I HoneySpace.FilteredItemProvider: collect filtered items m, [PK(p='com.rsupport.rs.activity.rsupport.aas2', u=UserHandle{0}), PK(p='com.mycompany.mydesktopapplication', u=UserHandle{0}), PK(p='com.mydesktopapplication.app', u=UserHandle{0})]
12-22 06:06:16.929  2971 26799 I HoneySpace.FilteredItemProvider: collect filtered items m, [PK(p='com.rsupport.rs.activity.rsupport.aas2', u=UserHandle{0}), PK(p='com.mycompany.mydesktopapplication', u=UserHandle{0}), PK(p='com.mydesktopapplication.app', u=UserHandle{0})]
12-22 06:06:16.930  2971 26799 I HoneySpace.SuggestedItemsFacade: filteredItem : PK(p='com.mycompany.mydesktopapplication', u=UserHandle{0})
12-22 06:06:16.930  2971 26799 I HoneySpace.SuggestedItemsFacade: filteredItem : PK(p='com.mydesktopapplication.app', u=UserHandle{0})
12-22 06:06:17.342  2971 26797 I HoneySpace.FilteredItemProvider: collect filtered items m, [PK(p='com.rsupport.rs.activity.rsupport.aas2', u=UserHandle{0}), PK(p='com.mycompany.mydesktopapplication', u=UserHandle{0}), PK(p='com.mydesktopapplication.app', u=UserHandle{0})]
12-22 06:06:17.343  2971 26797 I HoneySpace.SuggestedItemsFacade: filteredItem : PK(p='com.mycompany.mydesktopapplication', u=UserHandle{0})
12-22 06:06:17.343  2971 26797 I HoneySpace.SuggestedItemsFacade: filteredItem : PK(p='com.mydesktopapplication.app', u=UserHandle{0})
12-22 06:06:17.348  2971 26797 I HoneySpace.FilteredItemProvider: collect filtered items m, [PK(p='com.rsupport.rs.activity.rsupport.aas2', u=UserHandle{0}), PK(p='com.mycompany.mydesktopapplication', u=UserHandle{0}), PK(p='com.mydesktopapplication.app', u=UserHandle{0})]
12-22 06:06:17.410 27146 27279 I NullBinder: NullBinder for android.net.action.RECOMMEND_NETWORKS triggering remote TransactionTooLargeException due to Service without Chimera impl, calling uid: 1000, calling pid: 0
12-22 06:06:17.550 25532 25532 I Finsky  : [2] VerifyApps: Install-time verification requested for package com.mydesktopapplication.app, PackageManager id = 94, Verifier id = 5ce9991f-8c8e-43ea-b689-486819fb2efb
12-22 06:06:17.551 25380 25380 I GOS:GameServiceReceiver:  PkgInstallStarted for com.mydesktopapplication.app UserID : 0
12-22 06:06:17.558 25380 27029 I GOS:MainIntentService: onHandleIntent(). type(PACKAGE_CHANGED), changeType(INSTALL_STARTED), pkgName(com.mydesktopapplication.app)
12-22 06:06:17.558 25380 27029 I GOS:SystemEventReactor: onPackageInstallStarted(). packageName: com.mydesktopapplication.app
