12-22 06:06:17.709 25532 26180 I Finsky  : [185] VerifyApps: Anti-malware verification task started for package=com.mydesktopapplication.app
12-22 06:06:17.859 25532 25589 I Finsky  : [137] VerifyApps: Starting APK Analysis scan for com.mydesktopapplication.app.
12-22 06:06:17.860 25532 25589 I Finsky  : [137] Scanning package com.mydesktopapplication.app contents with client side protections. File: [Db5Lfhuv1h_7qYNdf89d8oqIvaq3lqEXM3cQxKBPCAM]
12-22 06:06:18.053 25532 26203 I Finsky  : [192] VerifyApps: Verification package=com.mydesktopapplication.app, id=94, response=15, upload_requested=false, enable_ecm=false
12-22 06:06:20.423 27146  4383 I NullBinder: NullBinder for android.net.action.RECOMMEND_NETWORKS triggering remote TransactionTooLargeException due to Service without Chimera impl, calling uid: 1000, calling pid: 0
12-22 06:06:20.657 25532 25581 I Finsky  : [130] VerifyApps: APK Analysis scan finished for com.mydesktopapplication.app. Verdict: SAFE
12-22 06:06:20.662 25532 25585 I Finsky  : [134] VerifyApps: waiting for app installation for com.mydesktopapplication.app
12-22 06:06:20.672  1332  2315 I PackageManager:           pkg{com.mydesktopapplication.app}
12-22 06:06:20.673 25532 25532 I Finsky  : [2] VerifyApps: Install-time verification complete: id=94, package_name=com.mydesktopapplication.app
12-22 06:06:20.766  1332  1773 D ApplicationPolicy: getApplicationStateEnabled : pkg = com.mydesktopapplication.app userId : 0
12-22 06:06:20.768  1332  1773 D PermissionService: setAllowlistedRestrictedPermissionsUnchecked called for package - com.mydesktopapplication.app
12-22 06:06:20.768  1332  1773 D PermissionService: updateAdminPermissionsInternalcom.mydesktopapplication.app
12-22 06:06:20.878  1332  1773 I ArtService: Adjusting the compiler filter for 'com.mydesktopapplication.app' from 'speed-profile' to 'verify' because there is no valid profile
12-22 06:06:21.023 26609 26613 W ziparchive: Unable to open '/data/app/~~NwC0q9Iy3aWTCLxybVi4WQ==/com.mydesktopapplication.app-TM5bhl7FYuaXx7b0M9P_IA==/base.dm': No such file or directory
12-22 06:06:21.023 26609 26613 W ziparchive: Unable to open '/data/app/~~NwC0q9Iy3aWTCLxybVi4WQ==/com.mydesktopapplication.app-TM5bhl7FYuaXx7b0M9P_IA==/base.dm': No such file or directory
12-22 06:06:21.050 26609 26609 I artd    : Running dex2oat: /apex/com.android.art/bin/art_exec --drop-capabilities --set-task-profile=Dex2OatBootComplete --set-priority=background --keep-fds=7:8:9:10 -- /apex/com.android.art/bin/dex2oat64 --zip-fd=7 --zip-location=/data/app/~~NwC0q9Iy3aWTCLxybVi4WQ==/com.mydesktopapplication.app-TM5bhl7FYuaXx7b0M9P_IA==/base.apk --oat-fd=8 --oat-location=/data/app/~~NwC0q9Iy3aWTCLxybVi4WQ==/com.mydesktopapplication.app-TM5bhl7FYuaXx7b0M9P_IA==/oat/arm64/base.odex --output-vdex-fd=9 --swap-fd=10 --class-loader-context=PCL[] --classpath-dir=/data/app/~~NwC0q9Iy3aWTCLxybVi4WQ==/com.mydesktopapplication.app-TM5bhl7FYuaXx7b0M9P_IA== --instruction-set=arm64 --instruction-set-features=default --instruction-set-variant=kryo300 --compiler-filter=verify --compilation-reason=install --compact-dex-level=none --max-image-block-size=524288 --resolve-startup-const-strings=true --generate-mini-debug-info --runtime-arg -Xtarget-sdk-version:36 --runtime-arg -Xhidden-api-policy:enabled -j6 --runtime-arg -Xms64m --runtime-arg -Xmx512m --comments=app-name:com.mydesktopapplication.app,app-version-name:1.0,app-version-code:1,art-version:351410020
12-22 06:06:21.050 26609 26609 I artd    : Opened FDs: 7:/data/app/~~NwC0q9Iy3aWTCLxybVi4WQ==/com.mydesktopapplication.app-TM5bhl7FYuaXx7b0M9P_IA==/base.apk 8:/data/app/~~NwC0q9Iy3aWTCLxybVi4WQ==/com.mydesktopapplication.app-TM5bhl7FYuaXx7b0M9P_IA==/oat/arm64/base.odex.dOnqOo.tmp 9:/data/app/~~NwC0q9Iy3aWTCLxybVi4WQ==/com.mydesktopapplication.app-TM5bhl7FYuaXx7b0M9P_IA==/oat/arm64/base.vdex.vQvrLa.tmp 10:/data/app/~~NwC0q9Iy3aWTCLxybVi4WQ==/com.mydesktopapplication.app-TM5bhl7FYuaXx7b0M9P_IA==/oat/arm64/base.odex.swap.peQRIt.tmp 
12-22 06:06:21.112 27043 27043 I dex2oat64: /apex/com.android.art/bin/dex2oat64 --output-vdex-fd=9 --class-loader-context=PCL[] --classpath-dir=/data/app/~~NwC0q9Iy3aWTCLxybVi4WQ==/com.mydesktopapplication.app-TM5bhl7FYuaXx7b0M9P_IA== --compiler-filter=verify --compilation-reason=install --compact-dex-level=none --max-image-block-size=524288 --resolve-startup-const-strings=true --generate-mini-debug-info -j6 --comments=app-name:com.mydesktopapplication.app,app-version-name:1.0,app-version-code:1,art-version:351410020
12-22 06:06:21.689  1332  1773 I ArtService: Dexopt result: [packageName = com.mydesktopapplication.app] DexContainerFileDexoptResult{dexContainerFile=/data/app/~~NwC0q9Iy3aWTCLxybVi4WQ==/com.mydesktopapplication.app-TM5bhl7FYuaXx7b0M9P_IA==/base.apk, primaryAbi=true, abi=arm64-v8a, actualCompilerFilter=verify, status=PERFORMED, dex2oatWallTimeMillis=626, dex2oatCpuTimeMillis=740, sizeBytes=6038120, sizeBeforeBytes=0, extendedStatusFlags=[]}
12-22 06:06:21.692  1332  1773 I BackupManagerService: [UserID:0] restoreAtInstall pkg=com.mydesktopapplication.app token=5f restoreSet=0
12-22 06:06:21.698  1332  1773 D PackageManager: isLocaleOptimizedPackage() -  Non optimized app: com.mydesktopapplication.app. Proceed with normal install
12-22 06:06:21.736  2944  2944 D CarrierSvcBindHelper: onPackageAdded: com.mydesktopapplication.app
12-22 06:06:21.737  3282  3361 I PackageInfoManager_FLP: action : ACTION_PACKAGE_ADDED, packageName = com.mydesktopapplication.app
12-22 06:06:21.738 26954 26954 D BluetoothEventManager: AppPackageChangedHandler: package name = com.mydesktopapplication.app
12-22 06:06:21.738  1332  2580 I AppWidgetServiceImpl: Received broadcast: android.intent.action.PACKAGE_ADDED, Updates all providers with com.mydesktopapplication.app, userId: 0
12-22 06:06:21.738  2711  2858 D PluginActionManager: queryPkg com.mydesktopapplication.app com.android.systemui.action.PEOPLE_HUB_PERSON_EXTRACTOR
12-22 06:06:21.739  1332  2561 D SGM:GameManager: identifyGamePackage. com.mydesktopapplication.app, mCurrentUserId: 0, callerUserId: 0, callingMethodInfo: com.samsung.android.game.SemGameManager.isGamePackage(SemGameManager.java:105)
12-22 06:06:21.739  1332  2561 D SGM:SemGameManager: isGamePackage(), pkgName=com.mydesktopapplication.app, ret=false
12-22 06:06:21.741  1332  2594 D ShortcutService: adding package: com.mydesktopapplication.app userId0
12-22 06:06:21.744  2944  2944 I VvmPkgInstalledRcvr: packageName: com.mydesktopapplication.app, systemDialer: com.samsung.android.dialer
12-22 06:06:21.746  1332  2650 I SdkSandboxManager: No SDKs used. Skipping SDK data reconcilation for CallingInfo{mUid=10310, mPackageName='com.mydesktopapplication.app, mAppProcessToken='null'}
12-22 06:06:21.747  2944  3275 D ImsResolver: maybeAddedImsService, packageName: com.mydesktopapplication.app
12-22 06:06:21.748 22167 22167 E MethodChannel#android_package_manager: java.lang.IllegalArgumentException: Unsupported value: 'kotlin.Unit' of type 'class f2.j'
12-22 06:06:21.751  2711  2858 D PluginActionManager: queryPkg com.mydesktopapplication.app com.android.systemui.action.PLUGIN_OVERLAY
12-22 06:06:21.751  2711  2711 I GoodLockLifecycle: onPackageAdded: com.mydesktopapplication.app
12-22 06:06:21.752  2711  2858 D PluginActionManager: queryPkg com.mydesktopapplication.app com.android.systemui.action.PLUGIN_QS
12-22 06:06:21.752  2711  2858 D PluginActionManager: queryPkg com.mydesktopapplication.app com.samsung.systemui.action.PLUGIN_FACE_WIDGET
12-22 06:06:21.752  2711  2858 D PluginActionManager: queryPkg com.mydesktopapplication.app com.android.systemui.action.PLUGIN_GLOBAL_ACTIONS
12-22 06:06:21.753  2711  2858 D PluginActionManager: queryPkg com.mydesktopapplication.app com.android.systemui.action.PLUGIN_NOTIFICATION_ASSISTANT
12-22 06:06:21.754  2711  2858 D PluginActionManager: queryPkg com.mydesktopapplication.app com.android.systemui.action.PLUGIN_NOTIFICATION_MENU_ROW
12-22 06:06:21.754 22167 22167 E DartMessenger: Uncaught exception in binary message listener
12-22 06:06:21.754 22167 22167 E DartMessenger: java.lang.IllegalStateException: Reply already submitted
12-22 06:06:21.755  2711  2829 D BluetoothEventManager: AppPackageChangedHandler: package name = com.mydesktopapplication.app
12-22 06:06:21.762  1332  1332 I Telecom : SamsungOpenCommunicationPlatformPolicyPackageBroadcastReceiver : action : android.intent.action.PACKAGE_ADDED / packageName : com.mydesktopapplication.app
12-22 06:06:21.767  2944  2944 I VvmPkgInstalledRcvr:  NOT contains : com.mydesktopapplication.app
12-22 06:06:21.780  2711  2858 D PluginActionManager: queryPkg com.mydesktopapplication.app com.android.systemui.action.PLUGIN_NOTIFICATION_MENU_ROW
12-22 06:06:21.780  2711  2858 D PluginActionManager: queryPkg com.mydesktopapplication.app com.android.systemui.action.PLUGIN_TOAST
12-22 06:06:21.780  2711  2858 D PluginActionManager: queryPkg com.mydesktopapplication.app com.android.systemui.action.PLUGIN_SENSOR_MANAGER
12-22 06:06:21.781  2711  2858 D PluginActionManager: queryPkg com.mydesktopapplication.app com.android.systemui.action.PLUGIN_QS_FACTORY
12-22 06:06:21.783  1332  2331 D OverlayManager: reconcileSettingsForPackage pkgName=com.mydesktopapplication.app userId=0
12-22 06:06:21.783  1332  2331 I OverlayManager: updateOverlaysForTarget() called with: targetPackage = [com.mydesktopapplication.app], userId = [0], flags = [0]
12-22 06:06:21.783  1332  3542 I Telecom : SamsungOpenCommunicationPlatformPolicyPackageHandler : handleMessage : { when=-20ms what=0 obj=com.mydesktopapplication.app target=com.samsung.server.telecom.advancedcall.ocp.policy.broadcast.SamsungOpenCommunicationPlatformPolicyPackageHandler }.what
12-22 06:06:21.786  2711  2858 D PluginActionManager: queryPkg com.mydesktopapplication.app com.android.systemui.action.PLUGIN_VOLUME
12-22 06:06:21.786  2711  2858 D PluginActionManager: queryPkg com.mydesktopapplication.app com.android.systemui.action.PLUGIN_NOTIFICATION_MENU_ROW
12-22 06:06:21.787  2711  2858 D PluginActionManager: queryPkg com.mydesktopapplication.app com.android.systemui.action.PLUGIN_NOTIFICATION_MENU_ROW
12-22 06:06:21.787  2711  2858 D PluginActionManager: queryPkg com.mydesktopapplication.app com.android.systemui.action.PLUGIN_CLOCK_PROVIDER
12-22 06:06:21.798 11554 11554 I SafetyLabelChangedBroadcastReceiver: received broadcast packageName: com.mydesktopapplication.app, current user: UserHandle{0}, packageChangeEvent: NEW_INSTALL, intent user: UserHandle{0}
12-22 06:06:21.805  1332  2636 D SGM:GameManager: identifyGamePackage. com.mydesktopapplication.app, mCurrentUserId: 0, callerUserId: 0, callingMethodInfo: com.samsung.android.game.SemGameManager.isGamePackage(SemGameManager.java:105)
12-22 06:06:21.805  1332  2636 D SGM:SemGameManager: isGamePackage(), pkgName=com.mydesktopapplication.app, ret=false
12-22 06:06:21.813  1332  2712 D SGM:GameManager: identifyGamePackage. com.mydesktopapplication.app, mCurrentUserId: 0, callerUserId: 0, callingMethodInfo: com.samsung.android.game.SemGameManager.isGamePackage(SemGameManager.java:105)
12-22 06:06:21.813  1332  2712 D SGM:SemGameManager: isGamePackage(), pkgName=com.mydesktopapplication.app, ret=false
12-22 06:06:21.813  1332  2712 I Pageboost: appinfo : com.mydesktopapplication.app 0 0 0 0
12-22 06:06:21.826  1332  2712 D SGM:GameManager: identifyGamePackage. com.mydesktopapplication.app, mCurrentUserId: 0, callerUserId: 0, callingMethodInfo: com.samsung.android.game.SemGameManager.isGamePackage(SemGameManager.java:105)
12-22 06:06:21.826  1332  2712 D SGM:SemGameManager: isGamePackage(), pkgName=com.mydesktopapplication.app, ret=false
12-22 06:06:21.852  1332  2712 I Pageboost: Reset this app info : com.mydesktopapplication.app 
12-22 06:06:21.853  1332  2331 D OverlayManager: -> Updating overlay: target=com.mydesktopapplication.app overlays=[OverlayPaths { resourceDirs = [], overlayPaths = [] }] userId=0
12-22 06:06:21.874  1332  2712 I Pageboost: db create : CREATE TABLE IF NOT EXISTS commydesktopapplicationapp (FILENAME TEXT, OFFSET INTEGER, SIZE INTEGER, FORVRAMDISK INTEGER, BITMAP BLOB, unique (FILENAME, OFFSET) );
12-22 06:06:21.884  1332  1621 D MARsPolicyManager: new Package : com.mydesktopapplication.app, SCPMTarget : false
12-22 06:06:21.889 27146 27057 I ProximityAuth: [RecentAppsMediator] Package added: (user=UserHandle{0}) com.mydesktopapplication.app
12-22 06:06:21.930  1332  2712 I Pageboost: add app to global @ runtime: com.mydesktopapplication.app
12-22 06:06:21.965 16733 27060 I Dck     : android.content.pm.PackageManager$NameNotFoundException: com.samsung.android.dkey
12-22 06:06:22.059  1332  2597 W ActivityManager: Scheduling restart of crashed service com.samsung.sait.sohservice/.service.BatteryService in 1000ms for start-requested
12-22 06:06:22.174  1332  1411 I SGM:GameManager: PkgUpdateReceiver, onPackageAdded : com.mydesktopapplication.app userHandle : UserHandle{0} userId : 0
12-22 06:06:22.174  1332  1411 D SGM:GosNotifyThread: sendPackageMessage(), changeType=0, pkgName=com.mydesktopapplication.app, userHandleId=0
12-22 06:06:22.174  1332  2401 D SGM:GosNotifyThread: notifyPackageChangedToGos(), before send intent to GOS. type:15, changeType: 0, pkgName:com.mydesktopapplication.app, userHandleId:0
12-22 06:06:22.174  1332  2401 D SGM:PmAppCategoryManager: getManifestCategory(), manifestCategory=-1, packageName=com.mydesktopapplication.app
12-22 06:06:22.174  1332  2401 D SGM:PmAppCategoryManager: getCategoryOverride(), categoryOverride=-1, packageName=com.mydesktopapplication.app
12-22 06:06:22.174  1332  2401 I SGM:GosNotifyThread: notifyPackageChangedToGos(), category from pm: com.mydesktopapplication.app, [-1/-1]
12-22 06:06:22.185 25380 27088 I GOS:MainIntentService: onHandleIntent(). type(PACKAGE_CHANGED), changeType(INSTALLED), pkgName(com.mydesktopapplication.app)
12-22 06:06:22.186 25380 27088 I GOS:SystemEventReactor: onPackageInstalled(). packageName: com.mydesktopapplication.app
12-22 06:06:22.192 25380 27088 I GOS:PMGameCategoryGetter: getCategoryCode(). categoryCode:undefined, packageName:com.mydesktopapplication.app
12-22 06:06:22.192 25380 27088 I GOS:SystemEventReactor: getPkgCategorizedByPM(), A package was added : com.mydesktopapplication.app as undefined
12-22 06:06:22.200 25380 27088 I GOS:SystemEventReactor: onPackageInstalled(), A package was added : com.mydesktopapplication.app as undefined
12-22 06:06:22.231 18965 18965 I AccountReloadObserver: [C] received action: android.intent.action.PACKAGE_ADDED, dat: package:com.mydesktopapplication.app
12-22 06:06:22.236 26306 26306 I SCS@AiSearch user 0: (PackageBroadcastReceiver) packageName: com.mydesktopapplication.app
12-22 06:06:22.236 26306 26306 I SCS@AiSearch user 0: (PackageBroadcastReceiver) Packages changed: com.mydesktopapplication.app
12-22 06:06:22.262 25532 25532 I Finsky  : [2] VerifyApps: app installation complete for com.mydesktopapplication.app
12-22 06:06:22.263 25532 25532 I Finsky  : [2] VerifyApps: app installation complete for com.mydesktopapplication.app
12-22 06:06:22.264 25532 25532 I Finsky  : [2] VerifyApps: app installation complete for com.mydesktopapplication.app
12-22 06:06:22.265 25532 25585 I Finsky  : [134] VerifyApps: running post install verification task for package: com.mydesktopapplication.app, install ID: 7550e9d9-633d-470f-8b0c-8a331e28200a
12-22 06:06:22.265 25532 25589 I Finsky  : [137] VerifyApps: running post install verification task for package: com.mydesktopapplication.app, install ID: 190a5fcb-79cf-46d4-890a-8543571dc452
12-22 06:06:22.268 25532 25585 I Finsky  : [134] Scanning package com.mydesktopapplication.app with Raccoon
12-22 06:06:22.268 25532 25589 I Finsky  : [137] Scanning package com.mydesktopapplication.app with Raccoon
12-22 06:06:22.270 25532 25581 I Finsky  : [130] VerifyApps: running post install verification task for package: com.mydesktopapplication.app, install ID: 5ce9991f-8c8e-43ea-b689-486819fb2efb
12-22 06:06:22.271 25532 25581 I Finsky  : [130] Scanning package com.mydesktopapplication.app with Raccoon
12-22 06:06:22.447  1332  1411 D MetaDataCollector: onReceive: done pkgName=com.mydesktopapplication.app
12-22 06:06:22.449  1332  1411 D LauncherAppsService: Calling onPackageAdded: com.mydesktopapplication.app, uid: 10310
12-22 06:06:22.449  1332  1411 D LauncherAppsService: Calling onPackageAdded: com.mydesktopapplication.app, listener: com.google.android.as(UserHandle{0}, 23371)
12-22 06:06:22.449 23371 23669 D LauncherApps: onPackageAdded 0,com.mydesktopapplication.app
12-22 06:06:22.449  1332  1411 D LauncherAppsService: Calling onPackageAdded: com.mydesktopapplication.app, listener: com.samsung.android.mcfds(UserHandle{0}, 4479)
12-22 06:06:22.450  1332  1411 D LauncherAppsService: Calling onPackageAdded: com.mydesktopapplication.app, listener: com.sec.android.app.launcher(UserHandle{0}, 2971)
12-22 06:06:22.450  1332  1411 D LauncherAppsService: Calling onPackageAdded: com.mydesktopapplication.app, listener: com.android.systemui(UserHandle{0}, 2711)
12-22 06:06:22.450  2971  2971 I HoneySpace.PackageOperationTracker: onPackageAdded - com.mydesktopapplication.app UserHandle{0}
12-22 06:06:22.450  1332  1411 D LauncherAppsService: Calling onPackageAdded: com.mydesktopapplication.app, listener: android(UserHandle{0}, 1332)
12-22 06:06:22.451  1332  1411 D LauncherApps: onPackageAdded 0,com.mydesktopapplication.app
12-22 06:06:22.451  2711  2733 D LauncherApps: onPackageAdded 0,com.mydesktopapplication.app
12-22 06:06:22.452  2971  2971 I HoneySpace.PackageChangedCallbackImpl: onPackageAdded: com.mydesktopapplication.app / UserHandle{0}
12-22 06:06:22.458  2971 25020 I HoneySpace.PackageSourceImpl: addActivityToList [ADD] : com.mydesktopapplication.app/crc648a10417f6d1065e1.MainActivity#UserHandle{0}
12-22 06:06:22.462  2971 26794 I HoneySpace.HoneySpacePackageSourceImpl: Package added : com.mydesktopapplication.app
12-22 06:06:22.465  2971  2971 I HoneySpace.WorkspaceViewModel: Package added : com.mydesktopapplication.app/crc648a10417f6d1065e1.MainActivity#UserHandle{0}
12-22 06:06:22.472  2971  2971 I HoneySpace.PackageEventHandler: Package added : com.mydesktopapplication.app/crc648a10417f6d1065e1.MainActivity#UserHandle{0}
12-22 06:06:22.492  2971 13474 I AppIconSolution: getThemeIconWithBG called with public API, pkg = com.mydesktopapplication.app, mode = 48
12-22 06:06:22.494  2971 13474 I AppIconSolution: start to load, pkg=com.mydesktopapplication.app, bg=192-192, dr=162-162, forDefault=true, density=320
12-22 06:06:22.496  2971 13474 I AppIconSolution: getIconScale, pkg=com.mydesktopapplication.app, size=162, iconScale=IconScale[alpha=0, scale=1.0, isCrop=true]
12-22 06:06:22.517  2971 13474 I AppIconSolution: default container[CROP], pkg=com.mydesktopapplication.app, bg=162-162, dr=162-162, isNight = false
12-22 06:06:22.525  2971 13474 I LauncherActivityInfo: packageName: com.mydesktopapplication.app, useThemeIcon: false, height: 162, width: 162, density: 320
12-22 06:06:22.532  2971 26797 I HoneySpace.IconCache: add icon DB: [com.mydesktopapplication.app/crc648a10417f6d1065e1.MainActivity#UserHandle{0}] - IconAndLabel(icon=android.graphics.Bitmap@6a4273c, label=MyDesktopApplication) | false | 320 | false |false
12-22 06:06:22.546  2971  2971 I HoneySpace.DataCache: insertItem : id=16262, title=MyDesktopApplication, type=APP, containerType=ITEM_GROUP, containerId=-1, x=-1, y=-1, rank=-1, spanX=-1, spanY=-1, scale=1.0component=com.mydesktopapplication.app/crc648a10417f6d1065e1.MainActivity, profileId=0, intent=null, restored=0, hidden=UNHIDDEN, appWidgetId=-1, options=0, refPackageName=null
12-22 06:06:22.551  2971  2971 I HoneySpace.DataCache: updateItem : id=16262, title=MyDesktopApplication, type=APP, containerType=ITEM_GROUP, containerId=8, x=-1, y=-1, rank=28, spanX=-1, spanY=-1, scale=1.0component=com.mydesktopapplication.app/crc648a10417f6d1065e1.MainActivity, profileId=0, intent=null, restored=0, hidden=UNHIDDEN, appWidgetId=-1, options=0, refPackageName=null
12-22 06:06:22.554  2971  2971 I HoneySpace.AppListFastRecyclerViewAdapter: onItemRangeInserted MyDesktopApplication 28 0
12-22 06:06:22.562  2971  2971 I HoneySpace.DefaultPlugin: createHoney honeyInfo=HoneyInfo(parentHoney=C2.O0@3abf27d, packageName=null, type=appicon) honeyData=HoneyData(id=16262, data=[app, id:16262 label:MyDesktopApplication componnet:com.mydesktopapplication.app/crc648a10417f6d1065e1.MainActivity#UserHandle{0} badgeCount:0  drag:false iconState:NONE], bundleData=null, savedState=null) context=com.sec.android.app.launcher.Launcher@af0a35
12-22 06:06:22.623  2971  2971 I HoneySpace.ApplistCellLayout: addItem [0] (4, 4) width=976, height=1374, spanX=1, spanY=1, view=com.honeyspace.ui.common.iconview.IconViewImpl{20b4070 VFED..CL. ......ID 0,0-0,0 #7f0a029b app:id/icon} - MyDesktopApplication, visibility:0, alpha:1.0, badge:0, icon:96x96, iconAlpha:255, iconState:NONE, iconSize:92, forceHideBadge:false, isTransparent:false
12-22 06:06:22.644 27058 27058 I Routine@Core[4.8.07.1]: MetadataLoaderImpl: collectInBackground - packageName:com.mydesktopapplication.app
12-22 06:06:22.645 27058 27058 I Routine@Core[4.8.07.1]: MetadataSyncBacklog: add: null + com.mydesktopapplication.app
12-22 06:06:22.669 27058 27099 E Routine@Core[4.8.07.1]: WearNodeManagerImpl: getNodeOfCompanionWatchSupportModeMirror: onFailure - com.google.android.gms.common.api.ApiException: 17: API: Wearable.API is not available on this device. Connection failed with: ConnectionResult{statusCode=API_UNAVAILABLE, resolution=null, message=null}
12-22 06:06:22.754  2711  8458 I TileConfigurationStore: updatePackageDataChange : com.mydesktopapplication.app, type = 1, tileType = 1
12-22 06:06:22.761 27058 27058 E Routine@Core[4.8.07.1]: a: android.hardware.input.InputManager: InvocationTargetException encountered invoking semUnregisterOnSwitchEventChangedListener 
12-22 06:06:22.761 27058 27058 E Routine@Core[4.8.07.1]: a: java.lang.reflect.InvocationTargetException
12-22 06:06:22.761 27058 27058 E Routine@Core[4.8.07.1]: a: Caused by: java.lang.NullPointerException: Attempt to invoke interface method 'int java.util.List.size()' on a null object reference
12-22 06:06:22.761 27058 27058 E Routine@Core[4.8.07.1]: android.hardware.input.InputManager: invokeNormalMethod: java.lang.reflect.InvocationTargetException
12-22 06:06:22.794 27058 27058 I Routine@Core[4.8.07.1]: MetadataLoaderJobService: onStartJob: collectPackageInBG - com.mydesktopapplication.app
12-22 06:06:22.802 27058 27058 I Routine@Core[4.8.07.1]: MetadataLoaderJobService: packageName : com.mydesktopapplication.app, forced : true
12-22 06:06:22.822 27058 27113 I Routine@Core[4.8.07.1]: MetadataLoadManager: collect: com.mydesktopapplication.app
12-22 06:06:22.822 27058 27113 I Routine@Core[4.8.07.1]: MetadataLoadManager: collectWithCollectors - Collect Start! package = com.mydesktopapplication.app
12-22 06:06:22.827 27058 27113 I Routine@Core[4.8.07.1]: WatchMetaDataCollector: collect - packageName :com.mydesktopapplication.app
12-22 06:06:22.828 27058 27113 I Routine@Core[4.8.07.1]: MetadataLoadManager: doPostCollectionTasks - packageName:com.mydesktopapplication.app
12-22 06:06:22.862  2971 26797 I SearchEngineAppSuggestion: package added: com.mydesktopapplication.app
12-22 06:06:22.865  2971 26797 I HoneySpace.SuggestAppDecor: getInstaller: com.mydesktopapplication.app [dev.imranr.obtainium.fdroid]
12-22 06:06:23.055  2711  8458 E AppWidgetSupplier: Couldn't find any provider services packageName=com.mydesktopapplication.app
12-22 06:06:23.056  2711  8458 I TileConfigurationStore: updatePackageDataChange : Complication Tile com.mydesktopapplication.app, type = 1
12-22 06:06:23.056  2711  8458 I AppWidgetDataProvider:  updatePackageChangeData type  1 , pack type 1  ,  pkg com.mydesktopapplication.app
12-22 06:06:23.071 27058 27099 E Routine@Core[4.8.07.1]: WearNodeHelper: getConnectedNearlyNodes: ExecutionException - java.util.concurrent.ExecutionException: com.google.android.gms.common.api.ApiException: 17: API: Wearable.API is not available on this device. Connection failed with: ConnectionResult{statusCode=API_UNAVAILABLE, resolution=null, message=null}
12-22 06:06:23.086 27058 27058 I Routine@Core[4.8.07.1]: MetadataLoaderJobService: metadataLoadingCompleted: collectPackageInBG - com.mydesktopapplication.app
12-22 06:06:23.100 27058 27099 E Routine@Core[4.8.07.1]: WearNodeManagerImpl: getNodeId: exception - com.google.android.gms.common.api.ApiException: 17: API: Wearable.API is not available on this device. Connection failed with: ConnectionResult{statusCode=API_UNAVAILABLE, resolution=null, message=null}
12-22 06:06:23.437 27146 27173 I NullBinder: NullBinder for android.net.action.RECOMMEND_NETWORKS triggering remote TransactionTooLargeException due to Service without Chimera impl, calling uid: 1000, calling pid: 0
12-22 06:06:23.464  2971 27097 I SearchableManager: invalidate: com.mydesktopapplication.app
12-22 06:06:25.622 26306 26336 I AppClassifier: Category not present in BloomFilter, Checking in Manifest:- com.mydesktopapplication.app
12-22 06:06:25.623 26306 26336 I AppClassifier: Category not found in BF and Manifest for pkg :- com.mydesktopapplication.app
12-22 06:06:25.668 26306 26336 I SCS@AiSearch user 0: (IndexManager) [UPDATE] index=com.samsung.android.apps, size=1, documents=[com.mydesktopapplication.app@0@crc648a10417f6d1065e1.MainActivity]
12-22 06:06:25.925 26306 26312 W ung.android.scs: ApkAssets: Deleting an ApkAssets object '<empty> and /data/app/~~NwC0q9Iy3aWTCLxybVi4WQ==/com.mydesktopapplication.app-TM5bhl7FYuaXx7b0M9P_IA==/base.apk' with 2 weak references
12-22 06:06:26.459 27146 27173 I NullBinder: NullBinder for android.net.action.RECOMMEND_NETWORKS triggering remote TransactionTooLargeException due to Service without Chimera impl, calling uid: 1000, calling pid: 0
12-22 06:06:27.785  1332  2597 W ActivityManager: Scheduling restart of crashed service com.samsung.android.fmm/com.samsung.android.fme.offlinefinding.OfflineFindingService in 1000ms for start-requested
12-22 06:06:27.873  2971 26794 I HoneySpace.SuggestedItemsFacade: DPS items : MyDesktopApplication, com.mydesktopapplication.app/crc648a10417f6d1065e1.MainActivity#UserHandle{0}
12-22 06:06:27.873  2971 26794 I HoneySpace.FilteredItemProvider: collect filtered items m, [PK(p='com.rsupport.rs.activity.rsupport.aas2', u=UserHandle{0}), PK(p='com.mycompany.mydesktopapplication', u=UserHandle{0})]
12-22 06:06:27.874  2971 26794 I HoneySpace.SuggestedItemsFacade: filteredItem : PK(p='com.mycompany.mydesktopapplication', u=UserHandle{0})
12-22 06:06:27.889  2971 26794 I HoneySpace.FilteredItemProvider: collect filtered items m, [PK(p='com.rsupport.rs.activity.rsupport.aas2', u=UserHandle{0}), PK(p='com.mycompany.mydesktopapplication', u=UserHandle{0})]
12-22 06:06:27.894  2971 26794 I HoneySpace.SuggestedItemsFacade: getFinalItems : MyDesktopApplication, com.mydesktopapplication.app/crc648a10417f6d1065e1.MainActivity#UserHandle{0}
12-22 06:06:28.153  2971 27116 I HoneySpace.SuggestedItemsFacade: DPS items : MyDesktopApplication, com.mydesktopapplication.app/crc648a10417f6d1065e1.MainActivity#UserHandle{0}
12-22 06:06:28.154  2971 27116 I HoneySpace.FilteredItemProvider: collect filtered items m, [PK(p='com.rsupport.rs.activity.rsupport.aas2', u=UserHandle{0}), PK(p='com.mycompany.mydesktopapplication', u=UserHandle{0})]
12-22 06:06:28.154  2971 27116 I HoneySpace.SuggestedItemsFacade: filteredItem : PK(p='com.mycompany.mydesktopapplication', u=UserHandle{0})
12-22 06:06:28.162  2971 27116 I HoneySpace.FilteredItemProvider: collect filtered items m, [PK(p='com.rsupport.rs.activity.rsupport.aas2', u=UserHandle{0}), PK(p='com.mycompany.mydesktopapplication', u=UserHandle{0})]
12-22 06:06:28.167  2971 27116 I HoneySpace.SuggestedItemsFacade: getFinalItems : MyDesktopApplication, com.mydesktopapplication.app/crc648a10417f6d1065e1.MainActivity#UserHandle{0}
12-22 06:06:29.014 27214 27214 E [MCFSDK_1.0.2039]McfAdapter: getServiceVersionCode- - android.content.pm.PackageManager$NameNotFoundException: com.samsung.android.mcfserver
12-22 06:06:29.020 27214 27214 E [MCFSDK_1.0.2039]McfAdapter: getServiceVersionCode- - android.content.pm.PackageManager$NameNotFoundException: com.samsung.android.mcfserver
12-22 06:06:29.020 27214 27214 E [MCFSDK_1.0.2039]McfAdapter: getServiceVersionCode- - android.content.pm.PackageManager$NameNotFoundException: com.samsung.android.mcfserver
12-22 06:06:29.484 27146 28853 I NullBinder: NullBinder for android.net.action.RECOMMEND_NETWORKS triggering remote TransactionTooLargeException due to Service without Chimera impl, calling uid: 1000, calling pid: 0
12-22 06:06:30.470  1332  4350 I Pageboost: start alp : com.mydesktopapplication.app
12-22 06:06:30.471  1332  2712 I Pageboost: alp for : com.mydesktopapplication.app , 0
12-22 06:06:30.471  1332  1399 I ChimeraSystemEventListener: appLaunchIntent package name is: com.mydesktopapplication.app
12-22 06:06:30.472  3329 27284 E pageboostd: alp start : app commydesktopapplicationapp
12-22 06:06:30.473  1332  4350 I ActivityManager: android.util.AndroidRuntimeException: Activity could not be started for Intent { act=android.intent.action.MAIN cat=[android.intent.category.LAUNCHER] flg=0x10000000 pkg=com.mydesktopapplication.app cmp=com.mydesktopapplication.app/crc648a10417f6d1065e1.MainActivity }
12-22 06:06:30.475  2971  2971 I HoneySpace.IconView: start dim animation : MyDesktopApplication
12-22 06:06:30.508  2711  2808 D ShellStartingWindow: preload Icon com.mydesktopapplication.app
12-22 06:06:30.517  3329 27284 E pageboostd: commydesktopapplicationapp, amt 6038120 scnt 2 fcnt 0
12-22 06:06:30.517  3329 27284 E pageboostd: commydesktopapplicationapp, amt 0 scnt 0 fcnt 0
12-22 06:06:30.517  3329 27284 E pageboostd: alp end : app commydesktopapplicationapp data_amount 6038120
12-22 06:06:30.549  1332  1399 I ChimeraSystemEventListener: appLaunchIntent package name is: com.mydesktopapplication.app
12-22 06:06:30.549  1332  4350 I Pageboost: onAppLaunch : com.mydesktopapplication.app
12-22 06:06:30.549  1332  2712 I Pageboost: Record App IO : com.mydesktopapplication.app pid 0
12-22 06:06:30.554  1332  4350 V WindowManager: Collecting in transition 793: ActivityRecord{ecbc50b u0 com.mydesktopapplication.app/crc648a10417f6d1065e1.MainActivity, caller=com.android.server.wm.TransitionController.collect:7 com.android.server.wm.ActivityStarter.startActivityUnchecked:626 com.android.server.wm.ActivityStarter.executeRequest:3365 com.android.server.wm.ActivityStarter.execute:1122 com.android.server.wm.ActivityTaskManagerService.startActivityAsUser:88 
12-22 06:06:30.554  1332  4350 D ActivityTaskManager: TaskLaunchParamsModifier:task=null activity=ActivityRecord{ecbc50b u0 com.mydesktopapplication.app/crc648a10417f6d1065e1.MainActivity t-1} display-from-option=0 display-id=0 task-display-area-windowing-mode=1 suggested-display-area=DefaultTaskDisplayArea_d0@212232708
12-22 06:06:30.556  1332  4350 D ActivityTaskManager: TaskLaunchParamsModifier:task=null activity=ActivityRecord{ecbc50b u0 com.mydesktopapplication.app/crc648a10417f6d1065e1.MainActivity t-1} display-from-option=0 display-id=0 task-display-area-windowing-mode=1 suggested-display-area=DefaultTaskDisplayArea_d0@212232708 inherit-from-source=fullscreen non-freeform-task-display-area display-area=DefaultTaskDisplayArea_d0@212232708 default-portrait freeform-size-mismatch=Rect(312, 510 - 888, 1374)
12-22 06:06:30.561  1332  4350 D ActivityTaskManager: TaskLaunchParamsModifier:task=Task{44e6fe8 #201 type=standard A=10310:com.mydesktopapplication.app} activity=ActivityRecord{ecbc50b u0 com.mydesktopapplication.app/crc648a10417f6d1065e1.MainActivity t-1} display-from-option=0 display-id=0 task-display-area-windowing-mode=1 suggested-display-area=DefaultTaskDisplayArea_d0@212232708 inherit-from-source=fullscreen non-freeform-task-display-area display-area=DefaultTaskDisplayArea_d0@212232708 default-portrait freeform-size-mismatch=Rect(312, 510 - 888, 1374)
12-22 06:06:30.562  1332  4350 V WindowManager: Collecting in transition 793: Task{44e6fe8 #201 type=standard A=10310:com.mydesktopapplication.app}, caller=com.android.server.wm.Transition.collectExistenceChange:42 com.android.server.wm.ActivityStarter.setNewTask:43 com.android.server.wm.ActivityStarter.startActivityInner:2212 com.android.server.wm.ActivityStarter.startActivityUnchecked:639 com.android.server.wm.ActivityStarter.executeRequest:3365 
12-22 06:06:30.564  1332  4350 V WindowManager: Add starting ActivityRecord{ecbc50b u0 com.mydesktopapplication.app/crc648a10417f6d1065e1.MainActivity t201}: startingData=SplashScreenStartingData{8298ca6 waitForSyncTransactionCommit=false removeAfterTransaction= 0}
12-22 06:06:30.566  1332  4350 V WindowManager: Added starting ActivityRecord{ecbc50b u0 com.mydesktopapplication.app/crc648a10417f6d1065e1.MainActivity t201}: startingWindow=null startingView=com.android.server.wm.StartingSurfaceController$StartingSurface@efa6e7
12-22 06:06:30.568  1332  4350 V WindowManager: Collecting in transition 793: ActivityRecord{ecbc50b u0 com.mydesktopapplication.app/crc648a10417f6d1065e1.MainActivity t201}, caller=com.android.server.wm.Transition.collectExistenceChange:42 com.android.server.wm.ActivityStarter.handleStartResult:523 com.android.server.wm.ActivityStarter.startActivityUnchecked:653 com.android.server.wm.ActivityStarter.executeRequest:3365 com.android.server.wm.ActivityStarter.execute:1122 
12-22 06:06:30.569  2711  2767 V WindowManagerShell: Transition requested (#793): android.os.BinderProxy@c471e2f TransitionRequestInfo { type = OPEN, triggerTask = TaskInfo{userId=0 taskId=201 displayId=0 isRunning=true baseIntent=Intent { act=android.intent.action.MAIN cat=[android.intent.category.LAUNCHER] flg=0x10200000 cmp=com.mydesktopapplication.app/crc648a10417f6d1065e1.MainActivity } baseActivity=ComponentInfo{com.mydesktopapplication.app/crc648a10417f6d1065e1.MainActivity} topActivity=ComponentInfo{com.mydesktopapplication.app/crc648a10417f6d1065e1.MainActivity} origActivity=null realActivity=ComponentInfo{com.mydesktopapplication.app/crc648a10417f6d1065e1.MainActivity} numActivities=1 lastActiveTime=3853557223 supportsMultiWindow=true resizeMode=1 isResizeable=true minWidth=-1 minHeight=-1 maxWidth=-1 maxHeight=-1 defaultMinSize=220 token=WCT{android.window.IWindowContainerToken$Stub$Proxy@cd45c3c} topActivityType=1 pictureInPictureParams=null shouldDockBigOverlays=false launchIntoPipHostTaskId=-1 lastParentTaskIdBeforePip=-1 displayCutoutSafeInsets=null topActivityInfo=ActivityInfo{cedbdc5 crc648a10417f6d1065e1.MainActivity} launchCookies=[android.os.BinderProxy@c6a031a] positionInParent=Point(0, 0) parentTaskId=-1 isFocused=false isVisible=false isVisibleRequested=false isSleeping=false topActivityInSizeCompat=false locusId=null displayAreaFeatureId=1 isTopActivityTransparent=false isTopActivityStyleFloating=false appCompatTaskInfo=AppCompatTaskInfo { topActivityInSizeCompat=false eligibleForLetterboxEducation= false isLetterboxEducationEnabled= false isLetterboxDoubleTapEnabled= false eligibleForUserAspectRatioButton= true topActivityBoundsLetterboxed= false isFromLetterboxDoubleTap= false topActivityLetterboxVerticalPosition= -1 topActivityLetterboxHorizontalPosition= -1 topActivityLetterboxWidth=1200 topActivityLetterboxHeight=1920 topActivityLetterboxAppWidth=1200 topActivityLetterboxAppHeight=1920 isUserFullscreenOverrideEnabled=false isSystemFullscreenOverrideEnabled=false hasMinAspectRatioOverride=false cameraCompatTaskInfo=CameraCompatTaskInfo { freeformCameraCompatMode=inactive} topActivityBounds=null topActivityInDisplayCompat=false} originallySupportedMultiWindow=true hasWallpaper=false rootAffinity=10310:com.mydesktopapplication.app isTopTaskInStage=false topActivityUiMode=17 CoverLauncherWidgetTask=false isAllowedSeamlessRotation=false isTopTransparentActivity=false snappingGuideBounds=Rect(312, 510 - 888, 1374) isAliasManaged=false hasConfigChanged=false isAiKeyRemoveAppTask=false}, pipTask = null, remoteTransition = RemoteTransition { remoteTransition = android.window.IRemoteTransition$Stub$Proxy@6316e4b, appThread = android.app.IApplicationThread$Stub$Proxy@ba90028, debugName = QuickstepLaunchflags =NONE }, displayChange = null, flags = 0, debugId = 793 }
12-22 06:06:30.570  1332  4350 I ActivityTaskManager: START u0 {act=android.intent.action.MAIN cat=[android.intent.category.LAUNCHER] flg=0x10200000 cmp=com.mydesktopapplication.app/crc648a10417f6d1065e1.MainActivity bnds=[760,892][922,1063]} with LAUNCH_MULTIPLE from uid 10117 (BAL_ALLOW_VISIBLE_WINDOW) result code=0
12-22 06:06:30.575  1332  3561 D WindowManager: prepareSync <SYNC_STATE_WAITING_FOR_DRAW>, mPrepareSyncSeqId=0, win=Window{e5a17d7 u0 Splash Screen com.mydesktopapplication.app}
12-22 06:06:30.577  1332  3561 V WindowManager: addWindow: ActivityRecord{ecbc50b u0 com.mydesktopapplication.app/crc648a10417f6d1065e1.MainActivity t201} startingWindow=Window{e5a17d7 u0 Splash Screen com.mydesktopapplication.app}
12-22 06:06:30.580  2971  3041 I HoneySpace.SALoggingUtils: SA Logging screenID: 201 eventId: 1001 detail: {PackageName=com.mydesktopapplication.app, det=3} value: -1
12-22 06:06:30.584  2971 26797 I HoneySpace.SuggestedAppsRepositoryImpl: sendSuggestedAppsLaunchTarget: ComponentInfo{com.mydesktopapplication.app/crc648a10417f6d1065e1.MainActivity}
12-22 06:06:30.587  2711  2806 I InsetsController: onStateChanged: host=Splash Screen com.mydesktopapplication.app, from=android.view.ViewRootImpl.setView:1999, state=InsetsState: {mDisplayFrame=Rect(0, 0 - 1200, 1920), mDisplayCutout=DisplayCutout{insets=Rect(0, 0 - 0, 0) waterfall=Insets{left=0, top=0, right=0, bottom=0} boundingRect={Bounds=[Rect(0, 0 - 0, 0), Rect(0, 0 - 0, 0), Rect(0, 0 - 0, 0), Rect(0, 0 - 0, 0)]} cutoutPathParserInfo={CutoutPathParserInfo{displayWidth=0 displayHeight=0 physicalDisplayWidth=0 physicalDisplayHeight=0 density={0.0} cutoutSpec={} rotation={0} scale={0.0} physicalPixelDisplaySizeRatio={0.0}}} sideOverrides=null}, mRoundedCorners=RoundedCorners{[RoundedCorner{position=TopLeft, radius=20, center=Point(20, 20)}, RoundedCorner{position=TopRight, radius=20, center=Point(1180, 20)}, RoundedCorner{position=BottomRight, radius=20, center=Point(1180, 1900)}, RoundedCorner{position=BottomLeft, radius=20, center=Point(20, 1900)}]}  mRoundedCornerFrame=Rect(0, 0 - 1200, 1920), mPrivacyIndicatorBounds=PrivacyIndicatorBounds {static bounds=Rect(1134, 0 - 1200, 36) rotation=0}, mDisplayShape=DisplayShape{ spec=-311912193 displayWidth=1200 displayHeight=1920 physicalPixelDisplaySizeRatio=1.0 rotation=0 offsetX=0 offsetY=0 scale=1.0}, mSources= { InsetsSource: {b9d0000 mType=statusBars mFrame=[0,0][1200,36] mVisible=true mFlags= mSideHint=TOP mBoundingRects=null}, InsetsSource: {b9d0005 mType=mandatorySystemGestures mFrame=[0,0][1200,36] mVisible=true mFlags= mSideHint=TOP mBoundingRects=null}, InsetsSource: {b9d0006 mType=tappableElement mFrame=[0,0][1200,36] mVisible=true mFlags= mSideHint=TOP mBoundingRects=null}, InsetsSource: {274e0001 mType=navigationBars mFrame=[0,1848][1200,1920] mVisible=true mFlags= mSideHint=BOTTOM mBoundingRects=null}, InsetsSource: {274e0004 mType=systemGestures mFrame=[0,0][0,0] mVisible=true mFlags= mSideHint=NONE mBoundingRects=null}, InsetsSource: {274e0005 mType=mandatorySystemGestures mFrame=[0,1848][1200,1920] mVisible=true mFlags= mSideHint=BOTTOM mBoundingRects=null}, InsetsSource: {274e0006 mType=tappableElement mFrame=[0,1848][1200,1920] mVisible=true mFlags= mSideHint=BOTTOM mBoundingRects=null}, InsetsSource: {274e0024 mType=systemGestures mFrame=[0,0][0,0] mVisible=true mFlags= mSideHint=NONE mBoundingRects=null} }
12-22 06:06:30.593  1332  1417 I ActivityManager: Start proc 27288:com.mydesktopapplication.app/u0a310 for next-top-activity {com.mydesktopapplication.app/crc648a10417f6d1065e1.MainActivity}
12-22 06:06:30.603  1332  4350 D CoreBackPreview: Window{e5a17d7 u0 Splash Screen com.mydesktopapplication.app}: Setting back callback OnBackInvokedCallbackInfo{mCallback=android.window.IOnBackInvokedCallback$Stub$Proxy@79e5da9, mPriority=0, mIsAnimationCallback=false}
12-22 06:06:30.603  1332  2328 V WindowManager: Relayout Window{e5a17d7 u0 Splash Screen com.mydesktopapplication.app}: viewVisibility=0 req=1200x1920 ty=3 d0
12-22 06:06:30.604  1332  2328 D WindowManager: makeSurface duration=1 name=Splash Screen com.mydesktopapplication.app$_2711
12-22 06:06:30.610  1332  4350 V WindowManager: Collecting in transition 793: ActivityRecord{ecbc50b u0 com.mydesktopapplication.app/crc648a10417f6d1065e1.MainActivity t201}, caller=com.android.server.wm.TransitionController.collect:7 com.android.server.wm.ActivityRecord.setVisibility:189 com.android.server.wm.EnsureActivitiesVisibleHelper.process:450 com.android.server.wm.TaskFragment.updateActivityVisibilities:12 com.android.server.wm.Task$$ExternalSyntheticLambda3.accept:399 
12-22 06:06:30.627  1332  3561 D WindowManager: finishDrawingWindow: Window{e5a17d7 u0 Splash Screen com.mydesktopapplication.app} mDrawState=DRAW_PENDING seqId=0
12-22 06:06:30.627  1332  3561 V WindowManager: Finishing drawing window Window{e5a17d7 u0 Splash Screen com.mydesktopapplication.app}: mDrawState=DRAW_PENDING
12-22 06:06:30.627  1332  3561 V WindowManager: Draw state now committed in Window{e5a17d7 u0 Splash Screen com.mydesktopapplication.app}
12-22 06:06:30.629  1332  1400 D WindowManager: rotationForOrientation, orientationSource=ActivityRecord{ecbc50b u0 com.mydesktopapplication.app/crc648a10417f6d1065e1.MainActivity t201}
12-22 06:06:30.630  1332  1400 V WindowManager: performShowLocked: mDrawState=HAS_DRAWN in Window{e5a17d7 u0 Splash Screen com.mydesktopapplication.app}
12-22 06:06:30.631  1332  1400 D WindowManagerServiceExt: updateTaskbarTargetIfNeeded: cn=ComponentInfo{com.mydesktopapplication.app/crc648a10417f6d1065e1.MainActivity} occludesParent=true isInSplitScreenMode=false styleFloating=false
12-22 06:06:30.631  1332  1400 V WindowManager: Start calculating TransitionInfo based on participants: {WallpaperWindowToken{ff30f token=android.os.Binder@eb8506e}_<system>, Task{44e6fe8 #201 type=standard A=10310:com.mydesktopapplication.app}, ActivityRecord{6d23448 u0 com.sec.android.app.launcher/.activities.LauncherActivity t114}, WallpaperWindowToken{b470c5d token=android.os.Binder@d0de634}_<lock>, ActivityRecord{ecbc50b u0 com.mydesktopapplication.app/crc648a10417f6d1065e1.MainActivity t201}}
12-22 06:06:30.631  1332  1400 V WindowManager:   Final targets: [Task{44e6fe8 #201 type=standard A=10310:com.mydesktopapplication.app}, Task{e94a5d #1 type=home}, WallpaperWindowToken{ff30f token=android.os.Binder@eb8506e}_<system>]
12-22 06:06:30.631  2971  2971 I HoneySpace.TaskbarVisibilityController: onTaskbarIconVisibleChangeRequest occlude:true cn:ComponentInfo{com.mydesktopapplication.app/crc648a10417f6d1065e1.MainActivity}, isResume:false, isGestureTransition : false, isDock : false
12-22 06:06:30.636  1332  1400 I SurfaceControlRegistry: show, t=StartTransaction_SyncId<793> sc=ActivityRecord{ecbc50b u0 com.mydesktopapplication.app/crc648a10417f6d1065e1.MainActivity t201}, caller=android.view.SurfaceControl$Transaction.show:3232 com.android.server.wm.Transition.onTransactionReady:2273 com.android.server.wm.BLASTSyncEngine$SyncGroup.finishNow:195 com.android.server.wm.BLASTSyncEngine.onSurfacePlacement:269 com.android.server.wm.RootWindowContainer.performSurfacePlacementNoTrace:471 com.android.server.wm.RootWindowContainer.performSurfacePlacement:9 
12-22 06:06:30.637  1332  1400 V WindowManager:         {WCT{RemoteToken{e0318e1 Task{44e6fe8 #201 type=standard A=10310:com.mydesktopapplication.app}}} m=OPEN f=NONE leash=Surface(name=Task=201)/@0x307703a sb=Rect(0, 0 - 1200, 1920) eb=Rect(0, 0 - 1200, 1920) d=0 taskParent=-1 inset=Rect(0, 36 - 0, 72) dim=true},
12-22 06:06:30.639  1332  1396 V WindowManager: Sent Transition (#793) createdAt=12-22 06:06:30.554 via request=TransitionRequestInfo { type = OPEN, triggerTask = TaskInfo{userId=0 taskId=201 displayId=0 isRunning=true baseIntent=Intent { act=android.intent.action.MAIN cat=[android.intent.category.LAUNCHER] flg=0x10200000 cmp=com.mydesktopapplication.app/crc648a10417f6d1065e1.MainActivity } baseActivity=ComponentInfo{com.mydesktopapplication.app/crc648a10417f6d1065e1.MainActivity} topActivity=ComponentInfo{com.mydesktopapplication.app/crc648a10417f6d1065e1.MainActivity} origActivity=null realActivity=ComponentInfo{com.mydesktopapplication.app/crc648a10417f6d1065e1.MainActivity} numActivities=1 lastActiveTime=3853557223 supportsMultiWindow=true resizeMode=1 isResizeable=true minWidth=-1 minHeight=-1 maxWidth=-1 maxHeight=-1 defaultMinSize=220 token=WCT{RemoteToken{e0318e1 Task{44e6fe8 #201 type=standard A=10310:com.mydesktopapplication.app}}} topActivityType=1 pictureInPictureParams=null shouldDockBigOverlays=false launchIntoPipHostTaskId=-1 lastParentTaskIdBeforePip=-1 displayCutoutSafeInsets=null topActivityInfo=ActivityInfo{7aa4c7 crc648a10417f6d1065e1.MainActivity} launchCookies=[android.os.BinderProxy@b56faf4] positionInParent=Point(0, 0) parentTaskId=-1 isFocused=false isVisible=false isVisibleRequested=false isSleeping=false topActivityInSizeCompat=false locusId=null displayAreaFeatureId=1 isTopActivityTransparent=false isTopActivityStyleFloating=false appCompatTaskInfo=AppCompatTaskInfo { topActivityInSizeCompat=false eligibleForLetterboxEducation= false isLetterboxEducationEnabled= false isLetterboxDoubleTapEnabled= false eligibleForUserAspectRatioButton= true topActivityBoundsLetterboxed= false isFromLetterboxDoubleTap= false topActivityLetterboxVerticalPosition= -1 topActivityLetterboxHorizontalPosition= -1 topActivityLetterboxWidth=1200 topActivityLetterboxHeight=1920 topActivityLetterboxAppWidth=1200 topActivityLetterboxAppHeight=1920 isUserFullscreenOverrideEnabled=false isSystemFullscreenOverrideEnabled=false hasMinAspectRatioOverride=false cameraCompatTaskInfo=CameraCompatTaskInfo { freeformCameraCompatMode=inactive} topActivityBounds=null topActivityInDisplayCompat=false} originallySupportedMultiWindow=true hasWallpaper=false rootAffinity=10310:com.mydesktopapplication.app isTopTaskInStage=false topActivityUiMode=17 CoverLauncherWidgetTask=false isAllowedSeamlessRotation=false isTopTransparentActivity=false snappingGuideBounds=Rect(312, 510 - 888, 1374) isAliasManaged=false hasConfigChanged=false isAiKeyRemoveAppTask=false}, pipTask = null, remoteTransition = RemoteTransition { remoteTransition = android.window.IRemoteTransition$Stub$Proxy@137621d, appThread = android.app.IApplicationThread$Stub$Proxy@3e7cc92, debugName = QuickstepLaunchflags =NONE }, displayChange = null, flags = 0, debugId = 793 }
12-22 06:06:30.640  1332  1396 V WindowManager:         {WCT{RemoteToken{e0318e1 Task{44e6fe8 #201 type=standard A=10310:com.mydesktopapplication.app}}} m=OPEN f=NONE leash=Surface(name=Task=201)/@0x307703a sb=Rect(0, 0 - 1200, 1920) eb=Rect(0, 0 - 1200, 1920) d=0 taskParent=-1 inset=Rect(0, 36 - 0, 72) dim=true},
12-22 06:06:30.640  1332  1400 D WindowManager: updateSystemBarAttributes: displayId=0, focusedCanBeNavColorWin=false, win=Window{1187f14 u0 com.sec.android.app.launcher/com.sec.android.app.launcher.activities.LauncherActivity}, navColorWin=Window{e5a17d7 u0 Splash Screen com.mydesktopapplication.app}, caller=com.android.server.wm.DisplayPolicy.finishPostLayoutPolicyLw:17 com.android.server.wm.RootWindowContainer.applySurfaceChangesTransaction$1:194 com.android.server.wm.RootWindowContainer.performSurfacePlacementNoTrace:61 
12-22 06:06:30.670  1332  4350 D SGM:GameManager: identifyGamePackage. com.mydesktopapplication.app, mCurrentUserId: 0, callerUserId: 0, callingMethodInfo: com.samsung.android.game.IGameManagerService$Stub.onTransact(IGameManagerService.java:228)
12-22 06:06:30.679 27288 27288 D nativeloader: Configuring clns-7 for other apk /data/app/~~NwC0q9Iy3aWTCLxybVi4WQ==/com.mydesktopapplication.app-TM5bhl7FYuaXx7b0M9P_IA==/base.apk. target_sdk_version=36, uses_libraries=, library_path=/data/app/~~NwC0q9Iy3aWTCLxybVi4WQ==/com.mydesktopapplication.app-TM5bhl7FYuaXx7b0M9P_IA==/lib/arm64:/data/app/~~NwC0q9Iy3aWTCLxybVi4WQ==/com.mydesktopapplication.app-TM5bhl7FYuaXx7b0M9P_IA==/base.apk!/lib/arm64-v8a, permitted_path=/data:/mnt/expand:/data/user/0/com.mydesktopapplication.app
12-22 06:06:30.702  1169  1169 D SurfaceFlinger:      CLIENT | 0xb400007337e435a0 | 0000 | RGBA_8888    |    0.0   34.0 1200.0 1482.0 |  764  881  899 1043 | Splash Screen com.mydesktopapplication.app$_2711#8551
12-22 06:06:30.710 27288 27288 D nativeloader: Load /data/app/~~NwC0q9Iy3aWTCLxybVi4WQ==/com.mydesktopapplication.app-TM5bhl7FYuaXx7b0M9P_IA==/lib/arm64/libmonosgen-2.0.so using ns clns-7 from class loader (caller=/data/app/~~NwC0q9Iy3aWTCLxybVi4WQ==/com.mydesktopapplication.app-TM5bhl7FYuaXx7b0M9P_IA==/base.apk): ok
12-22 06:06:30.720 27288 27288 D nativeloader: Load /data/app/~~NwC0q9Iy3aWTCLxybVi4WQ==/com.mydesktopapplication.app-TM5bhl7FYuaXx7b0M9P_IA==/lib/arm64/libxamarin-app.so using ns clns-7 from class loader (caller=/data/app/~~NwC0q9Iy3aWTCLxybVi4WQ==/com.mydesktopapplication.app-TM5bhl7FYuaXx7b0M9P_IA==/base.apk): ok
12-22 06:06:30.721  2971 26797 I HoneySpace.HistoryRepositoryImpl: Add History Item : rank:0, suggestedApp:false, item:id:-2 label:MyDesktopApplication componnet:com.mydesktopapplication.app/crc648a10417f6d1065e1.MainActivity#UserHandle{0} badgeCount:0  drag:false iconState:NONE, taskInfo:[#201=com.mydesktopapplication.app]
12-22 06:06:30.731 27288 27288 D nativeloader: Load /data/app/~~NwC0q9Iy3aWTCLxybVi4WQ==/com.mydesktopapplication.app-TM5bhl7FYuaXx7b0M9P_IA==/lib/arm64/libmonodroid.so using ns clns-7 from class loader (caller=/data/app/~~NwC0q9Iy3aWTCLxybVi4WQ==/com.mydesktopapplication.app-TM5bhl7FYuaXx7b0M9P_IA==/base.apk): ok
