12-22 06:04:52.099  2711  2806 I InsetsController: onStateChanged: host=Splash Screen com.mydesktopapplication.app, from=android.view.ViewRootImpl.handleInsetsControlChanged:2888, state=InsetsState: {mDisplayFrame=Rect(0, 0 - 1200, 1920), mDisplayCutout=DisplayCutout{insets=Rect(0, 0 - 0, 0) waterfall=Insets{left=0, top=0, right=0, bottom=0} boundingRect={Bounds=[Rect(0, 0 - 0, 0), Rect(0, 0 - 0, 0), Rect(0, 0 - 0, 0), Rect(0, 0 - 0, 0)]} cutoutPathParserInfo={CutoutPathParserInfo{displayWidth=0 displayHeight=0 physicalDisplayWidth=0 physicalDisplayHeight=0 density={0.0} cutoutSpec={} rotation={0} scale={0.0} physicalPixelDisplaySizeRatio={0.0}}} sideOverrides=null}, mRoundedCorners=RoundedCorners{[RoundedCorner{position=TopLeft, radius=20, center=Point(20, 20)}, RoundedCorner{position=TopRight, radius=20, center=Point(1180, 20)}, RoundedCorner{position=BottomRight, radius=20, center=Point(1180, 1900)}, RoundedCorner{position=BottomLeft, radius=20, center=Point(20, 1900)}]}  mRoundedCornerFrame=Rect(0, 0 - 1200, 1920), mPrivacyIndicatorBounds=PrivacyIndicatorBounds {static bounds=Rect(1134, 0 - 1200, 36) rotation=0}, mDisplayShape=DisplayShape{ spec=-311912193 displayWidth=1200 displayHeight=1920 physicalPixelDisplaySizeRatio=1.0 rotation=0 offsetX=0 offsetY=0 scale=1.0}, mSources= { InsetsSource: {b9d0000 mType=statusBars mFrame=[0,0][1200,36] mVisible=true mFlags= mSideHint=TOP mBoundingRects=null}, InsetsSource: {b9d0005 mType=mandatorySystemGestures mFrame=[0,0][1200,36] mVisible=true mFlags= mSideHint=TOP mBoundingRects=null}, InsetsSource: {b9d0006 mType=tappableElement mFrame=[0,0][1200,36] mVisible=true mFlags= mSideHint=TOP mBoundingRects=null}, InsetsSource: {274e0001 mType=navigationBars mFrame=[0,1848][1200,1920] mVisible=true mFlags= mSideHint=BOTTOM mBoundingRects=null}, InsetsSource: {274e0004 mType=systemGestures mFrame=[0,0][0,0] mVisible=true mFlags= mSideHint=NONE mBoundingRects=null}, InsetsSource: {274e0005 mType=mandatorySystemGestures mFrame=[0,1848][1200,1920] mVisible=true mFlags= mSideHint=BOTTOM mBoundingRects=null}, InsetsSource: {274e0006 mType=tappableElement mFrame=[0,1848][1200,1920] mVisible=true mFlags= mSideHint=BOTTOM mBoundingRects=null}, InsetsSource: {274e0024 mType=systemGestures mFrame=[0,0][0,0] mVisible=true mFlags= mSideHint=NONE mBoundingRects=null} }
12-22 06:04:52.112  1332 11790 D InputDispatcher: Once focus requested (0): ad28d67 com.mydesktopapplication.app/crc648a10417f6d1065e1.MainActivity
12-22 06:04:52.112  1332 11790 D InputDispatcher: Focus request (0): ad28d67 com.mydesktopapplication.app/crc648a10417f6d1065e1.MainActivity but waiting because NOT_VISIBLE
12-22 06:04:52.118 26023 26023 I AVALONIA: Surface Created
12-22 06:04:52.241 26023 26023 I AVALONIA: Surface Changed
12-22 06:04:52.338  1332  2853 D WindowManager: finishDrawingWindow: Window{ad28d67 u0 com.mydesktopapplication.app/crc648a10417f6d1065e1.MainActivity} mDrawState=DRAW_PENDING seqId=0
12-22 06:04:52.339  1332  1400 V WindowManager: Finish starting ActivityRecord{bb2c5bb u0 com.mydesktopapplication.app/crc648a10417f6d1065e1.MainActivity t196}: first real window is shown, no animation
12-22 06:04:52.340  1332  1400 V WindowManager: Schedule remove starting ActivityRecord{bb2c5bb u0 com.mydesktopapplication.app/crc648a10417f6d1065e1.MainActivity t196} startingWindow=Window{7d64ee u0 Splash Screen com.mydesktopapplication.app} animate=true Callers=com.android.server.wm.ActivityRecord.removeStartingWindow:150 com.android.server.wm.WindowState.performShowLocked:147 com.android.server.wm.WindowStateAnimator.commitFinishDrawingLocked:59 com.android.server.wm.DisplayContent$$ExternalSyntheticLambda1.accept$com$android$server$wm$DisplayContent$$ExternalSyntheticLambda40:22 com.android.server.wm.DisplayContent$$ExternalSyntheticLambda1.accept:305 
12-22 06:04:52.341  1332  1400 D TaskOrganizerController: applyStartingWindowAnimation, window=Window{ad28d67 u0 com.mydesktopapplication.app/crc648a10417f6d1065e1.MainActivity}, caller=com.android.server.wm.TaskOrganizerController.removeStartingWindow:131 com.android.server.wm.StartingSurfaceController$StartingSurface.remove:23 com.android.server.wm.ActivityRecord.removeStartingWindowAnimation:181 
12-22 06:04:52.341  1332  1400 I WindowManager: Reparenting to leash, surface=Surface(name=ad28d67 com.mydesktopapplication.app/crc648a10417f6d1065e1.MainActivity)/@0xbf58afe, syncState=0, syncCommitDepth=0, leashParent=Surface(name=ActivityRecord{bb2c5bb u0 com.mydesktopapplication.app/crc648a10417f6d1065e1.MainActivity t196})/@0x659c25f
12-22 06:04:52.341  1332  1400 D WindowManager: makeSurface duration=0 leash=Surface(name=Surface(name=ad28d67 com.mydesktopapplication.app/crc648a10417f6d1065e1.MainActivity)/@0xbf58afe - animation-leash of starting_reveal)/@0x1eae4ac
12-22 06:04:52.342  1332  1400 V WindowManager: performShowLocked: mDrawState=HAS_DRAWN in Window{ad28d67 u0 com.mydesktopapplication.app/crc648a10417f6d1065e1.MainActivity}
12-22 06:04:52.351  1332  1396 I PkgPredictorService-SecIpmManagerServiceImpl: reportToNAP uid:10309 com.mydesktopapplication.app/crc648a10417f6d1065e1.MainActivity thisTime:2931
12-22 06:04:52.359  1332  1396 I ActivityTaskManager: Displayed com.mydesktopapplication.app/crc648a10417f6d1065e1.MainActivity for user 0: +2s931ms
12-22 06:04:52.359  1332  1396 I Pageboost: Launch time gathered : pid 26023 com.mydesktopapplication.app 2931
12-22 06:04:52.366  1169  1169 D SurfaceFlinger:      DEVICE | 0xb400007337e47e40 | 0000 | RGBA_8888    |    0.0    0.0 1200.0 1920.0 |    0    0 1200 1920 | SurfaceView[com.mydesktopapplication[...]6d1065e1.MainActivity]@0(BLAST)#8336
12-22 06:04:52.366  1169  1169 D SurfaceFlinger:      CLIENT | 0xb4000073377e9cb0 | 0000 | RGBA_8888    |    0.0    0.0 1200.0 1920.0 |    0    0 1200 1920 | com.mydesktopapplication.app/crc648a10417f6d1065e1.MainActivity$_26023#8331
12-22 06:04:52.366  1169  1169 D SurfaceFlinger:      CLIENT | 0xb400007337e462b0 | 0000 | RGBA_8888    |    0.0    0.0 1200.0 1920.0 |    0    0 1200 1920 | Splash Screen com.mydesktopapplication.app$_2711#8322
12-22 06:04:52.368  1332  2853 D InputDispatcher: Focus entered window (0): ad28d67 com.mydesktopapplication.app/crc648a10417f6d1065e1.MainActivity
--------- beginning of crash
12-22 06:04:52.372 26023 26023 E AndroidRuntime: FATAL EXCEPTION: main
12-22 06:04:52.372 26023 26023 E AndroidRuntime: Process: com.mydesktopapplication.app, PID: 26023
12-22 06:04:52.372 26023 26023 E AndroidRuntime: android.runtime.JavaProxyThrowable: [System.ArgumentException]: Parameter "parameter" (object) cannot be of type System.String, as the command type requires an argument of type System.Int32. Arg_ParamName_Name, parameter
12-22 06:04:52.372 26023 26023 E AndroidRuntime: 	at CommunityToolkit.Mvvm.Input.RelayCommand`1[[System.Int32, System.Private.CoreLib, Version=10.0.0.0, Culture=neutral, PublicKeyToken=7cec85d7bea7798e]].ThrowArgumentExceptionForInvalidCommandArgument + 0x6(Unknown Source)
12-22 06:04:52.372 26023 26023 E AndroidRuntime: 	at Avalonia.Controls.Button.OnAttachedToLogicalTree + 0x43(Unknown Source)
12-22 06:04:52.372 26023 26023 E AndroidRuntime: 	at Avalonia.StyledElement.OnAttachedToLogicalTreeCore + 0x5d(Unknown Source)
12-22 06:04:52.372 26023 26023 E AndroidRuntime: 	at Avalonia.StyledElement.OnAttachedToLogicalTreeCore + 0xa7(Unknown Source)
12-22 06:04:52.372 26023 26023 E AndroidRuntime: 	at Avalonia.StyledElement.OnAttachedToLogicalTreeCore + 0xa7(Unknown Source)
12-22 06:04:52.372 26023 26023 E AndroidRuntime: 	at Avalonia.StyledElement.OnAttachedToLogicalTreeCore + 0xa7(Unknown Source)
12-22 06:04:52.372 26023 26023 E AndroidRuntime: 	at Avalonia.StyledElement.OnAttachedToLogicalTreeCore + 0xa7(Unknown Source)
12-22 06:04:52.372 26023 26023 E AndroidRuntime: 	at Avalonia.StyledElement.OnAttachedToLogicalTreeCore + 0xa7(Unknown Source)
12-22 06:04:52.372 26023 26023 E AndroidRuntime: 	at Avalonia.StyledElement.Avalonia.Controls.ISetLogicalParent.SetParent + 0x72(Unknown Source)
12-22 06:04:52.372 26023 26023 E AndroidRuntime: 	at Avalonia.StyledElement.SetLogicalParent + 0x20(Unknown Source)
12-22 06:04:52.372 26023 26023 E AndroidRuntime: 	at Avalonia.StyledElement.LogicalChildrenCollectionChanged + 0x29(Unknown Source)
12-22 06:04:52.372 26023 26023 E AndroidRuntime: 	at Avalonia.Visual.LogicalChildrenCollectionChanged + 0x0(Unknown Source)
12-22 06:04:52.372 26023 26023 E AndroidRuntime: 	at Avalonia.Collections.AvaloniaList`1[[Avalonia.LogicalTree.ILogical, Avalonia.Base, Version=11.3.10.0, Culture=neutral, PublicKeyToken=c8d484a7012f9a8b]].NotifyAdd + 0x1e(Unknown Source)
12-22 06:04:52.372 26023 26023 E AndroidRuntime: 	at Avalonia.Collections.AvaloniaList`1[[Avalonia.LogicalTree.ILogical, Avalonia.Base, Version=11.3.10.0, Culture=neutral, PublicKeyToken=c8d484a7012f9a8b]].Add + 0x2a(Unknown Source)
12-22 06:04:52.372 26023 26023 E AndroidRuntime: 	at Avalonia.Controls.ContentControl.ContentChanged + 0x31(Unknown Source)
12-22 06:04:52.372 26023 26023 E AndroidRuntime: 	at Avalonia.Controls.ContentControl.OnPropertyChanged + 0x19(Unknown Source)
12-22 06:04:52.372 26023 26023 E AndroidRuntime: 	at Avalonia.Controls.TopLevel.OnPropertyChanged + 0x0(Unknown Source)
12-22 06:04:52.372 26023 26023 E AndroidRuntime: 	at Avalonia.AvaloniaObject.OnPropertyChangedCore + 0x8(Unknown Source)
12-22 06:04:52.372 26023 26023 E AndroidRuntime: 	at Avalonia.Animation.Animatable.OnPropertyChangedCore + 0x1f1(Unknown Source)
12-22 06:04:52.372 26023 26023 E AndroidRuntime: 	at Avalonia.AvaloniaObject.RaisePropertyChanged + 0xe(Unknown Source)
12-22 06:04:52.372 26023 26023 E AndroidRuntime: 	at Avalonia.PropertyStore.EffectiveValue`1[[System.Object, System.Private.CoreLib, Version=10.0.0.0, Culture=neutral, PublicKeyToken=7cec85d7bea7798e]].NotifyValueChanged + 0x2b(Unknown Source)
12-22 06:04:52.372 26023 26023 E AndroidRuntime: 	at Avalonia.PropertyStore.EffectiveValue`1[[System.Object, System.Private.CoreLib, Version=10.0.0.0, Culture=neutral, PublicKeyToken=7cec85d7bea7798e]].SetAndRaiseCore + 0xdc(Unknown Source)
12-22 06:04:52.372 26023 26023 E AndroidRuntime: 	at Avalonia.PropertyStore.EffectiveValue`1[[System.Object, System.Private.CoreLib, Version=10.0.0.0, Culture=neutral, PublicKeyToken=7cec85d7bea7798e]].SetLocalValueAndRaise + 0x0(Unknown Source)
12-22 06:04:52.372 26023 26023 E AndroidRuntime: 	at Avalonia.PropertyStore.ValueStore.SetLocalValue + 0xb(Unknown Source)
12-22 06:04:52.372 26023 26023 E AndroidRuntime: 	at Avalonia.PropertyStore.ValueStore.SetValue + 0xaa(Unknown Source)
12-22 06:04:52.372 26023 26023 E AndroidRuntime: 	at Avalonia.AvaloniaObject.SetValue + 0x4b(Unknown Source)
12-22 06:04:52.372 26023 26023 E AndroidRuntime: 	at Avalonia.Controls.ContentControl.set_Content + 0x0(Unknown Source)
12-22 06:04:52.372 26023 26023 E AndroidRuntime: 	at Avalonia.Android.AvaloniaView.set_Content + 0x0(Unknown Source)
12-22 06:04:52.372 26023 26023 E AndroidRuntime: 	at Avalonia.Android.AvaloniaActivity.set_Content + 0x6c(Unknown Source)
12-22 06:04:52.372 26023 26023 E AndroidRuntime: 	at Avalonia.Android.SingleViewLifetime.set_MainView + 0x18(Unknown Source)
12-22 06:04:52.372 26023 26023 E AndroidRuntime: 	at MyDesktopApplication.Android.App+<OnFrameworkInitializationCompleted>d__2.MoveNext + 0xd4(Unknown Source)
12-22 06:04:52.372 26023 26023 E AndroidRuntime: 	at System.Runtime.ExceptionServices.ExceptionDispatchInfo.Throw + 0x11(Unknown Source)
12-22 06:04:52.372 26023 26023 E AndroidRuntime: 	at Avalonia.Threading.SendOrPostCallbackDispatcherOperation.InvokeCore + 0xb7(Unknown Source)
12-22 06:04:52.372 26023 26023 E AndroidRuntime: 	at Avalonia.Threading.DispatcherOperation.Execute + 0x12(Unknown Source)
12-22 06:04:52.372 26023 26023 E AndroidRuntime: 	at Avalonia.Threading.Dispatcher.ExecuteJob + 0x3a(Unknown Source)
12-22 06:04:52.373 26023 26023 E AndroidRuntime: 	at Avalonia.Threading.Dispatcher.ExecuteJobsCore + 0x59(Unknown Source)
12-22 06:04:52.373 26023 26023 E AndroidRuntime: 	at Avalonia.Threading.Dispatcher.OnOSTimer + 0xd8(Unknown Source)
12-22 06:04:52.373 26023 26023 E AndroidRuntime: 	at Avalonia.Threading.LegacyDispatcherImpl.OnTick + 0x22(Unknown Source)
12-22 06:04:52.373 26023 26023 E AndroidRuntime: 	at Avalonia.Android.AndroidThreadingInterface+<>c__DisplayClass3_0.<StartTimer>b__2 + 0x0(Unknown Source)
12-22 06:04:52.376 26023 26023 I MonoDroid: UNHANDLED EXCEPTION:
12-22 06:04:52.378 26023 26023 I MonoDroid: Android.Runtime.JavaProxyThrowable: Exception_WasThrown, Android.Runtime.JavaProxyThrowable
12-22 06:04:52.381  1332 26063 I DropBoxManagerService: add tag=data_app_crash isTagEnabled=true flags=0x2
12-22 06:04:52.381  1332  2853 D Debug   : low && ship && 3rdparty app crash, do not dump
12-22 06:04:52.381  1332 26064 W ActivityManager: crash : com.mydesktopapplication.app,10309
12-22 06:04:52.383  1332  2853 W ActivityTaskManager:   Force finishing activity com.mydesktopapplication.app/crc648a10417f6d1065e1.MainActivity
12-22 06:04:52.385  1332  2853 D ActivityTaskManager: scheduleTopResumedActivityChanged, onTop=false, r=ActivityRecord{bb2c5bb u0 com.mydesktopapplication.app/crc648a10417f6d1065e1.MainActivity t196 f}}, caller=com.android.server.wm.ActivityTaskSupervisor.scheduleTopResumedActivityStateLossIfNeeded:11 com.android.server.wm.ActivityTaskSupervisor.updateTopResumedActivityIfNeeded:19 com.android.server.wm.TaskDisplayArea.positionChildAt:270 com.android.server.wm.WindowContainer.positionChildAt:86 com.android.server.wm.Task.positionChildAt:19 com.android.server.wm.Task.moveToFront:443 
12-22 06:04:52.386  1332  2853 V WindowManager: Collecting in transition 778: Task{cff5ad8 #196 type=standard A=10309:com.mydesktopapplication.app}, caller=com.android.server.wm.Transition.collectExistenceChange:42 com.android.server.wm.Transition.collectClose:7 com.android.server.wm.ActivityRecord.finishIfPossible:46 com.android.server.wm.ActivityRecord.finishIfPossible:1 com.android.server.wm.RootWindowContainer$$ExternalSyntheticLambda29.accept:182 
12-22 06:04:52.386  1332  2853 D WindowManager: prepareSync <SYNC_STATE_WAITING_FOR_DRAW>, mPrepareSyncSeqId=0, win=Window{7d64ee u0 Splash Screen com.mydesktopapplication.app}
12-22 06:04:52.386  1332  2853 D WindowManager: prepareSync <SYNC_STATE_WAITING_FOR_DRAW>, mPrepareSyncSeqId=0, win=Window{ad28d67 u0 com.mydesktopapplication.app/crc648a10417f6d1065e1.MainActivity}
12-22 06:04:52.386  1332  2853 V WindowManager: Collecting in transition 778: ActivityRecord{bb2c5bb u0 com.mydesktopapplication.app/crc648a10417f6d1065e1.MainActivity t196 f}}, caller=com.android.server.wm.TransitionController.collect:7 com.android.server.wm.ActivityRecord.setVisibility:189 com.android.server.wm.ActivityRecord.finishIfPossible:85 com.android.server.wm.ActivityRecord.finishIfPossible:1 com.android.server.wm.RootWindowContainer$$ExternalSyntheticLambda29.accept:182 
12-22 06:04:52.401  1332  2853 D WindowManager: Changing focus from Window{ad28d67 u0 com.mydesktopapplication.app/crc648a10417f6d1065e1.MainActivity} to Window{1187f14 u0 com.sec.android.app.launcher/com.sec.android.app.launcher.activities.LauncherActivity} displayId=0 Callers=com.android.server.wm.WindowManagerService.relayoutWindowInner:142 com.android.server.wm.WindowManagerService.relayoutWindow:6 com.android.server.wm.Session.relayout:27 android.view.IWindowSession$Stub.onTransact:861 
12-22 06:04:52.404  1332  2853 D WindowManager: updateSystemBarAttributes: displayId=0, focusedCanBeNavColorWin=false, win=Window{1187f14 u0 com.sec.android.app.launcher/com.sec.android.app.launcher.activities.LauncherActivity}, navColorWin=Window{7d64ee u0 Splash Screen com.mydesktopapplication.app}, caller=com.android.server.wm.WindowManagerService.updateFocusedWindowLocked:375 com.android.server.wm.WindowManagerService.relayoutWindowInner:142 com.android.server.wm.WindowManagerService.relayoutWindow:6 
12-22 06:04:52.414  1332  2853 D InputDispatcher: Focus left window (0): ad28d67 com.mydesktopapplication.app/crc648a10417f6d1065e1.MainActivity
12-22 06:04:52.415  1332 11790 V WindowManager: Relayout Window{7d64ee u0 Splash Screen com.mydesktopapplication.app}: viewVisibility=8 req=1200x1920 ty=3 d0
12-22 06:04:52.429  1332 11790 D WindowManager: Starting window removed Window{7d64ee u0 Splash Screen com.mydesktopapplication.app}
12-22 06:04:52.429  1332 11790 I WindowManager: Cancelling animation restarting=false, leash=Surface(name=Surface(name=ad28d67 com.mydesktopapplication.app/crc648a10417f6d1065e1.MainActivity)/@0xbf58afe - animation-leash of starting_reveal)/@0x1eae4ac
12-22 06:04:52.429  1332 11790 I WindowManager: Reparenting to original parent: Surface(name=ActivityRecord{bb2c5bb u0 com.mydesktopapplication.app/crc648a10417f6d1065e1.MainActivity t196})/@0x659c25f, destroy=false, syncState=1, syncCommitDepth=0, surface=Surface(name=ad28d67 com.mydesktopapplication.app/crc648a10417f6d1065e1.MainActivity)/@0xbf58afe
12-22 06:04:52.431  1332 11790 W InputManager-JNI: Input channel object '7d64ee Splash Screen com.mydesktopapplication.app (client)' was disposed without first being removed with the input manager!
12-22 06:04:52.431  1332 11790 V WindowManager: Remove Window{7d64ee u0 Splash Screen com.mydesktopapplication.app}: mSurfaceController=Surface(name=Splash Screen com.mydesktopapplication.app$_2711)/@0xa9e014f mAnimatingExit=false mRemoveOnExit=false mHasSurface=true surfaceShowing=false animating=false app-animation=false mDisplayFrozen=false callers=com.android.server.wm.Session.remove:16 android.view.IWindowSession$Stub.onTransact:794 com.android.server.wm.Session.onTransact:1 android.os.Binder.execTransactInternal:1536 android.os.Binder.execTransact:1480 <bottom of call stack> 
12-22 06:04:52.431  1332 11790 I WindowManager: Destroying surface Surface(name=Splash Screen com.mydesktopapplication.app$_2711)/@0xa9e014f called by com.android.server.wm.WindowStateAnimator.destroySurface:11 com.android.server.wm.WindowStateAnimator.destroySurfaceLocked:54 com.android.server.wm.WindowState.removeImmediately:43 com.android.server.wm.WindowState.removeIfPossible:638 com.android.server.wm.Session.remove:16 android.view.IWindowSession$Stub.onTransact:794 com.android.server.wm.Session.onTransact:1 android.os.Binder.execTransactInternal:1536 
12-22 06:04:52.442  4379  4379 I SDHMS:BarTender:Gatherer:AppError: update AppError : uid=10309, pkg=com.mydesktopapplication.app, errorType=crash
12-22 06:04:52.447  4379  4379 I SDHMS:BarTender:Analyzer:AppError: analyze app error : uid=10309, pkg=com.mydesktopapplication.app, appErrorCount=8
12-22 06:04:52.456  1332 11790 I WindowManager: WIN DEATH: Window{ad28d67 u0 com.mydesktopapplication.app/crc648a10417f6d1065e1.MainActivity}
12-22 06:04:52.456  1332 11790 W InputManager-JNI: Input channel object 'ad28d67 com.mydesktopapplication.app/crc648a10417f6d1065e1.MainActivity (client)' was disposed without first being removed with the input manager!
12-22 06:04:52.456  1332 11790 V WindowManager: Remove Window{ad28d67 u0 com.mydesktopapplication.app/crc648a10417f6d1065e1.MainActivity}: mSurfaceController=Surface(name=com.mydesktopapplication.app/crc648a10417f6d1065e1.MainActivity$_26023)/@0x7a6bcd3 mAnimatingExit=false mRemoveOnExit=false mHasSurface=true surfaceShowing=true animating=false app-animation=false mDisplayFrozen=false callers=com.android.server.wm.Session.binderDied:118 android.os.IBinder$DeathRecipient.binderDied:339 android.os.BinderProxy.sendDeathNotice:794 <bottom of call stack> <bottom of call stack> <bottom of call stack> 
12-22 06:04:52.457  1332  4655 I ActivityManager: Process com.mydesktopapplication.app (pid 26023) has died: fg  TOP (113,800)
12-22 06:04:52.461  1332  4655 V WindowManager: Collecting in transition 778: Task{cff5ad8 #196 type=standard A=10309:com.mydesktopapplication.app}, caller=com.android.server.wm.Transition.collectClose:12 com.android.server.wm.WindowProcessController.handleAppDied$1:473 com.android.server.am.ActivityManagerService.handleAppDiedLocked:247 com.android.server.am.ActivityManagerService.appDiedLocked:479 com.android.server.am.ActivityManagerService$AppDeathRecipient.binderDied:17 
12-22 06:04:52.462  1332  4655 V WindowManager: Collecting in transition 778: ActivityRecord{bb2c5bb u0 com.mydesktopapplication.app/crc648a10417f6d1065e1.MainActivity t196 f}}, caller=com.android.server.wm.TransitionController.collect:7 com.android.server.wm.ActivityRecord.onRemovedFromDisplay:324 com.android.server.wm.ActivityRecord.removeFromHistory:175 com.android.server.wm.WindowProcessController.handleAppDied$1:514 com.android.server.am.ActivityManagerService.handleAppDiedLocked:247 
12-22 06:04:52.470  1332  4655 V WindowManager: Start calculating TransitionInfo based on participants: {WallpaperWindowToken{ff30f token=android.os.Binder@eb8506e}_<system>, Task{e94a5d #1 type=home}, ActivityRecord{6d23448 u0 com.sec.android.app.launcher/.activities.LauncherActivity t114}, Task{b1e62e1 #114 type=home I=com.sec.android.app.launcher/.activities.LauncherActivity}, ActivityRecord{bb2c5bb u0 com.mydesktopapplication.app/crc648a10417f6d1065e1.MainActivity t196 f} isExiting}, Task{cff5ad8 #196 type=standard A=10309:com.mydesktopapplication.app}}
12-22 06:04:52.470  1332  4655 V WindowManager:   Final targets: [Task{e94a5d #1 type=home}, Task{cff5ad8 #196 type=standard A=10309:com.mydesktopapplication.app}, WallpaperWindowToken{ff30f token=android.os.Binder@eb8506e}_<system>]
12-22 06:04:52.473  1332  4655 V WindowManager:         {WCT{RemoteToken{81f85a1 Task{cff5ad8 #196 type=standard A=10309:com.mydesktopapplication.app}}} m=CLOSE f=EDGE_EXTENSION_RESTRICTION leash=Surface(name=Task=196)/@0x39c93ab sb=Rect(0, 0 - 1200, 1920) eb=Rect(0, 0 - 1200, 1920) d=0 taskParent=-1 inset=Rect(0, 0 - 0, 0) dim=true},
12-22 06:04:52.492  2971  2971 I HoneySpace.AppCloseAnimationDelegate: findTargetValue [cookie-16225, pkgName-com.mydesktopapplication.app]
12-22 06:04:52.493  1332  1396 V WindowManager:         {WCT{RemoteToken{81f85a1 Task{cff5ad8 #196 type=standard A=10309:com.mydesktopapplication.app}}} m=CLOSE f=EDGE_EXTENSION_RESTRICTION leash=Surface(name=Task=196)/@0x39c93ab sb=Rect(0, 0 - 1200, 1920) eb=Rect(0, 0 - 1200, 1920) d=0 taskParent=-1 inset=Rect(0, 0 - 0, 0) dim=true},
12-22 06:04:52.500  1332  1399 D SGM:FgCheckThread: pkgName: com.mydesktopapplication.app is not in foreground
12-22 06:04:52.500  1332  1399 D SGM:FgCheckThread: noteStopComponent(), received pkgName: com.mydesktopapplication.app, focusedPkgName: com.sec.android.app.launcher, userId: 0
12-22 06:04:52.504  1169  1169 D SurfaceFlinger:      CLIENT | 0xb400007337e47e40 | 0000 | RGBA_8888    |    0.0    0.0 1200.0 1920.0 |    0    0 1200 1920 | SurfaceView[com.mydesktopapplication[...]6d1065e1.MainActivity]@0(BLAST)#8336
12-22 06:04:52.504  1169  1169 D SurfaceFlinger:      CLIENT | 0xb4000073377e9cb0 | 0000 | RGBA_8888    |    0.0    0.0 1200.0 1920.0 |    0    0 1200 1920 | com.mydesktopapplication.app/crc648a10417f6d1065e1.MainActivity$_26023#8331
12-22 06:04:52.506  2971  2971 I HoneySpace.AppListFastRecyclerViewAdapter: findCloseTarget : 16225, ComponentInfo{com.mydesktopapplication.app/crc648a10417f6d1065e1.MainActivity}
12-22 06:04:52.508  2971  2971 I HoneySpace.AppCloseAnimationDelegate: findTargetView found:Value(view=com.honeyspace.ui.common.iconview.IconViewImpl{999c82e VFED..CL. ........ 648,684-810,855 #7f0a029b app:id/icon} - MyDesktopApplication, visibility:0, alpha:1.0, badge:0, icon:96x96, iconAlpha:255, iconState:NONE, iconSize:92, forceHideBadge:false, isTransparent:false, x=4, y=4, component=ComponentInfo{com.mydesktopapplication.app/crc648a10417f6d1065e1.MainActivity}, isTargetShortcut=false), com.honeyspace.ui.common.iconview.IconViewImpl{999c82e VFED..CL. ........ 648,684-810,855 #7f0a029b app:id/icon} - MyDesktopApplication, visibility:0, alpha:1.0, badge:0, icon:96x96, iconAlpha:255, iconState:NONE, iconSize:92, forceHideBadge:false, isTransparent:false, x=4, y=4
12-22 06:04:52.509  2971  2971 I HoneySpace.AppCloseAnimationDelegate: getCloseAnimator : isGestureClosing-false, target-com.honeyspace.ui.common.iconview.IconViewImpl{999c82e VFED..CL. ........ 648,684-810,855 #7f0a029b app:id/icon} - MyDesktopApplication, visibility:0, alpha:1.0, badge:0, icon:96x96, iconAlpha:255, iconState:NONE, iconSize:92, forceHideBadge:false, isTransparent:false, x=4, y=4
12-22 06:04:52.559  1169  1169 D SurfaceFlinger:      CLIENT | 0xb400007337e47e40 | 0000 | RGBA_8888    |    0.0    0.0 1200.0 1919.0 |    6    7 1198 1913 | SurfaceView[com.mydesktopapplication[...]6d1065e1.MainActivity]@0(BLAST)#8336
12-22 06:04:52.559  1169  1169 D SurfaceFlinger:      CLIENT | 0xb4000073377e9cb0 | 0000 | RGBA_8888    |    0.0    0.0 1200.0 1919.0 |    6    7 1198 1913 | com.mydesktopapplication.app/crc648a10417f6d1065e1.MainActivity$_26023#8331
12-22 06:04:52.719  2971 25747 I HoneySpace.HistoryRepositoryImpl: Add History Item : rank:0, suggestedApp:false, item:id:-2 label:MyDesktopApplication componnet:com.mydesktopapplication.app/crc648a10417f6d1065e1.MainActivity#UserHandle{0} badgeCount:0  drag:false iconState:NONE, taskInfo:[#196=com.mydesktopapplication.app]
12-22 06:04:52.720  2971 23077 I HoneySpace.SuggestedItemsFacade: DPS items : MyDesktopApplication, com.mydesktopapplication.app/crc648a10417f6d1065e1.MainActivity#UserHandle{0}
12-22 06:04:52.721  2971 23077 I HoneySpace.FilteredItemProvider: collect filtered items o, [PK(p='com.mydesktopapplication.app', u=UserHandle{0}), PK(p='dev.imranr.obtainium.fdroid', u=UserHandle{0})]
12-22 06:04:52.721  2971 23077 I HoneySpace.FilteredItemProvider: collect filtered items m, [PK(p='com.rsupport.rs.activity.rsupport.aas2', u=UserHandle{0}), PK(p='com.mycompany.mydesktopapplication', u=UserHandle{0})]
12-22 06:04:52.721  2971 23077 I HoneySpace.SuggestedItemsFacade: filteredItem : PK(p='com.mydesktopapplication.app', u=UserHandle{0})
12-22 06:04:52.721  2971 23077 I HoneySpace.SuggestedItemsFacade: item removed by filter - PK(p='com.mydesktopapplication.app', u=UserHandle{0})
12-22 06:04:52.721  2971 23077 I HoneySpace.SuggestedItemsFacade: filteredItem : PK(p='com.mycompany.mydesktopapplication', u=UserHandle{0})
12-22 06:04:52.726  2971 23077 I HoneySpace.FilteredItemProvider: collect filtered items o, [PK(p='com.mydesktopapplication.app', u=UserHandle{0}), PK(p='dev.imranr.obtainium.fdroid', u=UserHandle{0})]
12-22 06:04:52.726  2971 23077 I HoneySpace.FilteredItemProvider: collect filtered items m, [PK(p='com.rsupport.rs.activity.rsupport.aas2', u=UserHandle{0}), PK(p='com.mycompany.mydesktopapplication', u=UserHandle{0})]
12-22 06:04:52.732  2971 23077 I HoneySpace.HistoryViewModel@74780565@OneUI: loadItem(HOTSEATBAR) : recentApp=id:-1057 label:MyDesktopApplication componnet:com.mydesktopapplication.app/crc648a10417f6d1065e1.MainActivity#UserHandle{0} badgeCount:0  drag:false iconState:NONE, taskInfo=[#196=com.mydesktopapplication.app]
12-22 06:04:52.784  1332  4715 V WindowManager: Setting visibility of Window{ad28d67 u0 com.mydesktopapplication.app/crc648a10417f6d1065e1.MainActivity EXITING}: false, caller=com.android.server.wm.WindowContainer.sendAppVisibilityToClients:19 com.android.server.wm.WindowToken.setClientVisible:49 com.android.server.wm.ActivityRecord.setClientVisible:8 com.android.server.wm.ActivityRecord.commitVisibility:273 com.android.server.wm.TransitionController.finishTransition:766 
12-22 06:04:52.785  1332  4715 W WindowManager: Exception thrown during dispatchAppVisibility Window{ad28d67 u0 com.mydesktopapplication.app/crc648a10417f6d1065e1.MainActivity EXITING}
12-22 06:04:52.785  1332  4715 W WindowManager: android.os.DeadObjectException
12-22 06:04:52.786  1332  4715 V WindowManager: Remove Window{ad28d67 u0 com.mydesktopapplication.app/crc648a10417f6d1065e1.MainActivity EXITING}: mSurfaceController=Surface(name=com.mydesktopapplication.app/crc648a10417f6d1065e1.MainActivity$_26023)/@0x7a6bcd3 mAnimatingExit=true mRemoveOnExit=true mHasSurface=true surfaceShowing=true animating=false app-animation=false mDisplayFrozen=false callers=com.android.server.wm.WindowToken.removeAllWindowsIfPossible:46 com.android.server.wm.ActivityRecord.removeIfPossible:4 com.android.server.wm.ActivityRecord.handleCompleteDeferredRemoval:5 com.android.server.wm.WindowContainer.handleCompleteDeferredRemoval:21 com.android.server.wm.TaskFragment.handleCompleteDeferredRemoval:17 com.android.server.wm.WindowContainer.handleCompleteDeferredRemoval:21 
12-22 06:04:52.787  1332  4715 V WindowManager: Remove Window{ad28d67 u0 com.mydesktopapplication.app/crc648a10417f6d1065e1.MainActivity EXITING}: mSurfaceController=Surface(name=com.mydesktopapplication.app/crc648a10417f6d1065e1.MainActivity$_26023)/@0x7a6bcd3 mAnimatingExit=true mRemoveOnExit=true mHasSurface=true surfaceShowing=true animating=false app-animation=false mDisplayFrozen=false callers=com.android.server.wm.WindowToken.removeAllWindowsIfPossible:46 com.android.server.wm.ActivityRecord.removeIfPossible:4 com.android.server.wm.ActivityRecord.onRemovedFromDisplay:499 com.android.server.wm.ActivityRecord.removeImmediately:46 com.android.server.wm.ActivityRecord.removeIfPossible:7 com.android.server.wm.ActivityRecord.handleCompleteDeferredRemoval:5 
12-22 06:04:52.789  1332  4715 I WindowManager: Destroying surface Surface(name=com.mydesktopapplication.app/crc648a10417f6d1065e1.MainActivity$_26023)/@0x7a6bcd3 called by com.android.server.wm.WindowStateAnimator.destroySurface:11 com.android.server.wm.WindowStateAnimator.destroySurfaceLocked:54 com.android.server.wm.WindowState.removeImmediately:43 com.android.server.wm.WindowContainer.removeImmediately:37 com.android.server.wm.WindowToken.removeImmediately:11 com.android.server.wm.ActivityRecord.removeImmediately:61 com.android.server.wm.ActivityRecord.removeIfPossible:7 com.android.server.wm.ActivityRecord.onRemovedFromDisplay:499 
12-22 06:04:52.885  1332  1399 W ActivityTaskManager: Activity top resumed state loss timeout for ActivityRecord{bb2c5bb u0 com.mydesktopapplication.app/crc648a10417f6d1065e1.MainActivity t-1 f}}
12-22 06:04:53.006  2971 23077 I HoneySpace.HistoryRepositoryImpl: Add History Item : rank:0, suggestedApp:false, item:id:-2 label:MyDesktopApplication componnet:com.mydesktopapplication.app/crc648a10417f6d1065e1.MainActivity#UserHandle{0} badgeCount:0  drag:false iconState:NONE, taskInfo:[#196=com.mydesktopapplication.app]
12-22 06:04:53.008  2971 25747 I HoneySpace.SuggestedItemsFacade: DPS items : MyDesktopApplication, com.mydesktopapplication.app/crc648a10417f6d1065e1.MainActivity#UserHandle{0}
12-22 06:04:53.008  2971 25747 I HoneySpace.FilteredItemProvider: collect filtered items o, [PK(p='com.mydesktopapplication.app', u=UserHandle{0}), PK(p='dev.imranr.obtainium.fdroid', u=UserHandle{0})]
12-22 06:04:53.009  2971 25747 I HoneySpace.FilteredItemProvider: collect filtered items m, [PK(p='com.rsupport.rs.activity.rsupport.aas2', u=UserHandle{0}), PK(p='com.mycompany.mydesktopapplication', u=UserHandle{0})]
12-22 06:04:53.009  2971 25747 I HoneySpace.SuggestedItemsFacade: filteredItem : PK(p='com.mydesktopapplication.app', u=UserHandle{0})
12-22 06:04:53.009  2971 25747 I HoneySpace.SuggestedItemsFacade: item removed by filter - PK(p='com.mydesktopapplication.app', u=UserHandle{0})
12-22 06:04:53.009  2971 25747 I HoneySpace.SuggestedItemsFacade: filteredItem : PK(p='com.mycompany.mydesktopapplication', u=UserHandle{0})
12-22 06:04:53.014  2971 25747 I HoneySpace.FilteredItemProvider: collect filtered items o, [PK(p='com.mydesktopapplication.app', u=UserHandle{0}), PK(p='dev.imranr.obtainium.fdroid', u=UserHandle{0})]
12-22 06:04:53.015  2971 25747 I HoneySpace.FilteredItemProvider: collect filtered items m, [PK(p='com.rsupport.rs.activity.rsupport.aas2', u=UserHandle{0}), PK(p='com.mycompany.mydesktopapplication', u=UserHandle{0})]
12-22 06:04:53.023  2971 23077 I HoneySpace.HistoryViewModel@74780565@OneUI: loadItem(HOTSEATBAR) : recentApp=id:-1057 label:MyDesktopApplication componnet:com.mydesktopapplication.app/crc648a10417f6d1065e1.MainActivity#UserHandle{0} badgeCount:0  drag:false iconState:NONE, taskInfo=[#196=com.mydesktopapplication.app]
12-22 06:04:55.275  2971 23077 I HoneySpace.HistoryRepositoryImpl: Add History Item : rank:0, suggestedApp:false, item:id:-2 label:MyDesktopApplication componnet:com.mydesktopapplication.app/crc648a10417f6d1065e1.MainActivity#UserHandle{0} badgeCount:0  drag:false iconState:NONE, taskInfo:[#196=com.mydesktopapplication.app]
12-22 06:04:55.278  2971 23077 I HoneySpace.SuggestedItemsFacade: DPS items : MyDesktopApplication, com.mydesktopapplication.app/crc648a10417f6d1065e1.MainActivity#UserHandle{0}
12-22 06:04:55.279  2971 23077 I HoneySpace.FilteredItemProvider: collect filtered items o, [PK(p='dev.imranr.obtainium.fdroid', u=UserHandle{0}), PK(p='com.mydesktopapplication.app', u=UserHandle{0})]
12-22 06:04:55.279  2971 23077 I HoneySpace.FilteredItemProvider: collect filtered items m, [PK(p='com.rsupport.rs.activity.rsupport.aas2', u=UserHandle{0}), PK(p='com.mycompany.mydesktopapplication', u=UserHandle{0})]
12-22 06:04:55.280  2971 23077 I HoneySpace.SuggestedItemsFacade: filteredItem : PK(p='com.mydesktopapplication.app', u=UserHandle{0})
12-22 06:04:55.280  2971 23077 I HoneySpace.SuggestedItemsFacade: item removed by filter - PK(p='com.mydesktopapplication.app', u=UserHandle{0})
12-22 06:04:55.280  2971 23077 I HoneySpace.SuggestedItemsFacade: filteredItem : PK(p='com.mycompany.mydesktopapplication', u=UserHandle{0})
12-22 06:04:55.288  2971 25747 I HoneySpace.FilteredItemProvider: collect filtered items o, [PK(p='dev.imranr.obtainium.fdroid', u=UserHandle{0}), PK(p='com.mydesktopapplication.app', u=UserHandle{0})]
12-22 06:04:55.288  2971 25747 I HoneySpace.FilteredItemProvider: collect filtered items m, [PK(p='com.rsupport.rs.activity.rsupport.aas2', u=UserHandle{0}), PK(p='com.mycompany.mydesktopapplication', u=UserHandle{0})]
12-22 06:04:55.300  2971 25747 I HoneySpace.HistoryViewModel@75334967@OneUI: loadItem(TASKBAR) : recentApp=id:-1057 label:MyDesktopApplication componnet:com.mydesktopapplication.app/crc648a10417f6d1065e1.MainActivity#UserHandle{0} badgeCount:0  drag:false iconState:NONE, taskInfo=[#196=com.mydesktopapplication.app]
12-22 06:04:55.310  2971  2971 I HoneySpace.HistoryAdapter: setItems: 3, [rank:0, suggestedApp:false, item:id:-1057 label:MyDesktopApplication componnet:com.mydesktopapplication.app/crc648a10417f6d1065e1.MainActivity#UserHandle{0} badgeCount:0  drag:false iconState:NONE, taskInfo:[#196=com.mydesktopapplication.app], rank:1, suggestedApp:true, item:id:-1025 label:F-Droid componnet:org.fdroid.fdroid/.views.main.MainActivity#UserHandle{0} badgeCount:0  drag:false iconState:NONE, taskInfo:null, rank:2, suggestedApp:true, item:id:-1026 label:Firefox componnet:org.mozilla.firefox/.App#UserHandle{0} badgeCount:0  drag:false iconState:NONE, taskInfo:null]
12-22 06:04:55.310  2971  2971 I HoneySpace.HoneyFactoryImpl: create honeyInfo=HoneyInfo(parentHoney=C3.U0@5487d1, packageName=null, type=appicon), honeyData=HoneyData(id=-1057, data=[app, id:-1057 label:MyDesktopApplication componnet:com.mydesktopapplication.app/crc648a10417f6d1065e1.MainActivity#UserHandle{0} badgeCount:0  drag:false iconState:NONE], bundleData=null, savedState=null), context=android.view.ContextThemeWrapper@aef0ddc
12-22 06:04:55.310  2971  2971 I HoneySpace.DefaultPlugin: createHoney honeyInfo=HoneyInfo(parentHoney=C3.U0@5487d1, packageName=null, type=appicon) honeyData=HoneyData(id=-1057, data=[app, id:-1057 label:MyDesktopApplication componnet:com.mydesktopapplication.app/crc648a10417f6d1065e1.MainActivity#UserHandle{0} badgeCount:0  drag:false iconState:NONE], bundleData=null, savedState=null) context=android.view.ContextThemeWrapper@aef0ddc
12-22 06:04:55.476  2971 23077 I HoneySpace.HistoryRepositoryImpl: Add History Item : rank:0, suggestedApp:false, item:id:-2 label:MyDesktopApplication componnet:com.mydesktopapplication.app/crc648a10417f6d1065e1.MainActivity#UserHandle{0} badgeCount:0  drag:false iconState:NONE, taskInfo:[#196=com.mydesktopapplication.app]
12-22 06:04:55.678  2971 25747 I HoneySpace.HistoryRepositoryImpl: Add History Item : rank:0, suggestedApp:false, item:id:-2 label:MyDesktopApplication componnet:com.mydesktopapplication.app/crc648a10417f6d1065e1.MainActivity#UserHandle{0} badgeCount:0  drag:false iconState:NONE, taskInfo:[#196=com.mydesktopapplication.app]
12-22 06:04:55.679  2971 25747 I HoneySpace.SuggestedItemsFacade: DPS items : MyDesktopApplication, com.mydesktopapplication.app/crc648a10417f6d1065e1.MainActivity#UserHandle{0}
12-22 06:04:55.680  2971 25747 I HoneySpace.FilteredItemProvider: collect filtered items o, [PK(p='dev.imranr.obtainium.fdroid', u=UserHandle{0}), PK(p='com.mydesktopapplication.app', u=UserHandle{0})]
12-22 06:04:55.680  2971 25747 I HoneySpace.FilteredItemProvider: collect filtered items m, [PK(p='com.rsupport.rs.activity.rsupport.aas2', u=UserHandle{0}), PK(p='com.mycompany.mydesktopapplication', u=UserHandle{0})]
12-22 06:04:55.680  2971 25747 I HoneySpace.SuggestedItemsFacade: filteredItem : PK(p='com.mydesktopapplication.app', u=UserHandle{0})
12-22 06:04:55.680  2971 25747 I HoneySpace.SuggestedItemsFacade: item removed by filter - PK(p='com.mydesktopapplication.app', u=UserHandle{0})
12-22 06:04:55.680  2971 25747 I HoneySpace.SuggestedItemsFacade: filteredItem : PK(p='com.mycompany.mydesktopapplication', u=UserHandle{0})
12-22 06:04:55.685  2971 25747 I HoneySpace.FilteredItemProvider: collect filtered items o, [PK(p='dev.imranr.obtainium.fdroid', u=UserHandle{0}), PK(p='com.mydesktopapplication.app', u=UserHandle{0})]
12-22 06:04:55.686  2971 25747 I HoneySpace.FilteredItemProvider: collect filtered items m, [PK(p='com.rsupport.rs.activity.rsupport.aas2', u=UserHandle{0}), PK(p='com.mycompany.mydesktopapplication', u=UserHandle{0})]
12-22 06:04:55.694  2971 25747 I HoneySpace.HistoryViewModel@75334967@OneUI: loadItem(TASKBAR) : recentApp=id:-1057 label:MyDesktopApplication componnet:com.mydesktopapplication.app/crc648a10417f6d1065e1.MainActivity#UserHandle{0} badgeCount:0  drag:false iconState:NONE, taskInfo=[#196=com.mydesktopapplication.app]
12-22 06:04:55.713  2971  2971 I HoneySpace.HistoryCellLayout@203979704: addItem [0] (0, 0) width=222, height=72, spanX=1, spanY=1, view=com.honeyspace.ui.common.iconview.IconViewImpl{5f38335 V.ED..CL. ......ID 0,0-0,0 #7f0a029b app:id/icon} - MyDesktopApplication, visibility:0, alpha:1.0, badge:0, icon:96x96, iconAlpha:255, iconState:NONE, iconSize:50, forceHideBadge:false, isTransparent:false, x=0, y=0
12-22 06:04:57.775 16733 16757 E LoadedApk: Exception : java.lang.NullPointerException: Attempt to invoke virtual method 'boolean android.os.Looper.isPerfLogEnable()' on a null object reference
12-22 06:04:57.776 16733 16757 E LoadedApk: Exception : java.lang.NullPointerException: Attempt to invoke virtual method 'boolean android.os.Looper.isPerfLogEnable()' on a null object reference
12-22 06:04:57.790 22167 22167 E MethodChannel#android_package_manager: java.lang.IllegalArgumentException: Unsupported value: 'kotlin.Unit' of type 'class f2.j'
12-22 06:04:57.791 22167 22167 E DartMessenger: Uncaught exception in binary message listener
12-22 06:04:57.791 22167 22167 E DartMessenger: java.lang.IllegalStateException: Reply already submitted
12-22 06:04:58.938 27146 28853 I NullBinder: NullBinder for android.net.action.RECOMMEND_NETWORKS triggering remote TransactionTooLargeException due to Service without Chimera impl, calling uid: 1000, calling pid: 0
12-22 06:05:01.948 27146 27173 I NullBinder: NullBinder for android.net.action.RECOMMEND_NETWORKS triggering remote TransactionTooLargeException due to Service without Chimera impl, calling uid: 1000, calling pid: 0
12-22 06:05:03.994 25380 25380 I GOS:GameServiceReceiver:  PkgInstallStarted for com.mydesktopapplication.app UserID : 0
12-22 06:05:03.998 25532 25532 I Finsky  : [2] VerifyApps: Install-time verification requested for package com.mydesktopapplication.app, PackageManager id = 92, Verifier id = 7550e9d9-633d-470f-8b0c-8a331e28200a
12-22 06:05:04.006 25380 26178 I GOS:MainIntentService: onHandleIntent(). type(PACKAGE_CHANGED), changeType(INSTALL_STARTED), pkgName(com.mydesktopapplication.app)
12-22 06:05:04.007 25380 26178 I GOS:SystemEventReactor: onPackageInstallStarted(). packageName: com.mydesktopapplication.app
12-22 06:05:04.114 25532 26180 V AconfigFlags: Read Aconfig default flag value android.app.enable_fgs_timeout_crash_behavior = true
12-22 06:05:04.120 25532 26180 V AconfigFlags: Read Aconfig default flag value android.crashrecovery.flags.allow_rescue_party_flag_resets = false
12-22 06:05:04.120 25532 26180 V AconfigFlags: Read Aconfig default flag value android.crashrecovery.flags.enable_crashrecovery = false
12-22 06:05:04.120 25532 26180 V AconfigFlags: Read Aconfig default flag value android.crashrecovery.flags.recoverability_detection = false
12-22 06:05:04.120 25532 26180 V AconfigFlags: Read Aconfig default flag value android.crashrecovery.flags.reenable_settings_resets = false
12-22 06:05:04.134 25532 26180 V AconfigFlags: Read Aconfig default flag value com.android.input.flags.a11y_crash_on_inconsistent_event_stream = false
12-22 06:05:04.138 25532 26180 V AconfigFlags: Read Aconfig default flag value com.android.internal.telephony.flags.fix_crash_on_getting_config_when_phone_is_gone = true
12-22 06:05:04.152 25532 26180 V AconfigFlags: Read Aconfig default flag value com.android.systemui.fix_image_wallpaper_crash_surface_already_released = false
12-22 06:05:04.155 25532 26180 V AconfigFlags: Read Aconfig default flag value com.android.systemui.screenshot_scroll_crop_view_crash_fix = true
12-22 06:05:04.156 25532 26180 V AconfigFlags: Read Aconfig default flag value com.android.text.flags.insert_mode_crash_when_delete = true
12-22 06:05:04.200 25532 26180 V AconfigFlags: Read Aconfig default flag value android.app.enable_fgs_timeout_crash_behavior = true
12-22 06:05:04.204 25532 26180 V AconfigFlags: Read Aconfig default flag value android.crashrecovery.flags.allow_rescue_party_flag_resets = false
12-22 06:05:04.204 25532 26180 V AconfigFlags: Read Aconfig default flag value android.crashrecovery.flags.enable_crashrecovery = false
12-22 06:05:04.204 25532 26180 V AconfigFlags: Read Aconfig default flag value android.crashrecovery.flags.recoverability_detection = false
12-22 06:05:04.204 25532 26180 V AconfigFlags: Read Aconfig default flag value android.crashrecovery.flags.reenable_settings_resets = false
12-22 06:05:04.216 25532 26180 V AconfigFlags: Read Aconfig default flag value com.android.input.flags.a11y_crash_on_inconsistent_event_stream = false
12-22 06:05:04.218 25532 26180 V AconfigFlags: Read Aconfig default flag value com.android.internal.telephony.flags.fix_crash_on_getting_config_when_phone_is_gone = true
12-22 06:05:04.223 25532 26180 V AconfigFlags: Read Aconfig default flag value com.android.text.flags.insert_mode_crash_when_delete = true
12-22 06:05:04.231 25532 26180 E AconfigFlags: java.io.FileNotFoundException: /vendor/etc/aconfig_flags.pb: open failed: ENOENT (No such file or directory)
12-22 06:05:04.231 25532 26180 E AconfigFlags: Caused by: android.system.ErrnoException: open failed: ENOENT (No such file or directory)
12-22 06:05:04.470 25532 26180 I Finsky  : [185] VerifyApps: Anti-malware verification task started for package=com.mydesktopapplication.app
12-22 06:05:04.634 25532 25589 I Finsky  : [137] VerifyApps: Starting APK Analysis scan for com.mydesktopapplication.app.
12-22 06:05:04.637 25532 25589 I Finsky  : [137] Scanning package com.mydesktopapplication.app contents with client side protections. File: [FIgOCSrzKy40YAN86CSMGBlc6w27cOA3z_7jBVKS56U]
12-22 06:05:04.970 27146 28853 I NullBinder: NullBinder for android.net.action.RECOMMEND_NETWORKS triggering remote TransactionTooLargeException due to Service without Chimera impl, calling uid: 1000, calling pid: 0
12-22 06:05:05.518 25532 26203 I Finsky  : [192] VerifyApps: Verification package=com.mydesktopapplication.app, id=92, response=9, upload_requested=false, enable_ecm=false
12-22 06:05:07.544 25532 25585 I Finsky  : [134] VerifyApps: APK Analysis scan finished for com.mydesktopapplication.app. Verdict: SAFE
12-22 06:05:07.721  2971 25747 I HoneySpace.HistoryRepositoryImpl: Add History Item : rank:0, suggestedApp:false, item:id:-2 label:MyDesktopApplication componnet:com.mydesktopapplication.app/crc648a10417f6d1065e1.MainActivity#UserHandle{0} badgeCount:0  drag:false iconState:NONE, taskInfo:[#196=com.mydesktopapplication.app]
12-22 06:05:07.724  2971 23078 I HoneySpace.SuggestedItemsFacade: DPS items : MyDesktopApplication, com.mydesktopapplication.app/crc648a10417f6d1065e1.MainActivity#UserHandle{0}
12-22 06:05:07.725  2971 23078 I HoneySpace.FilteredItemProvider: collect filtered items o, [PK(p='com.android.vending', u=UserHandle{0}), PK(p='dev.imranr.obtainium.fdroid', u=UserHandle{0}), PK(p='com.mydesktopapplication.app', u=UserHandle{0})]
12-22 06:05:07.725  2971 23078 I HoneySpace.FilteredItemProvider: collect filtered items m, [PK(p='com.rsupport.rs.activity.rsupport.aas2', u=UserHandle{0}), PK(p='com.mycompany.mydesktopapplication', u=UserHandle{0})]
12-22 06:05:07.726  2971 23078 I HoneySpace.SuggestedItemsFacade: filteredItem : PK(p='com.mydesktopapplication.app', u=UserHandle{0})
12-22 06:05:07.726  2971 23078 I HoneySpace.SuggestedItemsFacade: item removed by filter - PK(p='com.mydesktopapplication.app', u=UserHandle{0})
12-22 06:05:07.726  2971 23078 I HoneySpace.SuggestedItemsFacade: filteredItem : PK(p='com.mycompany.mydesktopapplication', u=UserHandle{0})
12-22 06:05:07.734  2971 23078 I HoneySpace.FilteredItemProvider: collect filtered items o, [PK(p='com.android.vending', u=UserHandle{0}), PK(p='dev.imranr.obtainium.fdroid', u=UserHandle{0}), PK(p='com.mydesktopapplication.app', u=UserHandle{0})]
12-22 06:05:07.734  2971 23078 I HoneySpace.FilteredItemProvider: collect filtered items m, [PK(p='com.rsupport.rs.activity.rsupport.aas2', u=UserHandle{0}), PK(p='com.mycompany.mydesktopapplication', u=UserHandle{0})]
12-22 06:05:07.750  2971 23078 I HoneySpace.HistoryViewModel@75334967@OneUI: loadItem(TASKBAR) : recentApp=id:-1057 label:MyDesktopApplication componnet:com.mydesktopapplication.app/crc648a10417f6d1065e1.MainActivity#UserHandle{0} badgeCount:0  drag:false iconState:NONE, taskInfo=[#196=com.mydesktopapplication.app]
12-22 06:05:07.920  2971 25747 I HoneySpace.HistoryRepositoryImpl: Add History Item : rank:0, suggestedApp:false, item:id:-2 label:MyDesktopApplication componnet:com.mydesktopapplication.app/crc648a10417f6d1065e1.MainActivity#UserHandle{0} badgeCount:0  drag:false iconState:NONE, taskInfo:[#196=com.mydesktopapplication.app]
12-22 06:05:07.921  2971 25747 I HoneySpace.SuggestedItemsFacade: DPS items : MyDesktopApplication, com.mydesktopapplication.app/crc648a10417f6d1065e1.MainActivity#UserHandle{0}
12-22 06:05:07.921  2971 25747 I HoneySpace.FilteredItemProvider: collect filtered items o, [PK(p='com.android.vending', u=UserHandle{0}), PK(p='dev.imranr.obtainium.fdroid', u=UserHandle{0}), PK(p='com.mydesktopapplication.app', u=UserHandle{0})]
12-22 06:05:07.922  2971 25747 I HoneySpace.FilteredItemProvider: collect filtered items m, [PK(p='com.rsupport.rs.activity.rsupport.aas2', u=UserHandle{0}), PK(p='com.mycompany.mydesktopapplication', u=UserHandle{0})]
12-22 06:05:07.922  2971 25747 I HoneySpace.SuggestedItemsFacade: filteredItem : PK(p='com.mydesktopapplication.app', u=UserHandle{0})
12-22 06:05:07.922  2971 25747 I HoneySpace.SuggestedItemsFacade: item removed by filter - PK(p='com.mydesktopapplication.app', u=UserHandle{0})
12-22 06:05:07.922  2971 25747 I HoneySpace.SuggestedItemsFacade: filteredItem : PK(p='com.mycompany.mydesktopapplication', u=UserHandle{0})
12-22 06:05:07.928  2971 25747 I HoneySpace.FilteredItemProvider: collect filtered items o, [PK(p='com.android.vending', u=UserHandle{0}), PK(p='dev.imranr.obtainium.fdroid', u=UserHandle{0}), PK(p='com.mydesktopapplication.app', u=UserHandle{0})]
12-22 06:05:07.928  2971 25747 I HoneySpace.FilteredItemProvider: collect filtered items m, [PK(p='com.rsupport.rs.activity.rsupport.aas2', u=UserHandle{0}), PK(p='com.mycompany.mydesktopapplication', u=UserHandle{0})]
12-22 06:05:07.937  2971 25747 I HoneySpace.HistoryViewModel@75334967@OneUI: loadItem(TASKBAR) : recentApp=id:-1057 label:MyDesktopApplication componnet:com.mydesktopapplication.app/crc648a10417f6d1065e1.MainActivity#UserHandle{0} badgeCount:0  drag:false iconState:NONE, taskInfo=[#196=com.mydesktopapplication.app]
12-22 06:05:07.981 27146 28853 I NullBinder: NullBinder for android.net.action.RECOMMEND_NETWORKS triggering remote TransactionTooLargeException due to Service without Chimera impl, calling uid: 1000, calling pid: 0
12-22 06:05:10.992 27146 27173 I NullBinder: NullBinder for android.net.action.RECOMMEND_NETWORKS triggering remote TransactionTooLargeException due to Service without Chimera impl, calling uid: 1000, calling pid: 0
12-22 06:05:14.013 27146 27175 I NullBinder: NullBinder for android.net.action.RECOMMEND_NETWORKS triggering remote TransactionTooLargeException due to Service without Chimera impl, calling uid: 1000, calling pid: 0
12-22 06:05:14.138 26269 26269 E [SmartCapture]_DeviceUtils: java.lang.NoSuchMethodException: Could not find android.view.Display.getRealSize() method
12-22 06:05:14.161 26269 26269 E [SmartCapture]_PackageUtils: isPackageAvailable : com.samsung.android.service.tagservice is not available. e=android.content.pm.PackageManager$NameNotFoundException: com.samsung.android.service.tagservice
12-22 06:05:14.171 26269 26269 I CapturePluginManager: Exception occurred during getPluginMetaData. : android.content.pm.PackageManager$NameNotFoundException: com.samsung.android.app.captureplugin
