12-24 23:02:16.300  2971  3120 I HoneySpace.TaskbarEventTracker: invokeEvent() called with: event = NavButtonsDarkIntensityChanged(darkIntensity=0.07379633)
12-24 23:02:16.301  2971  4703 I VRI[LauncherActivity]@b3ce551: mWNT: t=0xb400006ebeb98080 mBlastBufferQueue=0xb400006ebc3cb100 fn= 98 HdrRenderState mRenderHdrSdrRatio=1.0 caller= com.android.systemui.shared.launcher.ViewRootImplCompat.mergeWithNextTransaction:4 com.honeyspace.transition.utils.SurfaceTransactionApplier.scheduleApply$lambda$1:26 com.honeyspace.transition.utils.SurfaceTransactionApplier.b:0 
12-24 23:02:16.304  1169  1169 E SurfaceFlinger: Out of order buffers detected for RequestedLayerState{com.sec.android.app.launcher/com.sec.android.app.launcher.activities.LauncherActivity$_2971#9239 parentId=117} producedId=579 frameNumber=251 -> producedId=579 frameNumber=96
12-24 23:02:16.304  1169  1169 W Layer   : gatherBufferInfo: Received unknown dataspace from gralloc
12-24 23:02:16.305  1169  1169 W Layer   : gatherBufferInfo: Received unknown dataspace from gralloc
12-24 23:02:16.305  1169  1169 W Layer   : gatherBufferInfo: Received unknown dataspace from gralloc
12-24 23:02:16.310  2971  2971 I HoneySpace.FloatingAnimator: container x: 615.1214, y: 713.10284, scale : 0.2819717
12-24 23:02:16.312  2971  4704 I VRI[LauncherActivity]@b3ce551: mWNT: t=0xb400006ebeb98200 mBlastBufferQueue=0xb400006ebc3cb100 fn= 99 HdrRenderState mRenderHdrSdrRatio=1.0 caller= com.android.systemui.shared.launcher.ViewRootImplCompat.mergeWithNextTransaction:4 com.honeyspace.transition.utils.SurfaceTransactionApplier.scheduleApply$lambda$1:26 com.honeyspace.transition.utils.SurfaceTransactionApplier.b:0 
12-24 23:02:16.312  2971  3120 I HoneySpace.TaskbarEventTracker: invokeEvent() called with: event = NavButtonsDarkIntensityChanged(darkIntensity=0.038829386)
12-24 23:02:16.315  1169  1169 E SurfaceFlinger: Out of order buffers detected for RequestedLayerState{com.sec.android.app.launcher/com.sec.android.app.launcher.activities.LauncherActivity$_2971#9239 parentId=117} producedId=579 frameNumber=251 -> producedId=579 frameNumber=97
12-24 23:02:16.316  1169  1169 W Layer   : gatherBufferInfo: Received unknown dataspace from gralloc
12-24 23:02:16.316  1169  1169 W Layer   : gatherBufferInfo: Received unknown dataspace from gralloc
12-24 23:02:16.316  1169  1169 W Layer   : gatherBufferInfo: Received unknown dataspace from gralloc
12-24 23:02:16.321  2971  2971 I HoneySpace.FloatingAnimator: container x: 651.9777, y: 754.8766, scale : 0.23990941
12-24 23:02:16.321  2971  3120 I HoneySpace.TaskbarEventTracker: invokeEvent() called with: event = NavButtonsDarkIntensityChanged(darkIntensity=0.01602161)
12-24 23:02:16.323  2971  4703 I VRI[LauncherActivity]@b3ce551: mWNT: t=0xb400006ebeb98380 mBlastBufferQueue=0xb400006ebc3cb100 fn= 100 HdrRenderState mRenderHdrSdrRatio=1.0 caller= com.android.systemui.shared.launcher.ViewRootImplCompat.mergeWithNextTransaction:4 com.honeyspace.transition.utils.SurfaceTransactionApplier.scheduleApply$lambda$1:26 com.honeyspace.transition.utils.SurfaceTransactionApplier.b:0 
12-24 23:02:16.326  1169  1169 E SurfaceFlinger: Out of order buffers detected for RequestedLayerState{com.sec.android.app.launcher/com.sec.android.app.launcher.activities.LauncherActivity$_2971#9239 parentId=117} producedId=579 frameNumber=251 -> producedId=579 frameNumber=98
12-24 23:02:16.327  1169  1169 W Layer   : gatherBufferInfo: Received unknown dataspace from gralloc
12-24 23:02:16.327  1169  1169 W Layer   : gatherBufferInfo: Received unknown dataspace from gralloc
12-24 23:02:16.327  1169  1169 W Layer   : gatherBufferInfo: Received unknown dataspace from gralloc
12-24 23:02:16.332  2971  2971 I HoneySpace.FloatingAnimator: container x: 682.5411, y: 788.4074, scale : 0.2052807
12-24 23:02:16.333  2971  3120 I HoneySpace.TaskbarEventTracker: invokeEvent() called with: event = NavButtonsDarkIntensityChanged(darkIntensity=0.0030777454)
12-24 23:02:16.334  2971  4704 I VRI[LauncherActivity]@b3ce551: mWNT: t=0xb400006ebeb98500 mBlastBufferQueue=0xb400006ebc3cb100 fn= 101 HdrRenderState mRenderHdrSdrRatio=1.0 caller= com.android.systemui.shared.launcher.ViewRootImplCompat.mergeWithNextTransaction:4 com.honeyspace.transition.utils.SurfaceTransactionApplier.scheduleApply$lambda$1:26 com.honeyspace.transition.utils.SurfaceTransactionApplier.b:0 
12-24 23:02:16.337  1169  1169 E SurfaceFlinger: Out of order buffers detected for RequestedLayerState{com.sec.android.app.launcher/com.sec.android.app.launcher.activities.LauncherActivity$_2971#9239 parentId=117} producedId=579 frameNumber=251 -> producedId=579 frameNumber=99
12-24 23:02:16.338  1169  1169 W Layer   : gatherBufferInfo: Received unknown dataspace from gralloc
12-24 23:02:16.338  1169  1169 W Layer   : gatherBufferInfo: Received unknown dataspace from gralloc
12-24 23:02:16.338  1169  1169 W Layer   : gatherBufferInfo: Received unknown dataspace from gralloc
12-24 23:02:16.343  2971  2971 I HoneySpace.FloatingAnimator: container x: 709.0447, y: 819.0221, scale : 0.17442092
12-24 23:02:16.344  2971  3120 I HoneySpace.TaskbarEventTracker: invokeEvent() called with: event = NavButtonsDarkIntensityChanged(darkIntensity=0.0)
12-24 23:02:16.345  2971  4703 I VRI[LauncherActivity]@b3ce551: mWNT: t=0xb400006ebeb98680 mBlastBufferQueue=0xb400006ebc3cb100 fn= 102 HdrRenderState mRenderHdrSdrRatio=1.0 caller= com.android.systemui.shared.launcher.ViewRootImplCompat.mergeWithNextTransaction:4 com.honeyspace.transition.utils.SurfaceTransactionApplier.scheduleApply$lambda$1:26 com.honeyspace.transition.utils.SurfaceTransactionApplier.b:0 
12-24 23:02:16.348  1169  1169 E SurfaceFlinger: Out of order buffers detected for RequestedLayerState{com.sec.android.app.launcher/com.sec.android.app.launcher.activities.LauncherActivity$_2971#9239 parentId=117} producedId=579 frameNumber=251 -> producedId=579 frameNumber=100
12-24 23:02:16.348  2971  4709 I HoneySpace.TaskbarVisibilityController: updateVisibility(100) isDock:false occlude:false needToHide:false hideFlag:false forceMinusOnePage:false launcher:true recent:false minus:false homePackage:false AppPicker:false :: state 1 -> 0
12-24 23:02:16.349  1332  6758 D KNOX_MDM_SettingsProvider: isChangeAllowed() : name = task_bar_current_size
12-24 23:02:16.349  1332  6758 D KNOX_MDM_SettingsProvider: edmUri: content://com.sec.knox.provider/RestrictionPolicy3
12-24 23:02:16.349  1332  6758 D KNOX_MDM_SettingsProvider: projectionArgs: isSettingsChangesAllowed
12-24 23:02:16.349  1332  6758 D KNOX_MDM_SettingsProvider: selectionArgs: false
12-24 23:02:16.349  1332  6758 D KNOX_MDM_SettingsProvider: selectionArgs: 10117
12-24 23:02:16.349  1332  6758 D SecContentProvider: query(), uri = 17 selection = isSettingsChangesAllowed
12-24 23:02:16.349  1332  6758 D SecContentProvider: called from com.sec.android.app.launcher
12-24 23:02:16.349  1332  6758 D RestrictionPolicy: isSettingsChangesAllowedAsUser, userId 0 : true
12-24 23:02:16.349  1332  6758 D KNOX_MDM_SettingsProvider: ret = 1
12-24 23:02:16.349  1169  1169 W Layer   : gatherBufferInfo: Received unknown dataspace from gralloc
12-24 23:02:16.350  1169  1169 W Layer   : gatherBufferInfo: Received unknown dataspace from gralloc
12-24 23:02:16.350  1169  1169 W Layer   : gatherBufferInfo: Received unknown dataspace from gralloc
12-24 23:02:16.350  2971  2971 I HoneySpace.TaskbarPot@36314853: update layout state = 0
12-24 23:02:16.350  2971  2971 I HoneySpace.TaskbarPot@36314853: updateLayout() [count=7,gesture=false,hint=true,floating=false,wide=1,isMoreTaskButton=false],iconSize=50
12-24 23:02:16.350  2971  2971 I HoneySpace.TaskbarViewModel@219829598@OneUI: updateBGHeight height:72
12-24 23:02:16.350  2971  2971 I HoneySpace.TaskbarStateChangeAnimator: animation start. task bar state false
12-24 23:02:16.350  2971  2234 I HoneySpace.TaskbarControllerImpl: navi position : 2
12-24 23:02:16.350  2971  2971 I HoneySpace.TaskbarStateChangeAnimator: start visibility animation set
12-24 23:02:16.354  2971  2971 I HoneySpace.FloatingAnimator: container x: 728.87164, y: 841.9245, scale : 0.1513352
12-24 23:02:16.356  2971  4704 I VRI[LauncherActivity]@b3ce551: mWNT: t=0xb400006ebeb98800 mBlastBufferQueue=0xb400006ebc3cb100 fn= 103 HdrRenderState mRenderHdrSdrRatio=1.0 caller= com.android.systemui.shared.launcher.ViewRootImplCompat.mergeWithNextTransaction:4 com.honeyspace.transition.utils.SurfaceTransactionApplier.scheduleApply$lambda$1:26 com.honeyspace.transition.utils.SurfaceTransactionApplier.b:0 
12-24 23:02:16.359  1169  1169 E SurfaceFlinger: Out of order buffers detected for RequestedLayerState{com.sec.android.app.launcher/com.sec.android.app.launcher.activities.LauncherActivity$_2971#9239 parentId=117} producedId=579 frameNumber=251 -> producedId=579 frameNumber=101
12-24 23:02:16.360  1169  1169 W Layer   : gatherBufferInfo: Received unknown dataspace from gralloc
12-24 23:02:16.361  1169  1169 W Layer   : gatherBufferInfo: Received unknown dataspace from gralloc
12-24 23:02:16.361  1169  1169 W Layer   : gatherBufferInfo: Received unknown dataspace from gralloc
12-24 23:02:16.365  1042  6412 I sensors-hal: handle_sns_client_event:44, ambient_light_event: ts=4087303018161136, event=0.000000
12-24 23:02:16.365  1042  6412 I sensors-hal: handle_sns_client_event:44, ambient_light_event: ts=4087303018398896, event=0.000000
12-24 23:02:16.366  2971  2971 E SurfaceComposerClient: SurfaceComposerClient::Transaction::setAlpha: invalid alpha -0.018285, clamping
12-24 23:02:16.366  2971  2971 I HoneySpace.FloatingAnimator: container x: 746.2242, y: 860.8831, scale : 0.13222478
12-24 23:02:16.367  2971  4703 I VRI[LauncherActivity]@b3ce551: mWNT: t=0xb400006ebeb98980 mBlastBufferQueue=0xb400006ebc3cb100 fn= 104 HdrRenderState mRenderHdrSdrRatio=1.0 caller= com.android.systemui.shared.launcher.ViewRootImplCompat.mergeWithNextTransaction:4 com.honeyspace.transition.utils.SurfaceTransactionApplier.scheduleApply$lambda$1:26 com.honeyspace.transition.utils.SurfaceTransactionApplier.b:0 
12-24 23:02:16.370  1169  1169 E SurfaceFlinger: Out of order buffers detected for RequestedLayerState{com.sec.android.app.launcher/com.sec.android.app.launcher.activities.LauncherActivity$_2971#9239 parentId=117} producedId=579 frameNumber=251 -> producedId=579 frameNumber=102
12-24 23:02:16.371  1169  1169 W Layer   : gatherBufferInfo: Received unknown dataspace from gralloc
12-24 23:02:16.371  1169  1169 W Layer   : gatherBufferInfo: Received unknown dataspace from gralloc
12-24 23:02:16.377  2971  2971 E SurfaceComposerClient: SurfaceComposerClient::Transaction::setAlpha: invalid alpha -0.037041, clamping
12-24 23:02:16.377  2971  2971 I HoneySpace.FloatingAnimator: container x: 759.9004, y: 876.6608, scale : 0.116320804
12-24 23:02:16.378  2971  4704 I VRI[LauncherActivity]@b3ce551: mWNT: t=0xb400006ebeb98b00 mBlastBufferQueue=0xb400006ebc3cb100 fn= 105 HdrRenderState mRenderHdrSdrRatio=1.0 caller= com.android.systemui.shared.launcher.ViewRootImplCompat.mergeWithNextTransaction:4 com.honeyspace.transition.utils.SurfaceTransactionApplier.scheduleApply$lambda$1:26 com.honeyspace.transition.utils.SurfaceTransactionApplier.b:0 
12-24 23:02:16.382  1169  1169 E SurfaceFlinger: Out of order buffers detected for RequestedLayerState{com.sec.android.app.launcher/com.sec.android.app.launcher.activities.LauncherActivity$_2971#9239 parentId=117} producedId=579 frameNumber=251 -> producedId=579 frameNumber=103
12-24 23:02:16.383  1169  1169 W Layer   : gatherBufferInfo: Received unknown dataspace from gralloc
12-24 23:02:16.383  1169  1169 W Layer   : gatherBufferInfo: Received unknown dataspace from gralloc
12-24 23:02:16.388  2971  2971 E SurfaceComposerClient: SurfaceComposerClient::Transaction::setAlpha: invalid alpha -0.047403, clamping
12-24 23:02:16.388  2971  2971 I HoneySpace.FloatingAnimator: container x: 769.9959, y: 888.30756, scale : 0.10458079
12-24 23:02:16.389  2971  4703 I VRI[LauncherActivity]@b3ce551: mWNT: t=0xb400006ebeb98c80 mBlastBufferQueue=0xb400006ebc3cb100 fn= 106 HdrRenderState mRenderHdrSdrRatio=1.0 caller= com.android.systemui.shared.launcher.ViewRootImplCompat.mergeWithNextTransaction:4 com.honeyspace.transition.utils.SurfaceTransactionApplier.scheduleApply$lambda$1:26 com.honeyspace.transition.utils.SurfaceTransactionApplier.b:0 
12-24 23:02:16.393  1169  1169 E SurfaceFlinger: Out of order buffers detected for RequestedLayerState{com.sec.android.app.launcher/com.sec.android.app.launcher.activities.LauncherActivity$_2971#9239 parentId=117} producedId=579 frameNumber=251 -> producedId=579 frameNumber=104
12-24 23:02:16.394  1169  1169 W Layer   : gatherBufferInfo: Received unknown dataspace from gralloc
12-24 23:02:16.394  1169  1169 W Layer   : gatherBufferInfo: Received unknown dataspace from gralloc
12-24 23:02:16.399  2971  2971 E SurfaceComposerClient: SurfaceComposerClient::Transaction::setAlpha: invalid alpha -0.050029, clamping
12-24 23:02:16.399  2971  2971 I HoneySpace.FloatingAnimator: container x: 778.2537, y: 897.8341, scale : 0.09497792
12-24 23:02:16.400  2971  4704 I VRI[LauncherActivity]@b3ce551: mWNT: t=0xb400006ebeb98e00 mBlastBufferQueue=0xb400006ebc3cb100 fn= 107 HdrRenderState mRenderHdrSdrRatio=1.0 caller= com.android.systemui.shared.launcher.ViewRootImplCompat.mergeWithNextTransaction:4 com.honeyspace.transition.utils.SurfaceTransactionApplier.scheduleApply$lambda$1:26 com.honeyspace.transition.utils.SurfaceTransactionApplier.b:0 
12-24 23:02:16.404  1169  1169 E SurfaceFlinger: Out of order buffers detected for RequestedLayerState{com.sec.android.app.launcher/com.sec.android.app.launcher.activities.LauncherActivity$_2971#9239 parentId=117} producedId=579 frameNumber=251 -> producedId=579 frameNumber=105
12-24 23:02:16.405  1169  1169 W Layer   : gatherBufferInfo: Received unknown dataspace from gralloc
12-24 23:02:16.405  1169  1169 W Layer   : gatherBufferInfo: Received unknown dataspace from gralloc
12-24 23:02:16.410  2971  2971 E SurfaceComposerClient: SurfaceComposerClient::Transaction::setAlpha: invalid alpha -0.047921, clamping
12-24 23:02:16.410  2971  2971 I HoneySpace.FloatingAnimator: container x: 785.08887, y: 905.71967, scale : 0.087029316
12-24 23:02:16.411  2971  4703 I VRI[LauncherActivity]@b3ce551: mWNT: t=0xb400006ebeb99100 mBlastBufferQueue=0xb400006ebc3cb100 fn= 108 HdrRenderState mRenderHdrSdrRatio=1.0 caller= com.android.systemui.shared.launcher.ViewRootImplCompat.mergeWithNextTransaction:4 com.honeyspace.transition.utils.SurfaceTransactionApplier.scheduleApply$lambda$1:26 com.honeyspace.transition.utils.SurfaceTransactionApplier.b:0 
12-24 23:02:16.415  1169  1169 E SurfaceFlinger: Out of order buffers detected for RequestedLayerState{com.sec.android.app.launcher/com.sec.android.app.launcher.activities.LauncherActivity$_2971#9239 parentId=117} producedId=579 frameNumber=251 -> producedId=579 frameNumber=106
12-24 23:02:16.416  1169  1169 W Layer   : gatherBufferInfo: Received unknown dataspace from gralloc
12-24 23:02:16.416  1169  1169 W Layer   : gatherBufferInfo: Received unknown dataspace from gralloc
12-24 23:02:16.421  2971  2971 E SurfaceComposerClient: SurfaceComposerClient::Transaction::setAlpha: invalid alpha -0.042928, clamping
12-24 23:02:16.421  2971  2971 I HoneySpace.FloatingAnimator: container x: 789.3457, y: 910.6306, scale : 0.08207906
12-24 23:02:16.423  2971  4704 I VRI[LauncherActivity]@b3ce551: mWNT: t=0xb400006ebeb99280 mBlastBufferQueue=0xb400006ebc3cb100 fn= 109 HdrRenderState mRenderHdrSdrRatio=1.0 caller= com.android.systemui.shared.launcher.ViewRootImplCompat.mergeWithNextTransaction:4 com.honeyspace.transition.utils.SurfaceTransactionApplier.scheduleApply$lambda$1:26 com.honeyspace.transition.utils.SurfaceTransactionApplier.b:0 
12-24 23:02:16.426  1169  1169 E SurfaceFlinger: Out of order buffers detected for RequestedLayerState{com.sec.android.app.launcher/com.sec.android.app.launcher.activities.LauncherActivity$_2971#9239 parentId=117} producedId=579 frameNumber=251 -> producedId=579 frameNumber=107
12-24 23:02:16.427  1169  1169 W Layer   : gatherBufferInfo: Received unknown dataspace from gralloc
12-24 23:02:16.427  1169  1169 W Layer   : gatherBufferInfo: Received unknown dataspace from gralloc
12-24 23:02:16.432  2971  2971 E SurfaceComposerClient: SurfaceComposerClient::Transaction::setAlpha: invalid alpha -0.032512, clamping
12-24 23:02:16.432  2971  2971 I HoneySpace.FloatingAnimator: container x: 792.20654, y: 913.93097, scale : 0.078752235
12-24 23:02:16.434  2971  4703 I VRI[LauncherActivity]@b3ce551: mWNT: t=0xb400006ebeb99400 mBlastBufferQueue=0xb400006ebc3cb100 fn= 110 HdrRenderState mRenderHdrSdrRatio=1.0 caller= com.android.systemui.shared.launcher.ViewRootImplCompat.mergeWithNextTransaction:4 com.honeyspace.transition.utils.SurfaceTransactionApplier.scheduleApply$lambda$1:26 com.honeyspace.transition.utils.SurfaceTransactionApplier.b:0 
12-24 23:02:16.437  1169  1169 E SurfaceFlinger: Out of order buffers detected for RequestedLayerState{com.sec.android.app.launcher/com.sec.android.app.launcher.activities.LauncherActivity$_2971#9239 parentId=117} producedId=579 frameNumber=251 -> producedId=579 frameNumber=108
12-24 23:02:16.438  1169  1169 W Layer   : gatherBufferInfo: Received unknown dataspace from gralloc
12-24 23:02:16.438  1169  1169 W Layer   : gatherBufferInfo: Received unknown dataspace from gralloc
12-24 23:02:16.443  2971  2971 E SurfaceComposerClient: SurfaceComposerClient::Transaction::setAlpha: invalid alpha -0.020584, clamping
12-24 23:02:16.444  2971  2971 I HoneySpace.FloatingAnimator: container x: 793.43964, y: 915.35345, scale : 0.07731837
12-24 23:02:16.445  2971  4704 I VRI[LauncherActivity]@b3ce551: mWNT: t=0xb400006ebeb99580 mBlastBufferQueue=0xb400006ebc3cb100 fn= 111 HdrRenderState mRenderHdrSdrRatio=1.0 caller= com.android.systemui.shared.launcher.ViewRootImplCompat.mergeWithNextTransaction:4 com.honeyspace.transition.utils.SurfaceTransactionApplier.scheduleApply$lambda$1:26 com.honeyspace.transition.utils.SurfaceTransactionApplier.b:0 
12-24 23:02:16.448  1169  1169 E SurfaceFlinger: Out of order buffers detected for RequestedLayerState{com.sec.android.app.launcher/com.sec.android.app.launcher.activities.LauncherActivity$_2971#9239 parentId=117} producedId=579 frameNumber=251 -> producedId=579 frameNumber=109
12-24 23:02:16.449  2971  2234 I HoneySpace.HistoryRepositoryImpl: rawTasks : 1
12-24 23:02:16.449  1169  1169 W Layer   : gatherBufferInfo: Received unknown dataspace from gralloc
12-24 23:02:16.449  1169  1169 W Layer   : gatherBufferInfo: Received unknown dataspace from gralloc
12-24 23:02:16.450  2971  2234 I HoneySpace.GroupTask: userId:0, isDeviceLocked:false
12-24 23:02:16.450  2971  2234 I HoneySpace.HistoryRepositoryImpl: Add History Item : rank:0, suggestedApp:false, item:id:-2 label:MyDesktopApplication componnet:com.mydesktopapplication.app/crc648a10417f6d1065e1.MainActivity#UserHandle{0} badgeCount:0  drag:false iconState:NONE, taskInfo:[#226=com.mydesktopapplication.app]
12-24 23:02:16.450  2971  2234 I HoneySpace.HistoryRepositoryImpl: result : 1
12-24 23:02:16.450  2971  2234 I HoneySpace.HistoryViewModel@74780565@OneUI: getSuggestedAppsData
12-24 23:02:16.450  2971  2234 I HoneySpace.SuggestedAppsRepositoryImpl: fetchSuggestedApps()
12-24 23:02:16.451  2971  2234 I HoneySpace.GroupTask: userId:0, isDeviceLocked:false
12-24 23:02:16.451  2971  2234 I HoneySpace.SuggestedAppsRepositoryImpl: getTaskListData() collected: 1
12-24 23:02:16.451  2971  2234 I HoneySpace.SuggestedItemsFacade: updateTaskList : 1
12-24 23:02:16.451  2971  2234 I HoneySpace.BadgeDataSourceImpl: Get notification count. PK(p='dev.imranr.obtainium.fdroid', u=UserHandle{0}) - forceBadgeCount: false, notification listener: 1, badge provider: 0
12-24 23:02:16.452  2971  2234 I HoneySpace.SuggestedAppsRepositoryImpl: getDPSData() collected: 9
12-24 23:02:16.452  2971  2234 I HoneySpace.SuggestedItemsFacade: updateItems :  9
12-24 23:02:16.452  2971  2234 I HoneySpace.SuggestedItemsFacade: DPS items : MyDesktopApplication, com.mydesktopapplication.app/crc648a10417f6d1065e1.MainActivity#UserHandle{0}
12-24 23:02:16.452  2971  2234 I HoneySpace.SuggestedItemsFacade: DPS items : Obtainium, dev.imranr.obtainium.fdroid/dev.imranr.obtainium.MainActivity#UserHandle{0}
12-24 23:02:16.452  2971  2234 I HoneySpace.SuggestedItemsFacade: DPS items : Firefox, org.mozilla.firefox/.App#UserHandle{0}
12-24 23:02:16.452  2971  2234 I HoneySpace.SuggestedItemsFacade: DPS items : Standard Notes, com.standardnotes/.MainActivity#UserHandle{0}
12-24 23:02:16.452  2971  2234 I HoneySpace.SuggestedItemsFacade: DPS items : F-Droid, org.fdroid.fdroid/.views.main.MainActivity#UserHandle{0}
12-24 23:02:16.452  2971  2234 I HoneySpace.SuggestedItemsFacade: DPS items : Delta Chat, com.b44t.messenger/org.thoughtcrime.securesms.RoutingActivity#UserHandle{0}
12-24 23:02:16.452  2971  2234 I HoneySpace.SuggestedItemsFacade: DPS items : Bitwarden, com.x8bit.bitwarden/.MainActivity#UserHandle{0}
12-24 23:02:16.452  2971  2234 I HoneySpace.SuggestedItemsFacade: DPS items : Phone, com.samsung.android.dialer/.DialtactsActivity#UserHandle{0}
12-24 23:02:16.452  2971  2234 I HoneySpace.SuggestedItemsFacade: DPS items : Play Store, com.android.vending/.AssetBrowserActivity#UserHandle{0}
12-24 23:02:16.452  2971  2234 I HoneySpace.FilteredItemProvider: collect filtered items o, [PK(p='com.mydesktopapplication.app', u=UserHandle{0})]
12-24 23:02:16.452  2971  2234 I HoneySpace.FilteredItemProvider: collect filtered items j, [PK(p='org.videolan.vlc', u=UserHandle{0}), PK(p='com.standardnotes', u=UserHandle{0}), PK(p='com.adilhanney.saber', u=UserHandle{0}), PK(p='com.foobnix.pro.pdf.reader', u=UserHandle{0})]
12-24 23:02:16.452  2971  2234 I HoneySpace.FilteredItemProvider: collect filtered items f, [PK(p='com.samsung.android.appseparation', u=UserHandle{0})]
12-24 23:02:16.452  2971  2234 I HoneySpace.FilteredItemProvider: collect filtered items h, []
12-24 23:02:16.452  2971  2234 I HoneySpace.FilteredItemProvider: collect filtered items m, [PK(p='com.rsupport.rs.activity.rsupport.aas2', u=UserHandle{0}), PK(p='com.mycompany.mydesktopapplication', u=UserHandle{0})]
12-24 23:02:16.452  2971  2234 I HoneySpace.FilteredItemProvider: collect filtered items b, []
12-24 23:02:16.452  2971  2234 I HoneySpace.FilteredItemProvider: collect filtered items d, []
12-24 23:02:16.452  2971  2234 I HoneySpace.SuggestedItemsFacade: filteredItem : PK(p='com.mydesktopapplication.app', u=UserHandle{0})
12-24 23:02:16.452  2971  2234 I HoneySpace.SuggestedItemsFacade: item removed by filter - PK(p='com.mydesktopapplication.app', u=UserHandle{0})
12-24 23:02:16.452  2971  2234 I HoneySpace.SuggestedItemsFacade: filteredItem : PK(p='org.videolan.vlc', u=UserHandle{0})
12-24 23:02:16.452  2971  2234 I HoneySpace.SuggestedItemsFacade: filteredItem : PK(p='com.standardnotes', u=UserHandle{0})
12-24 23:02:16.452  2971  2234 I HoneySpace.SuggestedItemsFacade: item removed by filter - PK(p='com.standardnotes', u=UserHandle{0})
12-24 23:02:16.452  2971  2234 I HoneySpace.SuggestedItemsFacade: filteredItem : PK(p='com.adilhanney.saber', u=UserHandle{0})
12-24 23:02:16.452  2971  2234 I HoneySpace.SuggestedItemsFacade: filteredItem : PK(p='com.foobnix.pro.pdf.reader', u=UserHandle{0})
12-24 23:02:16.452  2971  2234 I HoneySpace.SuggestedItemsFacade: filteredItem : PK(p='com.samsung.android.appseparation', u=UserHandle{0})
12-24 23:02:16.453  2971  2234 I HoneySpace.SuggestedItemsFacade: filteredItem : PK(p='com.rsupport.rs.activity.rsupport.aas2', u=UserHandle{0})
12-24 23:02:16.453  2971  2234 I HoneySpace.SuggestedItemsFacade: filteredItem : PK(p='com.mycompany.mydesktopapplication', u=UserHandle{0})
12-24 23:02:16.453  2971  2234 I HoneySpace.BadgeDataSourceImpl: Get notification count. PK(p='dev.imranr.obtainium.fdroid', u=UserHandle{0}) - forceBadgeCount: false, notification listener: 1, badge provider: 0
12-24 23:02:16.453  2971  2234 I HoneySpace.SuggestedItemsFacade: after getFilteredDPSItems: 7 / max: 18
12-24 23:02:16.453  2971  2234 I HoneySpace.SuggestedAppsProvider[InstalledItems]: Initialized time=Mon Oct 06 18:02:14 EDT 2025
12-24 23:02:16.455  2971  2971 E SurfaceComposerClient: SurfaceComposerClient::Transaction::setAlpha: invalid alpha -0.006433, clamping
12-24 23:02:16.455  2971  2971 I HoneySpace.FloatingAnimator: container x: 794.0, y: 916.0, scale : 0.07666667
12-24 23:02:16.455  2971  2971 I HoneySpace.FloatingAnimator: [Player:A(15.876)] value animator:[33069788] end
12-24 23:02:16.455  2971  2971 I HoneySpace.FloatingAnimator: remove positionListener - com.honeyspace.transition.anim.floating.b@a6ce89a
12-24 23:02:16.455  2971  2971 I HoneySpace.FloatingAnimator: [Player:A(15.876)] reset
12-24 23:02:16.455  2971  2971 I HoneySpace.IconView: setIconVisible : visible-true, currentForceHideBadge-true
12-24 23:02:16.455  2971  2971 I HoneySpace.FloatingAnimator: playerCount : 0
12-24 23:02:16.456  2971  2971 I HoneySpace.FloatingFinishHelper: finishInProgress: true
12-24 23:02:16.456  2971  2971 I HoneySpace.AppLaunchAnimationDelegate: mainAnimatorSet end
12-24 23:02:16.456  2971  2971 I HoneySpace.AnimationResult: finish, false
12-24 23:02:16.456  2971  2971 I HoneySpace.RunnableList: executeAllAndClear() called, size: 1
12-24 23:02:16.456  2971  2971 I HoneySpace.FloatingFinishHelper: isAppShow reset, immediate
12-24 23:02:16.456  2971  2971 I HoneySpace.AppscreenViewModel: endGestureHint
12-24 23:02:16.456  2971  2971 I HoneySpace.AppscreenViewModel: resetAnimatedValues
12-24 23:02:16.456  2971  2971 I HoneySpace.HoneyScreenManagerImpl: transitionAnimator is ended, onCancel: false
12-24 23:02:16.456  2971  2971 I HoneySpace.ContentsAnimator: ContentsAnimator end [137439205]
12-24 23:02:16.456  2971  2971 I HoneySpace.WallpaperAnimator: destroyWallpaperSurface Surface(name=Surface(name=RemoteWallpaperAnim:1:1)/@0x79a4af5 - animation-leash of remote_wallpaper)/@0xf799eee
12-24 23:02:16.456  2971  2971 I HoneySpace.WallpaperAnimator: wallpaper animation end [98732232]
12-24 23:02:16.457  2711  2767 V WindowManagerShell: Transition animation finished (aborted=false), notifying core (#882) android.os.BinderProxy@285c37@0
12-24 23:02:16.457  2711  2767 I SurfaceControlRegistry: apply, t=FinishTransaction_SyncId<882>, FinishTransaction_SyncId<883>, caller=android.view.SurfaceControl$Transaction.apply:3135 android.view.SurfaceControl$Transaction.apply:3122 android.view.SurfaceControl$Transaction.apply:3078 com.android.wm.shell.transition.Transitions.onFinish:308 com.android.wm.shell.transition.Transitions$$ExternalSyntheticLambda8.onTransitionFinished:18 com.android.wm.shell.transition.DefaultMixedHandler$$ExternalSyntheticLambda4.onTransitionFinished:17 
12-24 23:02:16.458  1332  2853 V WindowManager: Finish Transition: TransitionRecord{db6e226 id=882 type=OPEN flags=0x0}, caller=com.android.server.wm.WindowOrganizerController.finishTransitionInner:26 com.android.server.wm.WindowOrganizerController.finishAllTransitions:59 android.window.IWindowOrganizerController$Stub.onTransact:311 
12-24 23:02:16.458  2971 30353 I HoneySpace.AnimationResult: asyncFinishRunnable run
12-24 23:02:16.458  1332  1396 V WindowManager: Finish Transition (#882): created at 12-24 23:02:15.880 collect-started=0.508ms request-sent=16.653ms started=25.491ms ready=40.066ms sent=61.608ms finished=577.487ms
12-24 23:02:16.459  1332  2853 D ChangeTransitionController: onTransitionFinished: TransitionRecord{db6e226 id=882 type=OPEN flags=0x0}
12-24 23:02:16.459  1332  2853 V WindowManager: Finish Transition: TransitionRecord{a2e959d id=883 type=CLOSE flags=0x10}, caller=com.android.server.wm.WindowOrganizerController.finishTransitionInner:26 com.android.server.wm.WindowOrganizerController.finishAllTransitions:78 android.window.IWindowOrganizerController$Stub.onTransact:311 
12-24 23:02:16.459  1332  1396 V WindowManager: Finish Transition (#883): created at 12-24 23:02:16.143 collect-started=0.587ms request-sent=2.116ms started=18.376ms ready=45.509ms sent=49.255ms finished=316.157ms
12-24 23:02:16.460  1169  1169 E SurfaceFlinger: Out of order buffers detected for RequestedLayerState{com.sec.android.app.launcher/com.sec.android.app.launcher.activities.LauncherActivity$_2971#9239 parentId=117} producedId=579 frameNumber=251 -> producedId=579 frameNumber=110
12-24 23:02:16.461  2971  2971 I HoneySpace.ShellTransitionManager: open normal end
12-24 23:02:16.461  1169  1169 W Layer   : gatherBufferInfo: Received unknown dataspace from gralloc
12-24 23:02:16.461  2971  2971 I HoneySpace.ShellAnimationRunner: setDelegate, delegate-null, strong-false
12-24 23:02:16.461  2971  2971 I HoneySpace.RunnableList: executeAllAndClear() called, size: 1
12-24 23:02:16.461  2971  2971 I HoneySpace.AnimationResult: completeCallback run
12-24 23:02:16.461  2971  2971 I HoneySpace.Launcher: onEnterAnimationComplete
12-24 23:02:16.463  1332  2853 D ChangeTransitionController: onTransitionFinished: TransitionRecord{a2e959d id=883 type=CLOSE flags=0x10}
12-24 23:02:16.464  2711  2767 V WindowManagerShell: Track 0 became idle
12-24 23:02:16.464  2711  2767 V WindowManagerShell: All active transition animations finished
12-24 23:02:16.464  2971  2234 I HoneySpace.FilteredItemProvider: collect filtered items o, [PK(p='com.mydesktopapplication.app', u=UserHandle{0})]
12-24 23:02:16.464  2971  4703 I VRI[LauncherActivity]@b3ce551: mWNT: t=0xb400006ebeb99700 mBlastBufferQueue=0xb400006ebc3cb100 fn= 112 HdrRenderState mRenderHdrSdrRatio=1.0 caller= com.android.systemui.shared.launcher.ViewRootImplCompat.mergeWithNextTransaction:4 com.honeyspace.transition.utils.SurfaceTransactionApplier.scheduleApply$lambda$1:26 com.honeyspace.transition.utils.SurfaceTransactionApplier.b:0 
12-24 23:02:16.464  2971  6841 I HoneySpace.ShellAnimationRunner: cleanUp: null, null
12-24 23:02:16.464  2971  2234 I HoneySpace.FilteredItemProvider: collect filtered items j, [PK(p='org.videolan.vlc', u=UserHandle{0}), PK(p='com.standardnotes', u=UserHandle{0}), PK(p='com.adilhanney.saber', u=UserHandle{0}), PK(p='com.foobnix.pro.pdf.reader', u=UserHandle{0})]
12-24 23:02:16.465  2971  2234 I HoneySpace.FilteredItemProvider: collect filtered items f, [PK(p='com.samsung.android.appseparation', u=UserHandle{0})]
12-24 23:02:16.465  2971  2234 I HoneySpace.FilteredItemProvider: collect filtered items h, []
12-24 23:02:16.465  2971  2234 I HoneySpace.FilteredItemProvider: collect filtered items m, [PK(p='com.rsupport.rs.activity.rsupport.aas2', u=UserHandle{0}), PK(p='com.mycompany.mydesktopapplication', u=UserHandle{0})]
12-24 23:02:16.465  2971  2234 I HoneySpace.FilteredItemProvider: collect filtered items b, []
12-24 23:02:16.465  2971  2234 I HoneySpace.FilteredItemProvider: collect filtered items d, []
12-24 23:02:16.465  2971  2234 I HoneySpace.SuggestedAppsProvider: Collecting Start : i4.g@5102b3d
12-24 23:02:16.465  2971  2234 I HoneySpace.SuggestedAppsProvider: Collecting Start : i4.z@33d2f32
12-24 23:02:16.465  1042  6412 I sensors-hal: handle_sns_client_event:44, ambient_light_event: ts=4087303118158271, event=0.000000
12-24 23:02:16.465  1042  6412 I sensors-hal: handle_sns_client_event:44, ambient_light_event: ts=4087303118399677, event=0.000000
12-24 23:02:16.466  2711  2711 D SystemUIService: SYSUI_RAM_OPTIMIZATION onTrimMemory=20
12-24 23:02:16.466  2971  2971 I HoneySpace.FloatingFinishHelper: finishInProgress: false
12-24 23:02:16.466  2711  2711 D CentralSurfaces: SYSUI_RAM_OPTIMIZATION onTrimMemory=20
12-24 23:02:16.467  2711  2854 D HWUI    : CacheManager::trimMemory(20)
12-24 23:02:16.468  1332  4715 I WindowManager: Cancelling animation restarting=false, leash=Surface(name=Surface(name=RemoteWallpaperAnim:1:1)/@0x79a4af5 - animation-leash of remote_wallpaper)/@0xf4c74ae
12-24 23:02:16.468  1332  4715 I WindowManager: Reparenting to original parent: Surface(name=OneHanded:0:14)/@0xe06c08a, destroy=false, syncState=0, syncCommitDepth=0, surface=Surface(name=RemoteWallpaperAnim:1:1)/@0x79a4af5
12-24 23:02:16.468  1332  4715 D WindowManager: mRunner#onAnimationCancelled, leash=Surface(name=Surface(name=RemoteWallpaperAnim:1:1)/@0x79a4af5 - animation-leash of remote_wallpaper)/@0xf4c74ae, caller=com.android.server.wm.SurfaceAnimator.cancelAnimation:16 com.android.server.wm.SurfaceAnimator.cancelAnimation:1 com.android.server.wm.WindowContainer.cancelAnimation:12 com.android.server.wm.WindowManagerService.finishRemoteWallpaperAnimation:79 android.view.IWindowManager$Stub.onTransact:4119 
12-24 23:02:16.469  2971  2984 I HoneySpace.WallpaperAnimator: onAnimationCancelled
12-24 23:02:16.469  2971  6841 I HoneySpace.RecentTasks: onRecentTasksChanged
12-24 23:02:16.469  2971  2971 I HoneySpace.TaskListViewModel: onTaskRemoved : 226
12-24 23:02:16.469  2971  2971 I HoneySpace.TaskListPot: taskRemoveId, taskId = 226
12-24 23:02:16.469  2971  2971 I HoneySpace.BaseRecentsView: INVALID_TASK_POSITION 226
12-24 23:02:16.469  2971  2971 I HoneySpace.HistoryViewModel@75334967@OneUI: task bar is not showing. skip load history items
12-24 23:02:16.469  1332  9773 W UserManagerService: Requested status bar icon for non-badged user 0
12-24 23:02:16.469  1332  4715 D WindowManager: finishRemoteWallpaperAnimation, success=true
12-24 23:02:16.470  2971  2971 I HoneySpace.HistoryViewModel@75334967@OneUI: launcherShowing : true, recentShowing : false, isInteractive : true, state : 0minusOne : false
12-24 23:02:16.470  2971  3121 I HoneySpace.TopTaskSource: onTaskRemoved: 226
12-24 23:02:16.470  2971  2971 I HoneySpace.TaskListViewModel: onTaskRemoved : 226
12-24 23:02:16.470  2971  2971 I HoneySpace.TaskListPot: taskRemoveId, taskId = 226
12-24 23:02:16.470  2971  2971 I HoneySpace.BaseRecentsView: INVALID_TASK_POSITION 226
12-24 23:02:16.470  2971  2971 I HoneySpace.HistoryViewModel@75334967@OneUI: task bar is not showing. skip load history items
12-24 23:02:16.471  2971  2971 I HoneySpace.HistoryViewModel@75334967@OneUI: launcherShowing : true, recentShowing : false, isInteractive : true, state : 0minusOne : false
12-24 23:02:16.471  1169  1169 E SurfaceFlinger: Out of order buffers detected for RequestedLayerState{com.sec.android.app.launcher/com.sec.android.app.launcher.activities.LauncherActivity$_2971#9239 parentId=117} producedId=579 frameNumber=251 -> producedId=579 frameNumber=111
12-24 23:02:16.471  2971  6841 I HoneySpace.HistoryViewModel@74780565@OneUI: loadItemJob canceled
12-24 23:02:16.471  2971  3121 I HoneySpace.TopTaskSource: onTaskRemoved: 226
12-24 23:02:16.471  2971  2971 I HoneySpace.HistoryTaskView@26647655@OneUI: loading ? false
12-24 23:02:16.471  2971  2971 I HoneySpace.HistoryTaskView@26647655@OneUI: current state com.honeyspace.sdk.HomeScreen$Normal@85a9bc1
12-24 23:02:16.471  2971  6840 I HoneySpace.HistoryViewModel@75334967@OneUI: task bar is not showing. skip load history items
12-24 23:02:16.472  1169  1169 W Layer   : gatherBufferInfo: Received unknown dataspace from gralloc
12-24 23:02:16.472  2971  6840 I HoneySpace.HistoryViewModel@75334967@OneUI: launcherShowing : true, recentShowing : false, isInteractive : true, state : 0minusOne : false
12-24 23:02:16.472  2971  6841 I HoneySpace.HistoryViewModel@74780565@OneUI: loadItems(HOTSEATBAR) called - delay=200, reason=Update
12-24 23:02:16.472  1332  4715 W UserManagerService: Requested status bar icon for non-badged user 0
12-24 23:02:16.473  2971  2971 I HoneySpace.HistoryTaskView@26647655@OneUI: loading ? true
12-24 23:02:16.474  2971  2234 I HoneySpace.SuggestedAppsProvider[UsedCountItems]: usageStats: 5, filter: 8, 18
12-24 23:02:16.474  1332  8974 W UserManagerService: Requested status bar icon for non-badged user 0
12-24 23:02:16.474  2971  2234 I HoneySpace.BadgeDataSourceImpl: Get notification count. PK(p='dev.imranr.obtainium.fdroid', u=UserHandle{0}) - forceBadgeCount: false, notification listener: 1, badge provider: 0
12-24 23:02:16.474  2971  2234 W HoneySpace.SuggestedAppsItemMaker: Fail to create ItemInfo from com.samsung.android.lool
12-24 23:02:16.474  2971  2234 W HoneySpace.SuggestedAppsItemMaker: Fail to get item com.samsung.android.lool
12-24 23:02:16.475  2971  2234 W HoneySpace.SuggestedAppsItemMaker: Fail to create ItemInfo from com.samsung.android.mtp
12-24 23:02:16.475  2971  2234 W HoneySpace.SuggestedAppsItemMaker: Fail to get item com.samsung.android.mtp
12-24 23:02:16.475  2971  2234 I HoneySpace.SuggestedAppsProvider: Collecting Start : i4.k@81a8483
12-24 23:02:16.475  1332  4715 W UserManagerService: Requested status bar icon for non-badged user 0
12-24 23:02:16.475  2971  2234 I HoneySpace.BadgeDataSourceImpl: Get notification count. PK(p='dev.imranr.obtainium.fdroid', u=UserHandle{0}) - forceBadgeCount: false, notification listener: 1, badge provider: 0
12-24 23:02:16.476  2971  2234 I HoneySpace.SuggestedItemsFacade: getFinalItems() : 18 / 25, 18
12-24 23:02:16.476  2971  2234 I HoneySpace.SuggestedItemsFacade: getFinalItems : Firefox, org.mozilla.firefox/.App#UserHandle{0}
12-24 23:02:16.476  2971  2234 I HoneySpace.SuggestedItemsFacade: getFinalItems : F-Droid, org.fdroid.fdroid/.views.main.MainActivity#UserHandle{0}
12-24 23:02:16.476  2971  2234 I HoneySpace.SuggestedItemsFacade: getFinalItems : Bitwarden, com.x8bit.bitwarden/.MainActivity#UserHandle{0}
12-24 23:02:16.476  2971  2234 I HoneySpace.SuggestedItemsFacade: getFinalItems : Obtainium, dev.imranr.obtainium.fdroid/dev.imranr.obtainium.MainActivity#UserHandle{0}
12-24 23:02:16.476  2971  2234 I HoneySpace.SuggestedItemsFacade: getFinalItems : Settings, com.android.settings/.Settings#UserHandle{0}
12-24 23:02:16.476  2971  2234 I HoneySpace.SuggestedItemsFacade: getFinalItems : Play Store, com.android.vending/.AssetBrowserActivity#UserHandle{0}
12-24 23:02:16.476  2971  2234 I HoneySpace.SuggestedItemsFacade: getFinalItems : Metrolist, com.metrolist.music/.MainActivity#UserHandle{0}
12-24 23:02:16.476  2971  2234 I HoneySpace.SuggestedItemsFacade: getFinalItems : Delta Chat, com.b44t.messenger/org.thoughtcrime.securesms.RoutingActivity#UserHandle{0}
12-24 23:02:16.476  2971  2234 I HoneySpace.SuggestedItemsFacade: getFinalItems : Chance, com.moffatman.chan/.MainActivity#UserHandle{0}
12-24 23:02:16.476  2971  2234 I HoneySpace.SuggestedItemsFacade: getFinalItems : Phone, com.samsung.android.dialer/.DialtactsActivity#UserHandle{0}
12-24 23:02:16.476  2971  2234 I HoneySpace.SuggestedItemsFacade: getFinalItems : Calculator, com.sec.android.app.popupcalculator/.Calculator#UserHandle{0}
12-24 23:02:16.476  2971  2234 I HoneySpace.SuggestedItemsFacade: getFinalItems : Gallery, com.sec.android.gallery3d/com.samsung.android.gallery.app.activity.GalleryActivity#UserHandle{0}
12-24 23:02:16.476  2971  2234 I HoneySpace.SuggestedItemsFacade: getFinalItems : Clock, com.sec.android.app.clockpackage/.ClockPackage#UserHandle{0}
12-24 23:02:16.476  2971  2234 I HoneySpace.SuggestedItemsFacade: getFinalItems : My Files, com.sec.android.app.myfiles/.ui.MainActivity#UserHandle{0}
12-24 23:02:16.476  2971  2234 I HoneySpace.SuggestedItemsFacade: getFinalItems : Internet, com.sec.android.app.sbrowser/.SBrowserMainActivity#UserHandle{0}
12-24 23:02:16.476  2971  2234 I HoneySpace.SuggestedItemsFacade: getFinalItems : Camera, com.sec.android.app.camera/.Camera#UserHandle{0}
12-24 23:02:16.476  2971  2234 I HoneySpace.SuggestedItemsFacade: getFinalItems : Contacts, com.samsung.android.app.contacts/com.samsung.android.contacts.contactslist.PeopleActivity#UserHandle{0}
12-24 23:02:16.476  2971  2234 I HoneySpace.SuggestedItemsFacade: getFinalItems : Messages, com.samsung.android.messaging/com.android.mms.ui.ConversationComposer#UserHandle{0}
12-24 23:02:16.476  2971  2234 I HoneySpace.SuggestedAppsRepositoryImpl: fetchSuggestedApps() end: 18, isDPSAvailable: true
12-24 23:02:16.482  1169  1169 E SurfaceFlinger: Out of order buffers detected for RequestedLayerState{com.sec.android.app.launcher/com.sec.android.app.launcher.activities.LauncherActivity$_2971#9239 parentId=117} producedId=579 frameNumber=251 -> producedId=579 frameNumber=112
12-24 23:02:16.483  1169  1169 W Layer   : gatherBufferInfo: Received unknown dataspace from gralloc
12-24 23:02:16.555  2971  2971 I HoneySpace.TaskbarPot@36314853: end callback animateVisibility false
12-24 23:02:16.555  2971  2971 I HoneySpace.AttachToTaskbarWindow: resumeHomeAnimationEnd()
12-24 23:02:16.565  1042  6412 I sensors-hal: handle_sns_client_event:44, ambient_light_event: ts=4087303218162698, event=0.000000
12-24 23:02:16.565  1042  6412 I sensors-hal: handle_sns_client_event:44, ambient_light_event: ts=4087303218399417, event=0.000000
12-24 23:02:16.646  1332  1399 W ActivityTaskManager: Activity top resumed state loss timeout for ActivityRecord{f2a0e67 u0 com.mydesktopapplication.app/crc648a10417f6d1065e1.MainActivity t-1 f}}
12-24 23:02:16.647  1332  1399 D ActivityTaskManager: scheduleTopResumedActivityChanged, onTop=true, r=ActivityRecord{6d23448 u0 com.sec.android.app.launcher/.activities.LauncherActivity t114}, caller=com.android.server.wm.ActivityTaskSupervisor.handleTopResumedStateReleased:50 com.android.server.wm.ActivityTaskSupervisor$ActivityTaskSupervisorHandler.handleMessageInner:56 com.android.server.wm.ActivityTaskSupervisor$ActivityTaskSupervisorHandler.handleMessage:11 android.os.Handler.dispatchMessage:107 android.os.Looper.loopOnce:257 android.os.Looper.loop:342 
12-24 23:02:16.665  1042  6412 I sensors-hal: handle_sns_client_event:44, ambient_light_event: ts=4087303318160354, event=0.000000
12-24 23:02:16.665  1042  6412 I sensors-hal: handle_sns_client_event:44, ambient_light_event: ts=4087303318400198, event=0.000000
12-24 23:02:16.673  2971  2234 I HoneySpace.HistoryRepositoryImpl: rawTasks : 1
12-24 23:02:16.674  2971  2234 I HoneySpace.GroupTask: userId:0, isDeviceLocked:false
12-24 23:02:16.674  2971  2234 I HoneySpace.HistoryRepositoryImpl: Add History Item : rank:0, suggestedApp:false, item:id:-2 label:MyDesktopApplication componnet:com.mydesktopapplication.app/crc648a10417f6d1065e1.MainActivity#UserHandle{0} badgeCount:0  drag:false iconState:NONE, taskInfo:[#226=com.mydesktopapplication.app]
12-24 23:02:16.674  2971  2234 I HoneySpace.HistoryRepositoryImpl: result : 1
12-24 23:02:16.674  2971  2234 I HoneySpace.HistoryViewModel@74780565@OneUI: getSuggestedAppsData
12-24 23:02:16.674  2971  2234 I HoneySpace.SuggestedAppsRepositoryImpl: fetchSuggestedApps()
12-24 23:02:16.674  2971  2234 I HoneySpace.GroupTask: userId:0, isDeviceLocked:false
12-24 23:02:16.675  2971  2234 I HoneySpace.SuggestedAppsRepositoryImpl: getTaskListData() collected: 1
12-24 23:02:16.675  2971  2234 I HoneySpace.SuggestedItemsFacade: updateTaskList : 1
12-24 23:02:16.675  2971  2234 I HoneySpace.BadgeDataSourceImpl: Get notification count. PK(p='dev.imranr.obtainium.fdroid', u=UserHandle{0}) - forceBadgeCount: false, notification listener: 1, badge provider: 0
12-24 23:02:16.675  2971  2234 I HoneySpace.SuggestedAppsRepositoryImpl: getDPSData() collected: 9
12-24 23:02:16.675  2971  2234 I HoneySpace.SuggestedItemsFacade: updateItems :  9
12-24 23:02:16.675  2971  2234 I HoneySpace.SuggestedItemsFacade: DPS items : MyDesktopApplication, com.mydesktopapplication.app/crc648a10417f6d1065e1.MainActivity#UserHandle{0}
12-24 23:02:16.675  2971  2234 I HoneySpace.SuggestedItemsFacade: DPS items : Obtainium, dev.imranr.obtainium.fdroid/dev.imranr.obtainium.MainActivity#UserHandle{0}
12-24 23:02:16.675  2971  2234 I HoneySpace.SuggestedItemsFacade: DPS items : Firefox, org.mozilla.firefox/.App#UserHandle{0}
12-24 23:02:16.675  2971  2234 I HoneySpace.SuggestedItemsFacade: DPS items : Standard Notes, com.standardnotes/.MainActivity#UserHandle{0}
12-24 23:02:16.675  2971  2234 I HoneySpace.SuggestedItemsFacade: DPS items : F-Droid, org.fdroid.fdroid/.views.main.MainActivity#UserHandle{0}
12-24 23:02:16.675  2971  2234 I HoneySpace.SuggestedItemsFacade: DPS items : Delta Chat, com.b44t.messenger/org.thoughtcrime.securesms.RoutingActivity#UserHandle{0}
12-24 23:02:16.675  2971  2234 I HoneySpace.SuggestedItemsFacade: DPS items : Bitwarden, com.x8bit.bitwarden/.MainActivity#UserHandle{0}
12-24 23:02:16.675  2971  2234 I HoneySpace.SuggestedItemsFacade: DPS items : Phone, com.samsung.android.dialer/.DialtactsActivity#UserHandle{0}
12-24 23:02:16.675  2971  2234 I HoneySpace.SuggestedItemsFacade: DPS items : Play Store, com.android.vending/.AssetBrowserActivity#UserHandle{0}
12-24 23:02:16.675  2971  2234 I HoneySpace.FilteredItemProvider: collect filtered items o, [PK(p='com.mydesktopapplication.app', u=UserHandle{0})]
12-24 23:02:16.675  2971  2234 I HoneySpace.FilteredItemProvider: collect filtered items j, [PK(p='org.videolan.vlc', u=UserHandle{0}), PK(p='com.standardnotes', u=UserHandle{0}), PK(p='com.adilhanney.saber', u=UserHandle{0}), PK(p='com.foobnix.pro.pdf.reader', u=UserHandle{0})]
12-24 23:02:16.675  2971  2234 I HoneySpace.FilteredItemProvider: collect filtered items f, [PK(p='com.samsung.android.appseparation', u=UserHandle{0})]
12-24 23:02:16.675  2971  2234 I HoneySpace.FilteredItemProvider: collect filtered items h, []
12-24 23:02:16.675  2971  2234 I HoneySpace.FilteredItemProvider: collect filtered items m, [PK(p='com.rsupport.rs.activity.rsupport.aas2', u=UserHandle{0}), PK(p='com.mycompany.mydesktopapplication', u=UserHandle{0})]
12-24 23:02:16.675  2971  2234 I HoneySpace.FilteredItemProvider: collect filtered items b, []
12-24 23:02:16.675  2971  2234 I HoneySpace.FilteredItemProvider: collect filtered items d, []
12-24 23:02:16.676  2971  2234 I HoneySpace.SuggestedItemsFacade: filteredItem : PK(p='com.mydesktopapplication.app', u=UserHandle{0})
12-24 23:02:16.676  2971  2234 I HoneySpace.SuggestedItemsFacade: item removed by filter - PK(p='com.mydesktopapplication.app', u=UserHandle{0})
12-24 23:02:16.676  2971  2234 I HoneySpace.SuggestedItemsFacade: filteredItem : PK(p='org.videolan.vlc', u=UserHandle{0})
12-24 23:02:16.676  2971  2234 I HoneySpace.SuggestedItemsFacade: filteredItem : PK(p='com.standardnotes', u=UserHandle{0})
12-24 23:02:16.676  2971  2234 I HoneySpace.SuggestedItemsFacade: item removed by filter - PK(p='com.standardnotes', u=UserHandle{0})
12-24 23:02:16.676  2971  2234 I HoneySpace.SuggestedItemsFacade: filteredItem : PK(p='com.adilhanney.saber', u=UserHandle{0})
12-24 23:02:16.676  2971  2234 I HoneySpace.SuggestedItemsFacade: filteredItem : PK(p='com.foobnix.pro.pdf.reader', u=UserHandle{0})
12-24 23:02:16.676  2971  2234 I HoneySpace.SuggestedItemsFacade: filteredItem : PK(p='com.samsung.android.appseparation', u=UserHandle{0})
12-24 23:02:16.676  2971  2234 I HoneySpace.SuggestedItemsFacade: filteredItem : PK(p='com.rsupport.rs.activity.rsupport.aas2', u=UserHandle{0})
12-24 23:02:16.676  2971  2234 I HoneySpace.SuggestedItemsFacade: filteredItem : PK(p='com.mycompany.mydesktopapplication', u=UserHandle{0})
12-24 23:02:16.676  2971  2234 I HoneySpace.BadgeDataSourceImpl: Get notification count. PK(p='dev.imranr.obtainium.fdroid', u=UserHandle{0}) - forceBadgeCount: false, notification listener: 1, badge provider: 0
12-24 23:02:16.676  2971  2234 I HoneySpace.SuggestedItemsFacade: after getFilteredDPSItems: 7 / max: 18
12-24 23:02:16.677  2971  2234 I HoneySpace.SuggestedAppsProvider[InstalledItems]: Initialized time=Mon Oct 06 18:02:14 EDT 2025
12-24 23:02:16.679  2971  2234 I HoneySpace.FilteredItemProvider: collect filtered items o, [PK(p='com.mydesktopapplication.app', u=UserHandle{0})]
12-24 23:02:16.680  2971  2234 I HoneySpace.FilteredItemProvider: collect filtered items j, [PK(p='org.videolan.vlc', u=UserHandle{0}), PK(p='com.standardnotes', u=UserHandle{0}), PK(p='com.adilhanney.saber', u=UserHandle{0}), PK(p='com.foobnix.pro.pdf.reader', u=UserHandle{0})]
12-24 23:02:16.680  2971  2234 I HoneySpace.FilteredItemProvider: collect filtered items f, [PK(p='com.samsung.android.appseparation', u=UserHandle{0})]
12-24 23:02:16.680  2971  2234 I HoneySpace.FilteredItemProvider: collect filtered items h, []
12-24 23:02:16.680  2971  2234 I HoneySpace.FilteredItemProvider: collect filtered items m, [PK(p='com.rsupport.rs.activity.rsupport.aas2', u=UserHandle{0}), PK(p='com.mycompany.mydesktopapplication', u=UserHandle{0})]
12-24 23:02:16.680  2971  2234 I HoneySpace.FilteredItemProvider: collect filtered items b, []
12-24 23:02:16.680  2971  2234 I HoneySpace.FilteredItemProvider: collect filtered items d, []
12-24 23:02:16.680  2971  2234 I HoneySpace.SuggestedAppsProvider: Collecting Start : i4.g@5102b3d
12-24 23:02:16.680  2971  2234 I HoneySpace.SuggestedAppsProvider: Collecting Start : i4.z@33d2f32
12-24 23:02:16.682  2971  2234 I HoneySpace.SuggestedAppsProvider[UsedCountItems]: usageStats: 5, filter: 8, 18
12-24 23:02:16.682  2971  2234 I HoneySpace.BadgeDataSourceImpl: Get notification count. PK(p='dev.imranr.obtainium.fdroid', u=UserHandle{0}) - forceBadgeCount: false, notification listener: 1, badge provider: 0
12-24 23:02:16.682  2971  2234 W HoneySpace.SuggestedAppsItemMaker: Fail to create ItemInfo from com.samsung.android.lool
12-24 23:02:16.682  2971  2234 W HoneySpace.SuggestedAppsItemMaker: Fail to get item com.samsung.android.lool
12-24 23:02:16.683  2971  2234 W HoneySpace.SuggestedAppsItemMaker: Fail to create ItemInfo from com.samsung.android.mtp
12-24 23:02:16.683  2971  2234 W HoneySpace.SuggestedAppsItemMaker: Fail to get item com.samsung.android.mtp
12-24 23:02:16.683  2971  2234 I HoneySpace.SuggestedAppsProvider: Collecting Start : i4.k@81a8483
12-24 23:02:16.683  2971  2234 I HoneySpace.BadgeDataSourceImpl: Get notification count. PK(p='dev.imranr.obtainium.fdroid', u=UserHandle{0}) - forceBadgeCount: false, notification listener: 1, badge provider: 0
12-24 23:02:16.683  2971  2234 I HoneySpace.SuggestedItemsFacade: getFinalItems() : 18 / 25, 18
12-24 23:02:16.683  2971  2234 I HoneySpace.SuggestedItemsFacade: getFinalItems : Firefox, org.mozilla.firefox/.App#UserHandle{0}
