12-22 05:46:35.569  1332  9010 D InsetsSourceProvider: updateControlForTarget: control=InsetsSourceControl: {274e0001 mType=navigationBars initiallyVisible mSurfacePosition=Point(0, 1848) mInsetsHint=Insets{left=0, top=0, right=0, bottom=72}}, target=Window{ef869d u0 Splash Screen com.mydesktopapplication.app}, from=com.android.server.wm.InsetsStateController.onControlTargetChanged:81 com.android.server.wm.InsetsPolicy.updateBarControlTarget:188 com.android.server.wm.DisplayPolicy.updateSystemBarAttributes:281 com.android.server.wm.DisplayPolicy.finishPostLayoutPolicyLw:17 com.android.server.wm.RootWindowContainer.applySurfaceChangesTransaction$1:194 
12-22 05:46:35.570  1332  9010 D InsetsSourceProvider: updateControlForTarget: control=InsetsSourceControl: {b9d0000 mType=statusBars initiallyVisible mSurfacePosition=Point(0, 0) mInsetsHint=Insets{left=0, top=36, right=0, bottom=0}}, target=Window{ef869d u0 Splash Screen com.mydesktopapplication.app}, from=com.android.server.wm.InsetsStateController.onControlTargetChanged:81 com.android.server.wm.InsetsPolicy.updateBarControlTarget:175 com.android.server.wm.DisplayPolicy.updateSystemBarAttributes:281 com.android.server.wm.DisplayPolicy.finishPostLayoutPolicyLw:17 com.android.server.wm.RootWindowContainer.applySurfaceChangesTransaction$1:194 
12-22 05:46:35.571  1332  9010 D WindowManager: updateSystemBarAttributes: displayId=0, focusedCanBeNavColorWin=false, win=Window{ef869d u0 Splash Screen com.mydesktopapplication.app}, navColorWin=Window{ef869d u0 Splash Screen com.mydesktopapplication.app}, caller=com.android.server.wm.DisplayPolicy.finishPostLayoutPolicyLw:17 com.android.server.wm.RootWindowContainer.applySurfaceChangesTransaction$1:194 com.android.server.wm.RootWindowContainer.performSurfacePlacementNoTrace:61 
12-22 05:46:35.575  2711  2711 D TaskBarDelegate: onSystemBarAttributesChanged() -  displayId:0, appearance:24 (APPEARANCE_LIGHT_NAVIGATION_BARS ), navbarColorManagedByIme: false, packageName: com.mydesktopapplication.app
12-22 05:46:35.575  2711  2711 D SamsungLightBarControlHelper: updateNavigationBar (BLACK button) isLightOpaque:false, hasLightNavigationBarFlag:true, packageName:com.mydesktopapplication.app, DirectReplying:false, NavBarColorMangedByIme:false, ForceDarkForScrim:false, ForceLightForScrim:false, QsCustomizing:false, QsExpanded:false
12-22 05:46:35.576  2711  2806 I InsetsSourceConsumer: applyRequestedVisibilityToControl: visible=true, type=navigationBars, host=Splash Screen com.mydesktopapplication.app
12-22 05:46:35.576  2711  2806 I InsetsSourceConsumer: applyRequestedVisibilityToControl: visible=true, type=statusBars, host=Splash Screen com.mydesktopapplication.app
12-22 05:46:35.625  1169  1169 D SurfaceFlinger:      CLIENT | 0xb400007337e469b0 | 0000 | RGBA_8888    |    0.0   34.0 1200.0 1465.0 |  767  884  898 1040 | Splash Screen com.mydesktopapplication.app$_2711#8225
12-22 05:46:35.635 24950 24950 D nativeloader: Load /data/app/~~w0iWxv95ZzSjWtAGqvd4rw==/com.mydesktopapplication.app-kWo9TcIjxPTvxRl7F7JK3w==/lib/arm64/libSystem.Security.Cryptography.Native.Android.so using ns clns-7 from class loader (caller=/data/app/~~w0iWxv95ZzSjWtAGqvd4rw==/com.mydesktopapplication.app-kWo9TcIjxPTvxRl7F7JK3w==/base.apk): ok
12-22 05:46:35.642  2971 23880 I HoneySpace.HistoryRepositoryImpl: Add History Item : rank:0, suggestedApp:false, item:id:-2 label:MyDesktopApplication componnet:com.mydesktopapplication.app/crc648a10417f6d1065e1.MainActivity#UserHandle{0} badgeCount:0  drag:false iconState:NONE, taskInfo:[#193=com.mydesktopapplication.app]
12-22 05:46:35.644  2971 23880 I HoneySpace.SuggestedItemsFacade: DPS items : MyDesktopApplication, com.mydesktopapplication.app/crc648a10417f6d1065e1.MainActivity#UserHandle{0}
12-22 05:46:35.645  2971 23880 I HoneySpace.FilteredItemProvider: collect filtered items o, [PK(p='com.mydesktopapplication.app', u=UserHandle{0}), PK(p='dev.imranr.obtainium.fdroid', u=UserHandle{0})]
12-22 05:46:35.646  2971 23880 I HoneySpace.FilteredItemProvider: collect filtered items m, [PK(p='com.rsupport.rs.activity.rsupport.aas2', u=UserHandle{0}), PK(p='com.mycompany.mydesktopapplication', u=UserHandle{0})]
12-22 05:46:35.646  2971 23880 I HoneySpace.SuggestedItemsFacade: filteredItem : PK(p='com.mydesktopapplication.app', u=UserHandle{0})
12-22 05:46:35.646  2971 23880 I HoneySpace.SuggestedItemsFacade: item removed by filter - PK(p='com.mydesktopapplication.app', u=UserHandle{0})
12-22 05:46:35.646  2971 23880 I HoneySpace.SuggestedItemsFacade: filteredItem : PK(p='com.mycompany.mydesktopapplication', u=UserHandle{0})
12-22 05:46:35.660  2971 23077 I HoneySpace.FilteredItemProvider: collect filtered items o, [PK(p='com.mydesktopapplication.app', u=UserHandle{0}), PK(p='dev.imranr.obtainium.fdroid', u=UserHandle{0})]
12-22 05:46:35.660  2971 23077 I HoneySpace.FilteredItemProvider: collect filtered items m, [PK(p='com.rsupport.rs.activity.rsupport.aas2', u=UserHandle{0}), PK(p='com.mycompany.mydesktopapplication', u=UserHandle{0})]
12-22 05:46:35.712  1332  5431 D GraphicsStatsService: requestRenderEngineFor(com.mydesktopapplication.app)
12-22 05:46:35.712 24950 24950 D ActivityThread: com.mydesktopapplication.app will use render engine as VK
12-22 05:46:35.713  1332  9010 D SGM:GameManager: identifyForegroundApp. com.mydesktopapplication.app, mCurrentUserId: 0, callerUserId: 0
12-22 05:46:35.716  1332  4906 D SGM:GameManager: identifyGamePackage. com.mydesktopapplication.app, mCurrentUserId: 0, callerUserId: 0, callingMethodInfo: com.samsung.android.game.IGameManagerService$Stub.onTransact(IGameManagerService.java:228)
12-22 05:46:35.836  2971  2971 I HoneySpace.HistoryCellLayout@203979704: removeView [0] (0,0) view=com.honeyspace.ui.common.iconview.IconViewImpl{efd61e V.ED..CL. ........ 0,0-74,72 #7f0a029b app:id/icon} - MyDesktopApplication, visibility:0, alpha:0.0, badge:0, icon:96x96, iconAlpha:255, iconState:NONE, iconSize:50, forceHideBadge:false, isTransparent:false, x=0, y=0
12-22 05:46:35.837  2971  2971 I HoneySpace.HistoryCellLayout@203979704: removeView [0] (0,0) view=com.honeyspace.ui.common.iconview.IconViewImpl{efd61e V.ED..CL. ......ID 0,0-74,72 #7f0a029b app:id/icon} - MyDesktopApplication, visibility:0, alpha:0.0, badge:0, icon:96x96, iconAlpha:255, iconState:NONE, iconSize:50, forceHideBadge:false, isTransparent:false, x=0, y=0
12-22 05:46:35.839  1332  2555 D MdnieScenarioControlService:  packageName : com.mydesktopapplication.app    className : crc648a10417f6d1065e1.MainActivity
12-22 05:46:35.858  1169  1169 D SurfaceFlinger:      CLIENT | 0xb400007337e469b0 | 0000 | RGBA_8888    |    0.0    0.0 1200.0 1920.0 |    0    0 1200 1920 | Splash Screen com.mydesktopapplication.app$_2711#8225
12-22 05:46:35.867  1169  1169 D SurfaceFlinger:      DEVICE | 0xb400007337e469b0 | 0000 | RGBA_8888    |    0.0    0.0 1200.0 1920.0 |    0    0 1200 1920 | Splash Screen com.mydesktopapplication.app$_2711#8225
12-22 05:46:36.068  2971 23878 I HoneySpace.HistoryRepositoryImpl: Add History Item : rank:0, suggestedApp:false, item:id:-2 label:MyDesktopApplication componnet:com.mydesktopapplication.app/crc648a10417f6d1065e1.MainActivity#UserHandle{0} badgeCount:0  drag:false iconState:NONE, taskInfo:[#193=com.mydesktopapplication.app]
12-22 05:46:36.071  2971 23878 I HoneySpace.SuggestedItemsFacade: DPS items : MyDesktopApplication, com.mydesktopapplication.app/crc648a10417f6d1065e1.MainActivity#UserHandle{0}
12-22 05:46:36.072  2971 23878 I HoneySpace.FilteredItemProvider: collect filtered items o, [PK(p='com.mydesktopapplication.app', u=UserHandle{0}), PK(p='dev.imranr.obtainium.fdroid', u=UserHandle{0})]
12-22 05:46:36.072  2971 23878 I HoneySpace.FilteredItemProvider: collect filtered items m, [PK(p='com.rsupport.rs.activity.rsupport.aas2', u=UserHandle{0}), PK(p='com.mycompany.mydesktopapplication', u=UserHandle{0})]
12-22 05:46:36.072  2971 23878 I HoneySpace.SuggestedItemsFacade: filteredItem : PK(p='com.mydesktopapplication.app', u=UserHandle{0})
12-22 05:46:36.072  2971 23878 I HoneySpace.SuggestedItemsFacade: item removed by filter - PK(p='com.mydesktopapplication.app', u=UserHandle{0})
12-22 05:46:36.073  2971 23878 I HoneySpace.SuggestedItemsFacade: filteredItem : PK(p='com.mycompany.mydesktopapplication', u=UserHandle{0})
12-22 05:46:36.079  2971 23878 I HoneySpace.FilteredItemProvider: collect filtered items o, [PK(p='com.mydesktopapplication.app', u=UserHandle{0}), PK(p='dev.imranr.obtainium.fdroid', u=UserHandle{0})]
12-22 05:46:36.080  2971 23878 I HoneySpace.FilteredItemProvider: collect filtered items m, [PK(p='com.rsupport.rs.activity.rsupport.aas2', u=UserHandle{0}), PK(p='com.mycompany.mydesktopapplication', u=UserHandle{0})]
12-22 05:46:36.160 27146  4383 I NullBinder: NullBinder for android.net.action.RECOMMEND_NETWORKS triggering remote TransactionTooLargeException due to Service without Chimera impl, calling uid: 1000, calling pid: 0
12-22 05:46:38.089 24950 24950 D app_process64: [Binding]An error occurred binding 'Command' to 'ResetGameCommand' at 'ResetGameCommand': 'Could not find a matching property accessor for 'ResetGameCommand' on 'MyDesktopApplication.Shared.ViewModels.CountryQuizViewModel'.' (Button #-1871306695)
12-22 05:46:38.102 24950 24950 D app_process64: [Binding]An error occurred binding 'Text' to 'Country1.Flag' at 'Country1': 'Could not find a matching property accessor for 'Country1' on 'MyDesktopApplication.Shared.ViewModels.CountryQuizViewModel'.' (TextBlock #-1175943667)
12-22 05:46:38.102 24950 24950 D app_process64: [Binding]An error occurred binding 'Text' to 'Country1.Name' at 'Country1': 'Could not find a matching property accessor for 'Country1' on 'MyDesktopApplication.Shared.ViewModels.CountryQuizViewModel'.' (TextBlock #-1939112194)
12-22 05:46:38.104 24950 24950 D app_process64: [Binding]An error occurred binding 'Text' to 'Country2.Flag' at 'Country2': 'Could not find a matching property accessor for 'Country2' on 'MyDesktopApplication.Shared.ViewModels.CountryQuizViewModel'.' (TextBlock #-2086614842)
12-22 05:46:38.104 24950 24950 D app_process64: [Binding]An error occurred binding 'Text' to 'Country2.Name' at 'Country2': 'Could not find a matching property accessor for 'Country2' on 'MyDesktopApplication.Shared.ViewModels.CountryQuizViewModel'.' (TextBlock #2071811236)
12-22 05:46:38.233 24950 24950 I InsetsController: onStateChanged: host=com.mydesktopapplication.app/crc648a10417f6d1065e1.MainActivity, from=android.view.ViewRootImpl.setView:1999, state=InsetsState: {mDisplayFrame=Rect(0, 0 - 1200, 1920), mDisplayCutout=DisplayCutout{insets=Rect(0, 0 - 0, 0) waterfall=Insets{left=0, top=0, right=0, bottom=0} boundingRect={Bounds=[Rect(0, 0 - 0, 0), Rect(0, 0 - 0, 0), Rect(0, 0 - 0, 0), Rect(0, 0 - 0, 0)]} cutoutPathParserInfo={CutoutPathParserInfo{displayWidth=0 displayHeight=0 physicalDisplayWidth=0 physicalDisplayHeight=0 density={0.0} cutoutSpec={} rotation={0} scale={0.0} physicalPixelDisplaySizeRatio={0.0}}} sideOverrides=null}, mRoundedCorners=RoundedCorners{[RoundedCorner{position=TopLeft, radius=20, center=Point(20, 20)}, RoundedCorner{position=TopRight, radius=20, center=Point(1180, 20)}, RoundedCorner{position=BottomRight, radius=20, center=Point(1180, 1900)}, RoundedCorner{position=BottomLeft, radius=20, center=Point(20, 1900)}]}  mRoundedCornerFrame=Rect(0, 0 - 1200, 1920), mPrivacyIndicatorBounds=PrivacyIndicatorBounds {static bounds=Rect(1134, 0 - 1200, 36) rotation=0}, mDisplayShape=DisplayShape{ spec=-311912193 displayWidth=1200 displayHeight=1920 physicalPixelDisplaySizeRatio=1.0 rotation=0 offsetX=0 offsetY=0 scale=1.0}, mSources= { InsetsSource: {b9d0000 mType=statusBars mFrame=[0,0][1200,36] mVisible=true mFlags= mSideHint=TOP mBoundingRects=null}, InsetsSource: {b9d0005 mType=mandatorySystemGestures mFrame=[0,0][1200,36] mVisible=true mFlags= mSideHint=TOP mBoundingRects=null}, InsetsSource: {b9d0006 mType=tappableElement mFrame=[0,0][1200,36] mVisible=true mFlags= mSideHint=TOP mBoundingRects=null}, InsetsSource: {274e0001 mType=navigationBars mFrame=[0,1848][1200,1920] mVisible=true mFlags= mSideHint=BOTTOM mBoundingRects=null}, InsetsSource: {274e0004 mType=systemGestures mFrame=[0,0][0,0] mVisible=true mFlags= mSideHint=NONE mBoundingRects=null}, InsetsSource: {274e0005 mType=mandatorySystemGestures mFrame=[0,1848][1200,1920] mVisible=true mFlags= mSideHint=BOTTOM mBoundingRects=null}, InsetsSource: {274e0006 mType=tappableElement mFrame=[0,1848][1200,1920] mVisible=true mFlags= mSideHint=BOTTOM mBoundingRects=null}, InsetsSource: {274e0024 mType=systemGestures mFrame=[0,0][0,0] mVisible=true mFlags= mSideHint=NONE mBoundingRects=null} }
12-22 05:46:38.253  1332  6758 D CoreBackPreview: Window{401b022 u0 com.mydesktopapplication.app/crc648a10417f6d1065e1.MainActivity}: Setting back callback OnBackInvokedCallbackInfo{mCallback=android.window.IOnBackInvokedCallback$Stub$Proxy@605c870, mPriority=0, mIsAnimationCallback=false}
12-22 05:46:38.253  1332  9010 V WindowManager: Relayout Window{401b022 u0 com.mydesktopapplication.app/crc648a10417f6d1065e1.MainActivity}: viewVisibility=0 req=1200x1920 ty=1 d0
12-22 05:46:38.255  1332  9010 D WindowManager: makeSurface duration=2 name=com.mydesktopapplication.app/crc648a10417f6d1065e1.MainActivity$_24950
12-22 05:46:38.256  1332  9010 D WindowManager: Changing focus from null to Window{401b022 u0 com.mydesktopapplication.app/crc648a10417f6d1065e1.MainActivity} displayId=0 Callers=com.android.server.wm.WindowManagerService.relayoutWindowInner:142 com.android.server.wm.WindowManagerService.relayoutWindow:6 com.android.server.wm.Session.relayout:27 android.view.IWindowSession$Stub.onTransact:861 
12-22 05:46:38.257  1332  9010 D InsetsSourceProvider: updateControlForTarget: control=InsetsSourceControl: {274e0001 mType=navigationBars initiallyVisible mSurfacePosition=Point(0, 1848) mInsetsHint=Insets{left=0, top=0, right=0, bottom=72}}, target=Window{401b022 u0 com.mydesktopapplication.app/crc648a10417f6d1065e1.MainActivity}, from=com.android.server.wm.InsetsStateController.onControlTargetChanged:81 com.android.server.wm.InsetsPolicy.updateBarControlTarget:188 com.android.server.wm.DisplayPolicy.updateSystemBarAttributes:281 com.android.server.wm.WindowManagerService.updateFocusedWindowLocked:375 com.android.server.wm.WindowManagerService.relayoutWindowInner:142 
12-22 05:46:38.258  1332  9010 D InsetsSourceProvider: updateControlForTarget: control=InsetsSourceControl: {b9d0000 mType=statusBars initiallyVisible mSurfacePosition=Point(0, 0) mInsetsHint=Insets{left=0, top=36, right=0, bottom=0}}, target=Window{401b022 u0 com.mydesktopapplication.app/crc648a10417f6d1065e1.MainActivity}, from=com.android.server.wm.InsetsStateController.onControlTargetChanged:81 com.android.server.wm.InsetsPolicy.updateBarControlTarget:175 com.android.server.wm.DisplayPolicy.updateSystemBarAttributes:281 com.android.server.wm.WindowManagerService.updateFocusedWindowLocked:375 com.android.server.wm.WindowManagerService.relayoutWindowInner:142 
12-22 05:46:38.258  1332  9010 D WindowManager: updateSystemBarAttributes: displayId=0, focusedCanBeNavColorWin=false, win=Window{401b022 u0 com.mydesktopapplication.app/crc648a10417f6d1065e1.MainActivity}, navColorWin=Window{ef869d u0 Splash Screen com.mydesktopapplication.app}, caller=com.android.server.wm.WindowManagerService.updateFocusedWindowLocked:375 com.android.server.wm.WindowManagerService.relayoutWindowInner:142 com.android.server.wm.WindowManagerService.relayoutWindow:6 
12-22 05:46:38.259  1332  9010 V SystemKeyManager: updateFocusedWindow() is called, com.mydesktopapplication.app/crc648a10417f6d1065e1.MainActivity
12-22 05:46:38.260  2711  2711 D TaskBarDelegate: onSystemBarAttributesChanged() -  displayId:0, appearance:536 (APPEARANCE_LIGHT_NAVIGATION_BARS ), navbarColorManagedByIme: false, packageName: com.mydesktopapplication.app
12-22 05:46:38.270  2711  2806 I InsetsController: onStateChanged: host=Splash Screen com.mydesktopapplication.app, from=android.view.ViewRootImpl.handleInsetsControlChanged:2888, state=InsetsState: {mDisplayFrame=Rect(0, 0 - 1200, 1920), mDisplayCutout=DisplayCutout{insets=Rect(0, 0 - 0, 0) waterfall=Insets{left=0, top=0, right=0, bottom=0} boundingRect={Bounds=[Rect(0, 0 - 0, 0), Rect(0, 0 - 0, 0), Rect(0, 0 - 0, 0), Rect(0, 0 - 0, 0)]} cutoutPathParserInfo={CutoutPathParserInfo{displayWidth=0 displayHeight=0 physicalDisplayWidth=0 physicalDisplayHeight=0 density={0.0} cutoutSpec={} rotation={0} scale={0.0} physicalPixelDisplaySizeRatio={0.0}}} sideOverrides=null}, mRoundedCorners=RoundedCorners{[RoundedCorner{position=TopLeft, radius=20, center=Point(20, 20)}, RoundedCorner{position=TopRight, radius=20, center=Point(1180, 20)}, RoundedCorner{position=BottomRight, radius=20, center=Point(1180, 1900)}, RoundedCorner{position=BottomLeft, radius=20, center=Point(20, 1900)}]}  mRoundedCornerFrame=Rect(0, 0 - 1200, 1920), mPrivacyIndicatorBounds=PrivacyIndicatorBounds {static bounds=Rect(1134, 0 - 1200, 36) rotation=0}, mDisplayShape=DisplayShape{ spec=-311912193 displayWidth=1200 displayHeight=1920 physicalPixelDisplaySizeRatio=1.0 rotation=0 offsetX=0 offsetY=0 scale=1.0}, mSources= { InsetsSource: {b9d0000 mType=statusBars mFrame=[0,0][1200,36] mVisible=true mFlags= mSideHint=TOP mBoundingRects=null}, InsetsSource: {b9d0005 mType=mandatorySystemGestures mFrame=[0,0][1200,36] mVisible=true mFlags= mSideHint=TOP mBoundingRects=null}, InsetsSource: {b9d0006 mType=tappableElement mFrame=[0,0][1200,36] mVisible=true mFlags= mSideHint=TOP mBoundingRects=null}, InsetsSource: {274e0001 mType=navigationBars mFrame=[0,1848][1200,1920] mVisible=true mFlags= mSideHint=BOTTOM mBoundingRects=null}, InsetsSource: {274e0004 mType=systemGestures mFrame=[0,0][0,0] mVisible=true mFlags= mSideHint=NONE mBoundingRects=null}, InsetsSource: {274e0005 mType=mandatorySystemGestures mFrame=[0,1848][1200,1920] mVisible=true mFlags= mSideHint=BOTTOM mBoundingRects=null}, InsetsSource: {274e0006 mType=tappableElement mFrame=[0,1848][1200,1920] mVisible=true mFlags= mSideHint=BOTTOM mBoundingRects=null}, InsetsSource: {274e0024 mType=systemGestures mFrame=[0,0][0,0] mVisible=true mFlags= mSideHint=NONE mBoundingRects=null} }
12-22 05:46:38.283  1332  2857 D InputDispatcher: Once focus requested (0): 401b022 com.mydesktopapplication.app/crc648a10417f6d1065e1.MainActivity
12-22 05:46:38.283  1332  2857 D InputDispatcher: Focus request (0): 401b022 com.mydesktopapplication.app/crc648a10417f6d1065e1.MainActivity but waiting because NOT_VISIBLE
12-22 05:46:38.288 24950 24950 I AVALONIA: Surface Created
12-22 05:46:38.410 24950 24950 I AVALONIA: Surface Changed
12-22 05:46:38.547  1332  2857 D WindowManager: finishDrawingWindow: Window{401b022 u0 com.mydesktopapplication.app/crc648a10417f6d1065e1.MainActivity} mDrawState=DRAW_PENDING seqId=0
12-22 05:46:38.548  1332  1400 V WindowManager: Finish starting ActivityRecord{5612aba u0 com.mydesktopapplication.app/crc648a10417f6d1065e1.MainActivity t193}: first real window is shown, no animation
12-22 05:46:38.549  1332  1400 V WindowManager: Schedule remove starting ActivityRecord{5612aba u0 com.mydesktopapplication.app/crc648a10417f6d1065e1.MainActivity t193} startingWindow=Window{ef869d u0 Splash Screen com.mydesktopapplication.app} animate=true Callers=com.android.server.wm.ActivityRecord.removeStartingWindow:150 com.android.server.wm.WindowState.performShowLocked:147 com.android.server.wm.WindowStateAnimator.commitFinishDrawingLocked:59 com.android.server.wm.DisplayContent$$ExternalSyntheticLambda1.accept$com$android$server$wm$DisplayContent$$ExternalSyntheticLambda40:22 com.android.server.wm.DisplayContent$$ExternalSyntheticLambda1.accept:305 
12-22 05:46:38.549  1332  1400 D TaskOrganizerController: applyStartingWindowAnimation, window=Window{401b022 u0 com.mydesktopapplication.app/crc648a10417f6d1065e1.MainActivity}, caller=com.android.server.wm.TaskOrganizerController.removeStartingWindow:131 com.android.server.wm.StartingSurfaceController$StartingSurface.remove:23 com.android.server.wm.ActivityRecord.removeStartingWindowAnimation:181 
12-22 05:46:38.549  1332  1400 I WindowManager: Reparenting to leash, surface=Surface(name=401b022 com.mydesktopapplication.app/crc648a10417f6d1065e1.MainActivity)/@0x6263588, syncState=0, syncCommitDepth=0, leashParent=Surface(name=ActivityRecord{5612aba u0 com.mydesktopapplication.app/crc648a10417f6d1065e1.MainActivity t193})/@0x1c46b21
12-22 05:46:38.550  1332  1400 D WindowManager: makeSurface duration=1 leash=Surface(name=Surface(name=401b022 com.mydesktopapplication.app/crc648a10417f6d1065e1.MainActivity)/@0x6263588 - animation-leash of starting_reveal)/@0x5cbdb46
12-22 05:46:38.550  1332  1400 V WindowManager: performShowLocked: mDrawState=HAS_DRAWN in Window{401b022 u0 com.mydesktopapplication.app/crc648a10417f6d1065e1.MainActivity}
12-22 05:46:38.556  1332  1396 I PkgPredictorService-SecIpmManagerServiceImpl: reportToNAP uid:10309 com.mydesktopapplication.app/crc648a10417f6d1065e1.MainActivity thisTime:3102
12-22 05:46:38.569  1332  1396 I ActivityTaskManager: Displayed com.mydesktopapplication.app/crc648a10417f6d1065e1.MainActivity for user 0: +3s102ms
12-22 05:46:38.569  1332  1396 I Pageboost: Launch time gathered : pid 24950 com.mydesktopapplication.app 3102
12-22 05:46:38.576  1169  1169 D SurfaceFlinger:      DEVICE | 0xb400007334b4e930 | 0000 | RGBA_8888    |    0.0    0.0 1200.0 1920.0 |    0    0 1200 1920 | SurfaceView[com.mydesktopapplication[...]6d1065e1.MainActivity]@0(BLAST)#8239
12-22 05:46:38.576  1169  1169 D SurfaceFlinger:      CLIENT | 0xb400007334b4e9a0 | 0000 | RGBA_8888    |    0.0    0.0 1200.0 1920.0 |    0    0 1200 1920 | com.mydesktopapplication.app/crc648a10417f6d1065e1.MainActivity$_24950#8234
12-22 05:46:38.576  1169  1169 D SurfaceFlinger:      CLIENT | 0xb400007337e469b0 | 0000 | RGBA_8888    |    0.0    0.0 1200.0 1920.0 |    0    0 1200 1920 | Splash Screen com.mydesktopapplication.app$_2711#8225
12-22 05:46:38.578  1332  2857 D InputDispatcher: Focus entered window (0): 401b022 com.mydesktopapplication.app/crc648a10417f6d1065e1.MainActivity
--------- beginning of crash
12-22 05:46:38.612 24950 24950 E AndroidRuntime: FATAL EXCEPTION: main
12-22 05:46:38.612 24950 24950 E AndroidRuntime: Process: com.mydesktopapplication.app, PID: 24950
12-22 05:46:38.612 24950 24950 E AndroidRuntime: android.runtime.JavaProxyThrowable: [System.ArgumentException]: Parameter "parameter" (object) cannot be of type System.String, as the command type requires an argument of type System.Int32. Arg_ParamName_Name, parameter
12-22 05:46:38.612 24950 24950 E AndroidRuntime: 	at CommunityToolkit.Mvvm.Input.RelayCommand`1[[System.Int32, System.Private.CoreLib, Version=10.0.0.0, Culture=neutral, PublicKeyToken=7cec85d7bea7798e]].ThrowArgumentExceptionForInvalidCommandArgument + 0x6(Unknown Source)
12-22 05:46:38.612 24950 24950 E AndroidRuntime: 	at Avalonia.Controls.Button.OnAttachedToLogicalTree + 0x43(Unknown Source)
12-22 05:46:38.612 24950 24950 E AndroidRuntime: 	at Avalonia.StyledElement.OnAttachedToLogicalTreeCore + 0x5d(Unknown Source)
12-22 05:46:38.612 24950 24950 E AndroidRuntime: 	at Avalonia.StyledElement.OnAttachedToLogicalTreeCore + 0xa7(Unknown Source)
12-22 05:46:38.612 24950 24950 E AndroidRuntime: 	at Avalonia.StyledElement.OnAttachedToLogicalTreeCore + 0xa7(Unknown Source)
12-22 05:46:38.612 24950 24950 E AndroidRuntime: 	at Avalonia.StyledElement.OnAttachedToLogicalTreeCore + 0xa7(Unknown Source)
12-22 05:46:38.612 24950 24950 E AndroidRuntime: 	at Avalonia.StyledElement.OnAttachedToLogicalTreeCore + 0xa7(Unknown Source)
12-22 05:46:38.612 24950 24950 E AndroidRuntime: 	at Avalonia.StyledElement.OnAttachedToLogicalTreeCore + 0xa7(Unknown Source)
12-22 05:46:38.612 24950 24950 E AndroidRuntime: 	at Avalonia.StyledElement.Avalonia.Controls.ISetLogicalParent.SetParent + 0x72(Unknown Source)
12-22 05:46:38.612 24950 24950 E AndroidRuntime: 	at Avalonia.StyledElement.SetLogicalParent + 0x20(Unknown Source)
12-22 05:46:38.612 24950 24950 E AndroidRuntime: 	at Avalonia.StyledElement.LogicalChildrenCollectionChanged + 0x29(Unknown Source)
12-22 05:46:38.612 24950 24950 E AndroidRuntime: 	at Avalonia.Visual.LogicalChildrenCollectionChanged + 0x0(Unknown Source)
12-22 05:46:38.612 24950 24950 E AndroidRuntime: 	at Avalonia.Collections.AvaloniaList`1[[Avalonia.LogicalTree.ILogical, Avalonia.Base, Version=11.3.10.0, Culture=neutral, PublicKeyToken=c8d484a7012f9a8b]].NotifyAdd + 0x1e(Unknown Source)
12-22 05:46:38.612 24950 24950 E AndroidRuntime: 	at Avalonia.Collections.AvaloniaList`1[[Avalonia.LogicalTree.ILogical, Avalonia.Base, Version=11.3.10.0, Culture=neutral, PublicKeyToken=c8d484a7012f9a8b]].Add + 0x2a(Unknown Source)
12-22 05:46:38.612 24950 24950 E AndroidRuntime: 	at Avalonia.Controls.ContentControl.ContentChanged + 0x31(Unknown Source)
12-22 05:46:38.612 24950 24950 E AndroidRuntime: 	at Avalonia.Controls.ContentControl.OnPropertyChanged + 0x19(Unknown Source)
12-22 05:46:38.612 24950 24950 E AndroidRuntime: 	at Avalonia.Controls.TopLevel.OnPropertyChanged + 0x0(Unknown Source)
12-22 05:46:38.612 24950 24950 E AndroidRuntime: 	at Avalonia.AvaloniaObject.OnPropertyChangedCore + 0x8(Unknown Source)
12-22 05:46:38.612 24950 24950 E AndroidRuntime: 	at Avalonia.Animation.Animatable.OnPropertyChangedCore + 0x1f1(Unknown Source)
12-22 05:46:38.612 24950 24950 E AndroidRuntime: 	at Avalonia.AvaloniaObject.RaisePropertyChanged + 0xe(Unknown Source)
12-22 05:46:38.612 24950 24950 E AndroidRuntime: 	at Avalonia.PropertyStore.EffectiveValue`1[[System.Object, System.Private.CoreLib, Version=10.0.0.0, Culture=neutral, PublicKeyToken=7cec85d7bea7798e]].NotifyValueChanged + 0x2b(Unknown Source)
12-22 05:46:38.612 24950 24950 E AndroidRuntime: 	at Avalonia.PropertyStore.EffectiveValue`1[[System.Object, System.Private.CoreLib, Version=10.0.0.0, Culture=neutral, PublicKeyToken=7cec85d7bea7798e]].SetAndRaiseCore + 0xdc(Unknown Source)
12-22 05:46:38.612 24950 24950 E AndroidRuntime: 	at Avalonia.PropertyStore.EffectiveValue`1[[System.Object, System.Private.CoreLib, Version=10.0.0.0, Culture=neutral, PublicKeyToken=7cec85d7bea7798e]].SetLocalValueAndRaise + 0x0(Unknown Source)
12-22 05:46:38.612 24950 24950 E AndroidRuntime: 	at Avalonia.PropertyStore.ValueStore.SetLocalValue + 0xb(Unknown Source)
12-22 05:46:38.612 24950 24950 E AndroidRuntime: 	at Avalonia.PropertyStore.ValueStore.SetValue + 0xaa(Unknown Source)
12-22 05:46:38.612 24950 24950 E AndroidRuntime: 	at Avalonia.AvaloniaObject.SetValue + 0x4b(Unknown Source)
12-22 05:46:38.612 24950 24950 E AndroidRuntime: 	at Avalonia.Controls.ContentControl.set_Content + 0x0(Unknown Source)
12-22 05:46:38.612 24950 24950 E AndroidRuntime: 	at Avalonia.Android.AvaloniaView.set_Content + 0x0(Unknown Source)
12-22 05:46:38.612 24950 24950 E AndroidRuntime: 	at Avalonia.Android.AvaloniaActivity.set_Content + 0x6c(Unknown Source)
12-22 05:46:38.612 24950 24950 E AndroidRuntime: 	at Avalonia.Android.SingleViewLifetime.set_MainView + 0x18(Unknown Source)
12-22 05:46:38.612 24950 24950 E AndroidRuntime: 	at MyDesktopApplication.Android.App+<OnFrameworkInitializationCompleted>d__2.MoveNext + 0xd4(Unknown Source)
12-22 05:46:38.612 24950 24950 E AndroidRuntime: 	at System.Runtime.ExceptionServices.ExceptionDispatchInfo.Throw + 0x11(Unknown Source)
12-22 05:46:38.612 24950 24950 E AndroidRuntime: 	at Avalonia.Threading.SendOrPostCallbackDispatcherOperation.InvokeCore + 0xb7(Unknown Source)
12-22 05:46:38.612 24950 24950 E AndroidRuntime: 	at Avalonia.Threading.DispatcherOperation.Execute + 0x12(Unknown Source)
12-22 05:46:38.612 24950 24950 E AndroidRuntime: 	at Avalonia.Threading.Dispatcher.ExecuteJob + 0x3a(Unknown Source)
12-22 05:46:38.612 24950 24950 E AndroidRuntime: 	at Avalonia.Threading.Dispatcher.ExecuteJobsCore + 0x59(Unknown Source)
12-22 05:46:38.612 24950 24950 E AndroidRuntime: 	at Avalonia.Threading.Dispatcher.OnOSTimer + 0xd8(Unknown Source)
12-22 05:46:38.612 24950 24950 E AndroidRuntime: 	at Avalonia.Threading.LegacyDispatcherImpl.OnTick + 0x22(Unknown Source)
12-22 05:46:38.612 24950 24950 E AndroidRuntime: 	at Avalonia.Android.AndroidThreadingInterface+<>c__DisplayClass3_0.<StartTimer>b__2 + 0x0(Unknown Source)
12-22 05:46:38.616 24950 24950 I MonoDroid: UNHANDLED EXCEPTION:
12-22 05:46:38.618 24950 24950 I MonoDroid: Android.Runtime.JavaProxyThrowable: Exception_WasThrown, Android.Runtime.JavaProxyThrowable
12-22 05:46:38.623  1332  9010 V WindowManager: Relayout Window{ef869d u0 Splash Screen com.mydesktopapplication.app}: viewVisibility=8 req=1200x1920 ty=3 d0
12-22 05:46:38.625  1332  6758 D CoreBackPreview: Window{ef869d u0 Splash Screen com.mydesktopapplication.app}: Setting back callback null
12-22 05:46:38.626  1332  4906 D WindowManager: Starting window removed Window{ef869d u0 Splash Screen com.mydesktopapplication.app}
12-22 05:46:38.626  1332  4906 I WindowManager: Cancelling animation restarting=false, leash=Surface(name=Surface(name=401b022 com.mydesktopapplication.app/crc648a10417f6d1065e1.MainActivity)/@0x6263588 - animation-leash of starting_reveal)/@0x5cbdb46
12-22 05:46:38.626  1332  4906 I WindowManager: Reparenting to original parent: Surface(name=ActivityRecord{5612aba u0 com.mydesktopapplication.app/crc648a10417f6d1065e1.MainActivity t193})/@0x1c46b21, destroy=false, syncState=0, syncCommitDepth=0, surface=Surface(name=401b022 com.mydesktopapplication.app/crc648a10417f6d1065e1.MainActivity)/@0x6263588
12-22 05:46:38.626  1332  4906 W InputManager-JNI: Input channel object 'ef869d Splash Screen com.mydesktopapplication.app (client)' was disposed without first being removed with the input manager!
12-22 05:46:38.626  1332  4906 V WindowManager: Remove Window{ef869d u0 Splash Screen com.mydesktopapplication.app}: mSurfaceController=Surface(name=Splash Screen com.mydesktopapplication.app$_2711)/@0x5d50d1e mAnimatingExit=false mRemoveOnExit=false mHasSurface=true surfaceShowing=true animating=false app-animation=false mDisplayFrozen=false callers=com.android.server.wm.Session.remove:16 android.view.IWindowSession$Stub.onTransact:794 com.android.server.wm.Session.onTransact:1 android.os.Binder.execTransactInternal:1536 android.os.Binder.execTransact:1480 <bottom of call stack> 
12-22 05:46:38.626  1332  4906 I WindowManager: Destroying surface Surface(name=Splash Screen com.mydesktopapplication.app$_2711)/@0x5d50d1e called by com.android.server.wm.WindowStateAnimator.destroySurface:11 com.android.server.wm.WindowStateAnimator.destroySurfaceLocked:54 com.android.server.wm.WindowState.removeImmediately:43 com.android.server.wm.WindowState.removeIfPossible:638 com.android.server.wm.Session.remove:16 android.view.IWindowSession$Stub.onTransact:794 com.android.server.wm.Session.onTransact:1 android.os.Binder.execTransactInternal:1536 
12-22 05:46:38.634  1332 24995 I DropBoxManagerService: add tag=data_app_crash isTagEnabled=true flags=0x2
12-22 05:46:38.640  1332  2857 D Debug   : low && ship && 3rdparty app crash, do not dump
12-22 05:46:38.640  1332 24996 W ActivityManager: crash : com.mydesktopapplication.app,10309
12-22 05:46:38.642  1332  2857 W ActivityTaskManager:   Force finishing activity com.mydesktopapplication.app/crc648a10417f6d1065e1.MainActivity
12-22 05:46:38.644  1332  2857 D ActivityTaskManager: scheduleTopResumedActivityChanged, onTop=false, r=ActivityRecord{5612aba u0 com.mydesktopapplication.app/crc648a10417f6d1065e1.MainActivity t193 f}}, caller=com.android.server.wm.ActivityTaskSupervisor.scheduleTopResumedActivityStateLossIfNeeded:11 com.android.server.wm.ActivityTaskSupervisor.updateTopResumedActivityIfNeeded:19 com.android.server.wm.TaskDisplayArea.positionChildAt:270 com.android.server.wm.WindowContainer.positionChildAt:86 com.android.server.wm.Task.positionChildAt:19 com.android.server.wm.Task.moveToFront:443 
12-22 05:46:38.644  1332  2857 V WindowManager: Collecting in transition 767: Task{b400d6b #193 type=standard A=10309:com.mydesktopapplication.app}, caller=com.android.server.wm.Transition.collectExistenceChange:42 com.android.server.wm.Transition.collectClose:7 com.android.server.wm.ActivityRecord.finishIfPossible:46 com.android.server.wm.ActivityRecord.finishIfPossible:1 com.android.server.wm.RootWindowContainer$$ExternalSyntheticLambda29.accept:182 
12-22 05:46:38.644  1332  2857 D WindowManager: prepareSync <SYNC_STATE_WAITING_FOR_DRAW>, mPrepareSyncSeqId=0, win=Window{401b022 u0 com.mydesktopapplication.app/crc648a10417f6d1065e1.MainActivity}
12-22 05:46:38.645  1332  2857 V WindowManager: Collecting in transition 767: ActivityRecord{5612aba u0 com.mydesktopapplication.app/crc648a10417f6d1065e1.MainActivity t193 f}}, caller=com.android.server.wm.TransitionController.collect:7 com.android.server.wm.ActivityRecord.setVisibility:189 com.android.server.wm.ActivityRecord.finishIfPossible:85 com.android.server.wm.ActivityRecord.finishIfPossible:1 com.android.server.wm.RootWindowContainer$$ExternalSyntheticLambda29.accept:182 
12-22 05:46:38.654  1169  1169 D SurfaceFlinger:      DEVICE | 0xb400007334b4e930 | 0000 | RGBA_8888    |    0.0    0.0 1200.0 1920.0 |    0    0 1200 1920 | SurfaceView[com.mydesktopapplication[...]6d1065e1.MainActivity]@0(BLAST)#8239
12-22 05:46:38.654  1169  1169 D SurfaceFlinger:      CLIENT | 0xb400007334b4e9a0 | 0000 | RGBA_8888    |    0.0    0.0 1200.0 1920.0 |    0    0 1200 1920 | com.mydesktopapplication.app/crc648a10417f6d1065e1.MainActivity$_24950#8234
12-22 05:46:38.656  1332  1399 D SGM:FgCheckThread: getForegroundApp(), foregroundPkgName=com.mydesktopapplication.app
12-22 05:46:38.666  1332  4906 D InputDispatcher: Focus left window (0): 401b022 com.mydesktopapplication.app/crc648a10417f6d1065e1.MainActivity
12-22 05:46:38.684  4379  4379 I SDHMS:BarTender:Gatherer:AppError: update AppError : uid=10309, pkg=com.mydesktopapplication.app, errorType=crash
12-22 05:46:38.688  4379  4379 I SDHMS:BarTender:Analyzer:AppError: analyze app error : uid=10309, pkg=com.mydesktopapplication.app, appErrorCount=3
12-22 05:46:38.698  1332  4906 I WindowManager: WIN DEATH: Window{401b022 u0 com.mydesktopapplication.app/crc648a10417f6d1065e1.MainActivity}
12-22 05:46:38.698  1332  9010 I ActivityManager: Process com.mydesktopapplication.app (pid 24950) has died: fg  TOP (149,743)
12-22 05:46:38.699  1332  4906 W InputManager-JNI: Input channel object '401b022 com.mydesktopapplication.app/crc648a10417f6d1065e1.MainActivity (client)' was disposed without first being removed with the input manager!
12-22 05:46:38.699  1332  4906 V WindowManager: Remove Window{401b022 u0 com.mydesktopapplication.app/crc648a10417f6d1065e1.MainActivity}: mSurfaceController=Surface(name=com.mydesktopapplication.app/crc648a10417f6d1065e1.MainActivity$_24950)/@0x92453df mAnimatingExit=false mRemoveOnExit=false mHasSurface=true surfaceShowing=true animating=false app-animation=false mDisplayFrozen=false callers=com.android.server.wm.Session.binderDied:118 android.os.IBinder$DeathRecipient.binderDied:339 android.os.BinderProxy.sendDeathNotice:794 <bottom of call stack> <bottom of call stack> <bottom of call stack> 
12-22 05:46:38.700  1332  4906 D WindowManager: Changing focus from Window{401b022 u0 com.mydesktopapplication.app/crc648a10417f6d1065e1.MainActivity EXITING} to null displayId=0 Callers=com.android.server.wm.WindowState.removeIfPossible:600 com.android.server.wm.Session.binderDied:118 android.os.IBinder$DeathRecipient.binderDied:339 android.os.BinderProxy.sendDeathNotice:794 
12-22 05:46:38.702  1332  4906 D WindowManager: updateSystemBarAttributes: displayId=0, focusedCanBeNavColorWin=false, win=Window{401b022 u0 com.mydesktopapplication.app/crc648a10417f6d1065e1.MainActivity EXITING}, navColorWin=null, caller=com.android.server.wm.DisplayPolicy.finishPostLayoutPolicyLw:17 com.android.server.wm.RootWindowContainer.applySurfaceChangesTransaction$1:194 com.android.server.wm.RootWindowContainer.performSurfacePlacementNoTrace:61 
12-22 05:46:38.703  2711  2711 D TaskBarDelegate: onSystemBarAttributesChanged() -  displayId:0, appearance:520 (), navbarColorManagedByIme: false, packageName: com.mydesktopapplication.app
12-22 05:46:38.703  2711  2711 D SamsungLightBarControlHelper: updateNavigationBar (WHITE button) isLightOpaque:false, hasLightNavigationBarFlag:false, packageName:com.mydesktopapplication.app, DirectReplying:false, NavBarColorMangedByIme:false, ForceDarkForScrim:false, ForceLightForScrim:false, QsCustomizing:false, QsExpanded:false
12-22 05:46:38.704  1332  9010 V WindowManager: Collecting in transition 767: Task{b400d6b #193 type=standard A=10309:com.mydesktopapplication.app}, caller=com.android.server.wm.Transition.collectClose:12 com.android.server.wm.WindowProcessController.handleAppDied$1:473 com.android.server.am.ActivityManagerService.handleAppDiedLocked:247 com.android.server.am.ActivityManagerService.appDiedLocked:479 com.android.server.am.ActivityManagerService$AppDeathRecipient.binderDied:17 
12-22 05:46:38.705  1332  9010 V WindowManager: Collecting in transition 767: ActivityRecord{5612aba u0 com.mydesktopapplication.app/crc648a10417f6d1065e1.MainActivity t193 f}}, caller=com.android.server.wm.TransitionController.collect:7 com.android.server.wm.ActivityRecord.onRemovedFromDisplay:324 com.android.server.wm.ActivityRecord.removeFromHistory:175 com.android.server.wm.WindowProcessController.handleAppDied$1:514 com.android.server.am.ActivityManagerService.handleAppDiedLocked:247 
12-22 05:46:38.711  1332  9010 V WindowManager: Start calculating TransitionInfo based on participants: {Task{e94a5d #1 type=home}, ActivityRecord{5612aba u0 com.mydesktopapplication.app/crc648a10417f6d1065e1.MainActivity t193 f} isExiting}, ActivityRecord{6d23448 u0 com.sec.android.app.launcher/.activities.LauncherActivity t114}, Task{b1e62e1 #114 type=home I=com.sec.android.app.launcher/.activities.LauncherActivity}, Task{b400d6b #193 type=standard A=10309:com.mydesktopapplication.app}}
12-22 05:46:38.711  1332  9010 V WindowManager:   Final targets: [Task{e94a5d #1 type=home}, Task{b400d6b #193 type=standard A=10309:com.mydesktopapplication.app}]
12-22 05:46:38.713  1332  9010 V WindowManager:         {WCT{RemoteToken{a3275b Task{b400d6b #193 type=standard A=10309:com.mydesktopapplication.app}}} m=CLOSE f=EDGE_EXTENSION_RESTRICTION leash=Surface(name=Task=193)/@0xac9ec55 sb=Rect(0, 0 - 1200, 1920) eb=Rect(0, 0 - 1200, 1920) d=0 taskParent=-1 inset=Rect(0, 0 - 0, 0) dim=true}
12-22 05:46:38.732  1332  1396 V WindowManager:         {WCT{RemoteToken{a3275b Task{b400d6b #193 type=standard A=10309:com.mydesktopapplication.app}}} m=CLOSE f=EDGE_EXTENSION_RESTRICTION leash=Surface(name=Task=193)/@0xac9ec55 sb=Rect(0, 0 - 1200, 1920) eb=Rect(0, 0 - 1200, 1920) d=0 taskParent=-1 inset=Rect(0, 0 - 0, 0) dim=true}
12-22 05:46:38.736  1332  1399 D SGM:FgCheckThread: pkgName: com.mydesktopapplication.app is not in foreground
12-22 05:46:38.736  1332  1399 D SGM:FgCheckThread: noteStopComponent(), received pkgName: com.mydesktopapplication.app, focusedPkgName: com.sec.android.app.launcher, userId: 0
12-22 05:46:38.775  1169  1169 D SurfaceFlinger:      CLIENT | 0xb400007334b4e930 | 0000 | RGBA_8888    |    0.0    0.0 1200.0 1920.0 |    0    0 1200 1920 | SurfaceView[com.mydesktopapplication[...]6d1065e1.MainActivity]@0(BLAST)#8239
12-22 05:46:38.775  1169  1169 D SurfaceFlinger:      CLIENT | 0xb400007334b4e9a0 | 0000 | RGBA_8888    |    0.0    0.0 1200.0 1920.0 |    0    0 1200 1920 | com.mydesktopapplication.app/crc648a10417f6d1065e1.MainActivity$_24950#8234
12-22 05:46:38.781  2971  2971 I HoneySpace.AppCloseAnimationDelegate: findTargetValue [cookie-16225, pkgName-com.mydesktopapplication.app]
12-22 05:46:38.781  2971  2971 I HoneySpace.AppListFastRecyclerViewAdapter: findCloseTarget : 16225, ComponentInfo{com.mydesktopapplication.app/crc648a10417f6d1065e1.MainActivity}
12-22 05:46:38.782  2971  2971 I HoneySpace.AppCloseAnimationDelegate: findTargetView found:Value(view=com.honeyspace.ui.common.iconview.IconViewImpl{999c82e VFED..CL. ........ 648,684-810,855 #7f0a029b app:id/icon} - MyDesktopApplication, visibility:0, alpha:1.0, badge:0, icon:96x96, iconAlpha:255, iconState:NONE, iconSize:92, forceHideBadge:false, isTransparent:false, x=4, y=4, component=ComponentInfo{com.mydesktopapplication.app/crc648a10417f6d1065e1.MainActivity}, isTargetShortcut=false), com.honeyspace.ui.common.iconview.IconViewImpl{999c82e VFED..CL. ........ 648,684-810,855 #7f0a029b app:id/icon} - MyDesktopApplication, visibility:0, alpha:1.0, badge:0, icon:96x96, iconAlpha:255, iconState:NONE, iconSize:92, forceHideBadge:false, isTransparent:false, x=4, y=4
12-22 05:46:38.782  2971  2971 I HoneySpace.AppCloseAnimationDelegate: getCloseAnimator : isGestureClosing-false, target-com.honeyspace.ui.common.iconview.IconViewImpl{999c82e VFED..CL. ........ 648,684-810,855 #7f0a029b app:id/icon} - MyDesktopApplication, visibility:0, alpha:1.0, badge:0, icon:96x96, iconAlpha:255, iconState:NONE, iconSize:92, forceHideBadge:false, isTransparent:false, x=4, y=4
12-22 05:46:38.819  1169  1169 D SurfaceFlinger:      CLIENT | 0xb400007334b4e930 | 0000 | RGBA_8888    |    0.0    0.0 1200.0 1919.0 |    6    7 1198 1913 | SurfaceView[com.mydesktopapplication[...]6d1065e1.MainActivity]@0(BLAST)#8239
12-22 05:46:38.819  1169  1169 D SurfaceFlinger:      CLIENT | 0xb400007334b4e9a0 | 0000 | RGBA_8888    |    0.0    0.0 1200.0 1919.0 |    6    7 1198 1913 | com.mydesktopapplication.app/crc648a10417f6d1065e1.MainActivity$_24950#8234
12-22 05:46:38.992  2971 23883 I HoneySpace.HistoryRepositoryImpl: Add History Item : rank:0, suggestedApp:false, item:id:-2 label:MyDesktopApplication componnet:com.mydesktopapplication.app/crc648a10417f6d1065e1.MainActivity#UserHandle{0} badgeCount:0  drag:false iconState:NONE, taskInfo:[#193=com.mydesktopapplication.app]
12-22 05:46:38.995  2971 23880 I HoneySpace.SuggestedItemsFacade: DPS items : MyDesktopApplication, com.mydesktopapplication.app/crc648a10417f6d1065e1.MainActivity#UserHandle{0}
12-22 05:46:38.995  2971 23880 I HoneySpace.FilteredItemProvider: collect filtered items o, [PK(p='com.mydesktopapplication.app', u=UserHandle{0}), PK(p='dev.imranr.obtainium.fdroid', u=UserHandle{0})]
12-22 05:46:38.996  2971 23880 I HoneySpace.FilteredItemProvider: collect filtered items m, [PK(p='com.rsupport.rs.activity.rsupport.aas2', u=UserHandle{0}), PK(p='com.mycompany.mydesktopapplication', u=UserHandle{0})]
12-22 05:46:38.996  2971 23880 I HoneySpace.SuggestedItemsFacade: filteredItem : PK(p='com.mydesktopapplication.app', u=UserHandle{0})
12-22 05:46:38.996  2971 23880 I HoneySpace.SuggestedItemsFacade: item removed by filter - PK(p='com.mydesktopapplication.app', u=UserHandle{0})
12-22 05:46:38.996  2971 23880 I HoneySpace.SuggestedItemsFacade: filteredItem : PK(p='com.mycompany.mydesktopapplication', u=UserHandle{0})
12-22 05:46:39.004  2971 23880 I HoneySpace.FilteredItemProvider: collect filtered items o, [PK(p='com.mydesktopapplication.app', u=UserHandle{0}), PK(p='dev.imranr.obtainium.fdroid', u=UserHandle{0})]
12-22 05:46:39.004  2971 23880 I HoneySpace.FilteredItemProvider: collect filtered items m, [PK(p='com.rsupport.rs.activity.rsupport.aas2', u=UserHandle{0}), PK(p='com.mycompany.mydesktopapplication', u=UserHandle{0})]
12-22 05:46:39.014  2971 23883 I HoneySpace.HistoryViewModel@74780565@OneUI: loadItem(HOTSEATBAR) : recentApp=id:-1057 label:MyDesktopApplication componnet:com.mydesktopapplication.app/crc648a10417f6d1065e1.MainActivity#UserHandle{0} badgeCount:0  drag:false iconState:NONE, taskInfo=[#193=com.mydesktopapplication.app]
12-22 05:46:39.049  1332  3863 V WindowManager: Setting visibility of Window{401b022 u0 com.mydesktopapplication.app/crc648a10417f6d1065e1.MainActivity EXITING}: false, caller=com.android.server.wm.WindowContainer.sendAppVisibilityToClients:19 com.android.server.wm.WindowToken.setClientVisible:49 com.android.server.wm.ActivityRecord.setClientVisible:8 com.android.server.wm.ActivityRecord.commitVisibility:273 com.android.server.wm.TransitionController.finishTransition:766 
12-22 05:46:39.051  1332  3863 W WindowManager: Exception thrown during dispatchAppVisibility Window{401b022 u0 com.mydesktopapplication.app/crc648a10417f6d1065e1.MainActivity EXITING}
12-22 05:46:39.051  1332  3863 W WindowManager: android.os.DeadObjectException
12-22 05:46:39.053  1332  3863 V WindowManager: Remove Window{401b022 u0 com.mydesktopapplication.app/crc648a10417f6d1065e1.MainActivity EXITING}: mSurfaceController=Surface(name=com.mydesktopapplication.app/crc648a10417f6d1065e1.MainActivity$_24950)/@0x92453df mAnimatingExit=true mRemoveOnExit=true mHasSurface=true surfaceShowing=true animating=false app-animation=false mDisplayFrozen=false callers=com.android.server.wm.WindowToken.removeAllWindowsIfPossible:46 com.android.server.wm.ActivityRecord.removeIfPossible:4 com.android.server.wm.ActivityRecord.handleCompleteDeferredRemoval:5 com.android.server.wm.WindowContainer.handleCompleteDeferredRemoval:21 com.android.server.wm.TaskFragment.handleCompleteDeferredRemoval:17 com.android.server.wm.WindowContainer.handleCompleteDeferredRemoval:21 
12-22 05:46:39.056  1332  3863 V WindowManager: Remove Window{401b022 u0 com.mydesktopapplication.app/crc648a10417f6d1065e1.MainActivity EXITING}: mSurfaceController=Surface(name=com.mydesktopapplication.app/crc648a10417f6d1065e1.MainActivity$_24950)/@0x92453df mAnimatingExit=true mRemoveOnExit=true mHasSurface=true surfaceShowing=true animating=false app-animation=false mDisplayFrozen=false callers=com.android.server.wm.WindowToken.removeAllWindowsIfPossible:46 com.android.server.wm.ActivityRecord.removeIfPossible:4 com.android.server.wm.ActivityRecord.onRemovedFromDisplay:499 com.android.server.wm.ActivityRecord.removeImmediately:46 com.android.server.wm.ActivityRecord.removeIfPossible:7 com.android.server.wm.ActivityRecord.handleCompleteDeferredRemoval:5 
12-22 05:46:39.059  1332  3863 I WindowManager: Destroying surface Surface(name=com.mydesktopapplication.app/crc648a10417f6d1065e1.MainActivity$_24950)/@0x92453df called by com.android.server.wm.WindowStateAnimator.destroySurface:11 com.android.server.wm.WindowStateAnimator.destroySurfaceLocked:54 com.android.server.wm.WindowState.removeImmediately:43 com.android.server.wm.WindowContainer.removeImmediately:37 com.android.server.wm.WindowToken.removeImmediately:11 com.android.server.wm.ActivityRecord.removeImmediately:61 com.android.server.wm.ActivityRecord.removeIfPossible:7 com.android.server.wm.ActivityRecord.onRemovedFromDisplay:499 
12-22 05:46:39.143  1332  1399 W ActivityTaskManager: Activity top resumed state loss timeout for ActivityRecord{5612aba u0 com.mydesktopapplication.app/crc648a10417f6d1065e1.MainActivity t-1 f}}
12-22 05:46:39.172 27146  4190 I NullBinder: NullBinder for android.net.action.RECOMMEND_NETWORKS triggering remote TransactionTooLargeException due to Service without Chimera impl, calling uid: 1000, calling pid: 0
12-22 05:46:39.288  2971 24967 I HoneySpace.HistoryRepositoryImpl: Add History Item : rank:0, suggestedApp:false, item:id:-2 label:MyDesktopApplication componnet:com.mydesktopapplication.app/crc648a10417f6d1065e1.MainActivity#UserHandle{0} badgeCount:0  drag:false iconState:NONE, taskInfo:[#193=com.mydesktopapplication.app]
12-22 05:46:39.291  2971 24967 I HoneySpace.SuggestedItemsFacade: DPS items : MyDesktopApplication, com.mydesktopapplication.app/crc648a10417f6d1065e1.MainActivity#UserHandle{0}
12-22 05:46:39.291  2971 24967 I HoneySpace.FilteredItemProvider: collect filtered items o, [PK(p='com.mydesktopapplication.app', u=UserHandle{0}), PK(p='dev.imranr.obtainium.fdroid', u=UserHandle{0})]
12-22 05:46:39.292  2971 24967 I HoneySpace.FilteredItemProvider: collect filtered items m, [PK(p='com.rsupport.rs.activity.rsupport.aas2', u=UserHandle{0}), PK(p='com.mycompany.mydesktopapplication', u=UserHandle{0})]
12-22 05:46:39.292  2971 24967 I HoneySpace.SuggestedItemsFacade: filteredItem : PK(p='com.mydesktopapplication.app', u=UserHandle{0})
12-22 05:46:39.292  2971 24967 I HoneySpace.SuggestedItemsFacade: item removed by filter - PK(p='com.mydesktopapplication.app', u=UserHandle{0})
12-22 05:46:39.292  2971 24967 I HoneySpace.SuggestedItemsFacade: filteredItem : PK(p='com.mycompany.mydesktopapplication', u=UserHandle{0})
12-22 05:46:39.299  2971 24967 I HoneySpace.FilteredItemProvider: collect filtered items o, [PK(p='com.mydesktopapplication.app', u=UserHandle{0}), PK(p='dev.imranr.obtainium.fdroid', u=UserHandle{0})]
12-22 05:46:39.299  2971 24967 I HoneySpace.FilteredItemProvider: collect filtered items m, [PK(p='com.rsupport.rs.activity.rsupport.aas2', u=UserHandle{0}), PK(p='com.mycompany.mydesktopapplication', u=UserHandle{0})]
12-22 05:46:39.307  2971 24967 I HoneySpace.HistoryViewModel@74780565@OneUI: loadItem(HOTSEATBAR) : recentApp=id:-1057 label:MyDesktopApplication componnet:com.mydesktopapplication.app/crc648a10417f6d1065e1.MainActivity#UserHandle{0} badgeCount:0  drag:false iconState:NONE, taskInfo=[#193=com.mydesktopapplication.app]
12-22 05:46:40.455  1332  2712 W System.err: java.io.FileNotFoundException: /proc/24950/io_record_control: open failed: ENOENT (No such file or directory)
12-22 05:46:40.463  1332  2712 W System.err: Caused by: android.system.ErrnoException: open failed: ENOENT (No such file or directory)
12-22 05:46:40.475  1332  2712 I Pageboost: db update :com.mydesktopapplication.app ret 1
12-22 05:46:45.198 27146   497 I NullBinder: NullBinder for android.net.action.RECOMMEND_NETWORKS triggering remote TransactionTooLargeException due to Service without Chimera impl, calling uid: 1000, calling pid: 0
12-22 05:46:49.574  1332  9775 I Pageboost: start alp : com.mydesktopapplication.app
12-22 05:46:49.574  2971  2971 I HoneySpace.IconView: start dim animation : MyDesktopApplication
12-22 05:46:49.576  1332  2712 I Pageboost: alp for : com.mydesktopapplication.app , 0
